###############################################################################
#
# IAR ELF Linker V7.10.3.6832/W32 for ARM                 21/Aug/2014  15:14:00
# Copyright 2007-2014 IAR Systems AB.
#
#    Output file  =  
#        E:\SVN Dir\PQ\iSAM Test
#        Bench\Bridge_Host_OS\APP\FLASH\Exe\AT91SAM7X256-OS-Probe-v5-2.out
#    Map file     =  
#        E:\SVN Dir\PQ\iSAM Test
#        Bench\Bridge_Host_OS\APP\FLASH\List\AT91SAM7X256-OS-Probe-v5-2.map
#    Command line =  
#        "E:\SVN Dir\PQ\iSAM Test Bench\Bridge_Host_OS\APP\FLASH\Obj\app.o"
#        "E:\SVN Dir\PQ\iSAM Test
#        Bench\Bridge_Host_OS\APP\FLASH\Obj\app_hooks.o" "E:\SVN Dir\PQ\iSAM
#        Test Bench\Bridge_Host_OS\APP\FLASH\Obj\app_probe.o" "E:\SVN
#        Dir\PQ\iSAM Test Bench\Bridge_Host_OS\APP\FLASH\Obj\async.o" "E:\SVN
#        Dir\PQ\iSAM Test Bench\Bridge_Host_OS\APP\FLASH\Obj\bsp.o" "E:\SVN
#        Dir\PQ\iSAM Test Bench\Bridge_Host_OS\APP\FLASH\Obj\codec.o" "E:\SVN
#        Dir\PQ\iSAM Test Bench\Bridge_Host_OS\APP\FLASH\Obj\commands.o"
#        "E:\SVN Dir\PQ\iSAM Test Bench\Bridge_Host_OS\APP\FLASH\Obj\cpu_a.o"
#        "E:\SVN Dir\PQ\iSAM Test
#        Bench\Bridge_Host_OS\APP\FLASH\Obj\cpu_core.o" "E:\SVN Dir\PQ\iSAM
#        Test Bench\Bridge_Host_OS\APP\FLASH\Obj\cstartup.o" "E:\SVN
#        Dir\PQ\iSAM Test Bench\Bridge_Host_OS\APP\FLASH\Obj\dsp.o" "E:\SVN
#        Dir\PQ\iSAM Test Bench\Bridge_Host_OS\APP\FLASH\Obj\efc.o" "E:\SVN
#        Dir\PQ\iSAM Test Bench\Bridge_Host_OS\APP\FLASH\Obj\emb.o" "E:\SVN
#        Dir\PQ\iSAM Test Bench\Bridge_Host_OS\APP\FLASH\Obj\flashd_efc.o"
#        "E:\SVN Dir\PQ\iSAM Test Bench\Bridge_Host_OS\APP\FLASH\Obj\gpio.o"
#        "E:\SVN Dir\PQ\iSAM Test Bench\Bridge_Host_OS\APP\FLASH\Obj\led.o"
#        "E:\SVN Dir\PQ\iSAM Test
#        Bench\Bridge_Host_OS\APP\FLASH\Obj\lib_ascii.o" "E:\SVN Dir\PQ\iSAM
#        Test Bench\Bridge_Host_OS\APP\FLASH\Obj\lib_math.o" "E:\SVN
#        Dir\PQ\iSAM Test Bench\Bridge_Host_OS\APP\FLASH\Obj\lib_mem.o" "E:\SVN
#        Dir\PQ\iSAM Test Bench\Bridge_Host_OS\APP\FLASH\Obj\lib_mem_a.o"
#        "E:\SVN Dir\PQ\iSAM Test Bench\Bridge_Host_OS\APP\FLASH\Obj\lib_str.o"
#        "E:\SVN Dir\PQ\iSAM Test Bench\Bridge_Host_OS\APP\FLASH\Obj\math.o"
#        "E:\SVN Dir\PQ\iSAM Test
#        Bench\Bridge_Host_OS\APP\FLASH\Obj\mem_basic.o" "E:\SVN Dir\PQ\iSAM
#        Test Bench\Bridge_Host_OS\APP\FLASH\Obj\noah_cmd.o" "E:\SVN
#        Dir\PQ\iSAM Test Bench\Bridge_Host_OS\APP\FLASH\Obj\os_core.o" "E:\SVN
#        Dir\PQ\iSAM Test Bench\Bridge_Host_OS\APP\FLASH\Obj\os_cpu_a.o"
#        "E:\SVN Dir\PQ\iSAM Test
#        Bench\Bridge_Host_OS\APP\FLASH\Obj\os_cpu_c.o" "E:\SVN Dir\PQ\iSAM
#        Test Bench\Bridge_Host_OS\APP\FLASH\Obj\os_dbg.o" "E:\SVN Dir\PQ\iSAM
#        Test Bench\Bridge_Host_OS\APP\FLASH\Obj\os_dcc.o" "E:\SVN Dir\PQ\iSAM
#        Test Bench\Bridge_Host_OS\APP\FLASH\Obj\os_flag.o" "E:\SVN Dir\PQ\iSAM
#        Test Bench\Bridge_Host_OS\APP\FLASH\Obj\os_mbox.o" "E:\SVN Dir\PQ\iSAM
#        Test Bench\Bridge_Host_OS\APP\FLASH\Obj\os_mem.o" "E:\SVN Dir\PQ\iSAM
#        Test Bench\Bridge_Host_OS\APP\FLASH\Obj\os_mutex.o" "E:\SVN
#        Dir\PQ\iSAM Test Bench\Bridge_Host_OS\APP\FLASH\Obj\os_probe.o"
#        "E:\SVN Dir\PQ\iSAM Test Bench\Bridge_Host_OS\APP\FLASH\Obj\os_q.o"
#        "E:\SVN Dir\PQ\iSAM Test Bench\Bridge_Host_OS\APP\FLASH\Obj\os_sem.o"
#        "E:\SVN Dir\PQ\iSAM Test Bench\Bridge_Host_OS\APP\FLASH\Obj\os_task.o"
#        "E:\SVN Dir\PQ\iSAM Test Bench\Bridge_Host_OS\APP\FLASH\Obj\os_time.o"
#        "E:\SVN Dir\PQ\iSAM Test Bench\Bridge_Host_OS\APP\FLASH\Obj\os_tmr.o"
#        "E:\SVN Dir\PQ\iSAM Test Bench\Bridge_Host_OS\APP\FLASH\Obj\pio.o"
#        "E:\SVN Dir\PQ\iSAM Test Bench\Bridge_Host_OS\APP\FLASH\Obj\pio_it.o"
#        "E:\SVN Dir\PQ\iSAM Test
#        Bench\Bridge_Host_OS\APP\FLASH\Obj\probe_com.o" "E:\SVN Dir\PQ\iSAM
#        Test Bench\Bridge_Host_OS\APP\FLASH\Obj\probe_com_os.o" "E:\SVN
#        Dir\PQ\iSAM Test
#        Bench\Bridge_Host_OS\APP\FLASH\Obj\probe_demo_intro.o" "E:\SVN
#        Dir\PQ\iSAM Test Bench\Bridge_Host_OS\APP\FLASH\Obj\probe_rs232.o"
#        "E:\SVN Dir\PQ\iSAM Test
#        Bench\Bridge_Host_OS\APP\FLASH\Obj\probe_rs232_os.o" "E:\SVN
#        Dir\PQ\iSAM Test Bench\Bridge_Host_OS\APP\FLASH\Obj\probe_rs232c.o"
#        "E:\SVN Dir\PQ\iSAM Test Bench\Bridge_Host_OS\APP\FLASH\Obj\queue.o"
#        "E:\SVN Dir\PQ\iSAM Test Bench\Bridge_Host_OS\APP\FLASH\Obj\ruler.o"
#        "E:\SVN Dir\PQ\iSAM Test Bench\Bridge_Host_OS\APP\FLASH\Obj\spi.o"
#        "E:\SVN Dir\PQ\iSAM Test
#        Bench\Bridge_Host_OS\APP\FLASH\Obj\task_cmd_parse.o" "E:\SVN
#        Dir\PQ\iSAM Test Bench\Bridge_Host_OS\APP\FLASH\Obj\task_joy.o"
#        "E:\SVN Dir\PQ\iSAM Test
#        Bench\Bridge_Host_OS\APP\FLASH\Obj\task_noah.o" "E:\SVN Dir\PQ\iSAM
#        Test Bench\Bridge_Host_OS\APP\FLASH\Obj\task_noah_ruler.o" "E:\SVN
#        Dir\PQ\iSAM Test Bench\Bridge_Host_OS\APP\FLASH\Obj\task_shell.o"
#        "E:\SVN Dir\PQ\iSAM Test
#        Bench\Bridge_Host_OS\APP\FLASH\Obj\task_uart_rx.o" "E:\SVN Dir\PQ\iSAM
#        Test Bench\Bridge_Host_OS\APP\FLASH\Obj\task_uart_tx.o" "E:\SVN
#        Dir\PQ\iSAM Test
#        Bench\Bridge_Host_OS\APP\FLASH\Obj\task_uart_tx_ruler.o" "E:\SVN
#        Dir\PQ\iSAM Test Bench\Bridge_Host_OS\APP\FLASH\Obj\task_user_if.o"
#        "E:\SVN Dir\PQ\iSAM Test Bench\Bridge_Host_OS\APP\FLASH\Obj\timer.o"
#        "E:\SVN Dir\PQ\iSAM Test Bench\Bridge_Host_OS\APP\FLASH\Obj\twi.o"
#        "E:\SVN Dir\PQ\iSAM Test Bench\Bridge_Host_OS\APP\FLASH\Obj\twid.o"
#        "E:\SVN Dir\PQ\iSAM Test Bench\Bridge_Host_OS\APP\FLASH\Obj\uart.o"
#        "E:\SVN Dir\PQ\iSAM Test Bench\Bridge_Host_OS\APP\FLASH\Obj\Xmodem.o"
#        -o "E:\SVN Dir\PQ\iSAM Test
#        Bench\Bridge_Host_OS\APP\FLASH\Exe\AT91SAM7X256-OS-Probe-v5-2.out"
#        --map "E:\SVN Dir\PQ\iSAM Test
#        Bench\Bridge_Host_OS\APP\FLASH\List\AT91SAM7X256-OS-Probe-v5-2.map"
#        --config "E:\SVN Dir\PQ\iSAM Test
#        Bench\Bridge_Host_OS\APP\..\BSP\AT91SAM7A3_Flash.icf" --entry
#        __iar_program_start --inline --vfe
#
###############################################################################

*******************************************************************************
*** RUNTIME MODEL ATTRIBUTES
***

CppFlavor       = *
__SystemLibrary = DLib


*******************************************************************************
*** PLACEMENT SUMMARY
***

"P1":  place in [from 0x00100000 to 0x001001ff] { section .cstartup };
"P2":  place in [from 0x00100200 to 0x0013ffff] { ro };
"P3":  place in [from 0x00200000 to 0x002001ff] { section .vectors };
"P4":  place in [from 0x00200200 to 0x00207fff] {
          rw, block IRQ_STACK, block SVC_STACK, block CSTACK, block FIQ_STACK,
          block UND_STACK, block ABT_STACK, block HEAP };

  Section             Kind        Address     Size  Object
  -------             ----        -------     ----  ------
"P1":                                         0xa0
  .cstartup           ro code  0x00100000     0xa0  cstartup.o [1]
                             - 0x001000a0     0xa0

"P2":                                      0x17720
  .text               ro code  0x00100200   0x2724  ruler.o [1]
  .text               ro code  0x00102924    0x7a0  os_q.o [1]
  .text               ro code  0x001030c4     0xd4  os_time.o [1]
  .text               ro code  0x00103198   0x139c  bsp.o [1]
  .text               ro code  0x00104534    0x4b0  queue.o [1]
  .text               ro code  0x001049e4    0xc88  uart.o [1]
  .text               ro code  0x0010566c    0x710  codec.o [1]
  .text               ro code  0x00105d7c    0x768  dsp.o [1]
  CODE                ro code  0x001064e4    0x418  os_cpu_a.o [1]
  .text               ro code  0x001068fc    0x570  os_sem.o [1]
  .text               ro code  0x00106e6c    0x390  gpio.o [1]
  .text               ro code  0x001071fc   0x1828  noah_cmd.o [1]
  .text               ro code  0x00108a24    0x1a0  flashd_efc.o [1]
  .text               ro code  0x00108bc4     0xd4  ABImemcpy.o [5]
  .text               ro code  0x00108c98    0x1cc  led.o [1]
  .text               ro code  0x00108e64     0x6c  strcpy.o [5]
  .text               ro code  0x00108ed0     0x28  memset.o [3]
  .text               ro code  0x00108ef8    0x3a0  task_user_if.o [1]
  .text               ro code  0x00109298    0x3b8  Xmodem.o [1]
  .text               ro code  0x00109650    0x1d4  I32DivMod.o [5]
  .text               ro code  0x00109824   0x108c  os_core.o [1]
  .text               ro code  0x0010a8b0    0x6dc  twid.o [1]
  .text               ro code  0x0010af8c    0x1ec  timer.o [1]
  .text               ro code  0x0010b178     0x4c  vsprintf.o [3]
  .text               ro code  0x0010b1c4    0x2bc  pio.o [1]
  .text               ro code  0x0010b480     0x10  U32ToDbl.o [4]
  .text               ro code  0x0010b490    0x338  DblDiv.o [4]
  .text               ro code  0x0010b7c8     0xac  DblToFlt.o [4]
  .text               ro code  0x0010b874     0x58  FltToS32.o [4]
  .text               ro code  0x0010b8cc    0xd84  mem_basic.o [1]
  .text               ro code  0x0010c650    0x3bc  os_mem.o [1]
  .text               ro code  0x0010ca0c     0x18  memcpy.o [3]
  .text               ro code  0x0010ca24    0xaac  emb.o [1]
  .text               ro code  0x0010d4d0     0x30  strcat.o [3]
  .text               ro code  0x0010d500     0xd0  efc.o [1]
  .text               ro code  0x0010d5d0     0x3c  math.o [1]
  .text               ro code  0x0010d60c     0x7c  ABImemset.o [5]
  .text               ro code  0x0010d688    0x360  os_mbox.o [1]
  .text               ro code  0x0010d9e8    0x878  os_task.o [1]
  .text               ro code  0x0010e260    0x7c0  app.o [1]
  .text               ro code  0x0010ea20      0x4  IntDivZer.o [5]
  .text               ro code  0x0010ea24    0x318  os_cpu_c.o [1]
  .text               ro code  0x0010ed3c    0x100  os_flag.o [1]
  .text               ro code  0x0010ee3c    0x458  os_tmr.o [1]
  .text               ro code  0x0010f294    0x2b0  os_dbg.o [1]
  .text               ro code  0x0010f544    0x1e0  twi.o [1]
  .text               ro code  0x0010f724   0x16ea  xprintffull_nomb.o [3]
  .text               ro code  0x00110e0e     0x2a  zero_init3.o [5]
  .text               ro code  0x00110e38     0x60  S32ToDbl.o [4]
  .text               ro code  0x00110e98     0x54  strlen.o [5]
  .text               ro code  0x00110eec     0x50  cpu_core.o [1]
  .text               ro code  0x00110f3c     0x44  lib_math.o [1]
  .text               ro code  0x00110f80    0x2a8  os_dcc.o [1]
  .text               ro code  0x00111228     0x20  strchr.o [5]
  .text               ro code  0x00111248     0x94  memchr.o [5]
  .text               ro code  0x001112dc     0xd4  I64DivMod.o [5]
  .text               ro code  0x001113b0     0x7c  xdnorm.o [4]
  .text               ro code  0x0011142c     0x38  DblCmpLe.o [4]
  .text               ro code  0x00111464     0x38  DblCmpGe.o [4]
  .text               ro code  0x0011149c    0x1e0  xdscale.o [4]
  .text               ro code  0x0011167c     0x60  DblToS32.o [4]
  .text               ro code  0x001116dc    0x1f0  DblSub.o [4]
  .text               ro code  0x001118cc    0x1f8  DblMul.o [4]
  .text               ro code  0x00111ac4     0x3c  DblToU32.o [4]
  .text               ro code  0x00111b00     0xac  localeconv.o [3]
  .text               ro code  0x00111bac     0x38  div.o [3]
  CODE                ro code  0x00111be4     0x88  cpu_a.o [1]
  .text               ro code  0x00111c6c    0x100  lib_mem.o [1]
  .text               ro code  0x00111d6c      0x4  I64DivZer.o [5]
  .text               ro code  0x00111d70    0x130  DblAdd.o [4]
  .text               ro code  0x00111ea0   0x1218  commands.o [1]
  .text               ro code  0x001130b8    0x770  lib_str.o [1]
  .text               ro code  0x00113828    0x228  lib_ascii.o [1]
  .text               ro code  0x00113a50    0x3cc  task_noah_ruler.o [1]
  .text               ro code  0x00113e1c    0x3a4  task_noah.o [1]
  .text               ro code  0x001141c0    0x39c  task_shell.o [1]
  .text               ro code  0x0011455c    0x2d0  task_uart_tx_ruler.o [1]
  .text               ro code  0x0011482c    0x2a4  task_uart_tx.o [1]
  .text               ro code  0x00114ad0    0x238  task_joy.o [1]
  .text               ro code  0x00114d08    0x1cc  lz77_init.o [5]
  Veneer              ro code  0x00114ed4      0x4  - Linker created -
  .text               ro code  0x00114ed8      0x8  abort.o [3]
  .text               ro code  0x00114ee0     0x14  XXexit.o [5]
  .text               ro code  0x00114ef4    0x124  task_uart_rx.o [1]
  .rodata             const    0x00115018    0x100  os_core.o [1]
  .text               ro code  0x00115118     0xd0  task_cmd_parse.o [1]
  .rodata             const    0x001151e8     0x94  lib_str.o [1]
  .rodata             const    0x0011527c     0x88  bsp.o [1]
  .rodata             const    0x00115304     0x88  bsp.o [1]
  .rodata             const    0x0011538c     0x88  bsp.o [1]
  .rodata             const    0x00115414     0x88  bsp.o [1]
  .rodata             const    0x0011549c     0x88  bsp.o [1]
  .rodata             const    0x00115524     0x70  commands.o [1]
  .rodata             const    0x00115594     0x5c  commands.o [1]
  .rodata             const    0x001155f0     0x5c  commands.o [1]
  .rodata             const    0x0011564c     0x4c  bsp.o [1]
  .rodata             const    0x00115698     0x4c  bsp.o [1]
  .rodata             const    0x001156e4     0x4c  ruler.o [1]
  .rodata             const    0x00115730     0x48  bsp.o [1]
  .rodata             const    0x00115778     0x48  bsp.o [1]
  .rodata             const    0x001157c0     0x48  led.o [1]
  .rodata             const    0x00115808     0x48  ruler.o [1]
  .rodata             const    0x00115850     0x44  bsp.o [1]
  .rodata             const    0x00115894     0x44  commands.o [1]
  .rodata             const    0x001158d8     0x40  bsp.o [1]
  .rodata             const    0x00115918     0x40  bsp.o [1]
  .rodata             const    0x00115958     0x40  bsp.o [1]
  .rodata             const    0x00115998     0x40  bsp.o [1]
  .rodata             const    0x001159d8     0x40  commands.o [1]
  .rodata             const    0x00115a18     0x40  commands.o [1]
  .rodata             const    0x00115a58     0x40  ruler.o [1]
  .rodata             const    0x00115a98     0x3c  commands.o [1]
  .rodata             const    0x00115ad4     0x3c  commands.o [1]
  .rodata             const    0x00115b10     0x3c  commands.o [1]
  .rodata             const    0x00115b4c     0x3c  task_user_if.o [1]
  .rodata             const    0x00115b88     0x38  bsp.o [1]
  .rodata             const    0x00115bc0     0x38  bsp.o [1]
  .rodata             const    0x00115bf8     0x38  bsp.o [1]
  .rodata             const    0x00115c30     0x38  bsp.o [1]
  .rodata             const    0x00115c68     0x38  bsp.o [1]
  .rodata             const    0x00115ca0     0x38  bsp.o [1]
  .rodata             const    0x00115cd8     0x38  commands.o [1]
  .rodata             const    0x00115d10     0x38  commands.o [1]
  .rodata             const    0x00115d48     0x38  ruler.o [1]
  .rodata             const    0x00115d80     0x38  ruler.o [1]
  .rodata             const    0x00115db8     0x34  bsp.o [1]
  .rodata             const    0x00115dec     0x34  bsp.o [1]
  .rodata             const    0x00115e20     0x34  bsp.o [1]
  .rodata             const    0x00115e54     0x34  bsp.o [1]
  .rodata             const    0x00115e88     0x34  bsp.o [1]
  .rodata             const    0x00115ebc     0x34  bsp.o [1]
  .rodata             const    0x00115ef0     0x34  bsp.o [1]
  .rodata             const    0x00115f24     0x34  commands.o [1]
  .rodata             const    0x00115f58     0x34  ruler.o [1]
  .rodata             const    0x00115f8c     0x34  task_shell.o [1]
  .text               ro code  0x00115fc0     0x32  data_init.o [5]
  .rodata             const    0x00115ff2      0x2  os_dbg.o [1]
  .rodata             const    0x00115ff4     0x30  commands.o [1]
  .rodata             const    0x00116024     0x30  commands.o [1]
  .rodata             const    0x00116054     0x30  commands.o [1]
  .rodata             const    0x00116084     0x30  ruler.o [1]
  .rodata             const    0x001160b4     0x30  ruler.o [1]
  .rodata             const    0x001160e4     0x30  ruler.o [1]
  .rodata             const    0x00116114     0x30  ruler.o [1]
  .rodata             const    0x00116144     0x30  task_user_if.o [1]
  .rodata             const    0x00116174     0x30  task_user_if.o [1]
  .rodata             const    0x001161a4     0x2c  commands.o [1]
  .rodata             const    0x001161d0     0x2c  ruler.o [1]
  .rodata             const    0x001161fc     0x2c  ruler.o [1]
  .rodata             const    0x00116228     0x2c  ruler.o [1]
  .rodata             const    0x00116254     0x2c  task_joy.o [1]
  Veneer              ro code  0x00116280      0xc  - Linker created -
  .text               ro code  0x0011628c     0x2c  cmain.o [5]
  .text               ro code  0x001162b8      0x4  exit.o [3]
  .text               ro code  0x001162bc     0x10  cexit.o [5]
  .rodata             const    0x001162cc     0x28  codec.o [1]
  .rodata             const    0x001162f4     0x28  codec.o [1]
  .rodata             const    0x0011631c     0x28  commands.o [1]
  .rodata             const    0x00116344     0x28  noah_cmd.o [1]
  .rodata             const    0x0011636c     0x28  ruler.o [1]
  .rodata             const    0x00116394     0x28  ruler.o [1]
  .rodata             const    0x001163bc     0x28  ruler.o [1]
  .rodata             const    0x001163e4     0x28  ruler.o [1]
  .rodata             const    0x0011640c     0x28  ruler.o [1]
  .rodata             const    0x00116434     0x28  ruler.o [1]
  .rodata             const    0x0011645c     0x28  ruler.o [1]
  .rodata             const    0x00116484     0x28  ruler.o [1]
  .rodata             const    0x001164ac     0x28  task_shell.o [1]
  .rodata             const    0x001164d4     0x28  task_shell.o [1]
  .rodata             const    0x001164fc     0x28  task_shell.o [1]
  .rodata             const    0x00116524     0x28  task_user_if.o [1]
  .rodata             const    0x0011654c     0x24  app.o [1]
  .rodata             const    0x00116570     0x24  app.o [1]
  .rodata             const    0x00116594     0x24  bsp.o [1]
  .rodata             const    0x001165b8     0x24  commands.o [1]
  .rodata             const    0x001165dc     0x24  commands.o [1]
  .rodata             const    0x00116600     0x24  ruler.o [1]
  .rodata             const    0x00116624     0x24  ruler.o [1]
  .rodata             const    0x00116648     0x24  ruler.o [1]
  .rodata             const    0x0011666c     0x24  ruler.o [1]
  .rodata             const    0x00116690     0x24  ruler.o [1]
  .rodata             const    0x001166b4     0x24  ruler.o [1]
  .rodata             const    0x001166d8     0x24  ruler.o [1]
  .rodata             const    0x001166fc     0x24  ruler.o [1]
  .rodata             const    0x00116720     0x24  ruler.o [1]
  .rodata             const    0x00116744     0x24  ruler.o [1]
  .rodata             const    0x00116768     0x24  ruler.o [1]
  .rodata             const    0x0011678c     0x24  ruler.o [1]
  .rodata             const    0x001167b0     0x24  ruler.o [1]
  .rodata             const    0x001167d4     0x24  ruler.o [1]
  .rodata             const    0x001167f8     0x24  ruler.o [1]
  .rodata             const    0x0011681c     0x24  ruler.o [1]
  .rodata             const    0x00116840     0x24  task_joy.o [1]
  .rodata             const    0x00116864     0x24  uart.o [1]
  .iar.init_table     const    0x00116888     0x48  - Linker created -
  .rodata             const    0x001168d0     0x20  app.o [1]
  .rodata             const    0x001168f0     0x20  bsp.o [1]
  .rodata             const    0x00116910     0x20  codec.o [1]
  .rodata             const    0x00116930     0x20  commands.o [1]
  .rodata             const    0x00116950     0x20  commands.o [1]
  .rodata             const    0x00116970     0x20  commands.o [1]
  .rodata             const    0x00116990     0x20  commands.o [1]
  .rodata             const    0x001169b0     0x20  commands.o [1]
  .rodata             const    0x001169d0     0x20  dsp.o [1]
  .rodata             const    0x001169f0     0x20  ruler.o [1]
  .rodata             const    0x00116a10     0x20  ruler.o [1]
  .rodata             const    0x00116a30     0x20  ruler.o [1]
  .rodata             const    0x00116a50     0x20  ruler.o [1]
  .rodata             const    0x00116a70     0x20  ruler.o [1]
  .rodata             const    0x00116a90     0x20  ruler.o [1]
  .rodata             const    0x00116ab0     0x20  ruler.o [1]
  .rodata             const    0x00116ad0     0x20  ruler.o [1]
  .rodata             const    0x00116af0     0x20  ruler.o [1]
  .rodata             const    0x00116b10     0x20  ruler.o [1]
  .rodata             const    0x00116b30     0x20  ruler.o [1]
  .rodata             const    0x00116b50     0x20  ruler.o [1]
  .rodata             const    0x00116b70     0x20  ruler.o [1]
  .rodata             const    0x00116b90     0x20  ruler.o [1]
  .rodata             const    0x00116bb0     0x20  ruler.o [1]
  .rodata             const    0x00116bd0     0x20  ruler.o [1]
  .rodata             const    0x00116bf0     0x20  ruler.o [1]
  .rodata             const    0x00116c10     0x20  task_shell.o [1]
  .rodata             const    0x00116c30     0x1c  app.o [1]
  .rodata             const    0x00116c4c     0x1c  app.o [1]
  .rodata             const    0x00116c68     0x1c  app.o [1]
  .rodata             const    0x00116c84     0x1c  commands.o [1]
  .rodata             const    0x00116ca0     0x1c  commands.o [1]
  .rodata             const    0x00116cbc     0x1c  commands.o [1]
  .rodata             const    0x00116cd8     0x1c  commands.o [1]
  .rodata             const    0x00116cf4     0x1c  commands.o [1]
  .rodata             const    0x00116d10     0x1c  commands.o [1]
  .rodata             const    0x00116d2c     0x1c  ruler.o [1]
  .rodata             const    0x00116d48     0x1c  ruler.o [1]
  .rodata             const    0x00116d64     0x1c  ruler.o [1]
  .rodata             const    0x00116d80     0x1c  ruler.o [1]
  .rodata             const    0x00116d9c     0x1c  ruler.o [1]
  .rodata             const    0x00116db8     0x1c  ruler.o [1]
  .rodata             const    0x00116dd4     0x1c  ruler.o [1]
  .rodata             const    0x00116df0     0x1c  ruler.o [1]
  .rodata             const    0x00116e0c     0x1c  ruler.o [1]
  .rodata             const    0x00116e28     0x1c  ruler.o [1]
  .rodata             const    0x00116e44     0x1c  ruler.o [1]
  .rodata             const    0x00116e60     0x1c  ruler.o [1]
  .rodata             const    0x00116e7c     0x1c  task_noah_ruler.o [1]
  .rodata             const    0x00116e98     0x1c  task_shell.o [1]
  .rodata             const    0x00116eb4     0x18  app.o [1]
  .rodata             const    0x00116ecc     0x18  app.o [1]
  .rodata             const    0x00116ee4     0x18  app.o [1]
  .rodata             const    0x00116efc     0x18  commands.o [1]
  .rodata             const    0x00116f14     0x18  commands.o [1]
  .rodata             const    0x00116f2c     0x18  commands.o [1]
  .rodata             const    0x00116f44     0x18  commands.o [1]
  .rodata             const    0x00116f5c     0x18  commands.o [1]
  .rodata             const    0x00116f74     0x18  commands.o [1]
  .rodata             const    0x00116f8c     0x18  commands.o [1]
  .rodata             const    0x00116fa4     0x18  gpio.o [1]
  .rodata             const    0x00116fbc     0x18  ruler.o [1]
  .rodata             const    0x00116fd4     0x18  ruler.o [1]
  .rodata             const    0x00116fec     0x18  task_user_if.o [1]
  .rodata             const    0x00117004     0x18  task_user_if.o [1]
  .rodata             const    0x0011701c     0x14  app.o [1]
  .rodata             const    0x00117030     0x14  app.o [1]
  .rodata             const    0x00117044     0x14  app.o [1]
  .rodata             const    0x00117058     0x14  app.o [1]
  .rodata             const    0x0011706c     0x14  app.o [1]
  .rodata             const    0x00117080     0x14  app.o [1]
  .rodata             const    0x00117094     0x14  app.o [1]
  .rodata             const    0x001170a8     0x14  app.o [1]
  .rodata             const    0x001170bc     0x14  codec.o [1]
  .rodata             const    0x001170d0     0x14  commands.o [1]
  .rodata             const    0x001170e4     0x14  commands.o [1]
  .rodata             const    0x001170f8     0x14  commands.o [1]
  .rodata             const    0x0011710c     0x14  os_tmr.o [1]
  .rodata             const    0x00117120     0x14  os_tmr.o [1]
  .rodata             const    0x00117134     0x14  ruler.o [1]
  .rodata             const    0x00117148     0x14  ruler.o [1]
  .rodata             const    0x0011715c     0x14  ruler.o [1]
  .text               ro code  0x00117170     0x14  xsprout.o [3]
  .rodata             const    0x00117184     0x10  app.o [1]
  .rodata             const    0x00117194     0x10  bsp.o [1]
  .rodata             const    0x001171a4     0x10  commands.o [1]
  .rodata             const    0x001171b4     0x10  dsp.o [1]
  .rodata             const    0x001171c4     0x10  dsp.o [1]
  .rodata             const    0x001171d4     0x10  os_core.o [1]
  .rodata             const    0x001171e4     0x10  os_core.o [1]
  .rodata             const    0x001171f4     0x10  os_tmr.o [1]
  .rodata             const    0x00117204     0x10  ruler.o [1]
  .rodata             const    0x00117214     0x10  ruler.o [1]
  .rodata             const    0x00117224     0x10  ruler.o [1]
  .rodata             const    0x00117234     0x10  ruler.o [1]
  .rodata             const    0x00117244     0x10  ruler.o [1]
  .rodata             const    0x00117254     0x10  ruler.o [1]
  .rodata             const    0x00117264     0x10  ruler.o [1]
  .rodata             const    0x00117274     0x10  ruler.o [1]
  .rodata             const    0x00117284     0x10  ruler.o [1]
  .rodata             const    0x00117294     0x10  twid.o [1]
  .rodata             const    0x001172a4     0x10  twid.o [1]
  .rodata             const    0x001172b4      0xc  app.o [1]
  .rodata             const    0x001172c0      0xc  app.o [1]
  .rodata             const    0x001172cc      0xc  app.o [1]
  .rodata             const    0x001172d8      0xc  app.o [1]
  .rodata             const    0x001172e4      0xc  bsp.o [1]
  .rodata             const    0x001172f0      0xc  bsp.o [1]
  .rodata             const    0x001172fc      0xc  bsp.o [1]
  .rodata             const    0x00117308      0xc  bsp.o [1]
  .rodata             const    0x00117314      0xc  bsp.o [1]
  .rodata             const    0x00117320      0xc  commands.o [1]
  .rodata             const    0x0011732c      0xc  commands.o [1]
  .rodata             const    0x00117338      0xc  commands.o [1]
  .rodata             const    0x00117344      0xc  commands.o [1]
  .rodata             const    0x00117350      0xc  commands.o [1]
  .rodata             const    0x0011735c      0xc  led.o [1]
  .rodata             const    0x00117368      0xc  ruler.o [1]
  .rodata             const    0x00117374      0xc  ruler.o [1]
  .rodata             const    0x00117380      0xc  task_user_if.o [1]
  .rodata             const    0x0011738c      0xc  timer.o [1]
  .rodata             const    0x00117398      0xc  twid.o [1]
  .rodata             const    0x001173a4      0xc  uart.o [1]
  .rodata             const    0x001173b0      0xc  uart.o [1]
  .rodata             const    0x001173bc      0xc  uart.o [1]
  .rodata             const    0x001173c8      0xc  uart.o [1]
  .rodata             const    0x001173d4      0xc  uart.o [1]
  .rodata             const    0x001173e0      0xc  uart.o [1]
  .rodata             const    0x001173ec      0xc  uart.o [1]
  .rodata             const    0x001173f8      0xc  Xmodem.o [1]
  .rodata             const    0x00117404      0x8  app.o [1]
  .rodata             const    0x0011740c      0x8  app.o [1]
  .rodata             const    0x00117414      0x8  app.o [1]
  .rodata             const    0x0011741c      0x8  app.o [1]
  .rodata             const    0x00117424      0x8  app.o [1]
  .rodata             const    0x0011742c      0x8  bsp.o [1]
  .rodata             const    0x00117434      0x8  bsp.o [1]
  .rodata             const    0x0011743c      0x8  bsp.o [1]
  .rodata             const    0x00117444      0x8  bsp.o [1]
  .rodata             const    0x0011744c      0x8  bsp.o [1]
  .rodata             const    0x00117454      0x8  bsp.o [1]
  .rodata             const    0x0011745c      0x8  bsp.o [1]
  .rodata             const    0x00117464      0x8  bsp.o [1]
  .rodata             const    0x0011746c      0x8  bsp.o [1]
  .rodata             const    0x00117474      0x8  bsp.o [1]
  .rodata             const    0x0011747c      0x8  bsp.o [1]
  .rodata             const    0x00117484      0x8  bsp.o [1]
  .rodata             const    0x0011748c      0x8  commands.o [1]
  .rodata             const    0x00117494      0x8  commands.o [1]
  .rodata             const    0x0011749c      0x8  commands.o [1]
  .rodata             const    0x001174a4      0x8  commands.o [1]
  .rodata             const    0x001174ac      0x8  commands.o [1]
  .rodata             const    0x001174b4      0x8  commands.o [1]
  .rodata             const    0x001174bc      0x8  commands.o [1]
  .rodata             const    0x001174c4      0x8  commands.o [1]
  .rodata             const    0x001174cc      0x8  commands.o [1]
  .rodata             const    0x001174d4      0x8  commands.o [1]
  .rodata             const    0x001174dc      0x8  commands.o [1]
  .rodata             const    0x001174e4      0x8  commands.o [1]
  .rodata             const    0x001174ec      0x8  commands.o [1]
  .rodata             const    0x001174f4      0x8  mem_basic.o [1]
  .rodata             const    0x001174fc      0x8  mem_basic.o [1]
  .rodata             const    0x00117504      0x8  mem_basic.o [1]
  .rodata             const    0x0011750c      0x8  mem_basic.o [1]
  .rodata             const    0x00117514      0x8  mem_basic.o [1]
  .rodata             const    0x0011751c      0x8  mem_basic.o [1]
  .rodata             const    0x00117524      0x8  mem_basic.o [1]
  .rodata             const    0x0011752c      0x8  mem_basic.o [1]
  .rodata             const    0x00117534      0x8  mem_basic.o [1]
  .rodata             const    0x0011753c      0x8  mem_basic.o [1]
  .rodata             const    0x00117544      0x8  ruler.o [1]
  .rodata             const    0x0011754c      0x8  ruler.o [1]
  .rodata             const    0x00117554      0x8  ruler.o [1]
  .rodata             const    0x0011755c      0x8  ruler.o [1]
  .rodata             const    0x00117564      0x8  task_user_if.o [1]
  .rodata             const    0x0011756c      0x8  Xmodem.o [1]
  .rodata             const    0x00117574      0x8  Xmodem.o [1]
  .rodata             const    0x0011757c      0x4  gpio.o [1]
  .rodata             const    0x00117580      0x4  led.o [1]
  .rodata             const    0x00117584      0x4  mem_basic.o [1]
  .rodata             const    0x00117588      0x4  mem_basic.o [1]
  .rodata             const    0x0011758c      0x4  os_dbg.o [1]
  .rodata             const    0x00117590      0x4  ruler.o [1]
  .rodata             const    0x00117594      0x4  ruler.o [1]
  .rodata             const    0x00117598      0x4  ruler.o [1]
  .rodata             const    0x0011759c      0x4  ruler.o [1]
  .rodata             const    0x001175a0      0x4  uart.o [1]
  .rodata             const    0x001175a4      0x2  os_dbg.o [1]
  .rodata             const    0x001175a6      0x2  os_dbg.o [1]
  .rodata             const    0x001175a8      0x2  os_dbg.o [1]
  .rodata             const    0x001175aa      0x2  os_dbg.o [1]
  .rodata             const    0x001175ac      0x2  os_dbg.o [1]
  .rodata             const    0x001175ae      0x2  os_dbg.o [1]
  .rodata             const    0x001175b0      0x2  os_dbg.o [1]
  .rodata             const    0x001175b2      0x2  os_dbg.o [1]
  .rodata             const    0x001175b4      0x2  os_dbg.o [1]
  .rodata             const    0x001175b6      0x2  os_dbg.o [1]
  .rodata             const    0x001175b8      0x2  os_dbg.o [1]
  .rodata             const    0x001175ba      0x2  os_dbg.o [1]
  .rodata             const    0x001175bc      0x2  os_dbg.o [1]
  .rodata             const    0x001175be      0x2  os_dbg.o [1]
  .rodata             const    0x001175c0      0x2  os_dbg.o [1]
  .rodata             const    0x001175c2      0x2  os_dbg.o [1]
  .rodata             const    0x001175c4      0x2  os_dbg.o [1]
  .rodata             const    0x001175c6      0x2  os_dbg.o [1]
  .rodata             const    0x001175c8      0x2  os_dbg.o [1]
  .rodata             const    0x001175ca      0x2  os_dbg.o [1]
  .rodata             const    0x001175cc      0x2  os_dbg.o [1]
  .rodata             const    0x001175ce      0x2  os_dbg.o [1]
  .rodata             const    0x001175d0      0x2  os_dbg.o [1]
  .rodata             const    0x001175d2      0x2  os_dbg.o [1]
  .rodata             const    0x001175d4      0x2  os_dbg.o [1]
  .rodata             const    0x001175d6      0x2  os_dbg.o [1]
  .rodata             const    0x001175d8      0x2  os_dbg.o [1]
  .rodata             const    0x001175da      0x2  os_dbg.o [1]
  .rodata             const    0x001175dc      0x2  os_dbg.o [1]
  .rodata             const    0x001175de      0x2  os_dbg.o [1]
  .rodata             const    0x001175e0      0x2  os_dbg.o [1]
  .rodata             const    0x001175e2      0x2  os_dbg.o [1]
  .rodata             const    0x001175e4      0x2  os_dbg.o [1]
  .rodata             const    0x001175e6      0x2  os_dbg.o [1]
  .rodata             const    0x001175e8      0x2  os_dbg.o [1]
  .rodata             const    0x001175ea      0x2  os_dbg.o [1]
  .rodata             const    0x001175ec      0x2  os_dbg.o [1]
  .rodata             const    0x001175ee      0x2  os_dbg.o [1]
  .rodata             const    0x001175f0      0x2  os_dbg.o [1]
  .rodata             const    0x001175f2      0x2  os_dbg.o [1]
  .rodata             const    0x001175f4      0x2  os_dbg.o [1]
  .rodata             const    0x001175f6      0x2  os_dbg.o [1]
  .rodata             const    0x001175f8      0x2  os_dbg.o [1]
  .rodata             const    0x001175fa      0x2  os_dbg.o [1]
  .rodata             const    0x001175fc      0x2  os_dbg.o [1]
  .rodata             const    0x001175fe      0x2  os_dbg.o [1]
  .rodata             const    0x00117600      0x2  os_dbg.o [1]
  .rodata             const    0x00117602      0x2  os_dbg.o [1]
  .rodata             const    0x00117604      0x2  os_dbg.o [1]
  .rodata             const    0x00117606      0x2  os_dbg.o [1]
  .rodata             const    0x00117608      0x2  os_dbg.o [1]
  .rodata             const    0x0011760a      0x2  os_dbg.o [1]
  .rodata             const    0x0011760c      0x2  os_dbg.o [1]
  .rodata             const    0x0011760e      0x2  ruler.o [1]
  .rodata             const    0x00117610      0x2  ruler.o [1]
  .rodata             const    0x00117612      0x2  ruler.o [1]
  .rodata             const    0x00117614      0x1  ruler.o [1]
  .rodata             const    0x00117615      0x1  ruler.o [1]
  .rodata             const    0x00117616      0x1  ruler.o [1]
  .rodata             const    0x00117617      0x1  ruler.o [1]
  .rodata             const    0x00117618      0x0  zero_init3.o [5]
  .rodata             const    0x00117618      0x0  lz77_init.o [5]
  Initializer bytes   ro data  0x00117618    0x2e0  <for P4 s0>
  Initializer bytes   ro data  0x001178f8     0x28  <for P3 s1>
                             - 0x00117920  0x17720

"P3":                                         0x40
  P3 s1                        0x00200000     0x40  <Init block>
    .vectors          inited   0x00200000     0x40  cstartup.o [1]
                             - 0x00200040     0x40

"P4", part 1 of 3:                           0x46c
  P4 s0                        0x00200200    0x46b  <Init block>
    .data             inited   0x00200200    0x12c  dsp.o [1]
    .data             inited   0x0020032c    0x114  gpio.o [1]
    .data             inited   0x00200440     0xdc  dsp.o [1]
    .textrw           inited   0x0020051c     0xa4  efc.o [1]
    __DLIB_PERTHREAD  inited   0x002005c0     0x88  localeconv.o [3]
    .data             inited   0x00200648      0xc  bsp.o [1]
    .data             inited   0x00200654      0xc  timer.o [1]
    .data             inited   0x00200660      0x4  ruler.o [1]
    .data             inited   0x00200664      0x4  timer.o [1]
    .data             inited   0x00200668      0x1  dsp.o [1]
    .data             inited   0x00200669      0x1  mem_basic.o [1]
    .data             inited   0x0020066a      0x1  task_user_if.o [1]
                             - 0x0020066b    0x46b

"P4", part 2 of 3:                          0x5c04
  .bss                zero     0x0020066c    0xc10  task_cmd_parse.o [1]
  .bss                zero     0x0020127c    0xc10  task_cmd_parse.o [1]
  .bss                zero     0x00201e8c    0xa28  task_uart_tx.o [1]
  .bss                zero     0x002028b4    0x5d8  os_core.o [1]
  .bss                zero     0x00202e8c    0x400  app.o [1]
  .bss                zero     0x0020328c    0x400  app.o [1]
  .bss                zero     0x0020368c    0x280  os_core.o [1]
  .bss                zero     0x0020390c    0x258  os_core.o [1]
  .bss                zero     0x00203b64    0x200  app.o [1]
  .bss                zero     0x00203d64    0x200  app.o [1]
  .bss                zero     0x00203f64    0x200  app.o [1]
  .bss                zero     0x00204164    0x200  app.o [1]
  .bss                zero     0x00204364    0x200  app.o [1]
  .bss                zero     0x00204564    0x200  app.o [1]
  .bss                zero     0x00204764    0x200  app.o [1]
  .bss                zero     0x00204964    0x200  os_core.o [1]
  .bss                zero     0x00204b64    0x200  os_core.o [1]
  .bss                zero     0x00204d64    0x200  os_core.o [1]
  .bss                zero     0x00204f64    0x200  os_cpu_c.o [1]
  .bss                zero     0x00205164    0x200  uart.o [1]
  .bss                zero     0x00205364    0x200  uart.o [1]
  .bss                zero     0x00205564    0x200  uart.o [1]
  .bss                zero     0x00205764    0x200  uart.o [1]
  .bss                zero     0x00205964    0x130  commands.o [1]
  .bss                zero     0x00205a94    0x100  app.o [1]
  .bss                zero     0x00205b94    0x100  flashd_efc.o [1]
  .bss                zero     0x00205c94    0x100  os_core.o [1]
  .bss                zero     0x00205d94     0x78  os_core.o [1]
  .bss                zero     0x00205e0c     0x54  bsp.o [1]
  .bss                zero     0x00205e60     0x50  os_core.o [1]
  .bss                zero     0x00205eb0     0x40  os_core.o [1]
  .bss                zero     0x00205ef0     0x40  uart.o [1]
  .bss                zero     0x00205f30     0x40  uart.o [1]
  .bss                zero     0x00205f70     0x28  task_cmd_parse.o [1]
  .bss                zero     0x00205f98     0x28  task_uart_tx.o [1]
  .bss                zero     0x00205fc0     0x28  task_uart_tx.o [1]
  .bss                zero     0x00205fe8     0x28  task_uart_tx_ruler.o [1]
  .bss                zero     0x00206010     0x28  task_uart_tx_ruler.o [1]
  .bss                zero     0x00206038     0x20  uart.o [1]
  .bss                zero     0x00206058     0x20  uart.o [1]
  .bss                zero     0x00206078     0x20  uart.o [1]
  .bss                zero     0x00206098     0x20  uart.o [1]
  .bss                zero     0x002060b8     0x20  uart.o [1]
  .bss                zero     0x002060d8     0x20  uart.o [1]
  .bss                zero     0x002060f8     0x18  os_core.o [1]
  .bss                zero     0x00206110     0x14  twid.o [1]
  .bss                zero     0x00206124     0x10  cpu_core.o [1]
  .bss                zero     0x00206134     0x10  ruler.o [1]
  .bss                zero     0x00206144      0xc  ruler.o [1]
  .bss                zero     0x00206150      0xc  uart.o [1]
  .bss                zero     0x0020615c      0x8  os_core.o [1]
  .bss                zero     0x00206164      0x8  twid.o [1]
  .bss                zero     0x0020616c      0x4  bsp.o [1]
  .bss                zero     0x00206170      0x4  bsp.o [1]
  .bss                zero     0x00206174      0x4  codec.o [1]
  .bss                zero     0x00206178      0x4  dsp.o [1]
  .bss                zero     0x0020617c      0x4  dsp.o [1]
  .bss                zero     0x00206180      0x4  lib_math.o [1]
  .bss                zero     0x00206184      0x4  noah_cmd.o [1]
  .bss                zero     0x00206188      0x4  os_core.o [1]
  .bss                zero     0x0020618c      0x4  os_core.o [1]
  .bss                zero     0x00206190      0x4  os_core.o [1]
  .bss                zero     0x00206194      0x4  os_core.o [1]
  .bss                zero     0x00206198      0x4  os_core.o [1]
  .bss                zero     0x0020619c      0x4  os_core.o [1]
  .bss                zero     0x002061a0      0x4  os_core.o [1]
  .bss                zero     0x002061a4      0x4  os_core.o [1]
  .bss                zero     0x002061a8      0x4  os_core.o [1]
  .bss                zero     0x002061ac      0x4  os_core.o [1]
  .bss                zero     0x002061b0      0x4  os_core.o [1]
  .bss                zero     0x002061b4      0x4  os_core.o [1]
  .bss                zero     0x002061b8      0x4  os_core.o [1]
  .bss                zero     0x002061bc      0x4  os_core.o [1]
  .bss                zero     0x002061c0      0x4  os_core.o [1]
  .bss                zero     0x002061c4      0x4  os_core.o [1]
  .bss                zero     0x002061c8      0x4  os_core.o [1]
  .bss                zero     0x002061cc      0x4  os_cpu_c.o [1]
  .bss                zero     0x002061d0      0x4  os_cpu_c.o [1]
  .bss                zero     0x002061d4      0x4  os_dcc.o [1]
  .bss                zero     0x002061d8      0x4  os_dcc.o [1]
  .bss                zero     0x002061dc      0x4  os_dcc.o [1]
  .bss                zero     0x002061e0      0x4  os_dcc.o [1]
  .bss                zero     0x002061e4      0x4  ruler.o [1]
  .bss                zero     0x002061e8      0x4  ruler.o [1]
  .bss                zero     0x002061ec      0x4  ruler.o [1]
  .bss                zero     0x002061f0      0x4  ruler.o [1]
  .bss                zero     0x002061f4      0x4  ruler.o [1]
  .bss                zero     0x002061f8      0x4  task_cmd_parse.o [1]
  .bss                zero     0x002061fc      0x4  task_noah.o [1]
  .bss                zero     0x00206200      0x4  task_noah_ruler.o [1]
  .bss                zero     0x00206204      0x4  task_noah_ruler.o [1]
  .bss                zero     0x00206208      0x4  task_noah_ruler.o [1]
  .bss                zero     0x0020620c      0x4  task_noah_ruler.o [1]
  .bss                zero     0x00206210      0x4  task_noah_ruler.o [1]
  .bss                zero     0x00206214      0x4  task_noah_ruler.o [1]
  .bss                zero     0x00206218      0x4  task_noah_ruler.o [1]
  .bss                zero     0x0020621c      0x4  task_noah_ruler.o [1]
  .bss                zero     0x00206220      0x4  task_uart_tx.o [1]
  .bss                zero     0x00206224      0x4  task_uart_tx.o [1]
  .bss                zero     0x00206228      0x4  task_uart_tx.o [1]
  .bss                zero     0x0020622c      0x4  task_uart_tx.o [1]
  .bss                zero     0x00206230      0x4  task_uart_tx_ruler.o [1]
  .bss                zero     0x00206234      0x4  task_uart_tx_ruler.o [1]
  .bss                zero     0x00206238      0x4  task_uart_tx_ruler.o [1]
  .bss                zero     0x0020623c      0x4  task_uart_tx_ruler.o [1]
  .bss                zero     0x00206240      0x4  task_user_if.o [1]
  .bss                zero     0x00206244      0x4  twid.o [1]
  .bss                zero     0x00206248      0x4  twid.o [1]
  .bss                zero     0x0020624c      0x4  uart.o [1]
  .bss                zero     0x00206250      0x4  uart.o [1]
  .bss                zero     0x00206254      0x2  os_core.o [1]
  .bss                zero     0x00206256      0x2  os_core.o [1]
  .bss                zero     0x00206258      0x2  os_cpu_c.o [1]
  .bss                zero     0x0020625a      0x1  bsp.o [1]
  .bss                zero     0x0020625b      0x1  bsp.o [1]
  .bss                zero     0x0020625c      0x1  led.o [1]
  .bss                zero     0x0020625d      0x1  os_core.o [1]
  .bss                zero     0x0020625e      0x1  os_core.o [1]
  .bss                zero     0x0020625f      0x1  os_core.o [1]
  .bss                zero     0x00206260      0x1  os_core.o [1]
  .bss                zero     0x00206261      0x1  os_core.o [1]
  .bss                zero     0x00206262      0x1  os_core.o [1]
  .bss                zero     0x00206263      0x1  os_core.o [1]
  .bss                zero     0x00206264      0x1  os_core.o [1]
  .bss                zero     0x00206265      0x1  os_core.o [1]
  .bss                zero     0x00206266      0x1  os_core.o [1]
  .bss                zero     0x00206267      0x1  ruler.o [1]
  .bss                zero     0x00206268      0x1  ruler.o [1]
  .bss                zero     0x00206269      0x1  ruler.o [1]
  .bss                zero     0x0020626a      0x1  ruler.o [1]
  .bss                zero     0x0020626b      0x1  task_noah.o [1]
  .bss                zero     0x0020626c      0x1  task_uart_rx.o [1]
  .bss                zero     0x0020626d      0x1  task_uart_tx.o [1]
                             - 0x0020626e   0x5c02

"P4", part 3 of 3:                          0x14c0
  IRQ_STACK                    0x00206270    0x200  <Block>
    IRQ_STACK         uninit   0x00206270    0x200  <Block tail>
  SVC_STACK                    0x00206470    0x200  <Block>
    SVC_STACK         uninit   0x00206470    0x200  <Block tail>
  CSTACK                       0x00206670   0x1000  <Block>
    CSTACK            uninit   0x00206670   0x1000  <Block tail>
  FIQ_STACK                    0x00207670     0x40  <Block>
    FIQ_STACK         uninit   0x00207670     0x40  <Block tail>
  UND_STACK                    0x002076b0     0x40  <Block>
    UND_STACK         uninit   0x002076b0     0x40  <Block tail>
  ABT_STACK                    0x002076f0     0x40  <Block>
    ABT_STACK         uninit   0x002076f0     0x40  <Block tail>
                             - 0x00207730   0x14c0


*******************************************************************************
*** INIT TABLE
***

          Address     Size
          -------     ----
Zero (__iar_zero_init3)
    1 destination range, total size 0x5c02:
          0x0020066c  0x5c02

Copy/lz77 (__iar_lz77_init3)
    1 source range, total size 0x2e0 (65% of destination):
          0x00117618   0x2e0
    1 destination range, total size 0x46b:
          0x00200200   0x46b

Copy/lz77 (__iar_lz77_init3)
    1 source range, total size 0x28 (62% of destination):
          0x001178f8    0x28
    1 destination range, total size 0x40:
          0x00200000    0x40



*******************************************************************************
*** MODULE SUMMARY
***

    Module                ro code  rw code  ro data  rw data
    ------                -------  -------  -------  -------
E:\SVN Dir\PQ\iSAM Test Bench\Bridge_Host_OS\APP\FLASH\Obj: [1]
    Xmodem.o                  952                28
    app.o                   1 984               524    5 888
    bsp.o                   5 020             2 248      106
    codec.o                 1 808               132        4
    commands.o              4 632             1 872      304
    cpu_a.o                   136
    cpu_core.o                 80                         16
    cstartup.o                160       64       40
    dsp.o                   1 896               402      529
    efc.o                     208      164      107
    emb.o                   2 732
    flashd_efc.o              416                        256
    gpio.o                    912               207      276
    led.o                     460                88        1
    lib_ascii.o               552
    lib_math.o                 68                          4
    lib_mem.o                 256
    lib_str.o               1 904               148
    math.o                     60
    mem_basic.o             3 460                89        1
    noah_cmd.o              6 184                40        4
    os_core.o               4 236               288    4 906
    os_cpu_a.o              1 048
    os_cpu_c.o                792                        522
    os_dbg.o                  688               112
    os_dcc.o                  680                         16
    os_flag.o                 256
    os_mbox.o                 864
    os_mem.o                  956
    os_q.o                  1 952
    os_sem.o                1 392
    os_task.o               2 168
    os_time.o                 212
    os_tmr.o                1 112                56
    pio.o                     700
    queue.o                 1 200
    ruler.o                10 020             2 813       56
    task_cmd_parse.o          208                      6 220
    task_joy.o                568                80
    task_noah.o               932                          5
    task_noah_ruler.o         972                28       32
    task_shell.o              924               232
    task_uart_rx.o            292                          1
    task_uart_tx.o            676                      2 697
    task_uart_tx_ruler.o      720                         96
    task_user_if.o            928               265        5
    timer.o                   492                22       16
    twi.o                     480
    twid.o                  1 756                44       36
    uart.o                  3 208               124    2 388
    --------------------------------------------------------
    Total:                 74 312      228    9 989   24 385

command line: [2]
    --------------------------------------------------------
    Total:

dl4t_alf.a: [3]
    abort.o                     8
    div.o                      56
    exit.o                      4
    localeconv.o              172                89      136
    memcpy.o                   24
    memset.o                   40
    strcat.o                   48
    vsprintf.o                 76
    xprintffull_nomb.o      5 866
    xsprout.o                  20
    --------------------------------------------------------
    Total:                  6 314                89      136

m4t_al.a: [4]
    DblAdd.o                  304
    DblCmpGe.o                 56
    DblCmpLe.o                 56
    DblDiv.o                  824
    DblMul.o                  504
    DblSub.o                  496
    DblToFlt.o                172
    DblToS32.o                 96
    DblToU32.o                 60
    FltToS32.o                 88
    S32ToDbl.o                 96
    U32ToDbl.o                 16
    xdnorm.o                  124
    xdscale.o                 480
    --------------------------------------------------------
    Total:                  3 372

rt4t_al.a: [5]
    ABImemcpy.o               212
    ABImemset.o               124
    I32DivMod.o               468
    I64DivMod.o               212
    I64DivZer.o                 4
    IntDivZer.o                 4
    XXexit.o                   20
    cexit.o                    16
    cmain.o                    44
    data_init.o                50
    lz77_init.o               460
    memchr.o                  148
    strchr.o                   32
    strcpy.o                  108
    strlen.o                   84
    zero_init3.o               42
    --------------------------------------------------------
    Total:                  2 028

    Linker created             16                72    5 312
------------------------------------------------------------
    Grand Total:           86 042      228   10 150   29 833


*******************************************************************************
*** ENTRY LIST
***

Entry                      Address   Size  Type      Object
-----                      -------   ----  ----      ------
?main                   0x0011628c         Code  Gb  cmain.o [5]
ABT_STACK$$Base         0x002076f0          --   Gb  - Linker created -
ABT_STACK$$Limit        0x00207730          --   Gb  - Linker created -
AB_POST                 0x00102660  0x13c  Code  Gb  ruler.o [1]
AB_Status_Change_Report
                        0x00108868  0x18c  Code  Gb  noah_cmd.o [1]
ACK_Sem_PCUART          0x002061fc    0x4  Data  Gb  task_noah.o [1]
ACK_Sem_RulerUART       0x00206204    0x4  Data  Gb  task_noah_ruler.o [1]
ASCII_IsAlphaNum        0x00113828   0xc8  Code  Gb  lib_ascii.o [1]
ASCII_IsDig             0x00113928   0x38  Code  Gb  lib_ascii.o [1]
ASCII_IsDigHex          0x00113960   0x78  Code  Gb  lib_ascii.o [1]
ASCII_IsLower           0x001138f0   0x38  Code  Gb  lib_ascii.o [1]
ASCII_IsSpace           0x001139d8   0x78  Code  Gb  lib_ascii.o [1]
AT91_TC_Init            0x0010af8c  0x1ac  Code  Gb  timer.o [1]
App_BufferCreate        0x0010e33c   0x54  Code  Gb  app.o [1]
App_EventCreate         0x0010e390  0x234  Code  Lc  app.o [1]
App_TaskCMDParse        0x00115118   0xd0  Code  Gb  task_cmd_parse.o [1]
App_TaskCMDParseStk     0x0020328c  0x400  Data  Lc  app.o [1]
App_TaskCreate          0x0010e5c4  0x2c8  Code  Lc  app.o [1]
App_TaskGenieShell      0x001141c0  0x39c  Code  Gb  task_shell.o [1]
App_TaskGenieShellStk   0x00202e8c  0x400  Data  Lc  app.o [1]
App_TaskJoy             0x00114ad0  0x238  Code  Gb  task_joy.o [1]
App_TaskJoyStk          0x00205a94  0x100  Data  Lc  app.o [1]
App_TaskNoah            0x00113e1c  0x3a4  Code  Gb  task_noah.o [1]
App_TaskNoahRulerStk    0x00204764  0x200  Data  Lc  app.o [1]
App_TaskNoahStk         0x00204564  0x200  Data  Lc  app.o [1]
App_TaskNoah_Ruler      0x00113a50  0x3cc  Code  Gb  task_noah_ruler.o [1]
App_TaskStart           0x0010e2d4   0x68  Code  Lc  app.o [1]
App_TaskStartStk        0x00203b64  0x200  Data  Lc  app.o [1]
App_TaskUART_Rx         0x00114ef4  0x124  Code  Gb  task_uart_rx.o [1]
App_TaskUART_RxStk      0x00203f64  0x200  Data  Lc  app.o [1]
App_TaskUART_Tx         0x0011482c  0x2a4  Code  Gb  task_uart_tx.o [1]
App_TaskUART_TxRulerStk
                        0x00204364  0x200  Data  Lc  app.o [1]
App_TaskUART_TxStk      0x00204164  0x200  Data  Lc  app.o [1]
App_TaskUART_Tx_Ruler   0x0011455c  0x2d0  Code  Gb  task_uart_tx_ruler.o [1]
App_TaskUserIF          0x00108ef8  0x330  Code  Gb  task_user_if.o [1]
App_TaskUserIF_Stk      0x00203d64  0x200  Data  Lc  app.o [1]
App_UserIF_Mbox         0x00206240    0x4  Data  Gb  task_user_if.o [1]
Audio_Version           0x00206144    0xc  Data  Gb  ruler.o [1]
BSP_CPU_ClkFreq         0x0010321c   0xa4  Code  Gb  bsp.o [1]
BSP_CPU_Init            0x001032c0   0x48  Code  Gb  bsp.o [1]
BSP_DummyISR_Handler    0x001035d4   0x3c  Code  Lc  bsp.o [1]
BSP_Init                0x00103198   0x84  Code  Gb  bsp.o [1]
BSP_IntClr              0x001033cc   0x28  Code  Gb  bsp.o [1]
BSP_IntDisAll           0x001033f4   0x14  Code  Gb  bsp.o [1]
BSP_IntEn               0x00103408   0x28  Code  Gb  bsp.o [1]
BSP_IntInit             0x00103430   0xbc  Code  Lc  bsp.o [1]
BSP_IntVectSet          0x00103510   0xc4  Code  Gb  bsp.o [1]
BSP_MainOscEn           0x00103610   0x68  Code  Gb  bsp.o [1]
BSP_MclkCfg             0x00103724   0xc4  Code  Gb  bsp.o [1]
BSP_MclkGetFreq         0x00103678   0xac  Code  Gb  bsp.o [1]
BSP_PLL_Cfg             0x00103860   0xe8  Code  Gb  bsp.o [1]
BSP_PLL_GetFreq         0x001037e8   0x78  Code  Gb  bsp.o [1]
BSP_ResetInit           0x001034ec   0x24  Code  Lc  bsp.o [1]
BSP_Ser_Init            0x00103b04  0x180  Code  Gb  bsp.o [1]
BSP_Ser_Printf          0x00103e10   0x38  Code  Gb  bsp.o [1]
BSP_Ser_RdByte          0x00103d58   0xb4  Code  Gb  bsp.o [1]
BSP_Ser_WrByte          0x00103c84   0xa0  Code  Gb  bsp.o [1]
BSP_Ser_WrStr           0x00103d2c   0x2c  Code  Gb  bsp.o [1]
BSP_Sys_ISR_Handler     0x00103aa0   0x64  Code  Gb  bsp.o [1]
BSP_Tmr_TickISR_Handler
                        0x00103a80   0x20  Code  Gb  bsp.o [1]
BSP_Tmr_TickInit        0x00103a24   0x5c  Code  Lc  bsp.o [1]
BUZZER_MUTE             0x0020625c    0x1  Data  Gb  led.o [1]
Beep                    0x00103e48   0x68  Code  Gb  bsp.o [1]
Bsp_Ser_Rx_Sem_lock     0x00206170    0x4  Data  Gb  bsp.o [1]
Bsp_Ser_Tx_Sem_lock     0x0020616c    0x4  Data  Gb  bsp.o [1]
Buzzer_OnOff            0x00108dd0   0x44  Code  Gb  led.o [1]
Buzzer_Toggle           0x00108e14   0x40  Code  Gb  led.o [1]
CM_LegacyRead           0x0010bfcc  0x1e4  Code  Gb  mem_basic.o [1]
CM_SingleWrite          0x0010bad4   0x98  Code  Gb  mem_basic.o [1]
CODEC_LOUT_Small_Gain_En
                        0x00105bac   0xbc  Code  Gb  codec.o [1]
CODEC_Set_Volume        0x00105c7c  0x100  Code  Gb  codec.o [1]
CPU_FIQ_Dis             0x00111c4c         Code  Gb  cpu_a.o [1]
CPU_FIQ_En              0x00111c5c         Code  Gb  cpu_a.o [1]
CPU_IRQ_Dis             0x00111c2c         Code  Gb  cpu_a.o [1]
CPU_IRQ_En              0x00111c3c         Code  Gb  cpu_a.o [1]
CPU_Init                0x00110eec   0x10  Code  Gb  cpu_core.o [1]
CPU_IntDis              0x00111c0c         Code  Gb  cpu_a.o [1]
CPU_IntEn               0x00111c1c         Code  Gb  cpu_a.o [1]
CPU_Name                0x00206124   0x10  Data  Gb  cpu_core.o [1]
CPU_NameClr             0x00110efc   0x2c  Code  Gb  cpu_core.o [1]
CPU_NameInit            0x00110f2c   0x10  Code  Lc  cpu_core.o [1]
CPU_SR_Restore          0x00111c04         Code  Gb  cpu_a.o [1]
CPU_SR_Save             0x00111be4         Code  Gb  cpu_a.o [1]
CSTACK$$Base            0x00206670          --   Gb  - Linker created -
CSTACK$$Limit           0x00207670          --   Gb  - Linker created -
CheckSum                0x00107558   0x6c  Code  Gb  noah_cmd.o [1]
Check_Actived_Mic_Number
                        0x00100278   0x70  Code  Lc  ruler.o [1]
Check_UART_Mixer_Ready  0x001002e8   0x9c  Code  Gb  ruler.o [1]
Codec_DAC_Attenuation   0x001056f8   0xb8  Code  Gb  codec.o [1]
Codec_SetFCLK           0x001057b0  0x12c  Code  Gb  codec.o [1]
Codec_SetMode           0x001058dc  0x190  Code  Gb  codec.o [1]
Codec_Write             0x0010566c   0x54  Code  Gb  codec.o [1]
CommandParse            0x00112ea4  0x1a4  Code  Gb  commands.o [1]
Config_Lin              0x00105ec0   0xf0  Code  Lc  dsp.o [1]
Config_SP0_Out          0x00105fb0   0xa8  Code  Lc  dsp.o [1]
DBGU_Configure          0x00105580   0xc4  Code  Gb  uart.o [1]
DBGU_Rx_Sem_lock        0x00206250    0x4  Data  Gb  uart.o [1]
DBGU_Tx_Sem_lock        0x0020624c    0x4  Data  Gb  uart.o [1]
DMIC_PGA_Control        0x00105d98  0x128  Code  Gb  dsp.o [1]
DM_LegacyRead           0x0010bb6c  0x1dc  Code  Gb  mem_basic.o [1]
DM_SingleWrite          0x0010b984   0x94  Code  Gb  mem_basic.o [1]
DM_Write                0x0010b8cc   0x34  Code  Gb  mem_basic.o [1]
DSP_LegacyRead          0x0010c480  0x1b8  Code  Gb  mem_basic.o [1]
DSP_PM_Type             0x00200669    0x1  Data  Gb  mem_basic.o [1]
DSP_SingleWrite_1       0x0010c384   0x74  Code  Gb  mem_basic.o [1]
DSP_SingleWrite_2       0x0010c3fc   0x84  Code  Gb  mem_basic.o [1]
Debug_COM_Sel           0x0020625a    0x1  Data  Gb  bsp.o [1]
Done_Sem_RulerUART      0x00206208    0x4  Data  Gb  task_noah_ruler.o [1]
EFC_ComputeAddress      0x0010d590   0x40  Code  Gb  efc.o [1]
EFC_DisableIt           0x0010d500   0x10  Code  Gb  efc.o [1]
EFC_PerformCommand      0x0020051c   0xa4  Code  Gb  efc.o [1]
EFC_SetEraseBeforeProgramming
                        0x0010d510   0x30  Code  Gb  efc.o [1]
EFC_TranslateAddress    0x0010d540   0x50  Code  Gb  efc.o [1]
EMB_Data_Build          0x00107ba8  0x194  Code  Lc  noah_cmd.o [1]
EMB_Data_Check          0x001077c0  0x1cc  Code  Gb  noah_cmd.o [1]
EMB_Data_Parse          0x00107d44  0xb20  Code  Gb  noah_cmd.o [1]
EVENT_MsgQ_Noah2CMDParse
                        0x002061f8    0x4  Data  Gb  task_cmd_parse.o [1]
EVENT_MsgQ_Noah2PCUART  0x00206228    0x4  Data  Gb  task_uart_tx.o [1]
EVENT_MsgQ_Noah2RulerUART
                        0x00206234    0x4  Data  Gb  task_uart_tx_ruler.o [1]
EVENT_MsgQ_PCUART2Noah  0x00206224    0x4  Data  Gb  task_uart_tx.o [1]
EVENT_MsgQ_RulerUART2Noah
                        0x00206230    0x4  Data  Gb  task_uart_tx_ruler.o [1]
Emb_Buf_Cmd             0x0020066c  0xc10  Data  Gb  task_cmd_parse.o [1]
Emb_Buf_Data            0x0020127c  0xc10  Data  Gb  task_cmd_parse.o [1]
Enable_FPGA             0x00107140   0x14  Code  Gb  gpio.o [1]
FIQ_STACK$$Base         0x00207670          --   Gb  - Linker created -
FIQ_STACK$$Limit        0x002076b0          --   Gb  - Linker created -
FLASHD_Initialize       0x00108a24   0x30  Code  Gb  flashd_efc.o [1]
FLASHD_Write            0x00108a54  0x16c  Code  Gb  flashd_efc.o [1]
FLASHD_Write_Safe       0x00101ba8   0x4c  Code  Gb  ruler.o [1]
Flag_Reset_Pin_Trigger  0x0020625b    0x1  Data  Gb  bsp.o [1]
GPIODIR_FLOAT           0x00106e90   0x78  Code  Gb  gpio.o [1]
GPIOPIN_Set             0x00106f08   0x54  Code  Gb  gpio.o [1]
GPIO_Init               0x00106e6c   0x24  Code  Gb  gpio.o [1]
Get_Audio_Version       0x001008e0   0x84  Code  Gb  ruler.o [1]
Get_Port_Detect         0x0010708c   0x5c  Code  Gb  gpio.o [1]
Get_Ruler_Type          0x00100c20  0x170  Code  Gb  ruler.o [1]
Get_Ruler_Version       0x00101a2c  0x17c  Code  Gb  ruler.o [1]
Get_Run_Time            0x00104054   0xa8  Code  Gb  bsp.o [1]
Get_Switches            0x00107030   0x5c  Code  Gb  gpio.o [1]
Get_Task_Info           0x00103f14  0x140  Code  Gb  bsp.o [1]
Get_Ver_Info            0x00112e10   0x30  Code  Gb  commands.o [1]
Global_Bridge_POST      0x00206268    0x1  Data  Gb  ruler.o [1]
Global_Conn_Ready       0x0020626b    0x1  Data  Gb  task_noah.o [1]
Global_Idle_Ready       0x0020626c    0x1  Data  Gb  task_uart_rx.o [1]
Global_Mic_Mask         0x00206134   0x10  Data  Gb  ruler.o [1]
Global_Mic_State        0x002061ec    0x4  Data  Gb  ruler.o [1]
Global_Ruler_Index      0x00206267    0x1  Data  Gb  ruler.o [1]
Global_Ruler_State      0x002061e4    0x4  Data  Gb  ruler.o [1]
Global_Ruler_Type       0x002061e8    0x4  Data  Gb  ruler.o [1]
HOST_LegacyRead         0x0010c2c0   0xc4  Code  Gb  mem_basic.o [1]
HOST_SingleWrite_1      0x0010c1c8   0x74  Code  Gb  mem_basic.o [1]
HOST_SingleWrite_2      0x0010c23c   0x84  Code  Gb  mem_basic.o [1]
Head_Info               0x00104100  0x2f0  Code  Gb  bsp.o [1]
HelpFunc                0x0011226c   0xcc  Code  Gb  commands.o [1]
HostNameFunc            0x00112338   0x6c  Code  Gb  commands.o [1]
I2CWrite_Codec          0x001056c0   0x38  Code  Gb  codec.o [1]
IRQ_STACK$$Base         0x00206270          --   Gb  - Linker created -
IRQ_STACK$$Limit        0x00206470          --   Gb  - Linker created -
ISR_PC_UART             0x00104e68  0x1a4  Code  Gb  uart.o [1]
ISR_Ruler_UART          0x0010500c  0x1a4  Code  Gb  uart.o [1]
InStream_Read           0x00114d09   0x22  Code  Lc  lz77_init.o [5]
InitCommands            0x00111ea0  0x2b8  Code  Gb  commands.o [1]
InitI2CFunc             0x00112454   0x7c  Code  Gb  commands.o [1]
Init_CMD_Read           0x00107220   0x28  Code  Gb  noah_cmd.o [1]
Init_CODEC              0x00105a6c  0x140  Code  Gb  codec.o [1]
Init_EMB_BUF            0x001071fc   0x24  Code  Gb  noah_cmd.o [1]
Init_FM36_AB03          0x00106058  0x46c  Code  Gb  dsp.o [1]
Init_FPGA               0x00107154   0x80  Code  Gb  gpio.o [1]
Init_Global_Var         0x00100200   0x78  Code  Gb  ruler.o [1]
Init_Ruler              0x00100964  0x140  Code  Gb  ruler.o [1]
LED_Clear               0x00108d00   0x68  Code  Gb  led.o [1]
LED_Set                 0x00108c98   0x68  Code  Gb  led.o [1]
LED_Toggle              0x00108d68   0x68  Code  Gb  led.o [1]
LowLevelInitPLL         0x00103308   0xc4  Code  Gb  bsp.o [1]
LsFunc                  0x0011215c   0x74  Code  Gb  commands.o [1]
Math_Init               0x00110f3c   0x14  Code  Gb  lib_math.o [1]
Math_RandSeedCur        0x00206180    0x4  Data  Gb  lib_math.o [1]
Math_RandSetSeed        0x00110f50   0x2c  Code  Gb  lib_math.o [1]
MemPartition_MsgUART    0x00201e8c  0xa28  Data  Gb  task_uart_tx.o [1]
Mem_Clr                 0x00111c6c   0x24  Code  Gb  lib_mem.o [1]
Mem_Set                 0x00111c90   0xdc  Code  Gb  lib_mem.o [1]
MsgQ_Noah2CMDParse      0x00205f70   0x28  Data  Gb  task_cmd_parse.o [1]
MsgQ_Noah2PCUART        0x00205fc0   0x28  Data  Gb  task_uart_tx.o [1]
MsgQ_Noah2RulerUART     0x00206010   0x28  Data  Gb  task_uart_tx_ruler.o [1]
MsgQ_PCUART2Noah        0x00205f98   0x28  Data  Gb  task_uart_tx.o [1]
MsgQ_RulerUART2Noah     0x00205fe8   0x28  Data  Gb  task_uart_tx_ruler.o [1]
Noah_CMD_Parse_Ruler    0x0010798c  0x184  Code  Gb  noah_cmd.o [1]
Noah_CMD_Read           0x00107248  0x310  Code  Gb  noah_cmd.o [1]
OSCPUUsage              0x0020625d    0x1  Data  Gb  os_core.o [1]
OSCtxSw                 0x00106530         Code  Gb  os_cpu_a.o [1]
OSCtxSwCtr              0x00206188    0x4  Data  Gb  os_core.o [1]
OSDCC_Addr              0x002061d8    0x4  Data  Lc  os_dcc.o [1]
OSDCC_Cmd               0x002061d4    0x4  Data  Lc  os_dcc.o [1]
OSDCC_Data              0x002061e0    0x4  Data  Lc  os_dcc.o [1]
OSDCC_Handler           0x00110f98  0x27c  Code  Gb  os_dcc.o [1]
OSDCC_ItemCnt           0x002061dc    0x4  Data  Lc  os_dcc.o [1]
OSDCC_Read              0x00110f88    0x8  Code  Lc  os_dcc.o [1]
OSDCC_ReadCtrl          0x00110f80    0x8  Code  Lc  os_dcc.o [1]
OSDCC_Write             0x00110f90    0x8  Code  Lc  os_dcc.o [1]
OSDataSize              0x0011760c    0x2  Data  Gb  os_dbg.o [1]
OSDebugEn               0x00115ff2    0x2  Data  Gb  os_dbg.o [1]
OSDebugInit             0x0010f294  0x2b0  Code  Gb  os_dbg.o [1]
OSEndiannessTest        0x0011758c    0x4  Data  Gb  os_dbg.o [1]
OSEventEn               0x001175a4    0x2  Data  Gb  os_dbg.o [1]
OSEventFreeList         0x0020618c    0x4  Data  Gb  os_core.o [1]
OSEventMax              0x001175a6    0x2  Data  Gb  os_dbg.o [1]
OSEventMultiEn          0x001175ae    0x2  Data  Gb  os_dbg.o [1]
OSEventNameEn           0x001175a8    0x2  Data  Gb  os_dbg.o [1]
OSEventNameSet          0x00109824   0xac  Code  Gb  os_core.o [1]
OSEventSize             0x001175aa    0x2  Data  Gb  os_dbg.o [1]
OSEventTbl              0x0020390c  0x258  Data  Gb  os_core.o [1]
OSEventTblSize          0x001175ac    0x2  Data  Gb  os_dbg.o [1]
OSFlagEn                0x001175b0    0x2  Data  Gb  os_dbg.o [1]
OSFlagFreeList          0x00206190    0x4  Data  Gb  os_core.o [1]
OSFlagGrpSize           0x001175b2    0x2  Data  Gb  os_dbg.o [1]
OSFlagMax               0x001175b8    0x2  Data  Gb  os_dbg.o [1]
OSFlagNameEn            0x001175ba    0x2  Data  Gb  os_dbg.o [1]
OSFlagNodeSize          0x001175b4    0x2  Data  Gb  os_dbg.o [1]
OSFlagTbl               0x00205e60   0x50  Data  Gb  os_core.o [1]
OSFlagWidth             0x001175b6    0x2  Data  Gb  os_dbg.o [1]
OSIdleCtr               0x0020619c    0x4  Data  Gb  os_core.o [1]
OSIdleCtrMax            0x00206194    0x4  Data  Gb  os_core.o [1]
OSIdleCtrRun            0x00206198    0x4  Data  Gb  os_core.o [1]
OSInit                  0x001098d0   0x40  Code  Gb  os_core.o [1]
OSInitHookBegin         0x0010ea24   0x44  Code  Gb  os_cpu_c.o [1]
OSIntCtxSw              0x00106594         Code  Gb  os_cpu_a.o [1]
OSIntExit               0x00109910   0xe0  Code  Gb  os_core.o [1]
OSIntNesting            0x0020625f    0x1  Data  Gb  os_core.o [1]
OSLockNesting           0x00206260    0x1  Data  Gb  os_core.o [1]
OSLowestPrio            0x001175bc    0x2  Data  Gb  os_dbg.o [1]
OSMboxCreate            0x0010d688   0x9c  Code  Gb  os_mbox.o [1]
OSMboxEn                0x001175be    0x2  Data  Gb  os_dbg.o [1]
OSMboxPend              0x0010d728  0x1f8  Code  Gb  os_mbox.o [1]
OSMboxPost              0x0010d930   0xb8  Code  Gb  os_mbox.o [1]
OSMemCreate             0x0010c650  0x150  Code  Gb  os_mem.o [1]
OSMemEn                 0x001175c0    0x2  Data  Gb  os_dbg.o [1]
OSMemFreeList           0x002061b0    0x4  Data  Gb  os_core.o [1]
OSMemGet                0x0010c7a0   0x9c  Code  Gb  os_mem.o [1]
OSMemMax                0x001175c2    0x2  Data  Gb  os_dbg.o [1]
OSMemNameEn             0x001175c4    0x2  Data  Gb  os_dbg.o [1]
OSMemNameSet            0x0010c83c   0x84  Code  Gb  os_mem.o [1]
OSMemPut                0x0010c8c0   0x84  Code  Gb  os_mem.o [1]
OSMemQuery              0x0010c944   0x84  Code  Gb  os_mem.o [1]
OSMemSize               0x001175c6    0x2  Data  Gb  os_dbg.o [1]
OSMemTbl                0x002060f8   0x18  Data  Gb  os_core.o [1]
OSMemTblSize            0x001175c8    0x2  Data  Gb  os_dbg.o [1]
OSMutexEn               0x001175ca    0x2  Data  Gb  os_dbg.o [1]
OSPrioCur               0x00206261    0x1  Data  Gb  os_core.o [1]
OSPrioHighRdy           0x00206262    0x1  Data  Gb  os_core.o [1]
OSPtrSize               0x001175cc    0x2  Data  Gb  os_dbg.o [1]
OSQAccept               0x00102924   0xd8  Code  Gb  os_q.o [1]
OSQCreate               0x00102aa8  0x130  Code  Gb  os_q.o [1]
OSQEn                   0x001175ce    0x2  Data  Gb  os_dbg.o [1]
OSQFreeList             0x002061b4    0x4  Data  Gb  os_core.o [1]
OSQGet                  0x001029fc   0xac  Code  Gb  os_q.o [1]
OSQMax                  0x001175d0    0x2  Data  Gb  os_dbg.o [1]
OSQPend                 0x00102bdc  0x22c  Code  Gb  os_q.o [1]
OSQPost                 0x00102e08   0xe4  Code  Gb  os_q.o [1]
OSQPostOpt              0x00102eec  0x150  Code  Gb  os_q.o [1]
OSQSize                 0x001175d2    0x2  Data  Gb  os_dbg.o [1]
OSQTbl                  0x00205d94   0x78  Data  Gb  os_core.o [1]
OSRdyGrp                0x00206263    0x1  Data  Gb  os_core.o [1]
OSRdyTbl                0x0020615c    0x8  Data  Gb  os_core.o [1]
OSRdyTblSize            0x001175d4    0x2  Data  Gb  os_dbg.o [1]
OSRunning               0x00206264    0x1  Data  Gb  os_core.o [1]
OSSchedLock             0x001099f0   0x64  Code  Gb  os_core.o [1]
OSSchedUnlock           0x00109a54   0x9c  Code  Gb  os_core.o [1]
OSSemCreate             0x001068fc   0x9c  Code  Gb  os_sem.o [1]
OSSemDel                0x00106998  0x1cc  Code  Gb  os_sem.o [1]
OSSemEn                 0x001175d6    0x2  Data  Gb  os_dbg.o [1]
OSSemPend               0x00106b64  0x1a8  Code  Gb  os_sem.o [1]
OSSemPost               0x00106d20   0xb4  Code  Gb  os_sem.o [1]
OSSemSet                0x00106dd4   0x98  Code  Gb  os_sem.o [1]
OSStart                 0x00109af0   0x60  Code  Gb  os_core.o [1]
OSStartHighRdy          0x001064fc         Code  Gb  os_cpu_a.o [1]
OSStatInit              0x00109b50   0x68  Code  Gb  os_core.o [1]
OSStatRdy               0x0020625e    0x1  Data  Gb  os_core.o [1]
OSStkWidth              0x001175d8    0x2  Data  Gb  os_dbg.o [1]
OSTCBCur                0x002061a0    0x4  Data  Gb  os_core.o [1]
OSTCBFreeList           0x002061a4    0x4  Data  Gb  os_core.o [1]
OSTCBHighRdy            0x002061a8    0x4  Data  Gb  os_core.o [1]
OSTCBInitHook           0x0010ebcc   0x18  Code  Gb  os_cpu_c.o [1]
OSTCBList               0x002061ac    0x4  Data  Gb  os_core.o [1]
OSTCBPrioTbl            0x00205c94  0x100  Data  Gb  os_core.o [1]
OSTCBPrioTblMax         0x001175f0    0x2  Data  Gb  os_dbg.o [1]
OSTCBSize               0x001175f2    0x2  Data  Gb  os_dbg.o [1]
OSTCBTbl                0x002028b4  0x5d8  Data  Gb  os_core.o [1]
OSTaskCreateEn          0x001175da    0x2  Data  Gb  os_dbg.o [1]
OSTaskCreateExt         0x0010d9e8  0x184  Code  Gb  os_task.o [1]
OSTaskCreateExtEn       0x001175dc    0x2  Data  Gb  os_dbg.o [1]
OSTaskCreateHook        0x0010ea68   0x18  Code  Gb  os_cpu_c.o [1]
OSTaskCtr               0x00206265    0x1  Data  Gb  os_core.o [1]
OSTaskDel               0x0010db6c  0x294  Code  Gb  os_task.o [1]
OSTaskDelEn             0x001175de    0x2  Data  Gb  os_dbg.o [1]
OSTaskDelHook           0x0010ea80   0x18  Code  Gb  os_cpu_c.o [1]
OSTaskIdleHook          0x0010ea98   0x14  Code  Gb  os_cpu_c.o [1]
OSTaskIdleStk           0x00204b64  0x200  Data  Gb  os_core.o [1]
OSTaskIdleStkSize       0x001175e0    0x2  Data  Gb  os_dbg.o [1]
OSTaskMax               0x001175e4    0x2  Data  Gb  os_dbg.o [1]
OSTaskNameEn            0x001175e6    0x2  Data  Gb  os_dbg.o [1]
OSTaskNameSet           0x0010de00  0x10c  Code  Gb  os_task.o [1]
OSTaskProfileEn         0x001175e2    0x2  Data  Gb  os_dbg.o [1]
OSTaskReturnHook        0x0010eaac   0x18  Code  Gb  os_cpu_c.o [1]
OSTaskStatEn            0x001175e8    0x2  Data  Gb  os_dbg.o [1]
OSTaskStatHook          0x0010eac4   0x10  Code  Gb  os_cpu_c.o [1]
OSTaskStatStk           0x00204964  0x200  Data  Gb  os_core.o [1]
OSTaskStatStkChkEn      0x001175ec    0x2  Data  Gb  os_dbg.o [1]
OSTaskStatStkSize       0x001175ea    0x2  Data  Gb  os_dbg.o [1]
OSTaskStkChk            0x0010df10  0x140  Code  Gb  os_task.o [1]
OSTaskStkInit           0x0010ead4   0xe8  Code  Gb  os_cpu_c.o [1]
OSTaskSuspend           0x0010e05c  0x188  Code  Gb  os_task.o [1]
OSTaskSwHook            0x0010ebbc   0x10  Code  Gb  os_cpu_c.o [1]
OSTaskSwHookEn          0x001175ee    0x2  Data  Gb  os_dbg.o [1]
OSTickStepState         0x00206266    0x1  Data  Gb  os_core.o [1]
OSTicksPerSec           0x001175f4    0x2  Data  Gb  os_dbg.o [1]
OSTime                  0x002061b8    0x4  Data  Gb  os_core.o [1]
OSTimeDly               0x001030c4   0xc4  Code  Gb  os_time.o [1]
OSTimeTick              0x00109bb8  0x180  Code  Gb  os_core.o [1]
OSTimeTickHook          0x0010ebe4   0x48  Code  Gb  os_cpu_c.o [1]
OSTimeTickHookEn        0x001175f6    0x2  Data  Gb  os_dbg.o [1]
OSTmrCfgMax             0x001175fc    0x2  Data  Gb  os_dbg.o [1]
OSTmrCfgNameEn          0x001175fe    0x2  Data  Gb  os_dbg.o [1]
OSTmrCfgTicksPerSec     0x00117602    0x2  Data  Gb  os_dbg.o [1]
OSTmrCfgWheelSize       0x00117600    0x2  Data  Gb  os_dbg.o [1]
OSTmrCtr                0x00206258    0x2  Data  Lc  os_cpu_c.o [1]
OSTmrEn                 0x001175fa    0x2  Data  Gb  os_dbg.o [1]
OSTmrFree               0x00206254    0x2  Data  Gb  os_core.o [1]
OSTmrFreeList           0x002061c8    0x4  Data  Gb  os_core.o [1]
OSTmrSem                0x002061c0    0x4  Data  Gb  os_core.o [1]
OSTmrSemSignal          0x002061c4    0x4  Data  Gb  os_core.o [1]
OSTmrSignal             0x0010ee3c   0x24  Code  Gb  os_tmr.o [1]
OSTmrSize               0x00117604    0x2  Data  Gb  os_dbg.o [1]
OSTmrTaskStk            0x00204d64  0x200  Data  Gb  os_core.o [1]
OSTmrTbl                0x0020368c  0x280  Data  Gb  os_core.o [1]
OSTmrTblSize            0x00117606    0x2  Data  Gb  os_dbg.o [1]
OSTmrTime               0x002061bc    0x4  Data  Gb  os_core.o [1]
OSTmrUsed               0x00206256    0x2  Data  Gb  os_core.o [1]
OSTmrWheelSize          0x00117608    0x2  Data  Gb  os_dbg.o [1]
OSTmrWheelTbl           0x00205eb0   0x40  Data  Gb  os_core.o [1]
OSTmrWheelTblSize       0x0011760a    0x2  Data  Gb  os_dbg.o [1]
OSTmr_Init              0x0010ee60  0x11c  Code  Gb  os_tmr.o [1]
OSTmr_InitTask          0x0010ef7c   0x68  Code  Lc  os_tmr.o [1]
OSTmr_Link              0x0010efe4   0xe8  Code  Lc  os_tmr.o [1]
OSTmr_Task              0x0010f174   0xe8  Code  Lc  os_tmr.o [1]
OSTmr_Unlink            0x0010f0d0   0xa4  Code  Lc  os_tmr.o [1]
OSUnMapTbl              0x00115018  0x100  Data  Gb  os_core.o [1]
OSVersion               0x00109d38    0xc  Code  Gb  os_core.o [1]
OSVersionNbr            0x001175f8    0x2  Data  Gb  os_dbg.o [1]
OS_CPU_ARM_ExceptAddrAbortHndlr
                        0x00106618         Code  Gb  os_cpu_a.o [1]
OS_CPU_ARM_ExceptDataAbortHndlr
                        0x00106604         Code  Gb  os_cpu_a.o [1]
OS_CPU_ARM_ExceptFiqHndlr
                        0x0010662c         Code  Gb  os_cpu_a.o [1]
OS_CPU_ARM_ExceptIrqHndlr
                        0x00106764         Code  Gb  os_cpu_a.o [1]
OS_CPU_ARM_ExceptPrefetchAbortHndlr
                        0x001065f0         Code  Gb  os_cpu_a.o [1]
OS_CPU_ARM_ExceptSwiHndlr
                        0x001065e0         Code  Gb  os_cpu_a.o [1]
OS_CPU_ARM_ExceptUndefInstrHndlr
                        0x001065d0         Code  Gb  os_cpu_a.o [1]
OS_CPU_ExceptHndlr      0x00103948   0xdc  Code  Gb  bsp.o [1]
OS_CPU_ExceptStk        0x00204f64  0x200  Data  Gb  os_cpu_c.o [1]
OS_CPU_ExceptStkBase    0x002061cc    0x4  Data  Gb  os_cpu_c.o [1]
OS_CPU_ExceptStkPtr     0x002061d0    0x4  Data  Gb  os_cpu_c.o [1]
OS_CPU_InitExceptVect   0x0010ec2c   0xac  Code  Gb  os_cpu_c.o [1]
OS_CPU_SR_FIQ_Dis       0x001068c0         Code  Gb  os_cpu_a.o [1]
OS_CPU_SR_FIQ_En        0x001068b0         Code  Gb  os_cpu_a.o [1]
OS_CPU_SR_INT_Dis       0x00106880         Code  Gb  os_cpu_a.o [1]
OS_CPU_SR_INT_En        0x00106870         Code  Gb  os_cpu_a.o [1]
OS_CPU_SR_IRQ_Dis       0x001068a0         Code  Gb  os_cpu_a.o [1]
OS_CPU_SR_IRQ_En        0x00106890         Code  Gb  os_cpu_a.o [1]
OS_CPU_SR_Restore       0x001064f4         Code  Gb  os_cpu_a.o [1]
OS_CPU_SR_Save          0x001064e4         Code  Gb  os_cpu_a.o [1]
OS_EventTaskRdy         0x00109d44  0x110  Code  Gb  os_core.o [1]
OS_EventTaskRemove      0x00109f30   0x5c  Code  Gb  os_core.o [1]
OS_EventTaskRemoveMulti
                        0x00109f8c   0x90  Code  Gb  os_core.o [1]
OS_EventTaskWait        0x00109e54   0xd8  Code  Gb  os_core.o [1]
OS_EventWaitListInit    0x0010a01c   0x40  Code  Gb  os_core.o [1]
OS_FlagInit             0x0010ed3c   0x8c  Code  Gb  os_flag.o [1]
OS_FlagUnlink           0x0010edd8   0x64  Code  Gb  os_flag.o [1]
OS_InitEventList        0x0010a05c   0x8c  Code  Lc  os_core.o [1]
OS_InitMisc             0x0010a0e8   0x7c  Code  Lc  os_core.o [1]
OS_InitRdyList          0x0010a16c   0x74  Code  Lc  os_core.o [1]
[...]
OS_MemInit              0x0010c9c8   0x34  Code  Gb  os_mem.o [1]
OS_QInit                0x0010303c   0x6c  Code  Gb  os_q.o [1]
OS_Sched                0x0010a374   0xac  Code  Gb  os_core.o [1]
OS_SchedNew             0x0010a420   0x44  Code  Lc  os_core.o [1]
OS_TCBInit              0x0010a61c  0x220  Code  Gb  os_core.o [1]
OS_TaskIdle             0x0010a468   0x38  Code  Gb  os_core.o [1]
OS_TaskReturn           0x0010e1f0   0x20  Code  Gb  os_task.o [1]
OS_TaskStat             0x0010a4a4   0xc4  Code  Gb  os_core.o [1]
OS_TaskStatStkChk       0x0010a574   0x94  Code  Gb  os_core.o [1]
OS_TaskStkClr           0x0010e230   0x30  Code  Gb  os_task.o [1]
OutStream_Write         0x00114d2b   0x46  Code  Lc  lz77_init.o [5]
PIO_Clear               0x0010b3f4   0x10  Code  Gb  pio.o [1]
PIO_Configure           0x0010b2d4  0x110  Code  Gb  pio.o [1]
PIO_Get                 0x0010b404   0x54  Code  Gb  pio.o [1]
PIO_GetOutputDataStatus
                        0x0010b458   0x28  Code  Gb  pio.o [1]
PIO_Set                 0x0010b3e4   0x10  Code  Gb  pio.o [1]
PIO_SetInput            0x0010b21c   0x48  Code  Lc  pio.o [1]
PIO_SetOutput           0x0010b264   0x70  Code  Lc  pio.o [1]
PIO_SetPeripheralA      0x0010b1c4   0x2c  Code  Lc  pio.o [1]
PIO_SetPeripheralB      0x0010b1f0   0x2c  Code  Lc  pio.o [1]
PM_LegacyRead           0x0010bd48  0x284  Code  Gb  mem_basic.o [1]
PM_SingleWrite          0x0010ba18   0xbc  Code  Gb  mem_basic.o [1]
PcCmdTxID               0x0020626d    0x1  Data  Gb  task_uart_tx.o [1]
PcCmdTxID_Ruler         0x0020623c    0x4  Data  Gb  task_uart_tx_ruler.o [1]
PinBuzzer               0x00200648    0xc  Data  Lc  bsp.o [1]
Pin_Reset_Audio_MCU     0x00107114   0x2c  Code  Gb  gpio.o [1]
Pin_Reset_FM36          0x001070e8   0x2c  Code  Gb  gpio.o [1]
Port_Detect_Enable      0x00109228   0x30  Code  Gb  task_user_if.o [1]
Queue_Create            0x00104534   0x80  Code  Gb  queue.o [1]
Queue_Flush             0x0010499c   0x48  Code  Gb  queue.o [1]
Queue_NData             0x00104954   0x48  Code  Gb  queue.o [1]
Queue_Read              0x001045b4   0xa0  Code  Gb  queue.o [1]
Queue_ReadBuf           0x00104654  0x150  Code  Gb  queue.o [1]
Queue_Write             0x001047a4   0xa0  Code  Gb  queue.o [1]
Queue_WriteBuf          0x00104844  0x110  Code  Gb  queue.o [1]
ReadCMFunc              0x001126b0   0xac  Code  Gb  commands.o [1]
ReadDMFunc              0x0011251c   0xac  Code  Gb  commands.o [1]
ReadDSPREGFunc          0x001129b4   0xac  Code  Gb  commands.o [1]
ReadHostREGFunc         0x00112b68   0xac  Code  Gb  commands.o [1]
ReadPMFunc              0x0011282c   0xb4  Code  Gb  commands.o [1]
Read_Flash_State        0x00101bf8   0x20  Code  Gb  ruler.o [1]
Read_Mic_Cali_Data      0x001012dc  0x15c  Code  Gb  ruler.o [1]
Read_Ruler_Info         0x00100f08  0x150  Code  Gb  ruler.o [1]
Read_Ruler_Status       0x00100d90  0x16c  Code  Gb  ruler.o [1]
RebootFunc              0x001124d0   0x4c  Code  Gb  commands.o [1]
Region$$Table$$Base     0x00116888          --   Gb  - Linker created -
Region$$Table$$Limit    0x001168d0          --   Gb  - Linker created -
Reset_Audio             0x00100838   0xa8  Code  Gb  ruler.o [1]
Reset_Mic_Mask          0x001023d0  0x130  Code  Gb  ruler.o [1]
Revert_patch_Endien     0x00105d7c   0x1c  Code  Lc  dsp.o [1]
Ruler_Active_Control    0x00101864  0x1bc  Code  Gb  ruler.o [1]
Ruler_CMD_Result        0x00206269    0x1  Data  Gb  ruler.o [1]
Ruler_POST              0x001027b4   0xc8  Code  Gb  ruler.o [1]
Ruler_Port_LED_Service  0x00102514  0x140  Code  Gb  ruler.o [1]
Ruler_Power_Switch      0x00106f5c   0x40  Code  Gb  gpio.o [1]
Ruler_Setup_Sync_Data   0x0020626a    0x1  Data  Gb  ruler.o [1]
Ruler_State_Previous    0x00206184    0x4  Data  Lc  noah_cmd.o [1]
SVC_STACK$$Base         0x00206470          --   Gb  - Linker created -
SVC_STACK$$Limit        0x00206670          --   Gb  - Linker created -
Save_Ruler_FW           0x00101c7c  0x1dc  Code  Gb  ruler.o [1]
Send_DACK               0x00107b10   0x4c  Code  Gb  noah_cmd.o [1]
Send_GACK               0x00107b5c   0x4c  Code  Gb  noah_cmd.o [1]
Set_Volume              0x00102268  0x158  Code  Gb  ruler.o [1]
Setup_Audio             0x00100384  0x258  Code  Gb  ruler.o [1]
Setup_Ruler             0x00100aa4  0x17c  Code  Gb  ruler.o [1]
ShellComms              0x00205964  0x130  Data  Gb  commands.o [1]
Start_Audio             0x001005dc  0x128  Code  Gb  ruler.o [1]
Stop_Audio              0x00100704  0x134  Code  Gb  ruler.o [1]
Str_CmpIgnoreCase       0x001130b8   0x34  Code  Gb  lib_str.o [1]
Str_CmpIgnoreCase_N     0x001130ec  0x360  Code  Gb  lib_str.o [1]
Str_MultOvfThTbl_Int32U
                        0x001151e8   0x94  Data  Lc  lib_str.o [1]
Str_ParseNbr_Int32      0x0011348c  0x398  Code  Lc  lib_str.o [1]
Str_ParseNbr_Int32U     0x0011344c   0x40  Code  Gb  lib_str.o [1]
TWID_Handler            0x0010a8c0  0x190  Code  Gb  twid.o [1]
TWID_Initialize         0x0010a8b0   0x10  Code  Gb  twid.o [1]
TWID_Read               0x0010aa50  0x238  Code  Gb  twid.o [1]
TWID_Write              0x0010ac88  0x218  Code  Gb  twid.o [1]
TWI_ByteReceived        0x0010f6c4   0x14  Code  Gb  twi.o [1]
TWI_ByteSent            0x0010f6d8   0x14  Code  Gb  twi.o [1]
TWI_ConfigureMaster     0x0010f544   0xb0  Code  Gb  twi.o [1]
TWI_DisableIt           0x0010f704    0x8  Code  Gb  twi.o [1]
TWI_EnableIt            0x0010f6fc    0x8  Code  Gb  twi.o [1]
TWI_GetMaskedStatus     0x0010f70c   0x18  Code  Gb  twi.o [1]
TWI_Init                0x0010aea0   0xc8  Code  Gb  twid.o [1]
TWI_ReadByte            0x0010f648    0xc  Code  Gb  twi.o [1]
TWI_Sem_done            0x00206248    0x4  Data  Gb  twid.o [1]
TWI_Sem_lock            0x00206244    0x4  Data  Gb  twid.o [1]
TWI_StartRead           0x0010f600   0x48  Code  Gb  twi.o [1]
TWI_StartWrite          0x0010f664   0x60  Code  Gb  twi.o [1]
TWI_Stop                0x0010f5f4    0xc  Code  Gb  twi.o [1]
TWI_TransferComplete    0x0010f6ec   0x10  Code  Gb  twi.o [1]
TWI_WriteByte           0x0010f654   0x10  Code  Gb  twi.o [1]
TaskFunc                0x001121d0   0x9c  Code  Gb  commands.o [1]
Task_ReCreate_Shell     0x0010e88c   0x60  Code  Gb  app.o [1]
Timer_Init              0x0010b144   0x34  Code  Gb  timer.o [1]
Toggle_Mic              0x001020b0  0x1b8  Code  Gb  ruler.o [1]
Tx_ReSend_Happens       0x0020622c    0x4  Data  Gb  task_uart_tx.o [1]
Tx_ReSend_Happens_Ruler
                        0x00206238    0x4  Data  Gb  task_uart_tx_ruler.o [1]
UART0_Rece_Buf          0x00205364  0x200  Data  Gb  uart.o [1]
UART0_Rece_Buf_PDC      0x00206058   0x20  Data  Gb  uart.o [1]
UART0_Send_Buf          0x00205164  0x200  Data  Gb  uart.o [1]
UART0_Send_Buf_PDC      0x00206038   0x20  Data  Gb  uart.o [1]
UART1_Mixer             0x00106f9c   0x94  Code  Gb  gpio.o [1]
UART1_Rece_Buf          0x00205764  0x200  Data  Gb  uart.o [1]
UART1_Rece_Buf_PDC      0x00206098   0x20  Data  Gb  uart.o [1]
UART1_Send_Buf          0x00205564  0x200  Data  Gb  uart.o [1]
UART1_Send_Buf_PDC      0x00206078   0x20  Data  Gb  uart.o [1]
UART2_Rece_Buf          0x00205f30   0x40  Data  Gb  uart.o [1]
UART2_Rece_Buf_PDC      0x002060d8   0x20  Data  Gb  uart.o [1]
UART2_Send_Buf          0x00205ef0   0x40  Data  Gb  uart.o [1]
UART2_Send_Buf_PDC      0x002060b8   0x20  Data  Gb  uart.o [1]
UART_Init               0x001049e4  0x330  Code  Gb  uart.o [1]
UART_MUX_Sem_lock       0x00206200    0x4  Data  Gb  task_noah_ruler.o [1]
UART_PID                0x001175a0    0x4  Data  Lc  uart.o [1]
UART_PINS               0x00116864   0x24  Data  Lc  uart.o [1]
UART_Rece_Buf_Size      0x001173ec    0xc  Data  Lc  uart.o [1]
UART_Send_Buf_Size      0x001173e0    0xc  Data  Lc  uart.o [1]
UART_WriteStart         0x00104d14  0x154  Code  Gb  uart.o [1]
UND_STACK$$Base         0x002076b0          --   Gb  - Linker created -
UND_STACK$$Limit        0x002076f0          --   Gb  - Linker created -
USART_Configure         0x001051b0   0x4c  Code  Gb  uart.o [1]
USART_ReadBuffer        0x001052a4   0x58  Code  Lc  uart.o [1]
USART_Read_Timeout      0x001052fc  0x148  Code  Gb  uart.o [1]
USART_Sem               0x00206150    0xc  Data  Lc  uart.o [1]
USART_SendBuf           0x001054dc   0x98  Code  Gb  uart.o [1]
USART_SendByte          0x00105444   0x98  Code  Gb  uart.o [1]
USART_SetReceiverEnabled
                        0x00105224   0x28  Code  Gb  uart.o [1]
USART_SetTransmitterEnabled
                        0x001051fc   0x28  Code  Gb  uart.o [1]
USART_WriteBuffer       0x0010524c   0x58  Code  Lc  uart.o [1]
Unlock_PM               0x0010b900   0x84  Code  Lc  mem_basic.o [1]
Update_Mic_Mask         0x001016c8  0x17c  Code  Gb  ruler.o [1]
Update_Ruler_FW         0x00101e70  0x234  Code  Gb  ruler.o [1]
WriteCMFunc             0x0011275c   0xd0  Code  Gb  commands.o [1]
WriteDMFunc             0x001125c8   0xe4  Code  Gb  commands.o [1]
WriteDSPREGFunc         0x00112a60  0x108  Code  Gb  commands.o [1]
WriteGPIOFunc           0x001123a4   0xac  Code  Gb  commands.o [1]
WriteHostREGFunc        0x00112c50  0x108  Code  Gb  commands.o [1]
WritePMFunc             0x001128e0   0xd4  Code  Gb  commands.o [1]
Write_Flash_State       0x00101c18   0x50  Code  Gb  ruler.o [1]
Write_Mic_Cali_Data     0x00101464  0x240  Code  Gb  ruler.o [1]
Write_Ruler_FW          0x00112d8c   0x84  Code  Gb  commands.o [1]
Write_Ruler_Info        0x00101094  0x230  Code  Gb  ruler.o [1]
Xmodem_Transmit         0x00109310  0x330  Code  Gb  Xmodem.o [1]
_GenldFullNoMb          0x001109c4  0x3d0  Code  Lc  xprintffull_nomb.o [3]
_LdtobFullNoMb          0x00110300  0x6b8  Code  Lc  xprintffull_nomb.o [3]
_LitobFullNoMb          0x00110148  0x1ac  Code  Lc  xprintffull_nomb.o [3]
_Locale_aeabi_lconv     0x00200610   0x38  Data  Gb  localeconv.o [3]
_Locale_lconv           0x002005c0   0x50  Data  Gb  localeconv.o [3]
_PrintfFullNoMb         0x0010f724  0xa24  Code  Gb  xprintffull_nomb.o [3]
_PutcharsFullNoMb       0x00110d94   0x60  Code  Lc  xprintffull_nomb.o [3]
_SProut                 0x00117170   0x14  Code  Gb  xsprout.o [3]
__ICFEDIT_region_RAM_end__ {Abs}
                        0x00207fff          --   Gb  command line/config [2]
__ICFEDIT_region_RAM_start__ {Abs}
                        0x00200000          --   Gb  command line/config [2]
__ICFEDIT_region_ROM_end__ {Abs}
                        0x0013ffff          --   Gb  command line/config [2]
__ICFEDIT_region_ROM_start__ {Abs}
                        0x00100000          --   Gb  command line/config [2]
__ICFEDIT_size_cstack__ {Abs}
                        0x00001000          --   Gb  command line/config [2]
__ICFEDIT_size_heap__ {Abs}
                        0x00000200          --   Gb  command line/config [2]
__ICFEDIT_size_irqstack__ {Abs}
                        0x00000200          --   Gb  command line/config [2]
__ICFEDIT_size_startup__ {Abs}
                        0x00000200          --   Gb  command line/config [2]
__ICFEDIT_size_vectors__ {Abs}
                        0x00000200          --   Gb  command line/config [2]
__aeabi_cdcmple         0x0011142c         Code  Gb  DblCmpLe.o [4]
__aeabi_cdrcmple        0x00111464         Code  Gb  DblCmpGe.o [4]
__aeabi_d2f             0x0010b7c8         Code  Gb  DblToFlt.o [4]
__aeabi_d2iz            0x0011167c         Code  Gb  DblToS32.o [4]
__aeabi_d2uiz           0x00111ac4         Code  Gb  DblToU32.o [4]
__aeabi_ddiv            0x0010b490         Code  Gb  DblDiv.o [4]
__aeabi_dmul            0x001118cc         Code  Gb  DblMul.o [4]
__aeabi_dsub            0x001116dc         Code  Gb  DblSub.o [4]
__aeabi_f2iz            0x0010b874         Code  Gb  FltToS32.o [4]
__aeabi_i2d             0x00110e38         Code  Gb  S32ToDbl.o [4]
__aeabi_idiv            0x00109650         Code  Gb  I32DivMod.o [5]
__aeabi_idiv0           0x0010ea20         Code  Gb  IntDivZer.o [5]
__aeabi_idivmod         0x00109650         Code  Gb  I32DivMod.o [5]
__aeabi_ldiv0           0x00111d6c         Code  Gb  I64DivZer.o [5]
__aeabi_memcpy          0x00108bc4         Code  Gb  ABImemcpy.o [5]
__aeabi_memcpy4         0x00108be8         Code  Gb  ABImemcpy.o [5]
__aeabi_memcpy8         0x00108be8         Code  Gb  ABImemcpy.o [5]
__aeabi_memset          0x0010d60c         Code  Gb  ABImemset.o [5]
__aeabi_ui2d            0x0010b480         Code  Gb  U32ToDbl.o [4]
__aeabi_uidiv           0x00109680         Code  Gb  I32DivMod.o [5]
__aeabi_uidivmod        0x00109680         Code  Gb  I32DivMod.o [5]
__aeabi_uldivmod        0x001112dc         Code  Gb  I64DivMod.o [5]
__cmain                 0x0011628c         Code  Gb  cmain.o [5]
__exit                  0x00114ee0         Code  Gb  XXexit.o [5]
__iar_Dnorm             0x001113b0   0x7c  Code  Gb  xdnorm.o [4]
__iar_Dscale            0x0011149c  0x1e0  Code  Gb  xdscale.o [4]
__iar_Locale_lconv_init
                        0x00111b00   0x64  Code  Gb  localeconv.o [3]
__iar_Memchr            0x00111248         Code  Gb  memchr.o [5]
__iar_Memset            0x0010d60c         Code  Gb  ABImemset.o [5]
__iar_Memset_word       0x0010d618         Code  Gb  ABImemset.o [5]
__iar_Strchr            0x00111228         Code  Gb  strchr.o [5]
__iar_dadd              0x00111d70         Code  Gb  DblAdd.o [4]
__iar_data_init3        0x00115fc1   0x30  Code  Gb  data_init.o [5]
__iar_dsub              0x001116ec         Code  Gb  DblSub.o [4]
__iar_dsubStart         0x0011170c         Code  Gb  DblSub.o [4]
__iar_i2d               0x00110e4c         Code  Gb  S32ToDbl.o [4]
__iar_lz77_init3        0x00114d71  0x164  Code  Gb  lz77_init.o [5]
__iar_program_start     0x00100000         Code  Gb  cstartup.o [1]
__iar_zero_init3        0x00110e0f   0x2a  Code  Gb  zero_init3.o [5]
__vector                0x00200000         Code  Gb  cstartup.o [1]
_call_main              0x001162a0         Code  Gb  cmain.o [5]
_exit                   0x001162bc         Code  Gb  cexit.o [5]
_main                   0x001162a8         Code  Gb  cmain.o [5]
abort                   0x00114ed8    0x8  Code  Gb  abort.o [3]
calc_crc                0x00109298   0x74  Code  Lc  Xmodem.o [1]
div                     0x00111bac   0x38  Code  Gb  div.o [3]
emb_append_attr_string  0x0010d428   0x68  Code  Gb  emb.o [1]
emb_append_attr_uint    0x0010d3c0   0x68  Code  Gb  emb.o [1]
emb_append_end          0x0010d490   0x40  Code  Gb  emb.o [1]
emb_attach              0x0010ca24   0x14  Code  Gb  emb.o [1]
emb_encode_fixed        0x0010d308   0x44  Code  Lc  emb.o [1]
emb_encode_header       0x0010d290   0x78  Code  Lc  emb.o [1]
emb_encode_string       0x0010d34c   0x34  Code  Lc  emb.o [1]
emb_encode_uint         0x0010d240   0x50  Code  Lc  emb.o [1]
emb_get_attr_binary     0x0010d1f4   0x4c  Code  Gb  emb.o [1]
emb_get_attr_int        0x0010d170   0x44  Code  Gb  emb.o [1]
emb_get_attr_string     0x0010d1b4   0x40  Code  Gb  emb.o [1]
emb_get_binary          0x0010d0f8   0x78  Code  Gb  emb.o [1]
emb_get_id              0x0010cfc4   0x38  Code  Gb  emb.o [1]
emb_get_int             0x0010cffc   0x94  Code  Gb  emb.o [1]
emb_get_node            0x0010ce54   0xbc  Code  Lc  emb.o [1]
emb_get_node_replace    0x0010cf10   0xb4  Code  Gb  emb.o [1]
emb_get_string          0x0010d090   0x68  Code  Gb  emb.o [1]
emb_init_builder        0x0010d380   0x40  Code  Gb  emb.o [1]
emb_parse_binary        0x0010cb38   0x58  Code  Lc  emb.o [1]
emb_parse_id_type       0x0010cb90   0x98  Code  Lc  emb.o [1]
emb_parse_sint          0x0010ca90   0x70  Code  Lc  emb.o [1]
emb_parse_string        0x0010cb00   0x38  Code  Lc  emb.o [1]
emb_parse_uint          0x0010ca38   0x58  Code  Lc  emb.o [1]
emb_skip_binary         0x0010cce4   0x4c  Code  Lc  emb.o [1]
emb_skip_element        0x0010cd30   0x84  Code  Lc  emb.o [1]
emb_skip_fixed          0x0010cc94   0x20  Code  Lc  emb.o [1]
emb_skip_header         0x0010cc58   0x3c  Code  Lc  emb.o [1]
emb_skip_int            0x0010cc28   0x30  Code  Lc  emb.o [1]
emb_skip_node           0x0010cdb4   0xa0  Code  Lc  emb.o [1]
emb_skip_string         0x0010ccb4   0x30  Code  Lc  emb.o [1]
exit                    0x001162b8    0x4  Code  Gb  exit.o [3]
flag_power_lose         0x00200668    0x1  Data  Lc  dsp.o [1]
flushinput              0x0010930c    0x4  Code  Lc  Xmodem.o [1]
fm36_para_table_3       0x00200440   0xdc  Data  Lc  dsp.o [1]
fm36_patch_code_3       0x00200200  0x12c  Data  Lc  dsp.o [1]
fw_version              0x00117194   0x10  Data  Gb  bsp.o [1]
get_os_state            0x00103eb0   0x64  Code  Gb  bsp.o [1]
hw_model                0x00117484    0x8  Data  Gb  bsp.o [1]
hw_version              0x00117314    0xc  Data  Gb  bsp.o [1]
localeconv              0x00111b64   0x2c  Code  Gb  localeconv.o [3]
main                    0x0010e260   0x74  Code  Gb  app.o [1]
memchr                  0x00111248         Code  Gb  memchr.o [5]
memcpy                  0x0010ca0c   0x18  Code  Gb  memcpy.o [3]
memset                  0x00108ed0   0x28  Code  Gb  memset.o [3]
mic_num_saved           0x0020617c    0x4  Data  Lc  dsp.o [1]
min                     0x0010d5d0   0x1c  Code  Gb  math.o [1]
numGpios                0x0011757c    0x4  Data  Lc  gpio.o [1]
numLeds                 0x00117580    0x4  Data  Lc  led.o [1]
os_stat_desp            0x00115ca0   0x38  Data  Gb  bsp.o [1]
pMEM_Part_MsgUART       0x00206220    0x4  Data  Gb  task_uart_tx.o [1]
pPageBuffer             0x00205b94  0x100  Data  Lc  flashd_efc.o [1]
pTCREG                  0x00200654    0xc  Data  Lc  timer.o [1]
pUARTREG                0x001173a4    0xc  Data  Lc  uart.o [1]
pUART_Rece_Buf          0x001173bc    0xc  Data  Gb  uart.o [1]
pUART_Rece_Buf_PDC      0x001173d4    0xc  Data  Gb  uart.o [1]
pUART_Send_Buf          0x001173b0    0xc  Data  Gb  uart.o [1]
pUART_Send_Buf_PDC      0x001173c8    0xc  Data  Gb  uart.o [1]
pcSendDateToBuf         0x001075c4  0x1fc  Code  Gb  noah_cmd.o [1]
pinsBuzzer              0x0011735c    0xc  Data  Lc  led.o [1]
pinsGpios               0x0020032c  0x114  Data  Lc  gpio.o [1]
pinsLeds                0x001157c0   0x48  Data  Lc  led.o [1]
pinsSwitches            0x00116fa4   0x18  Data  Lc  gpio.o [1]
port_enable             0x0020066a    0x1  Data  Lc  task_user_if.o [1]
power                   0x0010d5ec   0x20  Code  Gb  math.o [1]
ppcer_offset            0x00200664    0x4  Data  Lc  timer.o [1]
sr_saved                0x00206178    0x4  Data  Lc  dsp.o [1]
strcat                  0x0010d4d0   0x30  Code  Gb  strcat.o [3]
strchr                  0x00111228         Code  Gb  strchr.o [5]
strcpy                  0x00108e64         Code  Gb  strcpy.o [5]
strlen                  0x00110e98         Code  Gb  strlen.o [5]
test_counter1           0x0020620c    0x4  Data  Gb  task_noah_ruler.o [1]
test_counter2           0x00206210    0x4  Data  Gb  task_noah_ruler.o [1]
test_counter3           0x00206214    0x4  Data  Gb  task_noah_ruler.o [1]
test_counter4           0x00206218    0x4  Data  Gb  task_noah_ruler.o [1]
test_counter5           0x0020621c    0x4  Data  Gb  task_noah_ruler.o [1]
twi_async               0x00206110   0x14  Data  Gb  twid.o [1]
twi_pins                0x00117398    0xc  Data  Lc  twid.o [1]
twid                    0x00206164    0x8  Data  Gb  twid.o [1]
vsprintf                0x0010b178   0x4c  Code  Gb  vsprintf.o [3]


[1] = E:\SVN Dir\PQ\iSAM Test Bench\Bridge_Host_OS\APP\FLASH\Obj
[2] = command line
[3] = dl4t_alf.a
[4] = m4t_al.a
[5] = rt4t_al.a

  86 042 bytes of readonly  code memory
     228 bytes of readwrite code memory
  10 150 bytes of readonly  data memory
  29 833 bytes of readwrite data memory

Errors: none
Warnings: none
