###############################################################################
#
# IAR ELF Linker V7.10.3.6832/W32 for ARM                 21/Jun/2016  16:45:31
# Copyright 2007-2014 IAR Systems AB.
#
#    Output file  =  
#        F:\SVN Dir\PQ\iSAM Test
#        Bench\Bridge_Host_OS\APP\FLASH\Exe\AT91SAM7X256-OS-Probe-v5-2.out
#    Map file     =  
#        F:\SVN Dir\PQ\iSAM Test
#        Bench\Bridge_Host_OS\APP\FLASH\List\AT91SAM7X256-OS-Probe-v5-2.map
#    Command line =  
#        "F:\SVN Dir\PQ\iSAM Test Bench\Bridge_Host_OS\APP\FLASH\Obj\app.o"
#        "F:\SVN Dir\PQ\iSAM Test
#        Bench\Bridge_Host_OS\APP\FLASH\Obj\app_hooks.o" "F:\SVN Dir\PQ\iSAM
#        Test Bench\Bridge_Host_OS\APP\FLASH\Obj\app_probe.o" "F:\SVN
#        Dir\PQ\iSAM Test Bench\Bridge_Host_OS\APP\FLASH\Obj\async.o" "F:\SVN
#        Dir\PQ\iSAM Test Bench\Bridge_Host_OS\APP\FLASH\Obj\bsp.o" "F:\SVN
#        Dir\PQ\iSAM Test Bench\Bridge_Host_OS\APP\FLASH\Obj\codec.o" "F:\SVN
#        Dir\PQ\iSAM Test Bench\Bridge_Host_OS\APP\FLASH\Obj\commands.o"
#        "F:\SVN Dir\PQ\iSAM Test Bench\Bridge_Host_OS\APP\FLASH\Obj\cpu_a.o"
#        "F:\SVN Dir\PQ\iSAM Test
#        Bench\Bridge_Host_OS\APP\FLASH\Obj\cpu_core.o" "F:\SVN Dir\PQ\iSAM
#        Test Bench\Bridge_Host_OS\APP\FLASH\Obj\cstartup.o" "F:\SVN
#        Dir\PQ\iSAM Test Bench\Bridge_Host_OS\APP\FLASH\Obj\dsp.o" "F:\SVN
#        Dir\PQ\iSAM Test Bench\Bridge_Host_OS\APP\FLASH\Obj\efc.o" "F:\SVN
#        Dir\PQ\iSAM Test Bench\Bridge_Host_OS\APP\FLASH\Obj\emb.o" "F:\SVN
#        Dir\PQ\iSAM Test Bench\Bridge_Host_OS\APP\FLASH\Obj\flashd_efc.o"
#        "F:\SVN Dir\PQ\iSAM Test Bench\Bridge_Host_OS\APP\FLASH\Obj\gpio.o"
#        "F:\SVN Dir\PQ\iSAM Test Bench\Bridge_Host_OS\APP\FLASH\Obj\led.o"
#        "F:\SVN Dir\PQ\iSAM Test
#        Bench\Bridge_Host_OS\APP\FLASH\Obj\lib_ascii.o" "F:\SVN Dir\PQ\iSAM
#        Test Bench\Bridge_Host_OS\APP\FLASH\Obj\lib_math.o" "F:\SVN
#        Dir\PQ\iSAM Test Bench\Bridge_Host_OS\APP\FLASH\Obj\lib_mem.o" "F:\SVN
#        Dir\PQ\iSAM Test Bench\Bridge_Host_OS\APP\FLASH\Obj\lib_mem_a.o"
#        "F:\SVN Dir\PQ\iSAM Test Bench\Bridge_Host_OS\APP\FLASH\Obj\lib_str.o"
#        "F:\SVN Dir\PQ\iSAM Test Bench\Bridge_Host_OS\APP\FLASH\Obj\math.o"
#        "F:\SVN Dir\PQ\iSAM Test
#        Bench\Bridge_Host_OS\APP\FLASH\Obj\mem_basic.o" "F:\SVN Dir\PQ\iSAM
#        Test Bench\Bridge_Host_OS\APP\FLASH\Obj\noah_cmd.o" "F:\SVN
#        Dir\PQ\iSAM Test Bench\Bridge_Host_OS\APP\FLASH\Obj\os_core.o" "F:\SVN
#        Dir\PQ\iSAM Test Bench\Bridge_Host_OS\APP\FLASH\Obj\os_cpu_a.o"
#        "F:\SVN Dir\PQ\iSAM Test
#        Bench\Bridge_Host_OS\APP\FLASH\Obj\os_cpu_c.o" "F:\SVN Dir\PQ\iSAM
#        Test Bench\Bridge_Host_OS\APP\FLASH\Obj\os_dbg.o" "F:\SVN Dir\PQ\iSAM
#        Test Bench\Bridge_Host_OS\APP\FLASH\Obj\os_dcc.o" "F:\SVN Dir\PQ\iSAM
#        Test Bench\Bridge_Host_OS\APP\FLASH\Obj\os_flag.o" "F:\SVN Dir\PQ\iSAM
#        Test Bench\Bridge_Host_OS\APP\FLASH\Obj\os_mbox.o" "F:\SVN Dir\PQ\iSAM
#        Test Bench\Bridge_Host_OS\APP\FLASH\Obj\os_mem.o" "F:\SVN Dir\PQ\iSAM
#        Test Bench\Bridge_Host_OS\APP\FLASH\Obj\os_mutex.o" "F:\SVN
#        Dir\PQ\iSAM Test Bench\Bridge_Host_OS\APP\FLASH\Obj\os_probe.o"
#        "F:\SVN Dir\PQ\iSAM Test Bench\Bridge_Host_OS\APP\FLASH\Obj\os_q.o"
#        "F:\SVN Dir\PQ\iSAM Test Bench\Bridge_Host_OS\APP\FLASH\Obj\os_sem.o"
#        "F:\SVN Dir\PQ\iSAM Test Bench\Bridge_Host_OS\APP\FLASH\Obj\os_task.o"
#        "F:\SVN Dir\PQ\iSAM Test Bench\Bridge_Host_OS\APP\FLASH\Obj\os_time.o"
#        "F:\SVN Dir\PQ\iSAM Test Bench\Bridge_Host_OS\APP\FLASH\Obj\os_tmr.o"
#        "F:\SVN Dir\PQ\iSAM Test Bench\Bridge_Host_OS\APP\FLASH\Obj\pio.o"
#        "F:\SVN Dir\PQ\iSAM Test Bench\Bridge_Host_OS\APP\FLASH\Obj\pio_it.o"
#        "F:\SVN Dir\PQ\iSAM Test
#        Bench\Bridge_Host_OS\APP\FLASH\Obj\probe_com.o" "F:\SVN Dir\PQ\iSAM
#        Test Bench\Bridge_Host_OS\APP\FLASH\Obj\probe_com_os.o" "F:\SVN
#        Dir\PQ\iSAM Test
#        Bench\Bridge_Host_OS\APP\FLASH\Obj\probe_demo_intro.o" "F:\SVN
#        Dir\PQ\iSAM Test Bench\Bridge_Host_OS\APP\FLASH\Obj\probe_rs232.o"
#        "F:\SVN Dir\PQ\iSAM Test
#        Bench\Bridge_Host_OS\APP\FLASH\Obj\probe_rs232_os.o" "F:\SVN
#        Dir\PQ\iSAM Test Bench\Bridge_Host_OS\APP\FLASH\Obj\probe_rs232c.o"
#        "F:\SVN Dir\PQ\iSAM Test Bench\Bridge_Host_OS\APP\FLASH\Obj\queue.o"
#        "F:\SVN Dir\PQ\iSAM Test Bench\Bridge_Host_OS\APP\FLASH\Obj\ruler.o"
#        "F:\SVN Dir\PQ\iSAM Test Bench\Bridge_Host_OS\APP\FLASH\Obj\spi.o"
#        "F:\SVN Dir\PQ\iSAM Test
#        Bench\Bridge_Host_OS\APP\FLASH\Obj\task_cmd_parse.o" "F:\SVN
#        Dir\PQ\iSAM Test Bench\Bridge_Host_OS\APP\FLASH\Obj\task_joy.o"
#        "F:\SVN Dir\PQ\iSAM Test
#        Bench\Bridge_Host_OS\APP\FLASH\Obj\task_noah.o" "F:\SVN Dir\PQ\iSAM
#        Test Bench\Bridge_Host_OS\APP\FLASH\Obj\task_noah_ruler.o" "F:\SVN
#        Dir\PQ\iSAM Test Bench\Bridge_Host_OS\APP\FLASH\Obj\task_shell.o"
#        "F:\SVN Dir\PQ\iSAM Test
#        Bench\Bridge_Host_OS\APP\FLASH\Obj\task_uart_rx.o" "F:\SVN Dir\PQ\iSAM
#        Test Bench\Bridge_Host_OS\APP\FLASH\Obj\task_uart_tx.o" "F:\SVN
#        Dir\PQ\iSAM Test
#        Bench\Bridge_Host_OS\APP\FLASH\Obj\task_uart_tx_ruler.o" "F:\SVN
#        Dir\PQ\iSAM Test Bench\Bridge_Host_OS\APP\FLASH\Obj\task_user_if.o"
#        "F:\SVN Dir\PQ\iSAM Test Bench\Bridge_Host_OS\APP\FLASH\Obj\timer.o"
#        "F:\SVN Dir\PQ\iSAM Test Bench\Bridge_Host_OS\APP\FLASH\Obj\twi.o"
#        "F:\SVN Dir\PQ\iSAM Test Bench\Bridge_Host_OS\APP\FLASH\Obj\twid.o"
#        "F:\SVN Dir\PQ\iSAM Test Bench\Bridge_Host_OS\APP\FLASH\Obj\uart.o"
#        "F:\SVN Dir\PQ\iSAM Test Bench\Bridge_Host_OS\APP\FLASH\Obj\Xmodem.o"
#        -o "F:\SVN Dir\PQ\iSAM Test
#        Bench\Bridge_Host_OS\APP\FLASH\Exe\AT91SAM7X256-OS-Probe-v5-2.out"
#        --map "F:\SVN Dir\PQ\iSAM Test
#        Bench\Bridge_Host_OS\APP\FLASH\List\AT91SAM7X256-OS-Probe-v5-2.map"
#        --config "F:\SVN Dir\PQ\iSAM Test
#        Bench\Bridge_Host_OS\APP\..\BSP\AT91SAM7A3_Flash.icf" --entry
#        __iar_program_start --inline --vfe
#
###############################################################################

*******************************************************************************
*** RUNTIME MODEL ATTRIBUTES
***

CppFlavor       = *
__SystemLibrary = DLib


*******************************************************************************
*** PLACEMENT SUMMARY
***

"P1":  place in [from 0x00100000 to 0x001001ff] { section .cstartup };
"P2":  place in [from 0x00100200 to 0x0013ffff] { ro };
"P3":  place in [from 0x00200000 to 0x002001ff] { section .vectors };
"P4":  place in [from 0x00200200 to 0x00207fff] {
          rw, block IRQ_STACK, block SVC_STACK, block CSTACK, block FIQ_STACK,
          block UND_STACK, block ABT_STACK, block HEAP };

  Section             Kind        Address     Size  Object
  -------             ----        -------     ----  ------
"P1":                                         0xa0
  .cstartup           ro code  0x00100000     0xa0  cstartup.o [1]
                             - 0x001000a0     0xa0

"P2":                                      0x17fd3
  .text               ro code  0x00100200   0x2ca0  ruler.o [1]
  .text               ro code  0x00102ea0   0x144c  bsp.o [1]
  .text               ro code  0x001042ec    0x7a0  os_q.o [1]
  .text               ro code  0x00104a8c     0xd4  os_time.o [1]
  .text               ro code  0x00104b60    0x4b0  queue.o [1]
  .text               ro code  0x00105010    0x754  codec.o [1]
  .text               ro code  0x00105764    0xc88  uart.o [1]
  .text               ro code  0x001063ec    0x7fc  dsp.o [1]
  CODE                ro code  0x00106be8    0x418  os_cpu_a.o [1]
  .text               ro code  0x00107000    0x570  os_sem.o [1]
  .text               ro code  0x00107570    0x390  gpio.o [1]
  .text               ro code  0x00107900   0x186c  noah_cmd.o [1]
  .text               ro code  0x0010916c    0x1a0  flashd_efc.o [1]
  .text               ro code  0x0010930c     0xd4  ABImemcpy.o [5]
  .text               ro code  0x001093e0    0x1cc  led.o [1]
  .text               ro code  0x001095ac     0x6c  strcpy.o [5]
  .text               ro code  0x00109618     0x28  memset.o [3]
  .text               ro code  0x00109640    0x3c4  task_user_if.o [1]
  .text               ro code  0x00109a04    0x3b8  Xmodem.o [1]
  .text               ro code  0x00109dbc    0x1d4  I32DivMod.o [5]
  .text               ro code  0x00109f90    0x6dc  twid.o [1]
  .text               ro code  0x0010a66c    0x1ec  timer.o [1]
  .text               ro code  0x0010a858   0x108c  os_core.o [1]
  .text               ro code  0x0010b8e4     0x4c  vsprintf.o [3]
  .text               ro code  0x0010b930    0x2bc  pio.o [1]
  .text               ro code  0x0010bbec     0x10  U32ToDbl.o [4]
  .text               ro code  0x0010bbfc    0x338  DblDiv.o [4]
  .text               ro code  0x0010bf34     0xac  DblToFlt.o [4]
  .text               ro code  0x0010bfe0     0x58  FltToS32.o [4]
  .text               ro code  0x0010c038    0xd84  mem_basic.o [1]
  .text               ro code  0x0010cdbc    0x3bc  os_mem.o [1]
  .text               ro code  0x0010d178     0x18  memcpy.o [3]
  .text               ro code  0x0010d190    0xaac  emb.o [1]
  .text               ro code  0x0010dc3c     0x30  strcat.o [3]
  .text               ro code  0x0010dc6c     0xd0  efc.o [1]
  .text               ro code  0x0010dd3c     0x3c  math.o [1]
  .text               ro code  0x0010dd78     0x7c  ABImemset.o [5]
  .text               ro code  0x0010ddf4    0x360  os_mbox.o [1]
  .text               ro code  0x0010e154    0x878  os_task.o [1]
  .text               ro code  0x0010e9cc    0x7c0  app.o [1]
  .text               ro code  0x0010f18c      0x4  IntDivZer.o [5]
  .text               ro code  0x0010f190    0x1e0  twi.o [1]
  .text               ro code  0x0010f370    0x318  os_cpu_c.o [1]
  .text               ro code  0x0010f688    0x100  os_flag.o [1]
  .text               ro code  0x0010f788    0x458  os_tmr.o [1]
  .text               ro code  0x0010fbe0    0x2b0  os_dbg.o [1]
  .text               ro code  0x0010fe90   0x16ea  xprintffull_nomb.o [3]
  .text               ro code  0x0011157a     0x2a  zero_init3.o [5]
  .text               ro code  0x001115a4     0x60  S32ToDbl.o [4]
  .text               ro code  0x00111604     0x54  strlen.o [5]
  .text               ro code  0x00111658     0x50  cpu_core.o [1]
  .text               ro code  0x001116a8     0x44  lib_math.o [1]
  .text               ro code  0x001116ec    0x2a8  os_dcc.o [1]
  .text               ro code  0x00111994     0x20  strchr.o [5]
  .text               ro code  0x001119b4     0x94  memchr.o [5]
  .text               ro code  0x00111a48     0xd4  I64DivMod.o [5]
  .text               ro code  0x00111b1c     0x7c  xdnorm.o [4]
  .text               ro code  0x00111b98     0x38  DblCmpLe.o [4]
  .text               ro code  0x00111bd0     0x38  DblCmpGe.o [4]
  .text               ro code  0x00111c08    0x1e0  xdscale.o [4]
  .text               ro code  0x00111de8     0x60  DblToS32.o [4]
  .text               ro code  0x00111e48    0x1f0  DblSub.o [4]
  .text               ro code  0x00112038    0x1f8  DblMul.o [4]
  .text               ro code  0x00112230     0x3c  DblToU32.o [4]
  .text               ro code  0x0011226c     0xac  localeconv.o [3]
  .text               ro code  0x00112318     0x38  div.o [3]
  CODE                ro code  0x00112350     0x88  cpu_a.o [1]
  .text               ro code  0x001123d8    0x100  lib_mem.o [1]
  .text               ro code  0x001124d8      0x4  I64DivZer.o [5]
  .text               ro code  0x001124dc    0x130  DblAdd.o [4]
  .text               ro code  0x0011260c   0x1218  commands.o [1]
  .text               ro code  0x00113824    0x770  lib_str.o [1]
  .text               ro code  0x00113f94    0x228  lib_ascii.o [1]
  .text               ro code  0x001141bc    0x3d0  task_noah_ruler.o [1]
  .text               ro code  0x0011458c    0x3a4  task_noah.o [1]
  .text               ro code  0x00114930    0x39c  task_shell.o [1]
  .text               ro code  0x00114ccc    0x2dc  task_uart_tx_ruler.o [1]
  .text               ro code  0x00114fa8    0x2a4  task_uart_tx.o [1]
  .text               ro code  0x0011524c    0x240  task_joy.o [1]
  .text               ro code  0x0011548c    0x1cc  lz77_init.o [5]
  Veneer              ro code  0x00115658      0x4  - Linker created -
  .text               ro code  0x0011565c      0x8  abort.o [3]
  .text               ro code  0x00115664     0x14  XXexit.o [5]
  .text               ro code  0x00115678    0x124  task_uart_rx.o [1]
  .rodata             const    0x0011579c    0x100  os_core.o [1]
  .text               ro code  0x0011589c     0xd0  task_cmd_parse.o [1]
  .rodata             const    0x0011596c     0x94  lib_str.o [1]
  .rodata             const    0x00115a00     0x88  bsp.o [1]
  .rodata             const    0x00115a88     0x88  bsp.o [1]
  .rodata             const    0x00115b10     0x88  bsp.o [1]
  .rodata             const    0x00115b98     0x88  bsp.o [1]
  .rodata             const    0x00115c20     0x88  bsp.o [1]
  .rodata             const    0x00115ca8     0x70  commands.o [1]
  .rodata             const    0x00115d18     0x5c  commands.o [1]
  .rodata             const    0x00115d74     0x5c  commands.o [1]
  .rodata             const    0x00115dd0     0x4c  bsp.o [1]
  .rodata             const    0x00115e1c     0x4c  bsp.o [1]
  .rodata             const    0x00115e68     0x4c  ruler.o [1]
  .rodata             const    0x00115eb4     0x48  bsp.o [1]
  .rodata             const    0x00115efc     0x48  bsp.o [1]
  .rodata             const    0x00115f44     0x48  led.o [1]
  .rodata             const    0x00115f8c     0x48  ruler.o [1]
  .rodata             const    0x00115fd4     0x44  bsp.o [1]
  .rodata             const    0x00116018     0x44  commands.o [1]
  .rodata             const    0x0011605c     0x40  bsp.o [1]
  .rodata             const    0x0011609c     0x40  bsp.o [1]
  .rodata             const    0x001160dc     0x40  bsp.o [1]
  .rodata             const    0x0011611c     0x40  bsp.o [1]
  .rodata             const    0x0011615c     0x40  commands.o [1]
  .rodata             const    0x0011619c     0x40  commands.o [1]
  .rodata             const    0x001161dc     0x40  ruler.o [1]
  .rodata             const    0x0011621c     0x3c  commands.o [1]
  .rodata             const    0x00116258     0x3c  commands.o [1]
  .rodata             const    0x00116294     0x3c  commands.o [1]
  .rodata             const    0x001162d0     0x3c  task_user_if.o [1]
  .rodata             const    0x0011630c     0x38  bsp.o [1]
  .rodata             const    0x00116344     0x38  bsp.o [1]
  .rodata             const    0x0011637c     0x38  bsp.o [1]
  .rodata             const    0x001163b4     0x38  bsp.o [1]
  .rodata             const    0x001163ec     0x38  bsp.o [1]
  .rodata             const    0x00116424     0x38  bsp.o [1]
  .rodata             const    0x0011645c     0x38  commands.o [1]
  .rodata             const    0x00116494     0x38  commands.o [1]
  .rodata             const    0x001164cc     0x38  ruler.o [1]
  .rodata             const    0x00116504     0x38  ruler.o [1]
  .rodata             const    0x0011653c     0x34  bsp.o [1]
  .rodata             const    0x00116570     0x34  bsp.o [1]
  .rodata             const    0x001165a4     0x34  bsp.o [1]
  .rodata             const    0x001165d8     0x34  bsp.o [1]
  .rodata             const    0x0011660c     0x34  bsp.o [1]
  .rodata             const    0x00116640     0x34  bsp.o [1]
  .rodata             const    0x00116674     0x34  bsp.o [1]
  .rodata             const    0x001166a8     0x34  commands.o [1]
  .rodata             const    0x001166dc     0x34  ruler.o [1]
  .rodata             const    0x00116710     0x34  task_shell.o [1]
  .text               ro code  0x00116744     0x32  data_init.o [5]
  .rodata             const    0x00116776      0x2  os_dbg.o [1]
  .rodata             const    0x00116778     0x30  commands.o [1]
  .rodata             const    0x001167a8     0x30  commands.o [1]
  .rodata             const    0x001167d8     0x30  commands.o [1]
  .rodata             const    0x00116808     0x30  ruler.o [1]
  .rodata             const    0x00116838     0x30  ruler.o [1]
  .rodata             const    0x00116868     0x30  ruler.o [1]
  .rodata             const    0x00116898     0x30  ruler.o [1]
  .rodata             const    0x001168c8     0x30  ruler.o [1]
  .rodata             const    0x001168f8     0x30  task_user_if.o [1]
  .rodata             const    0x00116928     0x30  task_user_if.o [1]
  .rodata             const    0x00116958     0x2c  codec.o [1]
  .rodata             const    0x00116984     0x2c  commands.o [1]
  .rodata             const    0x001169b0     0x2c  ruler.o [1]
  .rodata             const    0x001169dc     0x2c  ruler.o [1]
  .rodata             const    0x00116a08     0x2c  ruler.o [1]
  .rodata             const    0x00116a34     0x2c  ruler.o [1]
  .rodata             const    0x00116a60     0x2c  task_joy.o [1]
  .rodata             const    0x00116a8c     0x2c  task_user_if.o [1]
  Veneer              ro code  0x00116ab8      0xc  - Linker created -
  .text               ro code  0x00116ac4     0x2c  cmain.o [5]
  .text               ro code  0x00116af0      0x4  exit.o [3]
  .text               ro code  0x00116af4     0x10  cexit.o [5]
  .rodata             const    0x00116b04     0x28  codec.o [1]
  .rodata             const    0x00116b2c     0x28  commands.o [1]
  .rodata             const    0x00116b54     0x28  noah_cmd.o [1]
  .rodata             const    0x00116b7c     0x28  ruler.o [1]
  .rodata             const    0x00116ba4     0x28  ruler.o [1]
  .rodata             const    0x00116bcc     0x28  ruler.o [1]
  .rodata             const    0x00116bf4     0x28  ruler.o [1]
  .rodata             const    0x00116c1c     0x28  ruler.o [1]
  .rodata             const    0x00116c44     0x28  ruler.o [1]
  .rodata             const    0x00116c6c     0x28  ruler.o [1]
  .rodata             const    0x00116c94     0x28  task_shell.o [1]
  .rodata             const    0x00116cbc     0x28  task_shell.o [1]
  .rodata             const    0x00116ce4     0x28  task_shell.o [1]
  .rodata             const    0x00116d0c     0x28  task_uart_tx_ruler.o [1]
  .rodata             const    0x00116d34     0x24  app.o [1]
  .rodata             const    0x00116d58     0x24  app.o [1]
  .rodata             const    0x00116d7c     0x24  bsp.o [1]
  .rodata             const    0x00116da0     0x24  commands.o [1]
  .rodata             const    0x00116dc4     0x24  commands.o [1]
  .rodata             const    0x00116de8     0x24  ruler.o [1]
  .rodata             const    0x00116e0c     0x24  ruler.o [1]
  .rodata             const    0x00116e30     0x24  ruler.o [1]
  .rodata             const    0x00116e54     0x24  ruler.o [1]
  .rodata             const    0x00116e78     0x24  ruler.o [1]
  .rodata             const    0x00116e9c     0x24  ruler.o [1]
  .rodata             const    0x00116ec0     0x24  ruler.o [1]
  .rodata             const    0x00116ee4     0x24  ruler.o [1]
  .rodata             const    0x00116f08     0x24  ruler.o [1]
  .rodata             const    0x00116f2c     0x24  ruler.o [1]
  .rodata             const    0x00116f50     0x24  ruler.o [1]
  .rodata             const    0x00116f74     0x24  task_joy.o [1]
  .rodata             const    0x00116f98     0x24  uart.o [1]
  .iar.init_table     const    0x00116fbc     0x48  - Linker created -
  .rodata             const    0x00117004     0x20  app.o [1]
  .rodata             const    0x00117024     0x20  bsp.o [1]
  .rodata             const    0x00117044     0x20  codec.o [1]
  .rodata             const    0x00117064     0x20  commands.o [1]
  .rodata             const    0x00117084     0x20  commands.o [1]
  .rodata             const    0x001170a4     0x20  commands.o [1]
  .rodata             const    0x001170c4     0x20  commands.o [1]
  .rodata             const    0x001170e4     0x20  commands.o [1]
  .rodata             const    0x00117104     0x20  dsp.o [1]
  .rodata             const    0x00117124     0x20  ruler.o [1]
  .rodata             const    0x00117144     0x20  ruler.o [1]
  .rodata             const    0x00117164     0x20  ruler.o [1]
  .rodata             const    0x00117184     0x20  ruler.o [1]
  .rodata             const    0x001171a4     0x20  ruler.o [1]
  .rodata             const    0x001171c4     0x20  ruler.o [1]
  .rodata             const    0x001171e4     0x20  ruler.o [1]
  .rodata             const    0x00117204     0x20  ruler.o [1]
  .rodata             const    0x00117224     0x20  ruler.o [1]
  .rodata             const    0x00117244     0x20  ruler.o [1]
  .rodata             const    0x00117264     0x20  ruler.o [1]
  .rodata             const    0x00117284     0x20  ruler.o [1]
  .rodata             const    0x001172a4     0x20  ruler.o [1]
  .rodata             const    0x001172c4     0x20  ruler.o [1]
  .rodata             const    0x001172e4     0x20  ruler.o [1]
  .rodata             const    0x00117304     0x20  ruler.o [1]
  .rodata             const    0x00117324     0x20  ruler.o [1]
  .rodata             const    0x00117344     0x20  ruler.o [1]
  .rodata             const    0x00117364     0x20  ruler.o [1]
  .rodata             const    0x00117384     0x20  task_shell.o [1]
  .rodata             const    0x001173a4     0x1c  app.o [1]
  .rodata             const    0x001173c0     0x1c  app.o [1]
  .rodata             const    0x001173dc     0x1c  app.o [1]
  .rodata             const    0x001173f8     0x1c  commands.o [1]
  .rodata             const    0x00117414     0x1c  commands.o [1]
  .rodata             const    0x00117430     0x1c  commands.o [1]
  .rodata             const    0x0011744c     0x1c  commands.o [1]
  .rodata             const    0x00117468     0x1c  commands.o [1]
  .rodata             const    0x00117484     0x1c  commands.o [1]
  .rodata             const    0x001174a0     0x1c  noah_cmd.o [1]
  .rodata             const    0x001174bc     0x1c  ruler.o [1]
  .rodata             const    0x001174d8     0x1c  ruler.o [1]
  .rodata             const    0x001174f4     0x1c  ruler.o [1]
  .rodata             const    0x00117510     0x1c  ruler.o [1]
  .rodata             const    0x0011752c     0x1c  ruler.o [1]
  .rodata             const    0x00117548     0x1c  ruler.o [1]
  .rodata             const    0x00117564     0x1c  ruler.o [1]
  .rodata             const    0x00117580     0x1c  ruler.o [1]
  .rodata             const    0x0011759c     0x1c  ruler.o [1]
  .rodata             const    0x001175b8     0x1c  ruler.o [1]
  .rodata             const    0x001175d4     0x1c  ruler.o [1]
  .rodata             const    0x001175f0     0x1c  ruler.o [1]
  .rodata             const    0x0011760c     0x1c  ruler.o [1]
  .rodata             const    0x00117628     0x1c  ruler.o [1]
  .rodata             const    0x00117644     0x1c  ruler.o [1]
  .rodata             const    0x00117660     0x1c  ruler.o [1]
  .rodata             const    0x0011767c     0x1c  ruler.o [1]
  .rodata             const    0x00117698     0x1c  task_noah_ruler.o [1]
  .rodata             const    0x001176b4     0x1c  task_shell.o [1]
  .rodata             const    0x001176d0     0x18  app.o [1]
  .rodata             const    0x001176e8     0x18  app.o [1]
  .rodata             const    0x00117700     0x18  app.o [1]
  .rodata             const    0x00117718     0x18  bsp.o [1]
  .rodata             const    0x00117730     0x18  commands.o [1]
  .rodata             const    0x00117748     0x18  commands.o [1]
  .rodata             const    0x00117760     0x18  commands.o [1]
  .rodata             const    0x00117778     0x18  commands.o [1]
  .rodata             const    0x00117790     0x18  commands.o [1]
  .rodata             const    0x001177a8     0x18  commands.o [1]
  .rodata             const    0x001177c0     0x18  commands.o [1]
  .rodata             const    0x001177d8     0x18  gpio.o [1]
  .rodata             const    0x001177f0     0x18  ruler.o [1]
  .rodata             const    0x00117808     0x18  ruler.o [1]
  .rodata             const    0x00117820     0x18  ruler.o [1]
  .rodata             const    0x00117838     0x18  ruler.o [1]
  .rodata             const    0x00117850     0x18  ruler.o [1]
  .rodata             const    0x00117868     0x18  task_user_if.o [1]
  .rodata             const    0x00117880     0x18  task_user_if.o [1]
  .rodata             const    0x00117898     0x14  app.o [1]
  .rodata             const    0x001178ac     0x14  app.o [1]
  .rodata             const    0x001178c0     0x14  app.o [1]
  .rodata             const    0x001178d4     0x14  app.o [1]
  .rodata             const    0x001178e8     0x14  app.o [1]
  .rodata             const    0x001178fc     0x14  app.o [1]
  .rodata             const    0x00117910     0x14  app.o [1]
  .rodata             const    0x00117924     0x14  app.o [1]
  .rodata             const    0x00117938     0x14  codec.o [1]
  .rodata             const    0x0011794c     0x14  commands.o [1]
  .rodata             const    0x00117960     0x14  commands.o [1]
  .rodata             const    0x00117974     0x14  commands.o [1]
  .rodata             const    0x00117988     0x14  os_tmr.o [1]
  .rodata             const    0x0011799c     0x14  os_tmr.o [1]
  .rodata             const    0x001179b0     0x14  ruler.o [1]
  .text               ro code  0x001179c4     0x14  xsprout.o [3]
  .rodata             const    0x001179d8     0x10  app.o [1]
  .rodata             const    0x001179e8     0x10  commands.o [1]
  .rodata             const    0x001179f8     0x10  dsp.o [1]
  .rodata             const    0x00117a08     0x10  dsp.o [1]
  .rodata             const    0x00117a18     0x10  dsp.o [1]
  .rodata             const    0x00117a28     0x10  dsp.o [1]
  .rodata             const    0x00117a38     0x10  os_core.o [1]
  .rodata             const    0x00117a48     0x10  os_core.o [1]
  .rodata             const    0x00117a58     0x10  os_tmr.o [1]
  .rodata             const    0x00117a68     0x10  ruler.o [1]
  .rodata             const    0x00117a78     0x10  ruler.o [1]
  .rodata             const    0x00117a88     0x10  ruler.o [1]
  .rodata             const    0x00117a98     0x10  ruler.o [1]
  .rodata             const    0x00117aa8     0x10  ruler.o [1]
  .rodata             const    0x00117ab8     0x10  ruler.o [1]
  .rodata             const    0x00117ac8     0x10  ruler.o [1]
  .rodata             const    0x00117ad8     0x10  ruler.o [1]
  .rodata             const    0x00117ae8     0x10  twid.o [1]
  .rodata             const    0x00117af8     0x10  twid.o [1]
  .rodata             const    0x00117b08      0xc  app.o [1]
  .rodata             const    0x00117b14      0xc  app.o [1]
  .rodata             const    0x00117b20      0xc  app.o [1]
  .rodata             const    0x00117b2c      0xc  app.o [1]
  .rodata             const    0x00117b38      0xc  bsp.o [1]
  .rodata             const    0x00117b44      0xc  bsp.o [1]
  .rodata             const    0x00117b50      0xc  bsp.o [1]
  .rodata             const    0x00117b5c      0xc  bsp.o [1]
  .rodata             const    0x00117b68      0xc  bsp.o [1]
  .rodata             const    0x00117b74      0xc  bsp.o [1]
  .rodata             const    0x00117b80      0xc  commands.o [1]
  .rodata             const    0x00117b8c      0xc  commands.o [1]
  .rodata             const    0x00117b98      0xc  commands.o [1]
  .rodata             const    0x00117ba4      0xc  commands.o [1]
  .rodata             const    0x00117bb0      0xc  commands.o [1]
  .rodata             const    0x00117bbc      0xc  led.o [1]
  .rodata             const    0x00117bc8      0xc  ruler.o [1]
  .rodata             const    0x00117bd4      0xc  ruler.o [1]
  .rodata             const    0x00117be0      0xc  ruler.o [1]
  .rodata             const    0x00117bec      0xc  ruler.o [1]
  .rodata             const    0x00117bf8      0xc  ruler.o [1]
  .rodata             const    0x00117c04      0xc  timer.o [1]
  .rodata             const    0x00117c10      0xc  twid.o [1]
  .rodata             const    0x00117c1c      0xc  uart.o [1]
  .rodata             const    0x00117c28      0xc  uart.o [1]
  .rodata             const    0x00117c34      0xc  uart.o [1]
  .rodata             const    0x00117c40      0xc  uart.o [1]
  .rodata             const    0x00117c4c      0xc  uart.o [1]
  .rodata             const    0x00117c58      0xc  uart.o [1]
  .rodata             const    0x00117c64      0xc  uart.o [1]
  .rodata             const    0x00117c70      0xc  Xmodem.o [1]
  .rodata             const    0x00117c7c      0x8  app.o [1]
  .rodata             const    0x00117c84      0x8  app.o [1]
  .rodata             const    0x00117c8c      0x8  app.o [1]
  .rodata             const    0x00117c94      0x8  app.o [1]
  .rodata             const    0x00117c9c      0x8  app.o [1]
  .rodata             const    0x00117ca4      0x8  bsp.o [1]
  .rodata             const    0x00117cac      0x8  bsp.o [1]
  .rodata             const    0x00117cb4      0x8  bsp.o [1]
  .rodata             const    0x00117cbc      0x8  bsp.o [1]
  .rodata             const    0x00117cc4      0x8  bsp.o [1]
  .rodata             const    0x00117ccc      0x8  bsp.o [1]
  .rodata             const    0x00117cd4      0x8  bsp.o [1]
  .rodata             const    0x00117cdc      0x8  bsp.o [1]
  .rodata             const    0x00117ce4      0x8  bsp.o [1]
  .rodata             const    0x00117cec      0x8  bsp.o [1]
  .rodata             const    0x00117cf4      0x8  bsp.o [1]
  .rodata             const    0x00117cfc      0x8  bsp.o [1]
  .rodata             const    0x00117d04      0x8  commands.o [1]
  .rodata             const    0x00117d0c      0x8  commands.o [1]
  .rodata             const    0x00117d14      0x8  commands.o [1]
  .rodata             const    0x00117d1c      0x8  commands.o [1]
  .rodata             const    0x00117d24      0x8  commands.o [1]
  .rodata             const    0x00117d2c      0x8  commands.o [1]
  .rodata             const    0x00117d34      0x8  commands.o [1]
  .rodata             const    0x00117d3c      0x8  commands.o [1]
  .rodata             const    0x00117d44      0x8  commands.o [1]
  .rodata             const    0x00117d4c      0x8  commands.o [1]
  .rodata             const    0x00117d54      0x8  commands.o [1]
  .rodata             const    0x00117d5c      0x8  commands.o [1]
  .rodata             const    0x00117d64      0x8  commands.o [1]
  .rodata             const    0x00117d6c      0x8  mem_basic.o [1]
  .rodata             const    0x00117d74      0x8  mem_basic.o [1]
  .rodata             const    0x00117d7c      0x8  mem_basic.o [1]
  .rodata             const    0x00117d84      0x8  mem_basic.o [1]
  .rodata             const    0x00117d8c      0x8  mem_basic.o [1]
  .rodata             const    0x00117d94      0x8  mem_basic.o [1]
  .rodata             const    0x00117d9c      0x8  mem_basic.o [1]
  .rodata             const    0x00117da4      0x8  mem_basic.o [1]
  .rodata             const    0x00117dac      0x8  mem_basic.o [1]
  .rodata             const    0x00117db4      0x8  mem_basic.o [1]
  .rodata             const    0x00117dbc      0x8  ruler.o [1]
  .rodata             const    0x00117dc4      0x8  ruler.o [1]
  .rodata             const    0x00117dcc      0x8  ruler.o [1]
  .rodata             const    0x00117dd4      0x8  ruler.o [1]
  .rodata             const    0x00117ddc      0x8  ruler.o [1]
  .rodata             const    0x00117de4      0x8  Xmodem.o [1]
  .rodata             const    0x00117dec      0x8  Xmodem.o [1]
  .rodata             const    0x00117df4      0x4  gpio.o [1]
  .rodata             const    0x00117df8      0x4  led.o [1]
  .rodata             const    0x00117dfc      0x4  mem_basic.o [1]
  .rodata             const    0x00117e00      0x4  mem_basic.o [1]
  .rodata             const    0x00117e04      0x4  os_dbg.o [1]
  .rodata             const    0x00117e08      0x4  ruler.o [1]
  .rodata             const    0x00117e0c      0x4  ruler.o [1]
  .rodata             const    0x00117e10      0x4  ruler.o [1]
  .rodata             const    0x00117e14      0x4  uart.o [1]
  .rodata             const    0x00117e18      0x2  os_dbg.o [1]
  .rodata             const    0x00117e1a      0x2  os_dbg.o [1]
  .rodata             const    0x00117e1c      0x2  os_dbg.o [1]
  .rodata             const    0x00117e1e      0x2  os_dbg.o [1]
  .rodata             const    0x00117e20      0x2  os_dbg.o [1]
  .rodata             const    0x00117e22      0x2  os_dbg.o [1]
  .rodata             const    0x00117e24      0x2  os_dbg.o [1]
  .rodata             const    0x00117e26      0x2  os_dbg.o [1]
  .rodata             const    0x00117e28      0x2  os_dbg.o [1]
  .rodata             const    0x00117e2a      0x2  os_dbg.o [1]
  .rodata             const    0x00117e2c      0x2  os_dbg.o [1]
  .rodata             const    0x00117e2e      0x2  os_dbg.o [1]
  .rodata             const    0x00117e30      0x2  os_dbg.o [1]
  .rodata             const    0x00117e32      0x2  os_dbg.o [1]
  .rodata             const    0x00117e34      0x2  os_dbg.o [1]
  .rodata             const    0x00117e36      0x2  os_dbg.o [1]
  .rodata             const    0x00117e38      0x2  os_dbg.o [1]
  .rodata             const    0x00117e3a      0x2  os_dbg.o [1]
  .rodata             const    0x00117e3c      0x2  os_dbg.o [1]
  .rodata             const    0x00117e3e      0x2  os_dbg.o [1]
  .rodata             const    0x00117e40      0x2  os_dbg.o [1]
  .rodata             const    0x00117e42      0x2  os_dbg.o [1]
  .rodata             const    0x00117e44      0x2  os_dbg.o [1]
  .rodata             const    0x00117e46      0x2  os_dbg.o [1]
  .rodata             const    0x00117e48      0x2  os_dbg.o [1]
  .rodata             const    0x00117e4a      0x2  os_dbg.o [1]
  .rodata             const    0x00117e4c      0x2  os_dbg.o [1]
  .rodata             const    0x00117e4e      0x2  os_dbg.o [1]
  .rodata             const    0x00117e50      0x2  os_dbg.o [1]
  .rodata             const    0x00117e52      0x2  os_dbg.o [1]
  .rodata             const    0x00117e54      0x2  os_dbg.o [1]
  .rodata             const    0x00117e56      0x2  os_dbg.o [1]
  .rodata             const    0x00117e58      0x2  os_dbg.o [1]
  .rodata             const    0x00117e5a      0x2  os_dbg.o [1]
  .rodata             const    0x00117e5c      0x2  os_dbg.o [1]
  .rodata             const    0x00117e5e      0x2  os_dbg.o [1]
  .rodata             const    0x00117e60      0x2  os_dbg.o [1]
  .rodata             const    0x00117e62      0x2  os_dbg.o [1]
  .rodata             const    0x00117e64      0x2  os_dbg.o [1]
  .rodata             const    0x00117e66      0x2  os_dbg.o [1]
  .rodata             const    0x00117e68      0x2  os_dbg.o [1]
  .rodata             const    0x00117e6a      0x2  os_dbg.o [1]
  .rodata             const    0x00117e6c      0x2  os_dbg.o [1]
  .rodata             const    0x00117e6e      0x2  os_dbg.o [1]
  .rodata             const    0x00117e70      0x2  os_dbg.o [1]
  .rodata             const    0x00117e72      0x2  os_dbg.o [1]
  .rodata             const    0x00117e74      0x2  os_dbg.o [1]
  .rodata             const    0x00117e76      0x2  os_dbg.o [1]
  .rodata             const    0x00117e78      0x2  os_dbg.o [1]
  .rodata             const    0x00117e7a      0x2  os_dbg.o [1]
  .rodata             const    0x00117e7c      0x2  os_dbg.o [1]
  .rodata             const    0x00117e7e      0x2  os_dbg.o [1]
  .rodata             const    0x00117e80      0x2  os_dbg.o [1]
  .rodata             const    0x00117e82      0x2  ruler.o [1]
  .rodata             const    0x00117e84      0x2  ruler.o [1]
  .rodata             const    0x00117e86      0x2  ruler.o [1]
  .rodata             const    0x00117e88      0x1  ruler.o [1]
  .rodata             const    0x00117e89      0x1  ruler.o [1]
  .rodata             const    0x00117e8a      0x1  ruler.o [1]
  .rodata             const    0x00117e8b      0x1  ruler.o [1]
  .rodata             const    0x00117e8c      0x0  zero_init3.o [5]
  .rodata             const    0x00117e8c      0x0  lz77_init.o [5]
  Initializer bytes   ro data  0x00117e8c    0x31f  <for P4 s0>
  Initializer bytes   ro data  0x001181ab     0x28  <for P3 s1>
                             - 0x001181d3  0x17fd3

"P3":                                         0x40
  P3 s1                        0x00200000     0x40  <Init block>
    .vectors          inited   0x00200000     0x40  cstartup.o [1]
                             - 0x00200040     0x40

"P4", part 1 of 3:                           0x4b8
  P4 s0                        0x00200200    0x4b7  <Init block>
    .data             inited   0x00200200    0x15c  dsp.o [1]
    .data             inited   0x0020035c    0x114  gpio.o [1]
    .data             inited   0x00200470     0xf0  dsp.o [1]
    .textrw           inited   0x00200560     0xa4  efc.o [1]
    __DLIB_PERTHREAD  inited   0x00200604     0x88  localeconv.o [3]
    .data             inited   0x0020068c      0xc  bsp.o [1]
    .data             inited   0x00200698      0xc  timer.o [1]
    .data             inited   0x002006a4      0x8  codec.o [1]
    .data             inited   0x002006ac      0x4  ruler.o [1]
    .data             inited   0x002006b0      0x4  timer.o [1]
    .data             inited   0x002006b4      0x1  dsp.o [1]
    .data             inited   0x002006b5      0x1  mem_basic.o [1]
    .data             inited   0x002006b6      0x1  task_user_if.o [1]
                             - 0x002006b7    0x4b7

"P4", part 2 of 3:                          0x5c08
  .bss                zero     0x002006b8    0xc10  task_cmd_parse.o [1]
  .bss                zero     0x002012c8    0xc10  task_cmd_parse.o [1]
  .bss                zero     0x00201ed8    0xa28  task_uart_tx.o [1]
  .bss                zero     0x00202900    0x5d8  os_core.o [1]
  .bss                zero     0x00202ed8    0x400  app.o [1]
  .bss                zero     0x002032d8    0x400  app.o [1]
  .bss                zero     0x002036d8    0x280  os_core.o [1]
  .bss                zero     0x00203958    0x258  os_core.o [1]
  .bss                zero     0x00203bb0    0x200  app.o [1]
  .bss                zero     0x00203db0    0x200  app.o [1]
  .bss                zero     0x00203fb0    0x200  app.o [1]
  .bss                zero     0x002041b0    0x200  app.o [1]
  .bss                zero     0x002043b0    0x200  app.o [1]
  .bss                zero     0x002045b0    0x200  app.o [1]
  .bss                zero     0x002047b0    0x200  app.o [1]
  .bss                zero     0x002049b0    0x200  os_core.o [1]
  .bss                zero     0x00204bb0    0x200  os_core.o [1]
  .bss                zero     0x00204db0    0x200  os_core.o [1]
  .bss                zero     0x00204fb0    0x200  os_cpu_c.o [1]
  .bss                zero     0x002051b0    0x200  uart.o [1]
  .bss                zero     0x002053b0    0x200  uart.o [1]
  .bss                zero     0x002055b0    0x200  uart.o [1]
  .bss                zero     0x002057b0    0x200  uart.o [1]
  .bss                zero     0x002059b0    0x130  commands.o [1]
  .bss                zero     0x00205ae0    0x100  app.o [1]
  .bss                zero     0x00205be0    0x100  flashd_efc.o [1]
  .bss                zero     0x00205ce0    0x100  os_core.o [1]
  .bss                zero     0x00205de0     0x78  os_core.o [1]
  .bss                zero     0x00205e58     0x54  bsp.o [1]
  .bss                zero     0x00205eac     0x50  os_core.o [1]
  .bss                zero     0x00205efc     0x40  os_core.o [1]
  .bss                zero     0x00205f3c     0x40  uart.o [1]
  .bss                zero     0x00205f7c     0x40  uart.o [1]
  .bss                zero     0x00205fbc     0x28  task_cmd_parse.o [1]
  .bss                zero     0x00205fe4     0x28  task_uart_tx.o [1]
  .bss                zero     0x0020600c     0x28  task_uart_tx.o [1]
  .bss                zero     0x00206034     0x28  task_uart_tx_ruler.o [1]
  .bss                zero     0x0020605c     0x28  task_uart_tx_ruler.o [1]
  .bss                zero     0x00206084     0x20  uart.o [1]
  .bss                zero     0x002060a4     0x20  uart.o [1]
  .bss                zero     0x002060c4     0x20  uart.o [1]
  .bss                zero     0x002060e4     0x20  uart.o [1]
  .bss                zero     0x00206104     0x20  uart.o [1]
  .bss                zero     0x00206124     0x20  uart.o [1]
  .bss                zero     0x00206144     0x18  os_core.o [1]
  .bss                zero     0x0020615c     0x14  twid.o [1]
  .bss                zero     0x00206170     0x10  cpu_core.o [1]
  .bss                zero     0x00206180     0x10  ruler.o [1]
  .bss                zero     0x00206190      0xc  ruler.o [1]
  .bss                zero     0x0020619c      0xc  uart.o [1]
  .bss                zero     0x002061a8      0x8  os_core.o [1]
  .bss                zero     0x002061b0      0x8  twid.o [1]
  .bss                zero     0x002061b8      0x4  bsp.o [1]
  .bss                zero     0x002061bc      0x4  bsp.o [1]
  .bss                zero     0x002061c0      0x4  codec.o [1]
  .bss                zero     0x002061c4      0x4  dsp.o [1]
  .bss                zero     0x002061c8      0x4  dsp.o [1]
  .bss                zero     0x002061cc      0x4  lib_math.o [1]
  .bss                zero     0x002061d0      0x4  noah_cmd.o [1]
  .bss                zero     0x002061d4      0x4  os_core.o [1]
  .bss                zero     0x002061d8      0x4  os_core.o [1]
  .bss                zero     0x002061dc      0x4  os_core.o [1]
  .bss                zero     0x002061e0      0x4  os_core.o [1]
  .bss                zero     0x002061e4      0x4  os_core.o [1]
  .bss                zero     0x002061e8      0x4  os_core.o [1]
  .bss                zero     0x002061ec      0x4  os_core.o [1]
  .bss                zero     0x002061f0      0x4  os_core.o [1]
  .bss                zero     0x002061f4      0x4  os_core.o [1]
  .bss                zero     0x002061f8      0x4  os_core.o [1]
  .bss                zero     0x002061fc      0x4  os_core.o [1]
  .bss                zero     0x00206200      0x4  os_core.o [1]
  .bss                zero     0x00206204      0x4  os_core.o [1]
  .bss                zero     0x00206208      0x4  os_core.o [1]
  .bss                zero     0x0020620c      0x4  os_core.o [1]
  .bss                zero     0x00206210      0x4  os_core.o [1]
  .bss                zero     0x00206214      0x4  os_core.o [1]
  .bss                zero     0x00206218      0x4  os_cpu_c.o [1]
  .bss                zero     0x0020621c      0x4  os_cpu_c.o [1]
  .bss                zero     0x00206220      0x4  os_dcc.o [1]
  .bss                zero     0x00206224      0x4  os_dcc.o [1]
  .bss                zero     0x00206228      0x4  os_dcc.o [1]
  .bss                zero     0x0020622c      0x4  os_dcc.o [1]
  .bss                zero     0x00206230      0x4  ruler.o [1]
  .bss                zero     0x00206234      0x4  ruler.o [1]
  .bss                zero     0x00206238      0x4  ruler.o [1]
  .bss                zero     0x0020623c      0x4  ruler.o [1]
  .bss                zero     0x00206240      0x4  ruler.o [1]
  .bss                zero     0x00206244      0x4  task_cmd_parse.o [1]
  .bss                zero     0x00206248      0x4  task_noah.o [1]
  .bss                zero     0x0020624c      0x4  task_noah_ruler.o [1]
  .bss                zero     0x00206250      0x4  task_noah_ruler.o [1]
  .bss                zero     0x00206254      0x4  task_noah_ruler.o [1]
  .bss                zero     0x00206258      0x4  task_noah_ruler.o [1]
  .bss                zero     0x0020625c      0x4  task_noah_ruler.o [1]
  .bss                zero     0x00206260      0x4  task_noah_ruler.o [1]
  .bss                zero     0x00206264      0x4  task_noah_ruler.o [1]
  .bss                zero     0x00206268      0x4  task_noah_ruler.o [1]
  .bss                zero     0x0020626c      0x4  task_uart_tx.o [1]
  .bss                zero     0x00206270      0x4  task_uart_tx.o [1]
  .bss                zero     0x00206274      0x4  task_uart_tx.o [1]
  .bss                zero     0x00206278      0x4  task_uart_tx.o [1]
  .bss                zero     0x0020627c      0x4  task_uart_tx_ruler.o [1]
  .bss                zero     0x00206280      0x4  task_uart_tx_ruler.o [1]
  .bss                zero     0x00206284      0x4  task_uart_tx_ruler.o [1]
  .bss                zero     0x00206288      0x4  task_uart_tx_ruler.o [1]
  .bss                zero     0x0020628c      0x4  task_user_if.o [1]
  .bss                zero     0x00206290      0x4  twid.o [1]
  .bss                zero     0x00206294      0x4  twid.o [1]
  .bss                zero     0x00206298      0x4  uart.o [1]
  .bss                zero     0x0020629c      0x4  uart.o [1]
  .bss                zero     0x002062a0      0x2  os_core.o [1]
  .bss                zero     0x002062a2      0x2  os_core.o [1]
  .bss                zero     0x002062a4      0x2  os_cpu_c.o [1]
  .bss                zero     0x002062a6      0x1  bsp.o [1]
  .bss                zero     0x002062a7      0x1  bsp.o [1]
  .bss                zero     0x002062a8      0x1  led.o [1]
  .bss                zero     0x002062a9      0x1  os_core.o [1]
  .bss                zero     0x002062aa      0x1  os_core.o [1]
  .bss                zero     0x002062ab      0x1  os_core.o [1]
  .bss                zero     0x002062ac      0x1  os_core.o [1]
  .bss                zero     0x002062ad      0x1  os_core.o [1]
  .bss                zero     0x002062ae      0x1  os_core.o [1]
  .bss                zero     0x002062af      0x1  os_core.o [1]
  .bss                zero     0x002062b0      0x1  os_core.o [1]
  .bss                zero     0x002062b1      0x1  os_core.o [1]
  .bss                zero     0x002062b2      0x1  os_core.o [1]
  .bss                zero     0x002062b3      0x1  ruler.o [1]
  .bss                zero     0x002062b4      0x1  ruler.o [1]
  .bss                zero     0x002062b5      0x1  ruler.o [1]
  .bss                zero     0x002062b6      0x1  ruler.o [1]
  .bss                zero     0x002062b7      0x1  task_noah.o [1]
  .bss                zero     0x002062b8      0x1  task_uart_rx.o [1]
  .bss                zero     0x002062b9      0x1  task_uart_tx.o [1]
                             - 0x002062ba   0x5c02

"P4", part 3 of 3:                          0x14c0
  IRQ_STACK                    0x002062c0    0x200  <Block>
    IRQ_STACK         uninit   0x002062c0    0x200  <Block tail>
  SVC_STACK                    0x002064c0    0x200  <Block>
    SVC_STACK         uninit   0x002064c0    0x200  <Block tail>
  CSTACK                       0x002066c0   0x1000  <Block>
    CSTACK            uninit   0x002066c0   0x1000  <Block tail>
  FIQ_STACK                    0x002076c0     0x40  <Block>
    FIQ_STACK         uninit   0x002076c0     0x40  <Block tail>
  UND_STACK                    0x00207700     0x40  <Block>
    UND_STACK         uninit   0x00207700     0x40  <Block tail>
  ABT_STACK                    0x00207740     0x40  <Block>
    ABT_STACK         uninit   0x00207740     0x40  <Block tail>
                             - 0x00207780   0x14c0


*******************************************************************************
*** INIT TABLE
***

          Address     Size
          -------     ----
Zero (__iar_zero_init3)
    1 destination range, total size 0x5c02:
          0x002006b8  0x5c02

Copy/lz77 (__iar_lz77_init3)
    1 source range, total size 0x31f (66% of destination):
          0x00117e8c   0x31f
    1 destination range, total size 0x4b7:
          0x00200200   0x4b7

Copy/lz77 (__iar_lz77_init3)
    1 source range, total size 0x28 (62% of destination):
          0x001181ab    0x28
    1 destination range, total size 0x40:
          0x00200000    0x40



*******************************************************************************
*** MODULE SUMMARY
***

    Module                ro code  rw code  ro data  rw data
    ------                -------  -------  -------  -------
F:\SVN Dir\PQ\iSAM Test Bench\Bridge_Host_OS\APP\FLASH\Obj: [1]
    Xmodem.o                  952                28
    app.o                   1 984               524    5 888
    bsp.o                   5 196             2 268      106
    codec.o                 1 876               141       12
    commands.o              4 632             1 872      304
    cpu_a.o                   136
    cpu_core.o                 80                         16
    cstartup.o                160       64       40
    dsp.o                   2 044               484      597
    efc.o                     208      164      109
    emb.o                   2 732
    flashd_efc.o              416                        256
    gpio.o                    912               211      276
    led.o                     460                88        1
    lib_ascii.o               552
    lib_math.o                 68                          4
    lib_mem.o                 256
    lib_str.o               1 904               148
    math.o                     60
    mem_basic.o             3 460                89        1
    noah_cmd.o              6 252                68        4
    os_core.o               4 236               288    4 906
    os_cpu_a.o              1 048
    os_cpu_c.o                792                        522
    os_dbg.o                  688               112
    os_dcc.o                  680                         16
    os_flag.o                 256
    os_mbox.o                 864
    os_mem.o                  956
    os_q.o                  1 952
    os_sem.o                1 392
    os_task.o               2 168
    os_time.o                 212
    os_tmr.o                1 112                56
    pio.o                     700
    queue.o                 1 200
    ruler.o                11 424             2 945       56
    task_cmd_parse.o          208                      6 220
    task_joy.o                576                80
    task_noah.o               932                          5
    task_noah_ruler.o         976                28       32
    task_shell.o              924               232
    task_uart_rx.o            292                          1
    task_uart_tx.o            676                      2 697
    task_uart_tx_ruler.o      732                40       96
    task_user_if.o            964               249        5
    timer.o                   492                23       16
    twi.o                     480
    twid.o                  1 756                44       36
    uart.o                  3 208               124    2 388
    --------------------------------------------------------
    Total:                 76 236      228   10 291   24 461

command line: [2]
    --------------------------------------------------------
    Total:

dl4t_alf.a: [3]
    abort.o                     8
    div.o                      56
    exit.o                      4
    localeconv.o              172                90      136
    memcpy.o                   24
    memset.o                   40
    strcat.o                   48
    vsprintf.o                 76
    xprintffull_nomb.o      5 866
    xsprout.o                  20
    --------------------------------------------------------
    Total:                  6 314                90      136

m4t_al.a: [4]
    DblAdd.o                  304
    DblCmpGe.o                 56
    DblCmpLe.o                 56
    DblDiv.o                  824
    DblMul.o                  504
    DblSub.o                  496
    DblToFlt.o                172
    DblToS32.o                 96
    DblToU32.o                 60
    FltToS32.o                 88
    S32ToDbl.o                 96
    U32ToDbl.o                 16
    xdnorm.o                  124
    xdscale.o                 480
    --------------------------------------------------------
    Total:                  3 372

rt4t_al.a: [5]
    ABImemcpy.o               212
    ABImemset.o               124
    I32DivMod.o               468
    I64DivMod.o               212
    I64DivZer.o                 4
    IntDivZer.o                 4
    XXexit.o                   20
    cexit.o                    16
    cmain.o                    44
    data_init.o                50
    lz77_init.o               460
    memchr.o                  148
    strchr.o                   32
    strcpy.o                  108
    strlen.o                   84
    zero_init3.o               42
    --------------------------------------------------------
    Total:                  2 028

    Linker created             16                72    5 312
------------------------------------------------------------
    Grand Total:           87 966      228   10 453   29 909


*******************************************************************************
*** ENTRY LIST
***

Entry                      Address   Size  Type      Object
-----                      -------   ----  ----      ------
?main                   0x00116ac4         Code  Gb  cmain.o [5]
ABT_STACK$$Base         0x00207740          --   Gb  - Linker created -
ABT_STACK$$Limit        0x00207780          --   Gb  - Linker created -
AB_POST                 0x00102bac  0x168  Code  Gb  ruler.o [1]
AB_Status_Change_Report
                        0x00108fa0  0x198  Code  Gb  noah_cmd.o [1]
ACK_Sem_PCUART          0x00206248    0x4  Data  Gb  task_noah.o [1]
ACK_Sem_RulerUART       0x00206250    0x4  Data  Gb  task_noah_ruler.o [1]
ASCII_IsAlphaNum        0x00113f94   0xc8  Code  Gb  lib_ascii.o [1]
ASCII_IsDig             0x00114094   0x38  Code  Gb  lib_ascii.o [1]
ASCII_IsDigHex          0x001140cc   0x78  Code  Gb  lib_ascii.o [1]
ASCII_IsLower           0x0011405c   0x38  Code  Gb  lib_ascii.o [1]
ASCII_IsSpace           0x00114144   0x78  Code  Gb  lib_ascii.o [1]
AT91_TC_Init            0x0010a66c  0x1ac  Code  Gb  timer.o [1]
App_BufferCreate        0x0010eaa8   0x54  Code  Gb  app.o [1]
App_EventCreate         0x0010eafc  0x234  Code  Lc  app.o [1]
App_TaskCMDParse        0x0011589c   0xd0  Code  Gb  task_cmd_parse.o [1]
App_TaskCMDParseStk     0x002032d8  0x400  Data  Lc  app.o [1]
App_TaskCreate          0x0010ed30  0x2c8  Code  Lc  app.o [1]
App_TaskGenieShell      0x00114930  0x39c  Code  Gb  task_shell.o [1]
App_TaskGenieShellStk   0x00202ed8  0x400  Data  Lc  app.o [1]
App_TaskJoy             0x0011524c  0x240  Code  Gb  task_joy.o [1]
App_TaskJoyStk          0x00205ae0  0x100  Data  Lc  app.o [1]
App_TaskNoah            0x0011458c  0x3a4  Code  Gb  task_noah.o [1]
App_TaskNoahRulerStk    0x002047b0  0x200  Data  Lc  app.o [1]
App_TaskNoahStk         0x002045b0  0x200  Data  Lc  app.o [1]
App_TaskNoah_Ruler      0x001141bc  0x3d0  Code  Gb  task_noah_ruler.o [1]
App_TaskStart           0x0010ea40   0x68  Code  Lc  app.o [1]
App_TaskStartStk        0x00203bb0  0x200  Data  Lc  app.o [1]
App_TaskUART_Rx         0x00115678  0x124  Code  Gb  task_uart_rx.o [1]
App_TaskUART_RxStk      0x00203fb0  0x200  Data  Lc  app.o [1]
App_TaskUART_Tx         0x00114fa8  0x2a4  Code  Gb  task_uart_tx.o [1]
App_TaskUART_TxRulerStk
                        0x002043b0  0x200  Data  Lc  app.o [1]
App_TaskUART_TxStk      0x002041b0  0x200  Data  Lc  app.o [1]
App_TaskUART_Tx_Ruler   0x00114ccc  0x2dc  Code  Gb  task_uart_tx_ruler.o [1]
App_TaskUserIF          0x00109640  0x354  Code  Gb  task_user_if.o [1]
App_TaskUserIF_Stk      0x00203db0  0x200  Data  Lc  app.o [1]
App_UserIF_Mbox         0x0020628c    0x4  Data  Gb  task_user_if.o [1]
Audio_Version           0x00206190    0xc  Data  Gb  ruler.o [1]
BSP_CPU_ClkFreq         0x00102f24   0xa4  Code  Gb  bsp.o [1]
BSP_CPU_Init            0x00102fc8   0x48  Code  Gb  bsp.o [1]
BSP_DummyISR_Handler    0x001032dc   0x3c  Code  Lc  bsp.o [1]
BSP_Init                0x00102ea0   0x84  Code  Gb  bsp.o [1]
BSP_IntClr              0x001030d4   0x28  Code  Gb  bsp.o [1]
BSP_IntDisAll           0x001030fc   0x14  Code  Gb  bsp.o [1]
BSP_IntEn               0x00103110   0x28  Code  Gb  bsp.o [1]
BSP_IntInit             0x00103138   0xbc  Code  Lc  bsp.o [1]
BSP_IntVectSet          0x00103218   0xc4  Code  Gb  bsp.o [1]
BSP_MainOscEn           0x00103318   0x68  Code  Gb  bsp.o [1]
BSP_MclkCfg             0x0010342c   0xc4  Code  Gb  bsp.o [1]
BSP_MclkGetFreq         0x00103380   0xac  Code  Gb  bsp.o [1]
BSP_PLL_Cfg             0x00103568   0xe8  Code  Gb  bsp.o [1]
BSP_PLL_GetFreq         0x001034f0   0x78  Code  Gb  bsp.o [1]
BSP_ResetInit           0x001031f4   0x24  Code  Lc  bsp.o [1]
BSP_Ser_Init            0x0010380c  0x180  Code  Gb  bsp.o [1]
BSP_Ser_Printf          0x00103b18   0x38  Code  Gb  bsp.o [1]
BSP_Ser_RdByte          0x00103a60   0xb4  Code  Gb  bsp.o [1]
BSP_Ser_WrByte          0x0010398c   0xa0  Code  Gb  bsp.o [1]
BSP_Ser_WrStr           0x00103a34   0x2c  Code  Gb  bsp.o [1]
BSP_Sys_ISR_Handler     0x001037a8   0x64  Code  Gb  bsp.o [1]
BSP_Tmr_TickISR_Handler
                        0x00103788   0x20  Code  Gb  bsp.o [1]
BSP_Tmr_TickInit        0x0010372c   0x5c  Code  Lc  bsp.o [1]
BUZZER_MUTE             0x002062a8    0x1  Data  Gb  led.o [1]
Beep                    0x00103b50   0x68  Code  Gb  bsp.o [1]
Bsp_Ser_Rx_Sem_lock     0x002061bc    0x4  Data  Gb  bsp.o [1]
Bsp_Ser_Tx_Sem_lock     0x002061b8    0x4  Data  Gb  bsp.o [1]
Buzzer_OnOff            0x00109518   0x44  Code  Gb  led.o [1]
Buzzer_Toggle           0x0010955c   0x40  Code  Gb  led.o [1]
CM_LegacyRead           0x0010c738  0x1e4  Code  Gb  mem_basic.o [1]
CM_SingleWrite          0x0010c240   0x98  Code  Gb  mem_basic.o [1]
CODEC_LOUT_Small_Gain_En
                        0x00105590   0xbc  Code  Gb  codec.o [1]
CODEC_Set_Volume        0x00105664  0x100  Code  Gb  codec.o [1]
CPU_FIQ_Dis             0x001123b8         Code  Gb  cpu_a.o [1]
CPU_FIQ_En              0x001123c8         Code  Gb  cpu_a.o [1]
CPU_IRQ_Dis             0x00112398         Code  Gb  cpu_a.o [1]
CPU_IRQ_En              0x001123a8         Code  Gb  cpu_a.o [1]
CPU_Init                0x00111658   0x10  Code  Gb  cpu_core.o [1]
CPU_IntDis              0x00112378         Code  Gb  cpu_a.o [1]
CPU_IntEn               0x00112388         Code  Gb  cpu_a.o [1]
CPU_Name                0x00206170   0x10  Data  Gb  cpu_core.o [1]
CPU_NameClr             0x00111668   0x2c  Code  Gb  cpu_core.o [1]
CPU_NameInit            0x00111698   0x10  Code  Lc  cpu_core.o [1]
CPU_SR_Restore          0x00112370         Code  Gb  cpu_a.o [1]
CPU_SR_Save             0x00112350         Code  Gb  cpu_a.o [1]
CSTACK$$Base            0x002066c0          --   Gb  - Linker created -
CSTACK$$Limit           0x002076c0          --   Gb  - Linker created -
CheckSum                0x00107c5c   0x6c  Code  Gb  noah_cmd.o [1]
Check_Actived_Mic_Number
                        0x00100278   0x70  Code  Lc  ruler.o [1]
Check_SR_Support        0x00105154   0x40  Code  Gb  codec.o [1]
Check_UART_Mixer_Ready  0x00100520   0xa4  Code  Gb  ruler.o [1]
Check_Watch_Attach_State
                        0x00100454   0xcc  Code  Gb  ruler.o [1]
Check_Watch_Mic_Mask_State
                        0x001003a4   0xb0  Code  Gb  ruler.o [1]
Codec_DAC_Attenuation   0x0010509c   0xb8  Code  Gb  codec.o [1]
Codec_SetFCLK           0x00105194  0x12c  Code  Gb  codec.o [1]
Codec_SetMode           0x001052c0  0x190  Code  Gb  codec.o [1]
Codec_Write             0x00105010   0x54  Code  Gb  codec.o [1]
CommandParse            0x00113610  0x1a4  Code  Gb  commands.o [1]
Config_Lin              0x00106594   0xf0  Code  Lc  dsp.o [1]
Config_SP0_Out          0x00106684   0xa8  Code  Lc  dsp.o [1]
DBGU_Configure          0x00106300   0xc4  Code  Gb  uart.o [1]
DBGU_Rx_Sem_lock        0x0020629c    0x4  Data  Gb  uart.o [1]
DBGU_Tx_Sem_lock        0x00206298    0x4  Data  Gb  uart.o [1]
DMIC_PGA_Control        0x00106408  0x128  Code  Gb  dsp.o [1]
DMIC_Ploarity_Control   0x00106530   0x64  Code  Gb  dsp.o [1]
DM_LegacyRead           0x0010c2d8  0x1dc  Code  Gb  mem_basic.o [1]
DM_SingleWrite          0x0010c0f0   0x94  Code  Gb  mem_basic.o [1]
DM_Write                0x0010c038   0x34  Code  Gb  mem_basic.o [1]
DSP_LegacyRead          0x0010cbec  0x1b8  Code  Gb  mem_basic.o [1]
DSP_PM_Type             0x002006b5    0x1  Data  Gb  mem_basic.o [1]
DSP_SingleWrite_1       0x0010caf0   0x74  Code  Gb  mem_basic.o [1]
DSP_SingleWrite_2       0x0010cb68   0x84  Code  Gb  mem_basic.o [1]
Debug_COM_Sel           0x002062a6    0x1  Data  Gb  bsp.o [1]
Done_Sem_RulerUART      0x00206254    0x4  Data  Gb  task_noah_ruler.o [1]
EFC_ComputeAddress      0x0010dcfc   0x40  Code  Gb  efc.o [1]
EFC_DisableIt           0x0010dc6c   0x10  Code  Gb  efc.o [1]
EFC_PerformCommand      0x00200560   0xa4  Code  Gb  efc.o [1]
EFC_SetEraseBeforeProgramming
                        0x0010dc7c   0x30  Code  Gb  efc.o [1]
EFC_TranslateAddress    0x0010dcac   0x50  Code  Gb  efc.o [1]
EMB_Data_Build          0x001082ac  0x194  Code  Lc  noah_cmd.o [1]
EMB_Data_Check          0x00107ec4  0x1cc  Code  Gb  noah_cmd.o [1]
EMB_Data_Parse          0x00108448  0xb54  Code  Gb  noah_cmd.o [1]
EVENT_MsgQ_Noah2CMDParse
                        0x00206244    0x4  Data  Gb  task_cmd_parse.o [1]
EVENT_MsgQ_Noah2PCUART  0x00206274    0x4  Data  Gb  task_uart_tx.o [1]
EVENT_MsgQ_Noah2RulerUART
                        0x00206280    0x4  Data  Gb  task_uart_tx_ruler.o [1]
EVENT_MsgQ_PCUART2Noah  0x00206270    0x4  Data  Gb  task_uart_tx.o [1]
EVENT_MsgQ_RulerUART2Noah
                        0x0020627c    0x4  Data  Gb  task_uart_tx_ruler.o [1]
Emb_Buf_Cmd             0x002006b8  0xc10  Data  Gb  task_cmd_parse.o [1]
Emb_Buf_Data            0x002012c8  0xc10  Data  Gb  task_cmd_parse.o [1]
Enable_FPGA             0x00107844   0x14  Code  Gb  gpio.o [1]
FIQ_STACK$$Base         0x002076c0          --   Gb  - Linker created -
FIQ_STACK$$Limit        0x00207700          --   Gb  - Linker created -
FLASHD_Initialize       0x0010916c   0x30  Code  Gb  flashd_efc.o [1]
FLASHD_Write            0x0010919c  0x16c  Code  Gb  flashd_efc.o [1]
FLASHD_Write_Safe       0x0010205c   0x50  Code  Gb  ruler.o [1]
Flag_Reset_Pin_Trigger  0x002062a7    0x1  Data  Gb  bsp.o [1]
GPIODIR_FLOAT           0x00107594   0x78  Code  Gb  gpio.o [1]
GPIOPIN_Set             0x0010760c   0x54  Code  Gb  gpio.o [1]
GPIO_Init               0x00107570   0x24  Code  Gb  gpio.o [1]
Get_Audio_Version       0x00100c90   0x8c  Code  Gb  ruler.o [1]
Get_Port_Detect         0x00107790   0x5c  Code  Gb  gpio.o [1]
Get_Ruler_Type          0x00101000  0x1a8  Code  Gb  ruler.o [1]
Get_Ruler_Version       0x00101ecc  0x18c  Code  Gb  ruler.o [1]
Get_Run_Time            0x00103d5c   0xa8  Code  Gb  bsp.o [1]
Get_Switches            0x00107734   0x5c  Code  Gb  gpio.o [1]
Get_Task_Info           0x00103c1c  0x140  Code  Gb  bsp.o [1]
Get_Ver_Info            0x0011357c   0x30  Code  Gb  commands.o [1]
Global_Bridge_POST      0x002062b4    0x1  Data  Gb  ruler.o [1]
Global_Conn_Ready       0x002062b7    0x1  Data  Gb  task_noah.o [1]
Global_Idle_Ready       0x002062b8    0x1  Data  Gb  task_uart_rx.o [1]
Global_Mic_Mask         0x00206180   0x10  Data  Gb  ruler.o [1]
Global_Mic_State        0x00206238    0x4  Data  Gb  ruler.o [1]
Global_Ruler_Index      0x002062b3    0x1  Data  Gb  ruler.o [1]
Global_Ruler_State      0x00206230    0x4  Data  Gb  ruler.o [1]
Global_Ruler_Type       0x00206234    0x4  Data  Gb  ruler.o [1]
HOST_LegacyRead         0x0010ca2c   0xc4  Code  Gb  mem_basic.o [1]
HOST_SingleWrite_1      0x0010c934   0x74  Code  Gb  mem_basic.o [1]
HOST_SingleWrite_2      0x0010c9a8   0x84  Code  Gb  mem_basic.o [1]
Head_Info               0x00103eb4  0x2f0  Code  Gb  bsp.o [1]
HelpFunc                0x001129d8   0xcc  Code  Gb  commands.o [1]
HostNameFunc            0x00112aa4   0x6c  Code  Gb  commands.o [1]
I2CWrite_Codec          0x00105064   0x38  Code  Gb  codec.o [1]
IRQ_STACK$$Base         0x002062c0          --   Gb  - Linker created -
IRQ_STACK$$Limit        0x002064c0          --   Gb  - Linker created -
ISR_PC_UART             0x00105be8  0x1a4  Code  Gb  uart.o [1]
ISR_Ruler_UART          0x00105d8c  0x1a4  Code  Gb  uart.o [1]
InStream_Read           0x0011548d   0x22  Code  Lc  lz77_init.o [5]
InitCommands            0x0011260c  0x2b8  Code  Gb  commands.o [1]
InitI2CFunc             0x00112bc0   0x7c  Code  Gb  commands.o [1]
Init_CMD_Read           0x00107924   0x28  Code  Gb  noah_cmd.o [1]
Init_CODEC              0x00105450  0x140  Code  Gb  codec.o [1]
Init_EMB_BUF            0x00107900   0x24  Code  Gb  noah_cmd.o [1]
Init_FM36_AB03          0x0010672c  0x494  Code  Gb  dsp.o [1]
Init_FPGA               0x00107858   0x80  Code  Gb  gpio.o [1]
Init_Global_Var         0x00100200   0x78  Code  Gb  ruler.o [1]
Init_Ruler              0x00100d1c  0x14c  Code  Gb  ruler.o [1]
LED_Clear               0x00109448   0x68  Code  Gb  led.o [1]
LED_Set                 0x001093e0   0x68  Code  Gb  led.o [1]
LED_Toggle              0x001094b0   0x68  Code  Gb  led.o [1]
LowLevelInitPLL         0x00103010   0xc4  Code  Gb  bsp.o [1]
LsFunc                  0x001128c8   0x74  Code  Gb  commands.o [1]
Math_Init               0x001116a8   0x14  Code  Gb  lib_math.o [1]
Math_RandSeedCur        0x002061cc    0x4  Data  Gb  lib_math.o [1]
Math_RandSetSeed        0x001116bc   0x2c  Code  Gb  lib_math.o [1]
MemPartition_MsgUART    0x00201ed8  0xa28  Data  Gb  task_uart_tx.o [1]
Mem_Clr                 0x001123d8   0x24  Code  Gb  lib_mem.o [1]
Mem_Set                 0x001123fc   0xdc  Code  Gb  lib_mem.o [1]
MsgQ_Noah2CMDParse      0x00205fbc   0x28  Data  Gb  task_cmd_parse.o [1]
MsgQ_Noah2PCUART        0x0020600c   0x28  Data  Gb  task_uart_tx.o [1]
MsgQ_Noah2RulerUART     0x0020605c   0x28  Data  Gb  task_uart_tx_ruler.o [1]
MsgQ_PCUART2Noah        0x00205fe4   0x28  Data  Gb  task_uart_tx.o [1]
MsgQ_RulerUART2Noah     0x00206034   0x28  Data  Gb  task_uart_tx_ruler.o [1]
Noah_CMD_Parse_Ruler    0x00108090  0x184  Code  Gb  noah_cmd.o [1]
Noah_CMD_Read           0x0010794c  0x310  Code  Gb  noah_cmd.o [1]
OSCPUUsage              0x002062a9    0x1  Data  Gb  os_core.o [1]
OSCtxSw                 0x00106c34         Code  Gb  os_cpu_a.o [1]
OSCtxSwCtr              0x002061d4    0x4  Data  Gb  os_core.o [1]
OSDCC_Addr              0x00206224    0x4  Data  Lc  os_dcc.o [1]
OSDCC_Cmd               0x00206220    0x4  Data  Lc  os_dcc.o [1]
OSDCC_Data              0x0020622c    0x4  Data  Lc  os_dcc.o [1]
OSDCC_Handler           0x00111704  0x27c  Code  Gb  os_dcc.o [1]
OSDCC_ItemCnt           0x00206228    0x4  Data  Lc  os_dcc.o [1]
OSDCC_Read              0x001116f4    0x8  Code  Lc  os_dcc.o [1]
OSDCC_ReadCtrl          0x001116ec    0x8  Code  Lc  os_dcc.o [1]
OSDCC_Write             0x001116fc    0x8  Code  Lc  os_dcc.o [1]
OSDataSize              0x00117e80    0x2  Data  Gb  os_dbg.o [1]
OSDebugEn               0x00116776    0x2  Data  Gb  os_dbg.o [1]
OSDebugInit             0x0010fbe0  0x2b0  Code  Gb  os_dbg.o [1]
OSEndiannessTest        0x00117e04    0x4  Data  Gb  os_dbg.o [1]
OSEventEn               0x00117e18    0x2  Data  Gb  os_dbg.o [1]
OSEventFreeList         0x002061d8    0x4  Data  Gb  os_core.o [1]
OSEventMax              0x00117e1a    0x2  Data  Gb  os_dbg.o [1]
OSEventMultiEn          0x00117e22    0x2  Data  Gb  os_dbg.o [1]
OSEventNameEn           0x00117e1c    0x2  Data  Gb  os_dbg.o [1]
OSEventNameSet          0x0010a858   0xac  Code  Gb  os_core.o [1]
OSEventSize             0x00117e1e    0x2  Data  Gb  os_dbg.o [1]
OSEventTbl              0x00203958  0x258  Data  Gb  os_core.o [1]
OSEventTblSize          0x00117e20    0x2  Data  Gb  os_dbg.o [1]
OSFlagEn                0x00117e24    0x2  Data  Gb  os_dbg.o [1]
OSFlagFreeList          0x002061dc    0x4  Data  Gb  os_core.o [1]
OSFlagGrpSize           0x00117e26    0x2  Data  Gb  os_dbg.o [1]
OSFlagMax               0x00117e2c    0x2  Data  Gb  os_dbg.o [1]
OSFlagNameEn            0x00117e2e    0x2  Data  Gb  os_dbg.o [1]
OSFlagNodeSize          0x00117e28    0x2  Data  Gb  os_dbg.o [1]
OSFlagTbl               0x00205eac   0x50  Data  Gb  os_core.o [1]
OSFlagWidth             0x00117e2a    0x2  Data  Gb  os_dbg.o [1]
OSIdleCtr               0x002061e8    0x4  Data  Gb  os_core.o [1]
OSIdleCtrMax            0x002061e0    0x4  Data  Gb  os_core.o [1]
OSIdleCtrRun            0x002061e4    0x4  Data  Gb  os_core.o [1]
OSInit                  0x0010a904   0x40  Code  Gb  os_core.o [1]
OSInitHookBegin         0x0010f370   0x44  Code  Gb  os_cpu_c.o [1]
OSIntCtxSw              0x00106c98         Code  Gb  os_cpu_a.o [1]
OSIntExit               0x0010a944   0xe0  Code  Gb  os_core.o [1]
OSIntNesting            0x002062ab    0x1  Data  Gb  os_core.o [1]
OSLockNesting           0x002062ac    0x1  Data  Gb  os_core.o [1]
OSLowestPrio            0x00117e30    0x2  Data  Gb  os_dbg.o [1]
OSMboxCreate            0x0010ddf4   0x9c  Code  Gb  os_mbox.o [1]
OSMboxEn                0x00117e32    0x2  Data  Gb  os_dbg.o [1]
OSMboxPend              0x0010de94  0x1f8  Code  Gb  os_mbox.o [1]
OSMboxPost              0x0010e09c   0xb8  Code  Gb  os_mbox.o [1]
OSMemCreate             0x0010cdbc  0x150  Code  Gb  os_mem.o [1]
OSMemEn                 0x00117e34    0x2  Data  Gb  os_dbg.o [1]
OSMemFreeList           0x002061fc    0x4  Data  Gb  os_core.o [1]
OSMemGet                0x0010cf0c   0x9c  Code  Gb  os_mem.o [1]
OSMemMax                0x00117e36    0x2  Data  Gb  os_dbg.o [1]
OSMemNameEn             0x00117e38    0x2  Data  Gb  os_dbg.o [1]
OSMemNameSet            0x0010cfa8   0x84  Code  Gb  os_mem.o [1]
OSMemPut                0x0010d02c   0x84  Code  Gb  os_mem.o [1]
OSMemQuery              0x0010d0b0   0x84  Code  Gb  os_mem.o [1]
OSMemSize               0x00117e3a    0x2  Data  Gb  os_dbg.o [1]
OSMemTbl                0x00206144   0x18  Data  Gb  os_core.o [1]
OSMemTblSize            0x00117e3c    0x2  Data  Gb  os_dbg.o [1]
OSMutexEn               0x00117e3e    0x2  Data  Gb  os_dbg.o [1]
OSPrioCur               0x002062ad    0x1  Data  Gb  os_core.o [1]
OSPrioHighRdy           0x002062ae    0x1  Data  Gb  os_core.o [1]
OSPtrSize               0x00117e40    0x2  Data  Gb  os_dbg.o [1]
OSQAccept               0x001042ec   0xd8  Code  Gb  os_q.o [1]
OSQCreate               0x00104470  0x130  Code  Gb  os_q.o [1]
OSQEn                   0x00117e42    0x2  Data  Gb  os_dbg.o [1]
OSQFreeList             0x00206200    0x4  Data  Gb  os_core.o [1]
OSQGet                  0x001043c4   0xac  Code  Gb  os_q.o [1]
OSQMax                  0x00117e44    0x2  Data  Gb  os_dbg.o [1]
OSQPend                 0x001045a4  0x22c  Code  Gb  os_q.o [1]
OSQPost                 0x001047d0   0xe4  Code  Gb  os_q.o [1]
OSQPostOpt              0x001048b4  0x150  Code  Gb  os_q.o [1]
OSQSize                 0x00117e46    0x2  Data  Gb  os_dbg.o [1]
OSQTbl                  0x00205de0   0x78  Data  Gb  os_core.o [1]
OSRdyGrp                0x002062af    0x1  Data  Gb  os_core.o [1]
OSRdyTbl                0x002061a8    0x8  Data  Gb  os_core.o [1]
OSRdyTblSize            0x00117e48    0x2  Data  Gb  os_dbg.o [1]
OSRunning               0x002062b0    0x1  Data  Gb  os_core.o [1]
OSSchedLock             0x0010aa24   0x64  Code  Gb  os_core.o [1]
OSSchedUnlock           0x0010aa88   0x9c  Code  Gb  os_core.o [1]
OSSemCreate             0x00107000   0x9c  Code  Gb  os_sem.o [1]
OSSemDel                0x0010709c  0x1cc  Code  Gb  os_sem.o [1]
OSSemEn                 0x00117e4a    0x2  Data  Gb  os_dbg.o [1]
OSSemPend               0x00107268  0x1a8  Code  Gb  os_sem.o [1]
OSSemPost               0x00107424   0xb4  Code  Gb  os_sem.o [1]
OSSemSet                0x001074d8   0x98  Code  Gb  os_sem.o [1]
OSStart                 0x0010ab24   0x60  Code  Gb  os_core.o [1]
OSStartHighRdy          0x00106c00         Code  Gb  os_cpu_a.o [1]
OSStatInit              0x0010ab84   0x68  Code  Gb  os_core.o [1]
OSStatRdy               0x002062aa    0x1  Data  Gb  os_core.o [1]
OSStkWidth              0x00117e4c    0x2  Data  Gb  os_dbg.o [1]
OSTCBCur                0x002061ec    0x4  Data  Gb  os_core.o [1]
OSTCBFreeList           0x002061f0    0x4  Data  Gb  os_core.o [1]
OSTCBHighRdy            0x002061f4    0x4  Data  Gb  os_core.o [1]
OSTCBInitHook           0x0010f518   0x18  Code  Gb  os_cpu_c.o [1]
OSTCBList               0x002061f8    0x4  Data  Gb  os_core.o [1]
OSTCBPrioTbl            0x00205ce0  0x100  Data  Gb  os_core.o [1]
OSTCBPrioTblMax         0x00117e64    0x2  Data  Gb  os_dbg.o [1]
OSTCBSize               0x00117e66    0x2  Data  Gb  os_dbg.o [1]
OSTCBTbl                0x00202900  0x5d8  Data  Gb  os_core.o [1]
OSTaskCreateEn          0x00117e4e    0x2  Data  Gb  os_dbg.o [1]
OSTaskCreateExt         0x0010e154  0x184  Code  Gb  os_task.o [1]
OSTaskCreateExtEn       0x00117e50    0x2  Data  Gb  os_dbg.o [1]
OSTaskCreateHook        0x0010f3b4   0x18  Code  Gb  os_cpu_c.o [1]
OSTaskCtr               0x002062b1    0x1  Data  Gb  os_core.o [1]
OSTaskDel               0x0010e2d8  0x294  Code  Gb  os_task.o [1]
OSTaskDelEn             0x00117e52    0x2  Data  Gb  os_dbg.o [1]
OSTaskDelHook           0x0010f3cc   0x18  Code  Gb  os_cpu_c.o [1]
OSTaskIdleHook          0x0010f3e4   0x14  Code  Gb  os_cpu_c.o [1]
OSTaskIdleStk           0x00204bb0  0x200  Data  Gb  os_core.o [1]
OSTaskIdleStkSize       0x00117e54    0x2  Data  Gb  os_dbg.o [1]
OSTaskMax               0x00117e58    0x2  Data  Gb  os_dbg.o [1]
OSTaskNameEn            0x00117e5a    0x2  Data  Gb  os_dbg.o [1]
OSTaskNameSet           0x0010e56c  0x10c  Code  Gb  os_task.o [1]
OSTaskProfileEn         0x00117e56    0x2  Data  Gb  os_dbg.o [1]
OSTaskReturnHook        0x0010f3f8   0x18  Code  Gb  os_cpu_c.o [1]
OSTaskStatEn            0x00117e5c    0x2  Data  Gb  os_dbg.o [1]
OSTaskStatHook          0x0010f410   0x10  Code  Gb  os_cpu_c.o [1]
OSTaskStatStk           0x002049b0  0x200  Data  Gb  os_core.o [1]
OSTaskStatStkChkEn      0x00117e60    0x2  Data  Gb  os_dbg.o [1]
OSTaskStatStkSize       0x00117e5e    0x2  Data  Gb  os_dbg.o [1]
OSTaskStkChk            0x0010e67c  0x140  Code  Gb  os_task.o [1]
OSTaskStkInit           0x0010f420   0xe8  Code  Gb  os_cpu_c.o [1]
OSTaskSuspend           0x0010e7c8  0x188  Code  Gb  os_task.o [1]
OSTaskSwHook            0x0010f508   0x10  Code  Gb  os_cpu_c.o [1]
OSTaskSwHookEn          0x00117e62    0x2  Data  Gb  os_dbg.o [1]
OSTickStepState         0x002062b2    0x1  Data  Gb  os_core.o [1]
OSTicksPerSec           0x00117e68    0x2  Data  Gb  os_dbg.o [1]
OSTime                  0x00206204    0x4  Data  Gb  os_core.o [1]
OSTimeDly               0x00104a8c   0xc4  Code  Gb  os_time.o [1]
OSTimeTick              0x0010abec  0x180  Code  Gb  os_core.o [1]
OSTimeTickHook          0x0010f530   0x48  Code  Gb  os_cpu_c.o [1]
OSTimeTickHookEn        0x00117e6a    0x2  Data  Gb  os_dbg.o [1]
OSTmrCfgMax             0x00117e70    0x2  Data  Gb  os_dbg.o [1]
OSTmrCfgNameEn          0x00117e72    0x2  Data  Gb  os_dbg.o [1]
OSTmrCfgTicksPerSec     0x00117e76    0x2  Data  Gb  os_dbg.o [1]
OSTmrCfgWheelSize       0x00117e74    0x2  Data  Gb  os_dbg.o [1]
OSTmrCtr                0x002062a4    0x2  Data  Lc  os_cpu_c.o [1]
OSTmrEn                 0x00117e6e    0x2  Data  Gb  os_dbg.o [1]
OSTmrFree               0x002062a0    0x2  Data  Gb  os_core.o [1]
OSTmrFreeList           0x00206214    0x4  Data  Gb  os_core.o [1]
OSTmrSem                0x0020620c    0x4  Data  Gb  os_core.o [1]
OSTmrSemSignal          0x00206210    0x4  Data  Gb  os_core.o [1]
OSTmrSignal             0x0010f788   0x24  Code  Gb  os_tmr.o [1]
OSTmrSize               0x00117e78    0x2  Data  Gb  os_dbg.o [1]
OSTmrTaskStk            0x00204db0  0x200  Data  Gb  os_core.o [1]
OSTmrTbl                0x002036d8  0x280  Data  Gb  os_core.o [1]
OSTmrTblSize            0x00117e7a    0x2  Data  Gb  os_dbg.o [1]
OSTmrTime               0x00206208    0x4  Data  Gb  os_core.o [1]
OSTmrUsed               0x002062a2    0x2  Data  Gb  os_core.o [1]
OSTmrWheelSize          0x00117e7c    0x2  Data  Gb  os_dbg.o [1]
OSTmrWheelTbl           0x00205efc   0x40  Data  Gb  os_core.o [1]
OSTmrWheelTblSize       0x00117e7e    0x2  Data  Gb  os_dbg.o [1]
OSTmr_Init              0x0010f7ac  0x11c  Code  Gb  os_tmr.o [1]
OSTmr_InitTask          0x0010f8c8   0x68  Code  Lc  os_tmr.o [1]
OSTmr_Link              0x0010f930   0xe8  Code  Lc  os_tmr.o [1]
OSTmr_Task              0x0010fac0   0xe8  Code  Lc  os_tmr.o [1]
OSTmr_Unlink            0x0010fa1c   0xa4  Code  Lc  os_tmr.o [1]
OSUnMapTbl              0x0011579c  0x100  Data  Gb  os_core.o [1]
OSVersion               0x0010ad6c    0xc  Code  Gb  os_core.o [1]
OSVersionNbr            0x00117e6c    0x2  Data  Gb  os_dbg.o [1]
OS_CPU_ARM_ExceptAddrAbortHndlr
                        0x00106d1c         Code  Gb  os_cpu_a.o [1]
OS_CPU_ARM_ExceptDataAbortHndlr
                        0x00106d08         Code  Gb  os_cpu_a.o [1]
OS_CPU_ARM_ExceptFiqHndlr
                        0x00106d30         Code  Gb  os_cpu_a.o [1]
OS_CPU_ARM_ExceptIrqHndlr
                        0x00106e68         Code  Gb  os_cpu_a.o [1]
OS_CPU_ARM_ExceptPrefetchAbortHndlr
                        0x00106cf4         Code  Gb  os_cpu_a.o [1]
OS_CPU_ARM_ExceptSwiHndlr
                        0x00106ce4         Code  Gb  os_cpu_a.o [1]
OS_CPU_ARM_ExceptUndefInstrHndlr
                        0x00106cd4         Code  Gb  os_cpu_a.o [1]
OS_CPU_ExceptHndlr      0x00103650   0xdc  Code  Gb  bsp.o [1]
OS_CPU_ExceptStk        0x00204fb0  0x200  Data  Gb  os_cpu_c.o [1]
OS_CPU_ExceptStkBase    0x00206218    0x4  Data  Gb  os_cpu_c.o [1]
OS_CPU_ExceptStkPtr     0x0020621c    0x4  Data  Gb  os_cpu_c.o [1]
OS_CPU_InitExceptVect   0x0010f578   0xac  Code  Gb  os_cpu_c.o [1]
OS_CPU_SR_FIQ_Dis       0x00106fc4         Code  Gb  os_cpu_a.o [1]
OS_CPU_SR_FIQ_En        0x00106fb4         Code  Gb  os_cpu_a.o [1]
OS_CPU_SR_INT_Dis       0x00106f84         Code  Gb  os_cpu_a.o [1]
OS_CPU_SR_INT_En        0x00106f74         Code  Gb  os_cpu_a.o [1]
[...]
OS_SchedNew             0x0010b454   0x44  Code  Lc  os_core.o [1]
OS_TCBInit              0x0010b650  0x220  Code  Gb  os_core.o [1]
OS_TaskIdle             0x0010b49c   0x38  Code  Gb  os_core.o [1]
OS_TaskReturn           0x0010e95c   0x20  Code  Gb  os_task.o [1]
OS_TaskStat             0x0010b4d8   0xc4  Code  Gb  os_core.o [1]
OS_TaskStatStkChk       0x0010b5a8   0x94  Code  Gb  os_core.o [1]
OS_TaskStkClr           0x0010e99c   0x30  Code  Gb  os_task.o [1]
OutStream_Write         0x001154af   0x46  Code  Lc  lz77_init.o [5]
PIO_Clear               0x0010bb60   0x10  Code  Gb  pio.o [1]
PIO_Configure           0x0010ba40  0x110  Code  Gb  pio.o [1]
PIO_Get                 0x0010bb70   0x54  Code  Gb  pio.o [1]
PIO_GetOutputDataStatus
                        0x0010bbc4   0x28  Code  Gb  pio.o [1]
PIO_Set                 0x0010bb50   0x10  Code  Gb  pio.o [1]
PIO_SetInput            0x0010b988   0x48  Code  Lc  pio.o [1]
PIO_SetOutput           0x0010b9d0   0x70  Code  Lc  pio.o [1]
PIO_SetPeripheralA      0x0010b930   0x2c  Code  Lc  pio.o [1]
PIO_SetPeripheralB      0x0010b95c   0x2c  Code  Lc  pio.o [1]
PM_LegacyRead           0x0010c4b4  0x284  Code  Gb  mem_basic.o [1]
PM_SingleWrite          0x0010c184   0xbc  Code  Gb  mem_basic.o [1]
PcCmdTxID               0x002062b9    0x1  Data  Gb  task_uart_tx.o [1]
PcCmdTxID_Ruler         0x00206288    0x4  Data  Gb  task_uart_tx_ruler.o [1]
PinBuzzer               0x0020068c    0xc  Data  Lc  bsp.o [1]
Pin_Reset_Audio_MCU     0x00107818   0x2c  Code  Gb  gpio.o [1]
Pin_Reset_FM36          0x001077ec   0x2c  Code  Gb  gpio.o [1]
Port_Detect_Enable      0x00109994   0x30  Code  Gb  task_user_if.o [1]
Queue_Create            0x00104b60   0x80  Code  Gb  queue.o [1]
Queue_Flush             0x00104fc8   0x48  Code  Gb  queue.o [1]
Queue_NData             0x00104f80   0x48  Code  Gb  queue.o [1]
Queue_Read              0x00104be0   0xa0  Code  Gb  queue.o [1]
Queue_ReadBuf           0x00104c80  0x150  Code  Gb  queue.o [1]
Queue_Write             0x00104dd0   0xa0  Code  Gb  queue.o [1]
Queue_WriteBuf          0x00104e70  0x110  Code  Gb  queue.o [1]
ReadCMFunc              0x00112e1c   0xac  Code  Gb  commands.o [1]
ReadDMFunc              0x00112c88   0xac  Code  Gb  commands.o [1]
ReadDSPREGFunc          0x00113120   0xac  Code  Gb  commands.o [1]
ReadHostREGFunc         0x001132d4   0xac  Code  Gb  commands.o [1]
ReadPMFunc              0x00112f98   0xb4  Code  Gb  commands.o [1]
Read_Flash_State        0x001020b0   0x20  Code  Gb  ruler.o [1]
Read_Mic_Cali_Data      0x00101738  0x168  Code  Gb  ruler.o [1]
Read_Ruler_Info         0x00101354  0x15c  Code  Gb  ruler.o [1]
Read_Ruler_Status       0x001011b8  0x178  Code  Gb  ruler.o [1]
RebootFunc              0x00112c3c   0x4c  Code  Gb  commands.o [1]
Region$$Table$$Base     0x00116fbc          --   Gb  - Linker created -
Region$$Table$$Limit    0x00117004          --   Gb  - Linker created -
Reset_Audio             0x00100bdc   0xb4  Code  Gb  ruler.o [1]
Reset_Mic_Mask          0x0010290c  0x130  Code  Gb  ruler.o [1]
Revert_patch_Endien     0x001063ec   0x1c  Code  Lc  dsp.o [1]
Ruler_Active_Control    0x00101cec  0x1cc  Code  Gb  ruler.o [1]
Ruler_CMD_Result        0x002062b5    0x1  Data  Gb  ruler.o [1]
Ruler_POST              0x00102d1c   0xdc  Code  Gb  ruler.o [1]
Ruler_Port_LED_Service  0x00102a58  0x140  Code  Gb  ruler.o [1]
Ruler_Power_Switch      0x00107660   0x40  Code  Gb  gpio.o [1]
Ruler_Setup_Sync_Data   0x002062b6    0x1  Data  Gb  ruler.o [1]
Ruler_State_Previous    0x002061d0    0x4  Data  Lc  noah_cmd.o [1]
SR_Support              0x002006a4    0x8  Data  Gb  codec.o [1]
SVC_STACK$$Base         0x002064c0          --   Gb  - Linker created -
SVC_STACK$$Limit        0x002066c0          --   Gb  - Linker created -
Save_Ruler_FW           0x00102134  0x1fc  Code  Gb  ruler.o [1]
Send_DACK               0x00108214   0x4c  Code  Gb  noah_cmd.o [1]
Send_GACK               0x00108260   0x4c  Code  Gb  noah_cmd.o [1]
Set_Volume              0x001027a8  0x15c  Code  Gb  ruler.o [1]
Setup_Audio             0x001005c4  0x38c  Code  Gb  ruler.o [1]
Setup_Ruler             0x00100e68  0x18c  Code  Gb  ruler.o [1]
ShellComms              0x002059b0  0x130  Data  Gb  commands.o [1]
Start_Audio             0x00100950  0x148  Code  Gb  ruler.o [1]
Stop_Audio              0x00100a98  0x144  Code  Gb  ruler.o [1]
Str_CmpIgnoreCase       0x00113824   0x34  Code  Gb  lib_str.o [1]
Str_CmpIgnoreCase_N     0x00113858  0x360  Code  Gb  lib_str.o [1]
Str_MultOvfThTbl_Int32U
                        0x0011596c   0x94  Data  Lc  lib_str.o [1]
Str_ParseNbr_Int32      0x00113bf8  0x398  Code  Lc  lib_str.o [1]
Str_ParseNbr_Int32U     0x00113bb8   0x40  Code  Gb  lib_str.o [1]
TWID_Handler            0x00109fa0  0x190  Code  Gb  twid.o [1]
TWID_Initialize         0x00109f90   0x10  Code  Gb  twid.o [1]
TWID_Read               0x0010a130  0x238  Code  Gb  twid.o [1]
TWID_Write              0x0010a368  0x218  Code  Gb  twid.o [1]
TWI_ByteReceived        0x0010f310   0x14  Code  Gb  twi.o [1]
TWI_ByteSent            0x0010f324   0x14  Code  Gb  twi.o [1]
TWI_ConfigureMaster     0x0010f190   0xb0  Code  Gb  twi.o [1]
TWI_DisableIt           0x0010f350    0x8  Code  Gb  twi.o [1]
TWI_EnableIt            0x0010f348    0x8  Code  Gb  twi.o [1]
TWI_GetMaskedStatus     0x0010f358   0x18  Code  Gb  twi.o [1]
TWI_Init                0x0010a580   0xc8  Code  Gb  twid.o [1]
TWI_ReadByte            0x0010f294    0xc  Code  Gb  twi.o [1]
TWI_Sem_done            0x00206294    0x4  Data  Gb  twid.o [1]
TWI_Sem_lock            0x00206290    0x4  Data  Gb  twid.o [1]
TWI_StartRead           0x0010f24c   0x48  Code  Gb  twi.o [1]
TWI_StartWrite          0x0010f2b0   0x60  Code  Gb  twi.o [1]
TWI_Stop                0x0010f240    0xc  Code  Gb  twi.o [1]
TWI_TransferComplete    0x0010f338   0x10  Code  Gb  twi.o [1]
TWI_WriteByte           0x0010f2a0   0x10  Code  Gb  twi.o [1]
TaskFunc                0x0011293c   0x9c  Code  Gb  commands.o [1]
Task_ReCreate_Shell     0x0010eff8   0x60  Code  Gb  app.o [1]
Time_Stamp              0x00103e04   0xac  Code  Gb  bsp.o [1]
Timer_Init              0x0010a824   0x34  Code  Gb  timer.o [1]
Toggle_Mic              0x00102594  0x20c  Code  Gb  ruler.o [1]
Tx_ReSend_Happens       0x00206278    0x4  Data  Gb  task_uart_tx.o [1]
Tx_ReSend_Happens_Ruler
                        0x00206284    0x4  Data  Gb  task_uart_tx_ruler.o [1]
UART0_Rece_Buf          0x002053b0  0x200  Data  Gb  uart.o [1]
UART0_Rece_Buf_PDC      0x002060a4   0x20  Data  Gb  uart.o [1]
UART0_Send_Buf          0x002051b0  0x200  Data  Gb  uart.o [1]
UART0_Send_Buf_PDC      0x00206084   0x20  Data  Gb  uart.o [1]
UART1_Mixer             0x001076a0   0x94  Code  Gb  gpio.o [1]
UART1_Rece_Buf          0x002057b0  0x200  Data  Gb  uart.o [1]
UART1_Rece_Buf_PDC      0x002060e4   0x20  Data  Gb  uart.o [1]
UART1_Send_Buf          0x002055b0  0x200  Data  Gb  uart.o [1]
UART1_Send_Buf_PDC      0x002060c4   0x20  Data  Gb  uart.o [1]
UART2_Rece_Buf          0x00205f7c   0x40  Data  Gb  uart.o [1]
UART2_Rece_Buf_PDC      0x00206124   0x20  Data  Gb  uart.o [1]
UART2_Send_Buf          0x00205f3c   0x40  Data  Gb  uart.o [1]
UART2_Send_Buf_PDC      0x00206104   0x20  Data  Gb  uart.o [1]
UART_Init               0x00105764  0x330  Code  Gb  uart.o [1]
UART_MUX_Sem_lock       0x0020624c    0x4  Data  Gb  task_noah_ruler.o [1]
UART_PID                0x00117e14    0x4  Data  Lc  uart.o [1]
UART_PINS               0x00116f98   0x24  Data  Lc  uart.o [1]
UART_Rece_Buf_Size      0x00117c64    0xc  Data  Lc  uart.o [1]
UART_Send_Buf_Size      0x00117c58    0xc  Data  Lc  uart.o [1]
UART_WriteStart         0x00105a94  0x154  Code  Gb  uart.o [1]
UND_STACK$$Base         0x00207700          --   Gb  - Linker created -
UND_STACK$$Limit        0x00207740          --   Gb  - Linker created -
USART_Configure         0x00105f30   0x4c  Code  Gb  uart.o [1]
USART_ReadBuffer        0x00106024   0x58  Code  Lc  uart.o [1]
USART_Read_Timeout      0x0010607c  0x148  Code  Gb  uart.o [1]
USART_Sem               0x0020619c    0xc  Data  Lc  uart.o [1]
USART_SendBuf           0x0010625c   0x98  Code  Gb  uart.o [1]
USART_SendByte          0x001061c4   0x98  Code  Gb  uart.o [1]
USART_SetReceiverEnabled
                        0x00105fa4   0x28  Code  Gb  uart.o [1]
USART_SetTransmitterEnabled
                        0x00105f7c   0x28  Code  Gb  uart.o [1]
USART_WriteBuffer       0x00105fcc   0x58  Code  Lc  uart.o [1]
Unlock_PM               0x0010c06c   0x84  Code  Lc  mem_basic.o [1]
Update_Mic_Mask         0x00101b38  0x19c  Code  Gb  ruler.o [1]
Update_Ruler_FW         0x00102344  0x244  Code  Gb  ruler.o [1]
Watch_Mic_Revert        0x001002e8   0xbc  Code  Gb  ruler.o [1]
WriteCMFunc             0x00112ec8   0xd0  Code  Gb  commands.o [1]
WriteDMFunc             0x00112d34   0xe4  Code  Gb  commands.o [1]
WriteDSPREGFunc         0x001131cc  0x108  Code  Gb  commands.o [1]
WriteGPIOFunc           0x00112b10   0xac  Code  Gb  commands.o [1]
WriteHostREGFunc        0x001133bc  0x108  Code  Gb  commands.o [1]
WritePMFunc             0x0011304c   0xd4  Code  Gb  commands.o [1]
Write_Flash_State       0x001020d0   0x54  Code  Gb  ruler.o [1]
Write_Mic_Cali_Data     0x001018c4  0x24c  Code  Gb  ruler.o [1]
Write_Ruler_FW          0x001134f8   0x84  Code  Gb  commands.o [1]
Write_Ruler_Info        0x001014e0  0x23c  Code  Gb  ruler.o [1]
Xmodem_Transmit         0x00109a7c  0x330  Code  Gb  Xmodem.o [1]
_GenldFullNoMb          0x00111130  0x3d0  Code  Lc  xprintffull_nomb.o [3]
_LdtobFullNoMb          0x00110a6c  0x6b8  Code  Lc  xprintffull_nomb.o [3]
_LitobFullNoMb          0x001108b4  0x1ac  Code  Lc  xprintffull_nomb.o [3]
_Locale_aeabi_lconv     0x00200654   0x38  Data  Gb  localeconv.o [3]
_Locale_lconv           0x00200604   0x50  Data  Gb  localeconv.o [3]
_PrintfFullNoMb         0x0010fe90  0xa24  Code  Gb  xprintffull_nomb.o [3]
_PutcharsFullNoMb       0x00111500   0x60  Code  Lc  xprintffull_nomb.o [3]
_SProut                 0x001179c4   0x14  Code  Gb  xsprout.o [3]
__ICFEDIT_region_RAM_end__ {Abs}
                        0x00207fff          --   Gb  command line/config [2]
__ICFEDIT_region_RAM_start__ {Abs}
                        0x00200000          --   Gb  command line/config [2]
__ICFEDIT_region_ROM_end__ {Abs}
                        0x0013ffff          --   Gb  command line/config [2]
__ICFEDIT_region_ROM_start__ {Abs}
                        0x00100000          --   Gb  command line/config [2]
__ICFEDIT_size_cstack__ {Abs}
                        0x00001000          --   Gb  command line/config [2]
__ICFEDIT_size_heap__ {Abs}
                        0x00000200          --   Gb  command line/config [2]
__ICFEDIT_size_irqstack__ {Abs}
                        0x00000200          --   Gb  command line/config [2]
__ICFEDIT_size_startup__ {Abs}
                        0x00000200          --   Gb  command line/config [2]
__ICFEDIT_size_vectors__ {Abs}
                        0x00000200          --   Gb  command line/config [2]
__aeabi_cdcmple         0x00111b98         Code  Gb  DblCmpLe.o [4]
__aeabi_cdrcmple        0x00111bd0         Code  Gb  DblCmpGe.o [4]
__aeabi_d2f             0x0010bf34         Code  Gb  DblToFlt.o [4]
__aeabi_d2iz            0x00111de8         Code  Gb  DblToS32.o [4]
__aeabi_d2uiz           0x00112230         Code  Gb  DblToU32.o [4]
__aeabi_ddiv            0x0010bbfc         Code  Gb  DblDiv.o [4]
__aeabi_dmul            0x00112038         Code  Gb  DblMul.o [4]
__aeabi_dsub            0x00111e48         Code  Gb  DblSub.o [4]
__aeabi_f2iz            0x0010bfe0         Code  Gb  FltToS32.o [4]
__aeabi_i2d             0x001115a4         Code  Gb  S32ToDbl.o [4]
__aeabi_idiv            0x00109dbc         Code  Gb  I32DivMod.o [5]
__aeabi_idiv0           0x0010f18c         Code  Gb  IntDivZer.o [5]
__aeabi_idivmod         0x00109dbc         Code  Gb  I32DivMod.o [5]
__aeabi_ldiv0           0x001124d8         Code  Gb  I64DivZer.o [5]
__aeabi_memcpy          0x0010930c         Code  Gb  ABImemcpy.o [5]
__aeabi_memcpy4         0x00109330         Code  Gb  ABImemcpy.o [5]
__aeabi_memcpy8         0x00109330         Code  Gb  ABImemcpy.o [5]
__aeabi_memset          0x0010dd78         Code  Gb  ABImemset.o [5]
__aeabi_ui2d            0x0010bbec         Code  Gb  U32ToDbl.o [4]
__aeabi_uidiv           0x00109dec         Code  Gb  I32DivMod.o [5]
__aeabi_uidivmod        0x00109dec         Code  Gb  I32DivMod.o [5]
__aeabi_uldivmod        0x00111a48         Code  Gb  I64DivMod.o [5]
__cmain                 0x00116ac4         Code  Gb  cmain.o [5]
__exit                  0x00115664         Code  Gb  XXexit.o [5]
__iar_Dnorm             0x00111b1c   0x7c  Code  Gb  xdnorm.o [4]
__iar_Dscale            0x00111c08  0x1e0  Code  Gb  xdscale.o [4]
__iar_Locale_lconv_init
                        0x0011226c   0x64  Code  Gb  localeconv.o [3]
__iar_Memchr            0x001119b4         Code  Gb  memchr.o [5]
__iar_Memset            0x0010dd78         Code  Gb  ABImemset.o [5]
__iar_Memset_word       0x0010dd84         Code  Gb  ABImemset.o [5]
__iar_Strchr            0x00111994         Code  Gb  strchr.o [5]
__iar_dadd              0x001124dc         Code  Gb  DblAdd.o [4]
__iar_data_init3        0x00116745   0x30  Code  Gb  data_init.o [5]
__iar_dsub              0x00111e58         Code  Gb  DblSub.o [4]
__iar_dsubStart         0x00111e78         Code  Gb  DblSub.o [4]
__iar_i2d               0x001115b8         Code  Gb  S32ToDbl.o [4]
__iar_lz77_init3        0x001154f5  0x164  Code  Gb  lz77_init.o [5]
__iar_program_start     0x00100000         Code  Gb  cstartup.o [1]
__iar_zero_init3        0x0011157b   0x2a  Code  Gb  zero_init3.o [5]
__vector                0x00200000         Code  Gb  cstartup.o [1]
_call_main              0x00116ad8         Code  Gb  cmain.o [5]
_exit                   0x00116af4         Code  Gb  cexit.o [5]
_main                   0x00116ae0         Code  Gb  cmain.o [5]
abort                   0x0011565c    0x8  Code  Gb  abort.o [3]
calc_crc                0x00109a04   0x74  Code  Lc  Xmodem.o [1]
div                     0x00112318   0x38  Code  Gb  div.o [3]
emb_append_attr_string  0x0010db94   0x68  Code  Gb  emb.o [1]
emb_append_attr_uint    0x0010db2c   0x68  Code  Gb  emb.o [1]
emb_append_end          0x0010dbfc   0x40  Code  Gb  emb.o [1]
emb_attach              0x0010d190   0x14  Code  Gb  emb.o [1]
emb_encode_fixed        0x0010da74   0x44  Code  Lc  emb.o [1]
emb_encode_header       0x0010d9fc   0x78  Code  Lc  emb.o [1]
emb_encode_string       0x0010dab8   0x34  Code  Lc  emb.o [1]
emb_encode_uint         0x0010d9ac   0x50  Code  Lc  emb.o [1]
emb_get_attr_binary     0x0010d960   0x4c  Code  Gb  emb.o [1]
emb_get_attr_int        0x0010d8dc   0x44  Code  Gb  emb.o [1]
emb_get_attr_string     0x0010d920   0x40  Code  Gb  emb.o [1]
emb_get_binary          0x0010d864   0x78  Code  Gb  emb.o [1]
emb_get_id              0x0010d730   0x38  Code  Gb  emb.o [1]
emb_get_int             0x0010d768   0x94  Code  Gb  emb.o [1]
emb_get_node            0x0010d5c0   0xbc  Code  Lc  emb.o [1]
emb_get_node_replace    0x0010d67c   0xb4  Code  Gb  emb.o [1]
emb_get_string          0x0010d7fc   0x68  Code  Gb  emb.o [1]
emb_init_builder        0x0010daec   0x40  Code  Gb  emb.o [1]
emb_parse_binary        0x0010d2a4   0x58  Code  Lc  emb.o [1]
emb_parse_id_type       0x0010d2fc   0x98  Code  Lc  emb.o [1]
emb_parse_sint          0x0010d1fc   0x70  Code  Lc  emb.o [1]
emb_parse_string        0x0010d26c   0x38  Code  Lc  emb.o [1]
emb_parse_uint          0x0010d1a4   0x58  Code  Lc  emb.o [1]
emb_skip_binary         0x0010d450   0x4c  Code  Lc  emb.o [1]
emb_skip_element        0x0010d49c   0x84  Code  Lc  emb.o [1]
emb_skip_fixed          0x0010d400   0x20  Code  Lc  emb.o [1]
emb_skip_header         0x0010d3c4   0x3c  Code  Lc  emb.o [1]
emb_skip_int            0x0010d394   0x30  Code  Lc  emb.o [1]
emb_skip_node           0x0010d520   0xa0  Code  Lc  emb.o [1]
emb_skip_string         0x0010d420   0x30  Code  Lc  emb.o [1]
exit                    0x00116af0    0x4  Code  Gb  exit.o [3]
flag_power_lose         0x002006b4    0x1  Data  Lc  dsp.o [1]
flushinput              0x00109a78    0x4  Code  Lc  Xmodem.o [1]
fm36_para_table_3       0x00200470   0xf0  Data  Lc  dsp.o [1]
fm36_patch_code_3       0x00200200  0x15c  Data  Lc  dsp.o [1]
fw_version              0x00117b68    0xc  Data  Gb  bsp.o [1]
get_os_state            0x00103bb8   0x64  Code  Gb  bsp.o [1]
hw_model                0x00117cfc    0x8  Data  Gb  bsp.o [1]
hw_version              0x00117b74    0xc  Data  Gb  bsp.o [1]
localeconv              0x001122d0   0x2c  Code  Gb  localeconv.o [3]
main                    0x0010e9cc   0x74  Code  Gb  app.o [1]
memchr                  0x001119b4         Code  Gb  memchr.o [5]
memcpy                  0x0010d178   0x18  Code  Gb  memcpy.o [3]
memset                  0x00109618   0x28  Code  Gb  memset.o [3]
mic_num_saved           0x002061c8    0x4  Data  Lc  dsp.o [1]
min                     0x0010dd3c   0x1c  Code  Gb  math.o [1]
numGpios                0x00117df4    0x4  Data  Lc  gpio.o [1]
numLeds                 0x00117df8    0x4  Data  Lc  led.o [1]
os_stat_desp            0x00116424   0x38  Data  Gb  bsp.o [1]
pMEM_Part_MsgUART       0x0020626c    0x4  Data  Gb  task_uart_tx.o [1]
pPageBuffer             0x00205be0  0x100  Data  Lc  flashd_efc.o [1]
pTCREG                  0x00200698    0xc  Data  Lc  timer.o [1]
pUARTREG                0x00117c1c    0xc  Data  Lc  uart.o [1]
pUART_Rece_Buf          0x00117c34    0xc  Data  Gb  uart.o [1]
pUART_Rece_Buf_PDC      0x00117c4c    0xc  Data  Gb  uart.o [1]
pUART_Send_Buf          0x00117c28    0xc  Data  Gb  uart.o [1]
pUART_Send_Buf_PDC      0x00117c40    0xc  Data  Gb  uart.o [1]
pcSendDateToBuf         0x00107cc8  0x1fc  Code  Gb  noah_cmd.o [1]
pinsBuzzer              0x00117bbc    0xc  Data  Lc  led.o [1]
pinsGpios               0x0020035c  0x114  Data  Lc  gpio.o [1]
pinsLeds                0x00115f44   0x48  Data  Lc  led.o [1]
pinsSwitches            0x001177d8   0x18  Data  Lc  gpio.o [1]
port_enable             0x002006b6    0x1  Data  Lc  task_user_if.o [1]
power                   0x0010dd58   0x20  Code  Gb  math.o [1]
ppcer_offset            0x002006b0    0x4  Data  Lc  timer.o [1]
sr_saved                0x002061c4    0x4  Data  Lc  dsp.o [1]
strcat                  0x0010dc3c   0x30  Code  Gb  strcat.o [3]
strchr                  0x00111994         Code  Gb  strchr.o [5]
strcpy                  0x001095ac         Code  Gb  strcpy.o [5]
strlen                  0x00111604         Code  Gb  strlen.o [5]
test_counter1           0x00206258    0x4  Data  Gb  task_noah_ruler.o [1]
test_counter2           0x0020625c    0x4  Data  Gb  task_noah_ruler.o [1]
test_counter3           0x00206260    0x4  Data  Gb  task_noah_ruler.o [1]
test_counter4           0x00206264    0x4  Data  Gb  task_noah_ruler.o [1]
test_counter5           0x00206268    0x4  Data  Gb  task_noah_ruler.o [1]
twi_async               0x0020615c   0x14  Data  Gb  twid.o [1]
twi_pins                0x00117c10    0xc  Data  Lc  twid.o [1]
twid                    0x002061b0    0x8  Data  Gb  twid.o [1]
vsprintf                0x0010b8e4   0x4c  Code  Gb  vsprintf.o [3]


[1] = F:\SVN Dir\PQ\iSAM Test Bench\Bridge_Host_OS\APP\FLASH\Obj
[2] = command line
[3] = dl4t_alf.a
[4] = m4t_al.a
[5] = rt4t_al.a

  87 966 bytes of readonly  code memory
     228 bytes of readwrite code memory
  10 453 bytes of readonly  data memory
  29 909 bytes of readwrite data memory

Errors: none
Warnings: none
