###############################################################################
#
# IAR ELF Linker V7.10.3.6832/W32 for ARM                 13/Jun/2014  16:27:52
# Copyright 2007-2014 IAR Systems AB.
#
#    Output file  =  
#        E:\SVN Dir\PQ\iSAM Test
#        Bench\Bridge_Host_OS\APP\FLASH\Exe\AT91SAM7X256-OS-Probe-v5-2.out
#    Map file     =  
#        E:\SVN Dir\PQ\iSAM Test
#        Bench\Bridge_Host_OS\APP\FLASH\List\AT91SAM7X256-OS-Probe-v5-2.map
#    Command line =  
#        "E:\SVN Dir\PQ\iSAM Test Bench\Bridge_Host_OS\APP\FLASH\Obj\app.o"
#        "E:\SVN Dir\PQ\iSAM Test
#        Bench\Bridge_Host_OS\APP\FLASH\Obj\app_hooks.o" "E:\SVN Dir\PQ\iSAM
#        Test Bench\Bridge_Host_OS\APP\FLASH\Obj\app_probe.o" "E:\SVN
#        Dir\PQ\iSAM Test Bench\Bridge_Host_OS\APP\FLASH\Obj\async.o" "E:\SVN
#        Dir\PQ\iSAM Test Bench\Bridge_Host_OS\APP\FLASH\Obj\bsp.o" "E:\SVN
#        Dir\PQ\iSAM Test Bench\Bridge_Host_OS\APP\FLASH\Obj\codec.o" "E:\SVN
#        Dir\PQ\iSAM Test Bench\Bridge_Host_OS\APP\FLASH\Obj\commands.o"
#        "E:\SVN Dir\PQ\iSAM Test Bench\Bridge_Host_OS\APP\FLASH\Obj\cpu_a.o"
#        "E:\SVN Dir\PQ\iSAM Test
#        Bench\Bridge_Host_OS\APP\FLASH\Obj\cpu_core.o" "E:\SVN Dir\PQ\iSAM
#        Test Bench\Bridge_Host_OS\APP\FLASH\Obj\cstartup.o" "E:\SVN
#        Dir\PQ\iSAM Test Bench\Bridge_Host_OS\APP\FLASH\Obj\dsp.o" "E:\SVN
#        Dir\PQ\iSAM Test Bench\Bridge_Host_OS\APP\FLASH\Obj\efc.o" "E:\SVN
#        Dir\PQ\iSAM Test Bench\Bridge_Host_OS\APP\FLASH\Obj\emb.o" "E:\SVN
#        Dir\PQ\iSAM Test Bench\Bridge_Host_OS\APP\FLASH\Obj\flashd_efc.o"
#        "E:\SVN Dir\PQ\iSAM Test Bench\Bridge_Host_OS\APP\FLASH\Obj\gpio.o"
#        "E:\SVN Dir\PQ\iSAM Test Bench\Bridge_Host_OS\APP\FLASH\Obj\led.o"
#        "E:\SVN Dir\PQ\iSAM Test
#        Bench\Bridge_Host_OS\APP\FLASH\Obj\lib_ascii.o" "E:\SVN Dir\PQ\iSAM
#        Test Bench\Bridge_Host_OS\APP\FLASH\Obj\lib_math.o" "E:\SVN
#        Dir\PQ\iSAM Test Bench\Bridge_Host_OS\APP\FLASH\Obj\lib_mem.o" "E:\SVN
#        Dir\PQ\iSAM Test Bench\Bridge_Host_OS\APP\FLASH\Obj\lib_mem_a.o"
#        "E:\SVN Dir\PQ\iSAM Test Bench\Bridge_Host_OS\APP\FLASH\Obj\lib_str.o"
#        "E:\SVN Dir\PQ\iSAM Test Bench\Bridge_Host_OS\APP\FLASH\Obj\math.o"
#        "E:\SVN Dir\PQ\iSAM Test
#        Bench\Bridge_Host_OS\APP\FLASH\Obj\mem_basic.o" "E:\SVN Dir\PQ\iSAM
#        Test Bench\Bridge_Host_OS\APP\FLASH\Obj\noah_cmd.o" "E:\SVN
#        Dir\PQ\iSAM Test Bench\Bridge_Host_OS\APP\FLASH\Obj\os_core.o" "E:\SVN
#        Dir\PQ\iSAM Test Bench\Bridge_Host_OS\APP\FLASH\Obj\os_cpu_a.o"
#        "E:\SVN Dir\PQ\iSAM Test
#        Bench\Bridge_Host_OS\APP\FLASH\Obj\os_cpu_c.o" "E:\SVN Dir\PQ\iSAM
#        Test Bench\Bridge_Host_OS\APP\FLASH\Obj\os_dbg.o" "E:\SVN Dir\PQ\iSAM
#        Test Bench\Bridge_Host_OS\APP\FLASH\Obj\os_dcc.o" "E:\SVN Dir\PQ\iSAM
#        Test Bench\Bridge_Host_OS\APP\FLASH\Obj\os_flag.o" "E:\SVN Dir\PQ\iSAM
#        Test Bench\Bridge_Host_OS\APP\FLASH\Obj\os_mbox.o" "E:\SVN Dir\PQ\iSAM
#        Test Bench\Bridge_Host_OS\APP\FLASH\Obj\os_mem.o" "E:\SVN Dir\PQ\iSAM
#        Test Bench\Bridge_Host_OS\APP\FLASH\Obj\os_mutex.o" "E:\SVN
#        Dir\PQ\iSAM Test Bench\Bridge_Host_OS\APP\FLASH\Obj\os_probe.o"
#        "E:\SVN Dir\PQ\iSAM Test Bench\Bridge_Host_OS\APP\FLASH\Obj\os_q.o"
#        "E:\SVN Dir\PQ\iSAM Test Bench\Bridge_Host_OS\APP\FLASH\Obj\os_sem.o"
#        "E:\SVN Dir\PQ\iSAM Test Bench\Bridge_Host_OS\APP\FLASH\Obj\os_task.o"
#        "E:\SVN Dir\PQ\iSAM Test Bench\Bridge_Host_OS\APP\FLASH\Obj\os_time.o"
#        "E:\SVN Dir\PQ\iSAM Test Bench\Bridge_Host_OS\APP\FLASH\Obj\os_tmr.o"
#        "E:\SVN Dir\PQ\iSAM Test Bench\Bridge_Host_OS\APP\FLASH\Obj\pio.o"
#        "E:\SVN Dir\PQ\iSAM Test Bench\Bridge_Host_OS\APP\FLASH\Obj\pio_it.o"
#        "E:\SVN Dir\PQ\iSAM Test
#        Bench\Bridge_Host_OS\APP\FLASH\Obj\probe_com.o" "E:\SVN Dir\PQ\iSAM
#        Test Bench\Bridge_Host_OS\APP\FLASH\Obj\probe_com_os.o" "E:\SVN
#        Dir\PQ\iSAM Test
#        Bench\Bridge_Host_OS\APP\FLASH\Obj\probe_demo_intro.o" "E:\SVN
#        Dir\PQ\iSAM Test Bench\Bridge_Host_OS\APP\FLASH\Obj\probe_rs232.o"
#        "E:\SVN Dir\PQ\iSAM Test
#        Bench\Bridge_Host_OS\APP\FLASH\Obj\probe_rs232_os.o" "E:\SVN
#        Dir\PQ\iSAM Test Bench\Bridge_Host_OS\APP\FLASH\Obj\probe_rs232c.o"
#        "E:\SVN Dir\PQ\iSAM Test Bench\Bridge_Host_OS\APP\FLASH\Obj\queue.o"
#        "E:\SVN Dir\PQ\iSAM Test Bench\Bridge_Host_OS\APP\FLASH\Obj\ruler.o"
#        "E:\SVN Dir\PQ\iSAM Test Bench\Bridge_Host_OS\APP\FLASH\Obj\spi.o"
#        "E:\SVN Dir\PQ\iSAM Test
#        Bench\Bridge_Host_OS\APP\FLASH\Obj\task_cmd_parse.o" "E:\SVN
#        Dir\PQ\iSAM Test Bench\Bridge_Host_OS\APP\FLASH\Obj\task_joy.o"
#        "E:\SVN Dir\PQ\iSAM Test
#        Bench\Bridge_Host_OS\APP\FLASH\Obj\task_noah.o" "E:\SVN Dir\PQ\iSAM
#        Test Bench\Bridge_Host_OS\APP\FLASH\Obj\task_noah_ruler.o" "E:\SVN
#        Dir\PQ\iSAM Test Bench\Bridge_Host_OS\APP\FLASH\Obj\task_shell.o"
#        "E:\SVN Dir\PQ\iSAM Test
#        Bench\Bridge_Host_OS\APP\FLASH\Obj\task_uart_rx.o" "E:\SVN Dir\PQ\iSAM
#        Test Bench\Bridge_Host_OS\APP\FLASH\Obj\task_uart_tx.o" "E:\SVN
#        Dir\PQ\iSAM Test
#        Bench\Bridge_Host_OS\APP\FLASH\Obj\task_uart_tx_ruler.o" "E:\SVN
#        Dir\PQ\iSAM Test Bench\Bridge_Host_OS\APP\FLASH\Obj\task_user_if.o"
#        "E:\SVN Dir\PQ\iSAM Test Bench\Bridge_Host_OS\APP\FLASH\Obj\timer.o"
#        "E:\SVN Dir\PQ\iSAM Test Bench\Bridge_Host_OS\APP\FLASH\Obj\twi.o"
#        "E:\SVN Dir\PQ\iSAM Test Bench\Bridge_Host_OS\APP\FLASH\Obj\twid.o"
#        "E:\SVN Dir\PQ\iSAM Test Bench\Bridge_Host_OS\APP\FLASH\Obj\uart.o"
#        "E:\SVN Dir\PQ\iSAM Test Bench\Bridge_Host_OS\APP\FLASH\Obj\Xmodem.o"
#        -o "E:\SVN Dir\PQ\iSAM Test
#        Bench\Bridge_Host_OS\APP\FLASH\Exe\AT91SAM7X256-OS-Probe-v5-2.out"
#        --map "E:\SVN Dir\PQ\iSAM Test
#        Bench\Bridge_Host_OS\APP\FLASH\List\AT91SAM7X256-OS-Probe-v5-2.map"
#        --config "E:\SVN Dir\PQ\iSAM Test
#        Bench\Bridge_Host_OS\APP\..\BSP\AT91SAM7A3_Flash.icf" --entry
#        __iar_program_start --inline --vfe
#
###############################################################################

*******************************************************************************
*** RUNTIME MODEL ATTRIBUTES
***

CppFlavor       = *
__SystemLibrary = DLib


*******************************************************************************
*** PLACEMENT SUMMARY
***

"P1":  place in [from 0x00100000 to 0x001001ff] { section .cstartup };
"P2":  place in [from 0x00100200 to 0x0013ffff] { ro };
"P3":  place in [from 0x00200000 to 0x002001ff] { section .vectors };
"P4":  place in [from 0x00200200 to 0x00207fff] {
          rw, block IRQ_STACK, block SVC_STACK, block CSTACK, block FIQ_STACK,
          block UND_STACK, block ABT_STACK, block HEAP };

  Section             Kind        Address     Size  Object
  -------             ----        -------     ----  ------
"P1":                                         0xa0
  .cstartup           ro code  0x00100000     0xa0  cstartup.o [1]
                             - 0x001000a0     0xa0

"P2":                                      0x17559
  .text               ro code  0x00100200   0x263c  ruler.o [1]
  .text               ro code  0x0010283c    0x7a0  os_q.o [1]
  .text               ro code  0x00102fdc     0xd4  os_time.o [1]
  .text               ro code  0x001030b0   0x139c  bsp.o [1]
  .text               ro code  0x0010444c    0x4b0  queue.o [1]
  .text               ro code  0x001048fc    0xc88  uart.o [1]
  .text               ro code  0x00105584    0x710  codec.o [1]
  .text               ro code  0x00105c94    0x73c  dsp.o [1]
  CODE                ro code  0x001063d0    0x418  os_cpu_a.o [1]
  .text               ro code  0x001067e8    0x570  os_sem.o [1]
  .text               ro code  0x00106d58    0x390  gpio.o [1]
  .text               ro code  0x001070e8   0x17fc  noah_cmd.o [1]
  .text               ro code  0x001088e4    0x1a0  flashd_efc.o [1]
  .text               ro code  0x00108a84     0xd4  ABImemcpy.o [5]
  .text               ro code  0x00108b58    0x1cc  led.o [1]
  .text               ro code  0x00108d24     0x6c  strcpy.o [5]
  .text               ro code  0x00108d90     0x28  memset.o [3]
  .text               ro code  0x00108db8    0x3a0  task_user_if.o [1]
  .text               ro code  0x00109158    0x3b8  Xmodem.o [1]
  .text               ro code  0x00109510    0x1d4  I32DivMod.o [5]
  .text               ro code  0x001096e4   0x108c  os_core.o [1]
  .text               ro code  0x0010a770    0x6dc  twid.o [1]
  .text               ro code  0x0010ae4c    0x1ec  timer.o [1]
  .text               ro code  0x0010b038     0x4c  vsprintf.o [3]
  .text               ro code  0x0010b084    0x2bc  pio.o [1]
  .text               ro code  0x0010b340     0x10  U32ToDbl.o [4]
  .text               ro code  0x0010b350    0x338  DblDiv.o [4]
  .text               ro code  0x0010b688     0xac  DblToFlt.o [4]
  .text               ro code  0x0010b734     0x58  FltToS32.o [4]
  .text               ro code  0x0010b78c    0xd84  mem_basic.o [1]
  .text               ro code  0x0010c510    0x3bc  os_mem.o [1]
  .text               ro code  0x0010c8cc     0x18  memcpy.o [3]
  .text               ro code  0x0010c8e4    0xaac  emb.o [1]
  .text               ro code  0x0010d390     0x30  strcat.o [3]
  .text               ro code  0x0010d3c0     0xd0  efc.o [1]
  .text               ro code  0x0010d490     0x3c  math.o [1]
  .text               ro code  0x0010d4cc     0x7c  ABImemset.o [5]
  .text               ro code  0x0010d548    0x360  os_mbox.o [1]
  .text               ro code  0x0010d8a8    0x878  os_task.o [1]
  .text               ro code  0x0010e120    0x7c0  app.o [1]
  .text               ro code  0x0010e8e0      0x4  IntDivZer.o [5]
  .text               ro code  0x0010e8e4    0x318  os_cpu_c.o [1]
  .text               ro code  0x0010ebfc    0x100  os_flag.o [1]
  .text               ro code  0x0010ecfc    0x458  os_tmr.o [1]
  .text               ro code  0x0010f154    0x2b0  os_dbg.o [1]
  .text               ro code  0x0010f404    0x1e0  twi.o [1]
  .text               ro code  0x0010f5e4   0x16ea  xprintffull_nomb.o [3]
  .text               ro code  0x00110cce     0x2a  zero_init3.o [5]
  .text               ro code  0x00110cf8     0x60  S32ToDbl.o [4]
  .text               ro code  0x00110d58     0x54  strlen.o [5]
  .text               ro code  0x00110dac     0x50  cpu_core.o [1]
  .text               ro code  0x00110dfc     0x44  lib_math.o [1]
  .text               ro code  0x00110e40    0x2a8  os_dcc.o [1]
  .text               ro code  0x001110e8     0x20  strchr.o [5]
  .text               ro code  0x00111108     0x94  memchr.o [5]
  .text               ro code  0x0011119c     0xd4  I64DivMod.o [5]
  .text               ro code  0x00111270     0x7c  xdnorm.o [4]
  .text               ro code  0x001112ec     0x38  DblCmpLe.o [4]
  .text               ro code  0x00111324     0x38  DblCmpGe.o [4]
  .text               ro code  0x0011135c    0x1e0  xdscale.o [4]
  .text               ro code  0x0011153c     0x60  DblToS32.o [4]
  .text               ro code  0x0011159c    0x1f0  DblSub.o [4]
  .text               ro code  0x0011178c    0x1f8  DblMul.o [4]
  .text               ro code  0x00111984     0x3c  DblToU32.o [4]
  .text               ro code  0x001119c0     0xac  localeconv.o [3]
  .text               ro code  0x00111a6c     0x38  div.o [3]
  CODE                ro code  0x00111aa4     0x88  cpu_a.o [1]
  .text               ro code  0x00111b2c    0x100  lib_mem.o [1]
  .text               ro code  0x00111c2c      0x4  I64DivZer.o [5]
  .text               ro code  0x00111c30    0x130  DblAdd.o [4]
  .text               ro code  0x00111d60   0x1218  commands.o [1]
  .text               ro code  0x00112f78    0x770  lib_str.o [1]
  .text               ro code  0x001136e8    0x228  lib_ascii.o [1]
  .text               ro code  0x00113910    0x3cc  task_noah_ruler.o [1]
  .text               ro code  0x00113cdc    0x3a4  task_noah.o [1]
  .text               ro code  0x00114080    0x39c  task_shell.o [1]
  .text               ro code  0x0011441c    0x2d0  task_uart_tx_ruler.o [1]
  .text               ro code  0x001146ec    0x2a4  task_uart_tx.o [1]
  .text               ro code  0x00114990    0x238  task_joy.o [1]
  .text               ro code  0x00114bc8    0x1cc  lz77_init.o [5]
  Veneer              ro code  0x00114d94      0x4  - Linker created -
  .text               ro code  0x00114d98      0x8  abort.o [3]
  .text               ro code  0x00114da0     0x14  XXexit.o [5]
  .text               ro code  0x00114db4    0x124  task_uart_rx.o [1]
  .rodata             const    0x00114ed8    0x100  os_core.o [1]
  .text               ro code  0x00114fd8     0xd0  task_cmd_parse.o [1]
  .rodata             const    0x001150a8     0x94  lib_str.o [1]
  .rodata             const    0x0011513c     0x88  bsp.o [1]
  .rodata             const    0x001151c4     0x88  bsp.o [1]
  .rodata             const    0x0011524c     0x88  bsp.o [1]
  .rodata             const    0x001152d4     0x88  bsp.o [1]
  .rodata             const    0x0011535c     0x88  bsp.o [1]
  .rodata             const    0x001153e4     0x70  commands.o [1]
  .rodata             const    0x00115454     0x5c  commands.o [1]
  .rodata             const    0x001154b0     0x5c  commands.o [1]
  .rodata             const    0x0011550c     0x4c  bsp.o [1]
  .rodata             const    0x00115558     0x4c  bsp.o [1]
  .rodata             const    0x001155a4     0x4c  ruler.o [1]
  .rodata             const    0x001155f0     0x48  bsp.o [1]
  .rodata             const    0x00115638     0x48  bsp.o [1]
  .rodata             const    0x00115680     0x48  led.o [1]
  .rodata             const    0x001156c8     0x48  ruler.o [1]
  .rodata             const    0x00115710     0x44  bsp.o [1]
  .rodata             const    0x00115754     0x44  commands.o [1]
  .rodata             const    0x00115798     0x40  bsp.o [1]
  .rodata             const    0x001157d8     0x40  bsp.o [1]
  .rodata             const    0x00115818     0x40  bsp.o [1]
  .rodata             const    0x00115858     0x40  bsp.o [1]
  .rodata             const    0x00115898     0x40  commands.o [1]
  .rodata             const    0x001158d8     0x40  commands.o [1]
  .rodata             const    0x00115918     0x40  ruler.o [1]
  .rodata             const    0x00115958     0x3c  commands.o [1]
  .rodata             const    0x00115994     0x3c  commands.o [1]
  .rodata             const    0x001159d0     0x3c  commands.o [1]
  .rodata             const    0x00115a0c     0x3c  task_user_if.o [1]
  .rodata             const    0x00115a48     0x38  bsp.o [1]
  .rodata             const    0x00115a80     0x38  bsp.o [1]
  .rodata             const    0x00115ab8     0x38  bsp.o [1]
  .rodata             const    0x00115af0     0x38  bsp.o [1]
  .rodata             const    0x00115b28     0x38  bsp.o [1]
  .rodata             const    0x00115b60     0x38  bsp.o [1]
  .rodata             const    0x00115b98     0x38  commands.o [1]
  .rodata             const    0x00115bd0     0x38  commands.o [1]
  .rodata             const    0x00115c08     0x38  ruler.o [1]
  .rodata             const    0x00115c40     0x38  ruler.o [1]
  .rodata             const    0x00115c78     0x34  bsp.o [1]
  .rodata             const    0x00115cac     0x34  bsp.o [1]
  .rodata             const    0x00115ce0     0x34  bsp.o [1]
  .rodata             const    0x00115d14     0x34  bsp.o [1]
  .rodata             const    0x00115d48     0x34  bsp.o [1]
  .rodata             const    0x00115d7c     0x34  bsp.o [1]
  .rodata             const    0x00115db0     0x34  bsp.o [1]
  .rodata             const    0x00115de4     0x34  commands.o [1]
  .rodata             const    0x00115e18     0x34  ruler.o [1]
  .rodata             const    0x00115e4c     0x34  task_shell.o [1]
  .text               ro code  0x00115e80     0x32  data_init.o [5]
  .rodata             const    0x00115eb2      0x2  os_dbg.o [1]
  .rodata             const    0x00115eb4     0x30  commands.o [1]
  .rodata             const    0x00115ee4     0x30  commands.o [1]
  .rodata             const    0x00115f14     0x30  commands.o [1]
  .rodata             const    0x00115f44     0x30  ruler.o [1]
  .rodata             const    0x00115f74     0x30  ruler.o [1]
  .rodata             const    0x00115fa4     0x30  ruler.o [1]
  .rodata             const    0x00115fd4     0x30  ruler.o [1]
  .rodata             const    0x00116004     0x30  task_user_if.o [1]
  .rodata             const    0x00116034     0x30  task_user_if.o [1]
  .rodata             const    0x00116064     0x2c  commands.o [1]
  .rodata             const    0x00116090     0x2c  ruler.o [1]
  .rodata             const    0x001160bc     0x2c  ruler.o [1]
  .rodata             const    0x001160e8     0x2c  ruler.o [1]
  .rodata             const    0x00116114     0x2c  task_joy.o [1]
  Veneer              ro code  0x00116140      0xc  - Linker created -
  .text               ro code  0x0011614c     0x2c  cmain.o [5]
  .text               ro code  0x00116178      0x4  exit.o [3]
  .text               ro code  0x0011617c     0x10  cexit.o [5]
  .rodata             const    0x0011618c     0x28  codec.o [1]
  .rodata             const    0x001161b4     0x28  codec.o [1]
  .rodata             const    0x001161dc     0x28  commands.o [1]
  .rodata             const    0x00116204     0x28  noah_cmd.o [1]
  .rodata             const    0x0011622c     0x28  ruler.o [1]
  .rodata             const    0x00116254     0x28  ruler.o [1]
  .rodata             const    0x0011627c     0x28  ruler.o [1]
  .rodata             const    0x001162a4     0x28  ruler.o [1]
  .rodata             const    0x001162cc     0x28  ruler.o [1]
  .rodata             const    0x001162f4     0x28  ruler.o [1]
  .rodata             const    0x0011631c     0x28  ruler.o [1]
  .rodata             const    0x00116344     0x28  ruler.o [1]
  .rodata             const    0x0011636c     0x28  task_shell.o [1]
  .rodata             const    0x00116394     0x28  task_shell.o [1]
  .rodata             const    0x001163bc     0x28  task_shell.o [1]
  .rodata             const    0x001163e4     0x28  task_user_if.o [1]
  .rodata             const    0x0011640c     0x24  app.o [1]
  .rodata             const    0x00116430     0x24  app.o [1]
  .rodata             const    0x00116454     0x24  bsp.o [1]
  .rodata             const    0x00116478     0x24  commands.o [1]
  .rodata             const    0x0011649c     0x24  commands.o [1]
  .rodata             const    0x001164c0     0x24  ruler.o [1]
  .rodata             const    0x001164e4     0x24  ruler.o [1]
  .rodata             const    0x00116508     0x24  ruler.o [1]
  .rodata             const    0x0011652c     0x24  ruler.o [1]
  .rodata             const    0x00116550     0x24  ruler.o [1]
  .rodata             const    0x00116574     0x24  ruler.o [1]
  .rodata             const    0x00116598     0x24  ruler.o [1]
  .rodata             const    0x001165bc     0x24  ruler.o [1]
  .rodata             const    0x001165e0     0x24  ruler.o [1]
  .rodata             const    0x00116604     0x24  ruler.o [1]
  .rodata             const    0x00116628     0x24  ruler.o [1]
  .rodata             const    0x0011664c     0x24  ruler.o [1]
  .rodata             const    0x00116670     0x24  ruler.o [1]
  .rodata             const    0x00116694     0x24  ruler.o [1]
  .rodata             const    0x001166b8     0x24  task_joy.o [1]
  .rodata             const    0x001166dc     0x24  uart.o [1]
  .iar.init_table     const    0x00116700     0x48  - Linker created -
  .rodata             const    0x00116748     0x20  app.o [1]
  .rodata             const    0x00116768     0x20  bsp.o [1]
  .rodata             const    0x00116788     0x20  codec.o [1]
  .rodata             const    0x001167a8     0x20  commands.o [1]
  .rodata             const    0x001167c8     0x20  commands.o [1]
  .rodata             const    0x001167e8     0x20  commands.o [1]
  .rodata             const    0x00116808     0x20  commands.o [1]
  .rodata             const    0x00116828     0x20  commands.o [1]
  .rodata             const    0x00116848     0x20  dsp.o [1]
  .rodata             const    0x00116868     0x20  ruler.o [1]
  .rodata             const    0x00116888     0x20  ruler.o [1]
  .rodata             const    0x001168a8     0x20  ruler.o [1]
  .rodata             const    0x001168c8     0x20  ruler.o [1]
  .rodata             const    0x001168e8     0x20  ruler.o [1]
  .rodata             const    0x00116908     0x20  ruler.o [1]
  .rodata             const    0x00116928     0x20  ruler.o [1]
  .rodata             const    0x00116948     0x20  ruler.o [1]
  .rodata             const    0x00116968     0x20  ruler.o [1]
  .rodata             const    0x00116988     0x20  ruler.o [1]
  .rodata             const    0x001169a8     0x20  ruler.o [1]
  .rodata             const    0x001169c8     0x20  ruler.o [1]
  .rodata             const    0x001169e8     0x20  ruler.o [1]
  .rodata             const    0x00116a08     0x20  ruler.o [1]
  .rodata             const    0x00116a28     0x20  ruler.o [1]
  .rodata             const    0x00116a48     0x20  ruler.o [1]
  .rodata             const    0x00116a68     0x20  ruler.o [1]
  .rodata             const    0x00116a88     0x20  task_shell.o [1]
  .rodata             const    0x00116aa8     0x1c  app.o [1]
  .rodata             const    0x00116ac4     0x1c  app.o [1]
  .rodata             const    0x00116ae0     0x1c  app.o [1]
  .rodata             const    0x00116afc     0x1c  commands.o [1]
  .rodata             const    0x00116b18     0x1c  commands.o [1]
  .rodata             const    0x00116b34     0x1c  commands.o [1]
  .rodata             const    0x00116b50     0x1c  commands.o [1]
  .rodata             const    0x00116b6c     0x1c  commands.o [1]
  .rodata             const    0x00116b88     0x1c  commands.o [1]
  .rodata             const    0x00116ba4     0x1c  ruler.o [1]
  .rodata             const    0x00116bc0     0x1c  ruler.o [1]
  .rodata             const    0x00116bdc     0x1c  ruler.o [1]
  .rodata             const    0x00116bf8     0x1c  ruler.o [1]
  .rodata             const    0x00116c14     0x1c  ruler.o [1]
  .rodata             const    0x00116c30     0x1c  ruler.o [1]
  .rodata             const    0x00116c4c     0x1c  ruler.o [1]
  .rodata             const    0x00116c68     0x1c  ruler.o [1]
  .rodata             const    0x00116c84     0x1c  ruler.o [1]
  .rodata             const    0x00116ca0     0x1c  ruler.o [1]
  .rodata             const    0x00116cbc     0x1c  ruler.o [1]
  .rodata             const    0x00116cd8     0x1c  task_noah_ruler.o [1]
  .rodata             const    0x00116cf4     0x1c  task_shell.o [1]
  .rodata             const    0x00116d10     0x18  app.o [1]
  .rodata             const    0x00116d28     0x18  app.o [1]
  .rodata             const    0x00116d40     0x18  app.o [1]
  .rodata             const    0x00116d58     0x18  commands.o [1]
  .rodata             const    0x00116d70     0x18  commands.o [1]
  .rodata             const    0x00116d88     0x18  commands.o [1]
  .rodata             const    0x00116da0     0x18  commands.o [1]
  .rodata             const    0x00116db8     0x18  commands.o [1]
  .rodata             const    0x00116dd0     0x18  commands.o [1]
  .rodata             const    0x00116de8     0x18  commands.o [1]
  .rodata             const    0x00116e00     0x18  gpio.o [1]
  .rodata             const    0x00116e18     0x18  ruler.o [1]
  .rodata             const    0x00116e30     0x18  ruler.o [1]
  .rodata             const    0x00116e48     0x18  task_user_if.o [1]
  .rodata             const    0x00116e60     0x18  task_user_if.o [1]
  .rodata             const    0x00116e78     0x14  app.o [1]
  .rodata             const    0x00116e8c     0x14  app.o [1]
  .rodata             const    0x00116ea0     0x14  app.o [1]
  .rodata             const    0x00116eb4     0x14  app.o [1]
  .rodata             const    0x00116ec8     0x14  app.o [1]
  .rodata             const    0x00116edc     0x14  app.o [1]
  .rodata             const    0x00116ef0     0x14  app.o [1]
  .rodata             const    0x00116f04     0x14  app.o [1]
  .rodata             const    0x00116f18     0x14  codec.o [1]
  .rodata             const    0x00116f2c     0x14  commands.o [1]
  .rodata             const    0x00116f40     0x14  commands.o [1]
  .rodata             const    0x00116f54     0x14  commands.o [1]
  .rodata             const    0x00116f68     0x14  os_tmr.o [1]
  .rodata             const    0x00116f7c     0x14  os_tmr.o [1]
  .rodata             const    0x00116f90     0x14  ruler.o [1]
  .rodata             const    0x00116fa4     0x14  ruler.o [1]
  .rodata             const    0x00116fb8     0x14  ruler.o [1]
  .text               ro code  0x00116fcc     0x14  xsprout.o [3]
  .rodata             const    0x00116fe0     0x10  app.o [1]
  .rodata             const    0x00116ff0     0x10  bsp.o [1]
  .rodata             const    0x00117000     0x10  commands.o [1]
  .rodata             const    0x00117010     0x10  dsp.o [1]
  .rodata             const    0x00117020     0x10  dsp.o [1]
  .rodata             const    0x00117030     0x10  os_core.o [1]
  .rodata             const    0x00117040     0x10  os_core.o [1]
  .rodata             const    0x00117050     0x10  os_tmr.o [1]
  .rodata             const    0x00117060     0x10  ruler.o [1]
  .rodata             const    0x00117070     0x10  ruler.o [1]
  .rodata             const    0x00117080     0x10  ruler.o [1]
  .rodata             const    0x00117090     0x10  ruler.o [1]
  .rodata             const    0x001170a0     0x10  ruler.o [1]
  .rodata             const    0x001170b0     0x10  ruler.o [1]
  .rodata             const    0x001170c0     0x10  ruler.o [1]
  .rodata             const    0x001170d0     0x10  twid.o [1]
  .rodata             const    0x001170e0     0x10  twid.o [1]
  .rodata             const    0x001170f0      0xc  app.o [1]
  .rodata             const    0x001170fc      0xc  app.o [1]
  .rodata             const    0x00117108      0xc  app.o [1]
  .rodata             const    0x00117114      0xc  app.o [1]
  .rodata             const    0x00117120      0xc  bsp.o [1]
  .rodata             const    0x0011712c      0xc  bsp.o [1]
  .rodata             const    0x00117138      0xc  bsp.o [1]
  .rodata             const    0x00117144      0xc  bsp.o [1]
  .rodata             const    0x00117150      0xc  bsp.o [1]
  .rodata             const    0x0011715c      0xc  commands.o [1]
  .rodata             const    0x00117168      0xc  commands.o [1]
  .rodata             const    0x00117174      0xc  commands.o [1]
  .rodata             const    0x00117180      0xc  commands.o [1]
  .rodata             const    0x0011718c      0xc  commands.o [1]
  .rodata             const    0x00117198      0xc  led.o [1]
  .rodata             const    0x001171a4      0xc  ruler.o [1]
  .rodata             const    0x001171b0      0xc  ruler.o [1]
  .rodata             const    0x001171bc      0xc  task_user_if.o [1]
  .rodata             const    0x001171c8      0xc  timer.o [1]
  .rodata             const    0x001171d4      0xc  twid.o [1]
  .rodata             const    0x001171e0      0xc  uart.o [1]
  .rodata             const    0x001171ec      0xc  uart.o [1]
  .rodata             const    0x001171f8      0xc  uart.o [1]
  .rodata             const    0x00117204      0xc  uart.o [1]
  .rodata             const    0x00117210      0xc  uart.o [1]
  .rodata             const    0x0011721c      0xc  uart.o [1]
  .rodata             const    0x00117228      0xc  uart.o [1]
  .rodata             const    0x00117234      0xc  Xmodem.o [1]
  .rodata             const    0x00117240      0x8  app.o [1]
  .rodata             const    0x00117248      0x8  app.o [1]
  .rodata             const    0x00117250      0x8  app.o [1]
  .rodata             const    0x00117258      0x8  app.o [1]
  .rodata             const    0x00117260      0x8  app.o [1]
  .rodata             const    0x00117268      0x8  bsp.o [1]
  .rodata             const    0x00117270      0x8  bsp.o [1]
  .rodata             const    0x00117278      0x8  bsp.o [1]
  .rodata             const    0x00117280      0x8  bsp.o [1]
  .rodata             const    0x00117288      0x8  bsp.o [1]
  .rodata             const    0x00117290      0x8  bsp.o [1]
  .rodata             const    0x00117298      0x8  bsp.o [1]
  .rodata             const    0x001172a0      0x8  bsp.o [1]
  .rodata             const    0x001172a8      0x8  bsp.o [1]
  .rodata             const    0x001172b0      0x8  bsp.o [1]
  .rodata             const    0x001172b8      0x8  bsp.o [1]
  .rodata             const    0x001172c0      0x8  bsp.o [1]
  .rodata             const    0x001172c8      0x8  commands.o [1]
  .rodata             const    0x001172d0      0x8  commands.o [1]
  .rodata             const    0x001172d8      0x8  commands.o [1]
  .rodata             const    0x001172e0      0x8  commands.o [1]
  .rodata             const    0x001172e8      0x8  commands.o [1]
  .rodata             const    0x001172f0      0x8  commands.o [1]
  .rodata             const    0x001172f8      0x8  commands.o [1]
  .rodata             const    0x00117300      0x8  commands.o [1]
  .rodata             const    0x00117308      0x8  commands.o [1]
  .rodata             const    0x00117310      0x8  commands.o [1]
  .rodata             const    0x00117318      0x8  commands.o [1]
  .rodata             const    0x00117320      0x8  commands.o [1]
  .rodata             const    0x00117328      0x8  commands.o [1]
  .rodata             const    0x00117330      0x8  mem_basic.o [1]
  .rodata             const    0x00117338      0x8  mem_basic.o [1]
  .rodata             const    0x00117340      0x8  mem_basic.o [1]
  .rodata             const    0x00117348      0x8  mem_basic.o [1]
  .rodata             const    0x00117350      0x8  mem_basic.o [1]
  .rodata             const    0x00117358      0x8  mem_basic.o [1]
  .rodata             const    0x00117360      0x8  mem_basic.o [1]
  .rodata             const    0x00117368      0x8  mem_basic.o [1]
  .rodata             const    0x00117370      0x8  mem_basic.o [1]
  .rodata             const    0x00117378      0x8  mem_basic.o [1]
  .rodata             const    0x00117380      0x8  ruler.o [1]
  .rodata             const    0x00117388      0x8  ruler.o [1]
  .rodata             const    0x00117390      0x8  ruler.o [1]
  .rodata             const    0x00117398      0x8  ruler.o [1]
  .rodata             const    0x001173a0      0x8  task_user_if.o [1]
  .rodata             const    0x001173a8      0x8  Xmodem.o [1]
  .rodata             const    0x001173b0      0x8  Xmodem.o [1]
  .rodata             const    0x001173b8      0x4  gpio.o [1]
  .rodata             const    0x001173bc      0x4  led.o [1]
  .rodata             const    0x001173c0      0x4  mem_basic.o [1]
  .rodata             const    0x001173c4      0x4  mem_basic.o [1]
  .rodata             const    0x001173c8      0x4  os_dbg.o [1]
  .rodata             const    0x001173cc      0x4  ruler.o [1]
  .rodata             const    0x001173d0      0x4  ruler.o [1]
  .rodata             const    0x001173d4      0x4  ruler.o [1]
  .rodata             const    0x001173d8      0x4  uart.o [1]
  .rodata             const    0x001173dc      0x2  os_dbg.o [1]
  .rodata             const    0x001173de      0x2  os_dbg.o [1]
  .rodata             const    0x001173e0      0x2  os_dbg.o [1]
  .rodata             const    0x001173e2      0x2  os_dbg.o [1]
  .rodata             const    0x001173e4      0x2  os_dbg.o [1]
  .rodata             const    0x001173e6      0x2  os_dbg.o [1]
  .rodata             const    0x001173e8      0x2  os_dbg.o [1]
  .rodata             const    0x001173ea      0x2  os_dbg.o [1]
  .rodata             const    0x001173ec      0x2  os_dbg.o [1]
  .rodata             const    0x001173ee      0x2  os_dbg.o [1]
  .rodata             const    0x001173f0      0x2  os_dbg.o [1]
  .rodata             const    0x001173f2      0x2  os_dbg.o [1]
  .rodata             const    0x001173f4      0x2  os_dbg.o [1]
  .rodata             const    0x001173f6      0x2  os_dbg.o [1]
  .rodata             const    0x001173f8      0x2  os_dbg.o [1]
  .rodata             const    0x001173fa      0x2  os_dbg.o [1]
  .rodata             const    0x001173fc      0x2  os_dbg.o [1]
  .rodata             const    0x001173fe      0x2  os_dbg.o [1]
  .rodata             const    0x00117400      0x2  os_dbg.o [1]
  .rodata             const    0x00117402      0x2  os_dbg.o [1]
  .rodata             const    0x00117404      0x2  os_dbg.o [1]
  .rodata             const    0x00117406      0x2  os_dbg.o [1]
  .rodata             const    0x00117408      0x2  os_dbg.o [1]
  .rodata             const    0x0011740a      0x2  os_dbg.o [1]
  .rodata             const    0x0011740c      0x2  os_dbg.o [1]
  .rodata             const    0x0011740e      0x2  os_dbg.o [1]
  .rodata             const    0x00117410      0x2  os_dbg.o [1]
  .rodata             const    0x00117412      0x2  os_dbg.o [1]
  .rodata             const    0x00117414      0x2  os_dbg.o [1]
  .rodata             const    0x00117416      0x2  os_dbg.o [1]
  .rodata             const    0x00117418      0x2  os_dbg.o [1]
  .rodata             const    0x0011741a      0x2  os_dbg.o [1]
  .rodata             const    0x0011741c      0x2  os_dbg.o [1]
  .rodata             const    0x0011741e      0x2  os_dbg.o [1]
  .rodata             const    0x00117420      0x2  os_dbg.o [1]
  .rodata             const    0x00117422      0x2  os_dbg.o [1]
  .rodata             const    0x00117424      0x2  os_dbg.o [1]
  .rodata             const    0x00117426      0x2  os_dbg.o [1]
  .rodata             const    0x00117428      0x2  os_dbg.o [1]
  .rodata             const    0x0011742a      0x2  os_dbg.o [1]
  .rodata             const    0x0011742c      0x2  os_dbg.o [1]
  .rodata             const    0x0011742e      0x2  os_dbg.o [1]
  .rodata             const    0x00117430      0x2  os_dbg.o [1]
  .rodata             const    0x00117432      0x2  os_dbg.o [1]
  .rodata             const    0x00117434      0x2  os_dbg.o [1]
  .rodata             const    0x00117436      0x2  os_dbg.o [1]
  .rodata             const    0x00117438      0x2  os_dbg.o [1]
  .rodata             const    0x0011743a      0x2  os_dbg.o [1]
  .rodata             const    0x0011743c      0x2  os_dbg.o [1]
  .rodata             const    0x0011743e      0x2  os_dbg.o [1]
  .rodata             const    0x00117440      0x2  os_dbg.o [1]
  .rodata             const    0x00117442      0x2  os_dbg.o [1]
  .rodata             const    0x00117444      0x2  os_dbg.o [1]
  .rodata             const    0x00117446      0x2  ruler.o [1]
  .rodata             const    0x00117448      0x2  ruler.o [1]
  .rodata             const    0x0011744a      0x2  ruler.o [1]
  .rodata             const    0x0011744c      0x1  ruler.o [1]
  .rodata             const    0x0011744d      0x1  ruler.o [1]
  .rodata             const    0x0011744e      0x1  ruler.o [1]
  .rodata             const    0x0011744f      0x1  ruler.o [1]
  .rodata             const    0x00117450      0x0  zero_init3.o [5]
  .rodata             const    0x00117450      0x0  lz77_init.o [5]
  Initializer bytes   ro data  0x00117450    0x2e1  <for P4 s0>
  Initializer bytes   ro data  0x00117731     0x28  <for P3 s1>
                             - 0x00117759  0x17559

"P3":                                         0x40
  P3 s1                        0x00200000     0x40  <Init block>
    .vectors          inited   0x00200000     0x40  cstartup.o [1]
                             - 0x00200040     0x40

"P4", part 1 of 3:                           0x46c
  P4 s0                        0x00200200    0x46b  <Init block>
    .data             inited   0x00200200    0x12c  dsp.o [1]
    .data             inited   0x0020032c    0x114  gpio.o [1]
    .data             inited   0x00200440     0xdc  dsp.o [1]
    .textrw           inited   0x0020051c     0xa4  efc.o [1]
    __DLIB_PERTHREAD  inited   0x002005c0     0x88  localeconv.o [3]
    .data             inited   0x00200648      0xc  bsp.o [1]
    .data             inited   0x00200654      0xc  timer.o [1]
    .data             inited   0x00200660      0x4  ruler.o [1]
    .data             inited   0x00200664      0x4  timer.o [1]
    .data             inited   0x00200668      0x1  dsp.o [1]
    .data             inited   0x00200669      0x1  mem_basic.o [1]
    .data             inited   0x0020066a      0x1  task_user_if.o [1]
                             - 0x0020066b    0x46b

"P4", part 2 of 3:                          0x5c04
  .bss                zero     0x0020066c    0xc10  task_cmd_parse.o [1]
  .bss                zero     0x0020127c    0xc10  task_cmd_parse.o [1]
  .bss                zero     0x00201e8c    0xa28  task_uart_tx.o [1]
  .bss                zero     0x002028b4    0x5d8  os_core.o [1]
  .bss                zero     0x00202e8c    0x400  app.o [1]
  .bss                zero     0x0020328c    0x400  app.o [1]
  .bss                zero     0x0020368c    0x280  os_core.o [1]
  .bss                zero     0x0020390c    0x258  os_core.o [1]
  .bss                zero     0x00203b64    0x200  app.o [1]
  .bss                zero     0x00203d64    0x200  app.o [1]
  .bss                zero     0x00203f64    0x200  app.o [1]
  .bss                zero     0x00204164    0x200  app.o [1]
  .bss                zero     0x00204364    0x200  app.o [1]
  .bss                zero     0x00204564    0x200  app.o [1]
  .bss                zero     0x00204764    0x200  app.o [1]
  .bss                zero     0x00204964    0x200  os_core.o [1]
  .bss                zero     0x00204b64    0x200  os_core.o [1]
  .bss                zero     0x00204d64    0x200  os_core.o [1]
  .bss                zero     0x00204f64    0x200  os_cpu_c.o [1]
  .bss                zero     0x00205164    0x200  uart.o [1]
  .bss                zero     0x00205364    0x200  uart.o [1]
  .bss                zero     0x00205564    0x200  uart.o [1]
  .bss                zero     0x00205764    0x200  uart.o [1]
  .bss                zero     0x00205964    0x130  commands.o [1]
  .bss                zero     0x00205a94    0x100  app.o [1]
  .bss                zero     0x00205b94    0x100  flashd_efc.o [1]
  .bss                zero     0x00205c94    0x100  os_core.o [1]
  .bss                zero     0x00205d94     0x78  os_core.o [1]
  .bss                zero     0x00205e0c     0x54  bsp.o [1]
  .bss                zero     0x00205e60     0x50  os_core.o [1]
  .bss                zero     0x00205eb0     0x40  os_core.o [1]
  .bss                zero     0x00205ef0     0x40  uart.o [1]
  .bss                zero     0x00205f30     0x40  uart.o [1]
  .bss                zero     0x00205f70     0x28  task_cmd_parse.o [1]
  .bss                zero     0x00205f98     0x28  task_uart_tx.o [1]
  .bss                zero     0x00205fc0     0x28  task_uart_tx.o [1]
  .bss                zero     0x00205fe8     0x28  task_uart_tx_ruler.o [1]
  .bss                zero     0x00206010     0x28  task_uart_tx_ruler.o [1]
  .bss                zero     0x00206038     0x20  uart.o [1]
  .bss                zero     0x00206058     0x20  uart.o [1]
  .bss                zero     0x00206078     0x20  uart.o [1]
  .bss                zero     0x00206098     0x20  uart.o [1]
  .bss                zero     0x002060b8     0x20  uart.o [1]
  .bss                zero     0x002060d8     0x20  uart.o [1]
  .bss                zero     0x002060f8     0x18  os_core.o [1]
  .bss                zero     0x00206110     0x14  twid.o [1]
  .bss                zero     0x00206124     0x10  cpu_core.o [1]
  .bss                zero     0x00206134     0x10  ruler.o [1]
  .bss                zero     0x00206144      0xc  ruler.o [1]
  .bss                zero     0x00206150      0xc  uart.o [1]
  .bss                zero     0x0020615c      0x8  os_core.o [1]
  .bss                zero     0x00206164      0x8  twid.o [1]
  .bss                zero     0x0020616c      0x4  bsp.o [1]
  .bss                zero     0x00206170      0x4  bsp.o [1]
  .bss                zero     0x00206174      0x4  codec.o [1]
  .bss                zero     0x00206178      0x4  dsp.o [1]
  .bss                zero     0x0020617c      0x4  lib_math.o [1]
  .bss                zero     0x00206180      0x4  noah_cmd.o [1]
  .bss                zero     0x00206184      0x4  os_core.o [1]
  .bss                zero     0x00206188      0x4  os_core.o [1]
  .bss                zero     0x0020618c      0x4  os_core.o [1]
  .bss                zero     0x00206190      0x4  os_core.o [1]
  .bss                zero     0x00206194      0x4  os_core.o [1]
  .bss                zero     0x00206198      0x4  os_core.o [1]
  .bss                zero     0x0020619c      0x4  os_core.o [1]
  .bss                zero     0x002061a0      0x4  os_core.o [1]
  .bss                zero     0x002061a4      0x4  os_core.o [1]
  .bss                zero     0x002061a8      0x4  os_core.o [1]
  .bss                zero     0x002061ac      0x4  os_core.o [1]
  .bss                zero     0x002061b0      0x4  os_core.o [1]
  .bss                zero     0x002061b4      0x4  os_core.o [1]
  .bss                zero     0x002061b8      0x4  os_core.o [1]
  .bss                zero     0x002061bc      0x4  os_core.o [1]
  .bss                zero     0x002061c0      0x4  os_core.o [1]
  .bss                zero     0x002061c4      0x4  os_core.o [1]
  .bss                zero     0x002061c8      0x4  os_cpu_c.o [1]
  .bss                zero     0x002061cc      0x4  os_cpu_c.o [1]
  .bss                zero     0x002061d0      0x4  os_dcc.o [1]
  .bss                zero     0x002061d4      0x4  os_dcc.o [1]
  .bss                zero     0x002061d8      0x4  os_dcc.o [1]
  .bss                zero     0x002061dc      0x4  os_dcc.o [1]
  .bss                zero     0x002061e0      0x4  ruler.o [1]
  .bss                zero     0x002061e4      0x4  ruler.o [1]
  .bss                zero     0x002061e8      0x4  ruler.o [1]
  .bss                zero     0x002061ec      0x4  ruler.o [1]
  .bss                zero     0x002061f0      0x4  ruler.o [1]
  .bss                zero     0x002061f4      0x4  task_cmd_parse.o [1]
  .bss                zero     0x002061f8      0x4  task_noah.o [1]
  .bss                zero     0x002061fc      0x4  task_noah_ruler.o [1]
  .bss                zero     0x00206200      0x4  task_noah_ruler.o [1]
  .bss                zero     0x00206204      0x4  task_noah_ruler.o [1]
  .bss                zero     0x00206208      0x4  task_noah_ruler.o [1]
  .bss                zero     0x0020620c      0x4  task_noah_ruler.o [1]
  .bss                zero     0x00206210      0x4  task_noah_ruler.o [1]
  .bss                zero     0x00206214      0x4  task_noah_ruler.o [1]
  .bss                zero     0x00206218      0x4  task_noah_ruler.o [1]
  .bss                zero     0x0020621c      0x4  task_uart_tx.o [1]
  .bss                zero     0x00206220      0x4  task_uart_tx.o [1]
  .bss                zero     0x00206224      0x4  task_uart_tx.o [1]
  .bss                zero     0x00206228      0x4  task_uart_tx.o [1]
  .bss                zero     0x0020622c      0x4  task_uart_tx_ruler.o [1]
  .bss                zero     0x00206230      0x4  task_uart_tx_ruler.o [1]
  .bss                zero     0x00206234      0x4  task_uart_tx_ruler.o [1]
  .bss                zero     0x00206238      0x4  task_uart_tx_ruler.o [1]
  .bss                zero     0x0020623c      0x4  task_user_if.o [1]
  .bss                zero     0x00206240      0x4  twid.o [1]
  .bss                zero     0x00206244      0x4  twid.o [1]
  .bss                zero     0x00206248      0x4  uart.o [1]
  .bss                zero     0x0020624c      0x4  uart.o [1]
  .bss                zero     0x00206250      0x2  os_core.o [1]
  .bss                zero     0x00206252      0x2  os_core.o [1]
  .bss                zero     0x00206254      0x2  os_cpu_c.o [1]
  .bss                zero     0x00206256      0x1  bsp.o [1]
  .bss                zero     0x00206257      0x1  bsp.o [1]
  .bss                zero     0x00206258      0x1  led.o [1]
  .bss                zero     0x00206259      0x1  os_core.o [1]
  .bss                zero     0x0020625a      0x1  os_core.o [1]
  .bss                zero     0x0020625b      0x1  os_core.o [1]
  .bss                zero     0x0020625c      0x1  os_core.o [1]
  .bss                zero     0x0020625d      0x1  os_core.o [1]
  .bss                zero     0x0020625e      0x1  os_core.o [1]
  .bss                zero     0x0020625f      0x1  os_core.o [1]
  .bss                zero     0x00206260      0x1  os_core.o [1]
  .bss                zero     0x00206261      0x1  os_core.o [1]
  .bss                zero     0x00206262      0x1  os_core.o [1]
  .bss                zero     0x00206263      0x1  ruler.o [1]
  .bss                zero     0x00206264      0x1  ruler.o [1]
  .bss                zero     0x00206265      0x1  ruler.o [1]
  .bss                zero     0x00206266      0x1  ruler.o [1]
  .bss                zero     0x00206267      0x1  task_noah.o [1]
  .bss                zero     0x00206268      0x1  task_uart_rx.o [1]
  .bss                zero     0x00206269      0x1  task_uart_tx.o [1]
                             - 0x0020626a   0x5bfe

"P4", part 3 of 3:                          0x14c0
  IRQ_STACK                    0x00206270    0x200  <Block>
    IRQ_STACK         uninit   0x00206270    0x200  <Block tail>
  SVC_STACK                    0x00206470    0x200  <Block>
    SVC_STACK         uninit   0x00206470    0x200  <Block tail>
  CSTACK                       0x00206670   0x1000  <Block>
    CSTACK            uninit   0x00206670   0x1000  <Block tail>
  FIQ_STACK                    0x00207670     0x40  <Block>
    FIQ_STACK         uninit   0x00207670     0x40  <Block tail>
  UND_STACK                    0x002076b0     0x40  <Block>
    UND_STACK         uninit   0x002076b0     0x40  <Block tail>
  ABT_STACK                    0x002076f0     0x40  <Block>
    ABT_STACK         uninit   0x002076f0     0x40  <Block tail>
                             - 0x00207730   0x14c0


*******************************************************************************
*** INIT TABLE
***

          Address     Size
          -------     ----
Zero (__iar_zero_init3)
    1 destination range, total size 0x5bfe:
          0x0020066c  0x5bfe

Copy/lz77 (__iar_lz77_init3)
    1 source range, total size 0x2e1 (65% of destination):
          0x00117450   0x2e1
    1 destination range, total size 0x46b:
          0x00200200   0x46b

Copy/lz77 (__iar_lz77_init3)
    1 source range, total size 0x28 (62% of destination):
          0x00117731    0x28
    1 destination range, total size 0x40:
          0x00200000    0x40



*******************************************************************************
*** MODULE SUMMARY
***

    Module                ro code  rw code  ro data  rw data
    ------                -------  -------  -------  -------
E:\SVN Dir\PQ\iSAM Test Bench\Bridge_Host_OS\APP\FLASH\Obj: [1]
    Xmodem.o                  952                28
    app.o                   1 984               524    5 888
    bsp.o                   5 020             2 248      106
    codec.o                 1 808               132        4
    commands.o              4 632             1 872      304
    cpu_a.o                   136
    cpu_core.o                 80                         16
    cstartup.o                160       64       40
    dsp.o                   1 852               402      525
    efc.o                     208      164      107
    emb.o                   2 732
    flashd_efc.o              416                        256
    gpio.o                    912               208      276
    led.o                     460                88        1
    lib_ascii.o               552
    lib_math.o                 68                          4
    lib_mem.o                 256
    lib_str.o               1 904               148
    math.o                     60
    mem_basic.o             3 460                89        1
    noah_cmd.o              6 140                40        4
    os_core.o               4 236               288    4 906
    os_cpu_a.o              1 048
    os_cpu_c.o                792                        522
    os_dbg.o                  688               112
    os_dcc.o                  680                         16
    os_flag.o                 256
    os_mbox.o                 864
    os_mem.o                  956
    os_q.o                  1 952
    os_sem.o                1 392
    os_task.o               2 168
    os_time.o                 212
    os_tmr.o                1 112                56
    pio.o                     700
    queue.o                 1 200
    ruler.o                 9 788             2 677       56
    task_cmd_parse.o          208                      6 220
    task_joy.o                568                80
    task_noah.o               932                          5
    task_noah_ruler.o         972                28       32
    task_shell.o              924               232
    task_uart_rx.o            292                          1
    task_uart_tx.o            676                      2 697
    task_uart_tx_ruler.o      720                         96
    task_user_if.o            928               265        5
    timer.o                   492                22       16
    twi.o                     480
    twid.o                  1 756                44       36
    uart.o                  3 208               124    2 388
    --------------------------------------------------------
    Total:                 73 992      228    9 854   24 381

command line: [2]
    --------------------------------------------------------
    Total:

dl4t_alf.a: [3]
    abort.o                     8
    div.o                      56
    exit.o                      4
    localeconv.o              172                89      136
    memcpy.o                   24
    memset.o                   40
    strcat.o                   48
    vsprintf.o                 76
    xprintffull_nomb.o      5 866
    xsprout.o                  20
    --------------------------------------------------------
    Total:                  6 314                89      136

m4t_al.a: [4]
    DblAdd.o                  304
    DblCmpGe.o                 56
    DblCmpLe.o                 56
    DblDiv.o                  824
    DblMul.o                  504
    DblSub.o                  496
    DblToFlt.o                172
    DblToS32.o                 96
    DblToU32.o                 60
    FltToS32.o                 88
    S32ToDbl.o                 96
    U32ToDbl.o                 16
    xdnorm.o                  124
    xdscale.o                 480
    --------------------------------------------------------
    Total:                  3 372

rt4t_al.a: [5]
    ABImemcpy.o               212
    ABImemset.o               124
    I32DivMod.o               468
    I64DivMod.o               212
    I64DivZer.o                 4
    IntDivZer.o                 4
    XXexit.o                   20
    cexit.o                    16
    cmain.o                    44
    data_init.o                50
    lz77_init.o               460
    memchr.o                  148
    strchr.o                   32
    strcpy.o                  108
    strlen.o                   84
    zero_init3.o               42
    --------------------------------------------------------
    Total:                  2 028

    Linker created             16                72    5 312
------------------------------------------------------------
    Grand Total:           85 722      228   10 015   29 829


*******************************************************************************
*** ENTRY LIST
***

Entry                      Address   Size  Type      Object
-----                      -------   ----  ----      ------
?main                   0x0011614c         Code  Gb  cmain.o [5]
ABT_STACK$$Base         0x002076f0          --   Gb  - Linker created -
ABT_STACK$$Limit        0x00207730          --   Gb  - Linker created -
AB_POST                 0x00102578  0x13c  Code  Gb  ruler.o [1]
AB_Status_Change_Report
                        0x00108728  0x18c  Code  Gb  noah_cmd.o [1]
ACK_Sem_PCUART          0x002061f8    0x4  Data  Gb  task_noah.o [1]
ACK_Sem_RulerUART       0x00206200    0x4  Data  Gb  task_noah_ruler.o [1]
ASCII_IsAlphaNum        0x001136e8   0xc8  Code  Gb  lib_ascii.o [1]
ASCII_IsDig             0x001137e8   0x38  Code  Gb  lib_ascii.o [1]
ASCII_IsDigHex          0x00113820   0x78  Code  Gb  lib_ascii.o [1]
ASCII_IsLower           0x001137b0   0x38  Code  Gb  lib_ascii.o [1]
ASCII_IsSpace           0x00113898   0x78  Code  Gb  lib_ascii.o [1]
AT91_TC_Init            0x0010ae4c  0x1ac  Code  Gb  timer.o [1]
App_BufferCreate        0x0010e1fc   0x54  Code  Gb  app.o [1]
App_EventCreate         0x0010e250  0x234  Code  Lc  app.o [1]
App_TaskCMDParse        0x00114fd8   0xd0  Code  Gb  task_cmd_parse.o [1]
App_TaskCMDParseStk     0x0020328c  0x400  Data  Lc  app.o [1]
App_TaskCreate          0x0010e484  0x2c8  Code  Lc  app.o [1]
App_TaskGenieShell      0x00114080  0x39c  Code  Gb  task_shell.o [1]
App_TaskGenieShellStk   0x00202e8c  0x400  Data  Lc  app.o [1]
App_TaskJoy             0x00114990  0x238  Code  Gb  task_joy.o [1]
App_TaskJoyStk          0x00205a94  0x100  Data  Lc  app.o [1]
App_TaskNoah            0x00113cdc  0x3a4  Code  Gb  task_noah.o [1]
App_TaskNoahRulerStk    0x00204764  0x200  Data  Lc  app.o [1]
App_TaskNoahStk         0x00204564  0x200  Data  Lc  app.o [1]
App_TaskNoah_Ruler      0x00113910  0x3cc  Code  Gb  task_noah_ruler.o [1]
App_TaskStart           0x0010e194   0x68  Code  Lc  app.o [1]
App_TaskStartStk        0x00203b64  0x200  Data  Lc  app.o [1]
App_TaskUART_Rx         0x00114db4  0x124  Code  Gb  task_uart_rx.o [1]
App_TaskUART_RxStk      0x00203f64  0x200  Data  Lc  app.o [1]
App_TaskUART_Tx         0x001146ec  0x2a4  Code  Gb  task_uart_tx.o [1]
App_TaskUART_TxRulerStk
                        0x00204364  0x200  Data  Lc  app.o [1]
App_TaskUART_TxStk      0x00204164  0x200  Data  Lc  app.o [1]
App_TaskUART_Tx_Ruler   0x0011441c  0x2d0  Code  Gb  task_uart_tx_ruler.o [1]
App_TaskUserIF          0x00108db8  0x330  Code  Gb  task_user_if.o [1]
App_TaskUserIF_Stk      0x00203d64  0x200  Data  Lc  app.o [1]
App_UserIF_Mbox         0x0020623c    0x4  Data  Gb  task_user_if.o [1]
Audio_Version           0x00206144    0xc  Data  Gb  ruler.o [1]
BSP_CPU_ClkFreq         0x00103134   0xa4  Code  Gb  bsp.o [1]
BSP_CPU_Init            0x001031d8   0x48  Code  Gb  bsp.o [1]
BSP_DummyISR_Handler    0x001034ec   0x3c  Code  Lc  bsp.o [1]
BSP_Init                0x001030b0   0x84  Code  Gb  bsp.o [1]
BSP_IntClr              0x001032e4   0x28  Code  Gb  bsp.o [1]
BSP_IntDisAll           0x0010330c   0x14  Code  Gb  bsp.o [1]
BSP_IntEn               0x00103320   0x28  Code  Gb  bsp.o [1]
BSP_IntInit             0x00103348   0xbc  Code  Lc  bsp.o [1]
BSP_IntVectSet          0x00103428   0xc4  Code  Gb  bsp.o [1]
BSP_MainOscEn           0x00103528   0x68  Code  Gb  bsp.o [1]
BSP_MclkCfg             0x0010363c   0xc4  Code  Gb  bsp.o [1]
BSP_MclkGetFreq         0x00103590   0xac  Code  Gb  bsp.o [1]
BSP_PLL_Cfg             0x00103778   0xe8  Code  Gb  bsp.o [1]
BSP_PLL_GetFreq         0x00103700   0x78  Code  Gb  bsp.o [1]
BSP_ResetInit           0x00103404   0x24  Code  Lc  bsp.o [1]
BSP_Ser_Init            0x00103a1c  0x180  Code  Gb  bsp.o [1]
BSP_Ser_Printf          0x00103d28   0x38  Code  Gb  bsp.o [1]
BSP_Ser_RdByte          0x00103c70   0xb4  Code  Gb  bsp.o [1]
BSP_Ser_WrByte          0x00103b9c   0xa0  Code  Gb  bsp.o [1]
BSP_Ser_WrStr           0x00103c44   0x2c  Code  Gb  bsp.o [1]
BSP_Sys_ISR_Handler     0x001039b8   0x64  Code  Gb  bsp.o [1]
BSP_Tmr_TickISR_Handler
                        0x00103998   0x20  Code  Gb  bsp.o [1]
BSP_Tmr_TickInit        0x0010393c   0x5c  Code  Lc  bsp.o [1]
BUZZER_MUTE             0x00206258    0x1  Data  Gb  led.o [1]
Beep                    0x00103d60   0x68  Code  Gb  bsp.o [1]
Bsp_Ser_Rx_Sem_lock     0x00206170    0x4  Data  Gb  bsp.o [1]
Bsp_Ser_Tx_Sem_lock     0x0020616c    0x4  Data  Gb  bsp.o [1]
Buzzer_OnOff            0x00108c90   0x44  Code  Gb  led.o [1]
Buzzer_Toggle           0x00108cd4   0x40  Code  Gb  led.o [1]
CM_LegacyRead           0x0010be8c  0x1e4  Code  Gb  mem_basic.o [1]
CM_SingleWrite          0x0010b994   0x98  Code  Gb  mem_basic.o [1]
CODEC_LOUT_Small_Gain_En
                        0x00105ac4   0xbc  Code  Gb  codec.o [1]
CODEC_Set_Volume        0x00105b94  0x100  Code  Gb  codec.o [1]
CPU_FIQ_Dis             0x00111b0c         Code  Gb  cpu_a.o [1]
CPU_FIQ_En              0x00111b1c         Code  Gb  cpu_a.o [1]
CPU_IRQ_Dis             0x00111aec         Code  Gb  cpu_a.o [1]
CPU_IRQ_En              0x00111afc         Code  Gb  cpu_a.o [1]
CPU_Init                0x00110dac   0x10  Code  Gb  cpu_core.o [1]
CPU_IntDis              0x00111acc         Code  Gb  cpu_a.o [1]
CPU_IntEn               0x00111adc         Code  Gb  cpu_a.o [1]
CPU_Name                0x00206124   0x10  Data  Gb  cpu_core.o [1]
CPU_NameClr             0x00110dbc   0x2c  Code  Gb  cpu_core.o [1]
CPU_NameInit            0x00110dec   0x10  Code  Lc  cpu_core.o [1]
CPU_SR_Restore          0x00111ac4         Code  Gb  cpu_a.o [1]
CPU_SR_Save             0x00111aa4         Code  Gb  cpu_a.o [1]
CSTACK$$Base            0x00206670          --   Gb  - Linker created -
CSTACK$$Limit           0x00207670          --   Gb  - Linker created -
CheckSum                0x00107444   0x6c  Code  Gb  noah_cmd.o [1]
Check_Actived_Mic_Number
                        0x00100278   0x70  Code  Lc  ruler.o [1]
Check_UART_Mixer_Ready  0x001002e8   0x9c  Code  Gb  ruler.o [1]
Codec_DAC_Attenuation   0x00105610   0xb8  Code  Gb  codec.o [1]
Codec_SetFCLK           0x001056c8  0x12c  Code  Gb  codec.o [1]
Codec_SetMode           0x001057f4  0x190  Code  Gb  codec.o [1]
Codec_Write             0x00105584   0x54  Code  Gb  codec.o [1]
CommandParse            0x00112d64  0x1a4  Code  Gb  commands.o [1]
Config_Lin              0x00105dd8   0xf0  Code  Lc  dsp.o [1]
Config_SP0_Out          0x00105ec8   0xa8  Code  Lc  dsp.o [1]
DBGU_Configure          0x00105498   0xc4  Code  Gb  uart.o [1]
DBGU_Rx_Sem_lock        0x0020624c    0x4  Data  Gb  uart.o [1]
DBGU_Tx_Sem_lock        0x00206248    0x4  Data  Gb  uart.o [1]
DMIC_PGA_Control        0x00105cb0  0x128  Code  Gb  dsp.o [1]
DM_LegacyRead           0x0010ba2c  0x1dc  Code  Gb  mem_basic.o [1]
DM_SingleWrite          0x0010b844   0x94  Code  Gb  mem_basic.o [1]
DM_Write                0x0010b78c   0x34  Code  Gb  mem_basic.o [1]
DSP_LegacyRead          0x0010c340  0x1b8  Code  Gb  mem_basic.o [1]
DSP_PM_Type             0x00200669    0x1  Data  Gb  mem_basic.o [1]
DSP_SingleWrite_1       0x0010c244   0x74  Code  Gb  mem_basic.o [1]
DSP_SingleWrite_2       0x0010c2bc   0x84  Code  Gb  mem_basic.o [1]
Debug_COM_Sel           0x00206256    0x1  Data  Gb  bsp.o [1]
Done_Sem_RulerUART      0x00206204    0x4  Data  Gb  task_noah_ruler.o [1]
EFC_ComputeAddress      0x0010d450   0x40  Code  Gb  efc.o [1]
EFC_DisableIt           0x0010d3c0   0x10  Code  Gb  efc.o [1]
EFC_PerformCommand      0x0020051c   0xa4  Code  Gb  efc.o [1]
EFC_SetEraseBeforeProgramming
                        0x0010d3d0   0x30  Code  Gb  efc.o [1]
EFC_TranslateAddress    0x0010d400   0x50  Code  Gb  efc.o [1]
EMB_Data_Build          0x00107a94  0x194  Code  Lc  noah_cmd.o [1]
EMB_Data_Check          0x001076ac  0x1cc  Code  Gb  noah_cmd.o [1]
EMB_Data_Parse          0x00107c30  0xaf4  Code  Gb  noah_cmd.o [1]
EVENT_MsgQ_Noah2CMDParse
                        0x002061f4    0x4  Data  Gb  task_cmd_parse.o [1]
EVENT_MsgQ_Noah2PCUART  0x00206224    0x4  Data  Gb  task_uart_tx.o [1]
EVENT_MsgQ_Noah2RulerUART
                        0x00206230    0x4  Data  Gb  task_uart_tx_ruler.o [1]
EVENT_MsgQ_PCUART2Noah  0x00206220    0x4  Data  Gb  task_uart_tx.o [1]
EVENT_MsgQ_RulerUART2Noah
                        0x0020622c    0x4  Data  Gb  task_uart_tx_ruler.o [1]
Emb_Buf_Cmd             0x0020066c  0xc10  Data  Gb  task_cmd_parse.o [1]
Emb_Buf_Data            0x0020127c  0xc10  Data  Gb  task_cmd_parse.o [1]
Enable_FPGA             0x0010702c   0x14  Code  Gb  gpio.o [1]
FIQ_STACK$$Base         0x00207670          --   Gb  - Linker created -
FIQ_STACK$$Limit        0x002076b0          --   Gb  - Linker created -
FLASHD_Initialize       0x001088e4   0x30  Code  Gb  flashd_efc.o [1]
FLASHD_Write            0x00108914  0x16c  Code  Gb  flashd_efc.o [1]
FLASHD_Write_Safe       0x00101ac0   0x4c  Code  Gb  ruler.o [1]
Flag_Reset_Pin_Trigger  0x00206257    0x1  Data  Gb  bsp.o [1]
GPIODIR_FLOAT           0x00106d7c   0x78  Code  Gb  gpio.o [1]
GPIOPIN_Set             0x00106df4   0x54  Code  Gb  gpio.o [1]
GPIO_Init               0x00106d58   0x24  Code  Gb  gpio.o [1]
Get_Audio_Version       0x00100810   0x84  Code  Gb  ruler.o [1]
Get_Port_Detect         0x00106f78   0x5c  Code  Gb  gpio.o [1]
Get_Ruler_Type          0x00100b50  0x170  Code  Gb  ruler.o [1]
Get_Ruler_Version       0x00101944  0x17c  Code  Gb  ruler.o [1]
Get_Run_Time            0x00103f6c   0xa8  Code  Gb  bsp.o [1]
Get_Switches            0x00106f1c   0x5c  Code  Gb  gpio.o [1]
Get_Task_Info           0x00103e2c  0x140  Code  Gb  bsp.o [1]
Get_Ver_Info            0x00112cd0   0x30  Code  Gb  commands.o [1]
Global_Bridge_POST      0x00206264    0x1  Data  Gb  ruler.o [1]
Global_Conn_Ready       0x00206267    0x1  Data  Gb  task_noah.o [1]
Global_Idle_Ready       0x00206268    0x1  Data  Gb  task_uart_rx.o [1]
Global_Mic_Mask         0x00206134   0x10  Data  Gb  ruler.o [1]
Global_Mic_State        0x002061e8    0x4  Data  Gb  ruler.o [1]
Global_Ruler_Index      0x00206263    0x1  Data  Gb  ruler.o [1]
Global_Ruler_State      0x002061e0    0x4  Data  Gb  ruler.o [1]
Global_Ruler_Type       0x002061e4    0x4  Data  Gb  ruler.o [1]
HOST_LegacyRead         0x0010c180   0xc4  Code  Gb  mem_basic.o [1]
HOST_SingleWrite_1      0x0010c088   0x74  Code  Gb  mem_basic.o [1]
HOST_SingleWrite_2      0x0010c0fc   0x84  Code  Gb  mem_basic.o [1]
Head_Info               0x00104018  0x2f0  Code  Gb  bsp.o [1]
HelpFunc                0x0011212c   0xcc  Code  Gb  commands.o [1]
HostNameFunc            0x001121f8   0x6c  Code  Gb  commands.o [1]
I2CWrite_Codec          0x001055d8   0x38  Code  Gb  codec.o [1]
IRQ_STACK$$Base         0x00206270          --   Gb  - Linker created -
IRQ_STACK$$Limit        0x00206470          --   Gb  - Linker created -
ISR_PC_UART             0x00104d80  0x1a4  Code  Gb  uart.o [1]
ISR_Ruler_UART          0x00104f24  0x1a4  Code  Gb  uart.o [1]
InStream_Read           0x00114bc9   0x22  Code  Lc  lz77_init.o [5]
InitCommands            0x00111d60  0x2b8  Code  Gb  commands.o [1]
InitI2CFunc             0x00112314   0x7c  Code  Gb  commands.o [1]
Init_CMD_Read           0x0010710c   0x28  Code  Gb  noah_cmd.o [1]
Init_CODEC              0x00105984  0x140  Code  Gb  codec.o [1]
Init_EMB_BUF            0x001070e8   0x24  Code  Gb  noah_cmd.o [1]
Init_FM36_AB03          0x00105f70  0x444  Code  Gb  dsp.o [1]
Init_FPGA               0x00107040   0x80  Code  Gb  gpio.o [1]
Init_Global_Var         0x00100200   0x78  Code  Gb  ruler.o [1]
Init_Ruler              0x00100894  0x140  Code  Gb  ruler.o [1]
LED_Clear               0x00108bc0   0x68  Code  Gb  led.o [1]
LED_Set                 0x00108b58   0x68  Code  Gb  led.o [1]
LED_Toggle              0x00108c28   0x68  Code  Gb  led.o [1]
LowLevelInitPLL         0x00103220   0xc4  Code  Gb  bsp.o [1]
LsFunc                  0x0011201c   0x74  Code  Gb  commands.o [1]
Math_Init               0x00110dfc   0x14  Code  Gb  lib_math.o [1]
Math_RandSeedCur        0x0020617c    0x4  Data  Gb  lib_math.o [1]
Math_RandSetSeed        0x00110e10   0x2c  Code  Gb  lib_math.o [1]
MemPartition_MsgUART    0x00201e8c  0xa28  Data  Gb  task_uart_tx.o [1]
Mem_Clr                 0x00111b2c   0x24  Code  Gb  lib_mem.o [1]
Mem_Set                 0x00111b50   0xdc  Code  Gb  lib_mem.o [1]
MsgQ_Noah2CMDParse      0x00205f70   0x28  Data  Gb  task_cmd_parse.o [1]
MsgQ_Noah2PCUART        0x00205fc0   0x28  Data  Gb  task_uart_tx.o [1]
MsgQ_Noah2RulerUART     0x00206010   0x28  Data  Gb  task_uart_tx_ruler.o [1]
MsgQ_PCUART2Noah        0x00205f98   0x28  Data  Gb  task_uart_tx.o [1]
MsgQ_RulerUART2Noah     0x00205fe8   0x28  Data  Gb  task_uart_tx_ruler.o [1]
Noah_CMD_Parse_Ruler    0x00107878  0x184  Code  Gb  noah_cmd.o [1]
Noah_CMD_Read           0x00107134  0x310  Code  Gb  noah_cmd.o [1]
OSCPUUsage              0x00206259    0x1  Data  Gb  os_core.o [1]
OSCtxSw                 0x0010641c         Code  Gb  os_cpu_a.o [1]
OSCtxSwCtr              0x00206184    0x4  Data  Gb  os_core.o [1]
OSDCC_Addr              0x002061d4    0x4  Data  Lc  os_dcc.o [1]
OSDCC_Cmd               0x002061d0    0x4  Data  Lc  os_dcc.o [1]
OSDCC_Data              0x002061dc    0x4  Data  Lc  os_dcc.o [1]
OSDCC_Handler           0x00110e58  0x27c  Code  Gb  os_dcc.o [1]
OSDCC_ItemCnt           0x002061d8    0x4  Data  Lc  os_dcc.o [1]
OSDCC_Read              0x00110e48    0x8  Code  Lc  os_dcc.o [1]
OSDCC_ReadCtrl          0x00110e40    0x8  Code  Lc  os_dcc.o [1]
OSDCC_Write             0x00110e50    0x8  Code  Lc  os_dcc.o [1]
OSDataSize              0x00117444    0x2  Data  Gb  os_dbg.o [1]
OSDebugEn               0x00115eb2    0x2  Data  Gb  os_dbg.o [1]
OSDebugInit             0x0010f154  0x2b0  Code  Gb  os_dbg.o [1]
OSEndiannessTest        0x001173c8    0x4  Data  Gb  os_dbg.o [1]
OSEventEn               0x001173dc    0x2  Data  Gb  os_dbg.o [1]
OSEventFreeList         0x00206188    0x4  Data  Gb  os_core.o [1]
OSEventMax              0x001173de    0x2  Data  Gb  os_dbg.o [1]
OSEventMultiEn          0x001173e6    0x2  Data  Gb  os_dbg.o [1]
OSEventNameEn           0x001173e0    0x2  Data  Gb  os_dbg.o [1]
OSEventNameSet          0x001096e4   0xac  Code  Gb  os_core.o [1]
OSEventSize             0x001173e2    0x2  Data  Gb  os_dbg.o [1]
OSEventTbl              0x0020390c  0x258  Data  Gb  os_core.o [1]
OSEventTblSize          0x001173e4    0x2  Data  Gb  os_dbg.o [1]
OSFlagEn                0x001173e8    0x2  Data  Gb  os_dbg.o [1]
OSFlagFreeList          0x0020618c    0x4  Data  Gb  os_core.o [1]
OSFlagGrpSize           0x001173ea    0x2  Data  Gb  os_dbg.o [1]
OSFlagMax               0x001173f0    0x2  Data  Gb  os_dbg.o [1]
OSFlagNameEn            0x001173f2    0x2  Data  Gb  os_dbg.o [1]
OSFlagNodeSize          0x001173ec    0x2  Data  Gb  os_dbg.o [1]
OSFlagTbl               0x00205e60   0x50  Data  Gb  os_core.o [1]
OSFlagWidth             0x001173ee    0x2  Data  Gb  os_dbg.o [1]
OSIdleCtr               0x00206198    0x4  Data  Gb  os_core.o [1]
OSIdleCtrMax            0x00206190    0x4  Data  Gb  os_core.o [1]
OSIdleCtrRun            0x00206194    0x4  Data  Gb  os_core.o [1]
OSInit                  0x00109790   0x40  Code  Gb  os_core.o [1]
OSInitHookBegin         0x0010e8e4   0x44  Code  Gb  os_cpu_c.o [1]
OSIntCtxSw              0x00106480         Code  Gb  os_cpu_a.o [1]
OSIntExit               0x001097d0   0xe0  Code  Gb  os_core.o [1]
OSIntNesting            0x0020625b    0x1  Data  Gb  os_core.o [1]
OSLockNesting           0x0020625c    0x1  Data  Gb  os_core.o [1]
OSLowestPrio            0x001173f4    0x2  Data  Gb  os_dbg.o [1]
OSMboxCreate            0x0010d548   0x9c  Code  Gb  os_mbox.o [1]
OSMboxEn                0x001173f6    0x2  Data  Gb  os_dbg.o [1]
OSMboxPend              0x0010d5e8  0x1f8  Code  Gb  os_mbox.o [1]
OSMboxPost              0x0010d7f0   0xb8  Code  Gb  os_mbox.o [1]
OSMemCreate             0x0010c510  0x150  Code  Gb  os_mem.o [1]
OSMemEn                 0x001173f8    0x2  Data  Gb  os_dbg.o [1]
OSMemFreeList           0x002061ac    0x4  Data  Gb  os_core.o [1]
OSMemGet                0x0010c660   0x9c  Code  Gb  os_mem.o [1]
OSMemMax                0x001173fa    0x2  Data  Gb  os_dbg.o [1]
OSMemNameEn             0x001173fc    0x2  Data  Gb  os_dbg.o [1]
OSMemNameSet            0x0010c6fc   0x84  Code  Gb  os_mem.o [1]
OSMemPut                0x0010c780   0x84  Code  Gb  os_mem.o [1]
OSMemQuery              0x0010c804   0x84  Code  Gb  os_mem.o [1]
OSMemSize               0x001173fe    0x2  Data  Gb  os_dbg.o [1]
OSMemTbl                0x002060f8   0x18  Data  Gb  os_core.o [1]
OSMemTblSize            0x00117400    0x2  Data  Gb  os_dbg.o [1]
OSMutexEn               0x00117402    0x2  Data  Gb  os_dbg.o [1]
OSPrioCur               0x0020625d    0x1  Data  Gb  os_core.o [1]
OSPrioHighRdy           0x0020625e    0x1  Data  Gb  os_core.o [1]
OSPtrSize               0x00117404    0x2  Data  Gb  os_dbg.o [1]
OSQAccept               0x0010283c   0xd8  Code  Gb  os_q.o [1]
OSQCreate               0x001029c0  0x130  Code  Gb  os_q.o [1]
OSQEn                   0x00117406    0x2  Data  Gb  os_dbg.o [1]
OSQFreeList             0x002061b0    0x4  Data  Gb  os_core.o [1]
OSQGet                  0x00102914   0xac  Code  Gb  os_q.o [1]
OSQMax                  0x00117408    0x2  Data  Gb  os_dbg.o [1]
OSQPend                 0x00102af4  0x22c  Code  Gb  os_q.o [1]
OSQPost                 0x00102d20   0xe4  Code  Gb  os_q.o [1]
OSQPostOpt              0x00102e04  0x150  Code  Gb  os_q.o [1]
OSQSize                 0x0011740a    0x2  Data  Gb  os_dbg.o [1]
OSQTbl                  0x00205d94   0x78  Data  Gb  os_core.o [1]
OSRdyGrp                0x0020625f    0x1  Data  Gb  os_core.o [1]
OSRdyTbl                0x0020615c    0x8  Data  Gb  os_core.o [1]
OSRdyTblSize            0x0011740c    0x2  Data  Gb  os_dbg.o [1]
OSRunning               0x00206260    0x1  Data  Gb  os_core.o [1]
OSSchedLock             0x001098b0   0x64  Code  Gb  os_core.o [1]
OSSchedUnlock           0x00109914   0x9c  Code  Gb  os_core.o [1]
OSSemCreate             0x001067e8   0x9c  Code  Gb  os_sem.o [1]
OSSemDel                0x00106884  0x1cc  Code  Gb  os_sem.o [1]
OSSemEn                 0x0011740e    0x2  Data  Gb  os_dbg.o [1]
OSSemPend               0x00106a50  0x1a8  Code  Gb  os_sem.o [1]
OSSemPost               0x00106c0c   0xb4  Code  Gb  os_sem.o [1]
OSSemSet                0x00106cc0   0x98  Code  Gb  os_sem.o [1]
OSStart                 0x001099b0   0x60  Code  Gb  os_core.o [1]
OSStartHighRdy          0x001063e8         Code  Gb  os_cpu_a.o [1]
OSStatInit              0x00109a10   0x68  Code  Gb  os_core.o [1]
OSStatRdy               0x0020625a    0x1  Data  Gb  os_core.o [1]
OSStkWidth              0x00117410    0x2  Data  Gb  os_dbg.o [1]
OSTCBCur                0x0020619c    0x4  Data  Gb  os_core.o [1]
OSTCBFreeList           0x002061a0    0x4  Data  Gb  os_core.o [1]
OSTCBHighRdy            0x002061a4    0x4  Data  Gb  os_core.o [1]
OSTCBInitHook           0x0010ea8c   0x18  Code  Gb  os_cpu_c.o [1]
OSTCBList               0x002061a8    0x4  Data  Gb  os_core.o [1]
OSTCBPrioTbl            0x00205c94  0x100  Data  Gb  os_core.o [1]
OSTCBPrioTblMax         0x00117428    0x2  Data  Gb  os_dbg.o [1]
OSTCBSize               0x0011742a    0x2  Data  Gb  os_dbg.o [1]
OSTCBTbl                0x002028b4  0x5d8  Data  Gb  os_core.o [1]
OSTaskCreateEn          0x00117412    0x2  Data  Gb  os_dbg.o [1]
OSTaskCreateExt         0x0010d8a8  0x184  Code  Gb  os_task.o [1]
OSTaskCreateExtEn       0x00117414    0x2  Data  Gb  os_dbg.o [1]
OSTaskCreateHook        0x0010e928   0x18  Code  Gb  os_cpu_c.o [1]
OSTaskCtr               0x00206261    0x1  Data  Gb  os_core.o [1]
OSTaskDel               0x0010da2c  0x294  Code  Gb  os_task.o [1]
OSTaskDelEn             0x00117416    0x2  Data  Gb  os_dbg.o [1]
OSTaskDelHook           0x0010e940   0x18  Code  Gb  os_cpu_c.o [1]
OSTaskIdleHook          0x0010e958   0x14  Code  Gb  os_cpu_c.o [1]
OSTaskIdleStk           0x00204b64  0x200  Data  Gb  os_core.o [1]
OSTaskIdleStkSize       0x00117418    0x2  Data  Gb  os_dbg.o [1]
OSTaskMax               0x0011741c    0x2  Data  Gb  os_dbg.o [1]
OSTaskNameEn            0x0011741e    0x2  Data  Gb  os_dbg.o [1]
OSTaskNameSet           0x0010dcc0  0x10c  Code  Gb  os_task.o [1]
OSTaskProfileEn         0x0011741a    0x2  Data  Gb  os_dbg.o [1]
OSTaskReturnHook        0x0010e96c   0x18  Code  Gb  os_cpu_c.o [1]
OSTaskStatEn            0x00117420    0x2  Data  Gb  os_dbg.o [1]
OSTaskStatHook          0x0010e984   0x10  Code  Gb  os_cpu_c.o [1]
OSTaskStatStk           0x00204964  0x200  Data  Gb  os_core.o [1]
OSTaskStatStkChkEn      0x00117424    0x2  Data  Gb  os_dbg.o [1]
OSTaskStatStkSize       0x00117422    0x2  Data  Gb  os_dbg.o [1]
OSTaskStkChk            0x0010ddd0  0x140  Code  Gb  os_task.o [1]
OSTaskStkInit           0x0010e994   0xe8  Code  Gb  os_cpu_c.o [1]
OSTaskSuspend           0x0010df1c  0x188  Code  Gb  os_task.o [1]
OSTaskSwHook            0x0010ea7c   0x10  Code  Gb  os_cpu_c.o [1]
OSTaskSwHookEn          0x00117426    0x2  Data  Gb  os_dbg.o [1]
OSTickStepState         0x00206262    0x1  Data  Gb  os_core.o [1]
OSTicksPerSec           0x0011742c    0x2  Data  Gb  os_dbg.o [1]
OSTime                  0x002061b4    0x4  Data  Gb  os_core.o [1]
OSTimeDly               0x00102fdc   0xc4  Code  Gb  os_time.o [1]
OSTimeTick              0x00109a78  0x180  Code  Gb  os_core.o [1]
OSTimeTickHook          0x0010eaa4   0x48  Code  Gb  os_cpu_c.o [1]
OSTimeTickHookEn        0x0011742e    0x2  Data  Gb  os_dbg.o [1]
OSTmrCfgMax             0x00117434    0x2  Data  Gb  os_dbg.o [1]
OSTmrCfgNameEn          0x00117436    0x2  Data  Gb  os_dbg.o [1]
OSTmrCfgTicksPerSec     0x0011743a    0x2  Data  Gb  os_dbg.o [1]
OSTmrCfgWheelSize       0x00117438    0x2  Data  Gb  os_dbg.o [1]
OSTmrCtr                0x00206254    0x2  Data  Lc  os_cpu_c.o [1]
OSTmrEn                 0x00117432    0x2  Data  Gb  os_dbg.o [1]
OSTmrFree               0x00206250    0x2  Data  Gb  os_core.o [1]
OSTmrFreeList           0x002061c4    0x4  Data  Gb  os_core.o [1]
OSTmrSem                0x002061bc    0x4  Data  Gb  os_core.o [1]
OSTmrSemSignal          0x002061c0    0x4  Data  Gb  os_core.o [1]
OSTmrSignal             0x0010ecfc   0x24  Code  Gb  os_tmr.o [1]
OSTmrSize               0x0011743c    0x2  Data  Gb  os_dbg.o [1]
OSTmrTaskStk            0x00204d64  0x200  Data  Gb  os_core.o [1]
OSTmrTbl                0x0020368c  0x280  Data  Gb  os_core.o [1]
OSTmrTblSize            0x0011743e    0x2  Data  Gb  os_dbg.o [1]
OSTmrTime               0x002061b8    0x4  Data  Gb  os_core.o [1]
OSTmrUsed               0x00206252    0x2  Data  Gb  os_core.o [1]
OSTmrWheelSize          0x00117440    0x2  Data  Gb  os_dbg.o [1]
OSTmrWheelTbl           0x00205eb0   0x40  Data  Gb  os_core.o [1]
OSTmrWheelTblSize       0x00117442    0x2  Data  Gb  os_dbg.o [1]
OSTmr_Init              0x0010ed20  0x11c  Code  Gb  os_tmr.o [1]
OSTmr_InitTask          0x0010ee3c   0x68  Code  Lc  os_tmr.o [1]
OSTmr_Link              0x0010eea4   0xe8  Code  Lc  os_tmr.o [1]
OSTmr_Task              0x0010f034   0xe8  Code  Lc  os_tmr.o [1]
OSTmr_Unlink            0x0010ef90   0xa4  Code  Lc  os_tmr.o [1]
OSUnMapTbl              0x00114ed8  0x100  Data  Gb  os_core.o [1]
OSVersion               0x00109bf8    0xc  Code  Gb  os_core.o [1]
OSVersionNbr            0x00117430    0x2  Data  Gb  os_dbg.o [1]
OS_CPU_ARM_ExceptAddrAbortHndlr
                        0x00106504         Code  Gb  os_cpu_a.o [1]
OS_CPU_ARM_ExceptDataAbortHndlr
                        0x001064f0         Code  Gb  os_cpu_a.o [1]
OS_CPU_ARM_ExceptFiqHndlr
                        0x00106518         Code  Gb  os_cpu_a.o [1]
OS_CPU_ARM_ExceptIrqHndlr
                        0x00106650         Code  Gb  os_cpu_a.o [1]
OS_CPU_ARM_ExceptPrefetchAbortHndlr
                        0x001064dc         Code  Gb  os_cpu_a.o [1]
OS_CPU_ARM_ExceptSwiHndlr
                        0x001064cc         Code  Gb  os_cpu_a.o [1]
OS_CPU_ARM_ExceptUndefInstrHndlr
                        0x001064bc         Code  Gb  os_cpu_a.o [1]
OS_CPU_ExceptHndlr      0x00103860   0xdc  Code  Gb  bsp.o [1]
OS_CPU_ExceptStk        0x00204f64  0x200  Data  Gb  os_cpu_c.o [1]
OS_CPU_ExceptStkBase    0x002061c8    0x4  Data  Gb  os_cpu_c.o [1]
OS_CPU_ExceptStkPtr     0x002061cc    0x4  Data  Gb  os_cpu_c.o [1]
OS_CPU_InitExceptVect   0x0010eaec   0xac  Code  Gb  os_cpu_c.o [1]
OS_CPU_SR_FIQ_Dis       0x001067ac         Code  Gb  os_cpu_a.o [1]
OS_CPU_SR_FIQ_En        0x0010679c         Code  Gb  os_cpu_a.o [1]
OS_CPU_SR_INT_Dis       0x0010676c         Code  Gb  os_cpu_a.o [1]
OS_CPU_SR_INT_En        0x0010675c         Code  Gb  os_cpu_a.o [1]
OS_CPU_SR_IRQ_Dis       0x0010678c         Code  Gb  os_cpu_a.o [1]
OS_CPU_SR_IRQ_En        0x0010677c         Code  Gb  os_cpu_a.o [1]
OS_CPU_SR_Restore       0x001063e0         Code  Gb  os_cpu_a.o [1]
OS_CPU_SR_Save          0x001063d0         Code  Gb  os_cpu_a.o [1]
OS_EventTaskRdy         0x00109c04  0x110  Code  Gb  os_core.o [1]
OS_EventTaskRemove      0x00109df0   0x5c  Code  Gb  os_core.o [1]
OS_EventTaskRemoveMulti
                        0x00109e4c   0x90  Code  Gb  os_core.o [1]
OS_EventTaskWait        0x00109d14   0xd8  Code  Gb  os_core.o [1]
OS_EventWaitListInit    0x00109edc   0x40  Code  Gb  os_core.o [1]
OS_FlagInit             0x0010ebfc   0x8c  Code  Gb  os_flag.o [1]
OS_FlagUnlink           0x0010ec98   0x64  Code  Gb  os_flag.o [1]
OS_InitEventList        0x00109f1c   0x8c  Code  Lc  os_core.o [1]
OS_InitMisc             0x00109fa8   0x7c  Code  Lc  os_core.o [1]
OS_InitRdyList          0x0010a02c   0x74  Code  Lc  os_core.o [1]
OS_InitTCBList          0x0010a170   0x94  Code  Lc  os_core.o [1]
OS_InitTaskIdle         0x0010a0a0   0x68  Code  Lc  os_core.o [1]
OS_InitTaskStat         0x0010a108   0x68  Code  Lc  os_core.o [1]
OS_MemClr               0x0010a208   0x2c  Code  Gb  os_core.o [1]
OS_MemInit              0x0010c888   0x34  Code  Gb  os_mem.o [1]
OS_QInit                0x00102f54   0x6c  Code  Gb  os_q.o [1]
OS_Sched                0x0010a234   0xac  Code  Gb  os_core.o [1]
OS_SchedNew             0x0010a2e0   0x44  Code  Lc  os_core.o [1]
OS_TCBInit              0x0010a4dc  0x220  Code  Gb  os_core.o [1]
OS_TaskIdle             0x0010a328   0x38  Code  Gb  os_core.o [1]
OS_TaskReturn           0x0010e0b0   0x20  Code  Gb  os_task.o [1]
OS_TaskStat             0x0010a364   0xc4  Code  Gb  os_core.o [1]
OS_TaskStatStkChk       0x0010a434   0x94  Code  Gb  os_core.o [1]
OS_TaskStkClr           0x0010e0f0   0x30  Code  Gb  os_task.o [1]
OutStream_Write         0x00114beb   0x46  Code  Lc  lz77_init.o [5]
PIO_Clear               0x0010b2b4   0x10  Code  Gb  pio.o [1]
PIO_Configure           0x0010b194  0x110  Code  Gb  pio.o [1]
PIO_Get                 0x0010b2c4   0x54  Code  Gb  pio.o [1]
PIO_GetOutputDataStatus
                        0x0010b318   0x28  Code  Gb  pio.o [1]
PIO_Set                 0x0010b2a4   0x10  Code  Gb  pio.o [1]
PIO_SetInput            0x0010b0dc   0x48  Code  Lc  pio.o [1]
PIO_SetOutput           0x0010b124   0x70  Code  Lc  pio.o [1]
PIO_SetPeripheralA      0x0010b084   0x2c  Code  Lc  pio.o [1]
PIO_SetPeripheralB      0x0010b0b0   0x2c  Code  Lc  pio.o [1]
PM_LegacyRead           0x0010bc08  0x284  Code  Gb  mem_basic.o [1]
PM_SingleWrite          0x0010b8d8   0xbc  Code  Gb  mem_basic.o [1]
PcCmdTxID               0x00206269    0x1  Data  Gb  task_uart_tx.o [1]
PcCmdTxID_Ruler         0x00206238    0x4  Data  Gb  task_uart_tx_ruler.o [1]
PinBuzzer               0x00200648    0xc  Data  Lc  bsp.o [1]
Pin_Reset_Audio_MCU     0x00107000   0x2c  Code  Gb  gpio.o [1]
Pin_Reset_FM36          0x00106fd4   0x2c  Code  Gb  gpio.o [1]
Port_Detect_Enable      0x001090e8   0x30  Code  Gb  task_user_if.o [1]
Queue_Create            0x0010444c   0x80  Code  Gb  queue.o [1]
Queue_Flush             0x001048b4   0x48  Code  Gb  queue.o [1]
Queue_NData             0x0010486c   0x48  Code  Gb  queue.o [1]
Queue_Read              0x001044cc   0xa0  Code  Gb  queue.o [1]
Queue_ReadBuf           0x0010456c  0x150  Code  Gb  queue.o [1]
Queue_Write             0x001046bc   0xa0  Code  Gb  queue.o [1]
Queue_WriteBuf          0x0010475c  0x110  Code  Gb  queue.o [1]
ReadCMFunc              0x00112570   0xac  Code  Gb  commands.o [1]
ReadDMFunc              0x001123dc   0xac  Code  Gb  commands.o [1]
ReadDSPREGFunc          0x00112874   0xac  Code  Gb  commands.o [1]
ReadHostREGFunc         0x00112a28   0xac  Code  Gb  commands.o [1]
ReadPMFunc              0x001126ec   0xb4  Code  Gb  commands.o [1]
Read_Flash_State        0x00101b10   0x20  Code  Gb  ruler.o [1]
Read_Mic_Cali_Data      0x001011fc  0x15c  Code  Gb  ruler.o [1]
Read_Ruler_Info         0x00100e2c  0x150  Code  Gb  ruler.o [1]
Read_Ruler_Status       0x00100cc0  0x16c  Code  Gb  ruler.o [1]
RebootFunc              0x00112390   0x4c  Code  Gb  commands.o [1]
Region$$Table$$Base     0x00116700          --   Gb  - Linker created -
Region$$Table$$Limit    0x00116748          --   Gb  - Linker created -
Reset_Mic_Mask          0x001022e8  0x130  Code  Gb  ruler.o [1]
Revert_patch_Endien     0x00105c94   0x1c  Code  Lc  dsp.o [1]
Ruler_Active_Control    0x0010177c  0x1bc  Code  Gb  ruler.o [1]
Ruler_CMD_Result        0x00206265    0x1  Data  Gb  ruler.o [1]
Ruler_POST              0x001026cc   0xc8  Code  Gb  ruler.o [1]
Ruler_Port_LED_Service  0x0010242c  0x140  Code  Gb  ruler.o [1]
Ruler_Power_Switch      0x00106e48   0x40  Code  Gb  gpio.o [1]
Ruler_Setup_Sync_Data   0x00206266    0x1  Data  Gb  ruler.o [1]
Ruler_State_Previous    0x00206180    0x4  Data  Lc  noah_cmd.o [1]
SVC_STACK$$Base         0x00206470          --   Gb  - Linker created -
SVC_STACK$$Limit        0x00206670          --   Gb  - Linker created -
Save_Ruler_FW           0x00101b90  0x1dc  Code  Gb  ruler.o [1]
Send_DACK               0x001079fc   0x4c  Code  Gb  noah_cmd.o [1]
Send_GACK               0x00107a48   0x4c  Code  Gb  noah_cmd.o [1]
Set_Volume              0x00102180  0x158  Code  Gb  ruler.o [1]
Setup_Audio             0x00100384  0x250  Code  Gb  ruler.o [1]
Setup_Ruler             0x001009d4  0x17c  Code  Gb  ruler.o [1]
ShellComms              0x00205964  0x130  Data  Gb  commands.o [1]
Start_Audio             0x001005d4  0x110  Code  Gb  ruler.o [1]
Stop_Audio              0x001006e4  0x12c  Code  Gb  ruler.o [1]
Str_CmpIgnoreCase       0x00112f78   0x34  Code  Gb  lib_str.o [1]
Str_CmpIgnoreCase_N     0x00112fac  0x360  Code  Gb  lib_str.o [1]
Str_MultOvfThTbl_Int32U
                        0x001150a8   0x94  Data  Lc  lib_str.o [1]
Str_ParseNbr_Int32      0x0011334c  0x398  Code  Lc  lib_str.o [1]
Str_ParseNbr_Int32U     0x0011330c   0x40  Code  Gb  lib_str.o [1]
TWID_Handler            0x0010a780  0x190  Code  Gb  twid.o [1]
TWID_Initialize         0x0010a770   0x10  Code  Gb  twid.o [1]
TWID_Read               0x0010a910  0x238  Code  Gb  twid.o [1]
TWID_Write              0x0010ab48  0x218  Code  Gb  twid.o [1]
TWI_ByteReceived        0x0010f584   0x14  Code  Gb  twi.o [1]
TWI_ByteSent            0x0010f598   0x14  Code  Gb  twi.o [1]
TWI_ConfigureMaster     0x0010f404   0xb0  Code  Gb  twi.o [1]
TWI_DisableIt           0x0010f5c4    0x8  Code  Gb  twi.o [1]
TWI_EnableIt            0x0010f5bc    0x8  Code  Gb  twi.o [1]
TWI_GetMaskedStatus     0x0010f5cc   0x18  Code  Gb  twi.o [1]
TWI_Init                0x0010ad60   0xc8  Code  Gb  twid.o [1]
TWI_ReadByte            0x0010f508    0xc  Code  Gb  twi.o [1]
TWI_Sem_done            0x00206244    0x4  Data  Gb  twid.o [1]
TWI_Sem_lock            0x00206240    0x4  Data  Gb  twid.o [1]
TWI_StartRead           0x0010f4c0   0x48  Code  Gb  twi.o [1]
TWI_StartWrite          0x0010f524   0x60  Code  Gb  twi.o [1]
TWI_Stop                0x0010f4b4    0xc  Code  Gb  twi.o [1]
TWI_TransferComplete    0x0010f5ac   0x10  Code  Gb  twi.o [1]
TWI_WriteByte           0x0010f514   0x10  Code  Gb  twi.o [1]
TaskFunc                0x00112090   0x9c  Code  Gb  commands.o [1]
Task_ReCreate_Shell     0x0010e74c   0x60  Code  Gb  app.o [1]
Timer_Init              0x0010b004   0x34  Code  Gb  timer.o [1]
Toggle_Mic              0x00101fc8  0x1b8  Code  Gb  ruler.o [1]
Tx_ReSend_Happens       0x00206228    0x4  Data  Gb  task_uart_tx.o [1]
Tx_ReSend_Happens_Ruler
                        0x00206234    0x4  Data  Gb  task_uart_tx_ruler.o [1]
UART0_Rece_Buf          0x00205364  0x200  Data  Gb  uart.o [1]
UART0_Rece_Buf_PDC      0x00206058   0x20  Data  Gb  uart.o [1]
UART0_Send_Buf          0x00205164  0x200  Data  Gb  uart.o [1]
UART0_Send_Buf_PDC      0x00206038   0x20  Data  Gb  uart.o [1]
UART1_Mixer             0x00106e88   0x94  Code  Gb  gpio.o [1]
UART1_Rece_Buf          0x00205764  0x200  Data  Gb  uart.o [1]
UART1_Rece_Buf_PDC      0x00206098   0x20  Data  Gb  uart.o [1]
UART1_Send_Buf          0x00205564  0x200  Data  Gb  uart.o [1]
UART1_Send_Buf_PDC      0x00206078   0x20  Data  Gb  uart.o [1]
UART2_Rece_Buf          0x00205f30   0x40  Data  Gb  uart.o [1]
UART2_Rece_Buf_PDC      0x002060d8   0x20  Data  Gb  uart.o [1]
UART2_Send_Buf          0x00205ef0   0x40  Data  Gb  uart.o [1]
UART2_Send_Buf_PDC      0x002060b8   0x20  Data  Gb  uart.o [1]
UART_Init               0x001048fc  0x330  Code  Gb  uart.o [1]
UART_MUX_Sem_lock       0x002061fc    0x4  Data  Gb  task_noah_ruler.o [1]
UART_PID                0x001173d8    0x4  Data  Lc  uart.o [1]
UART_PINS               0x001166dc   0x24  Data  Lc  uart.o [1]
UART_Rece_Buf_Size      0x00117228    0xc  Data  Lc  uart.o [1]
UART_Send_Buf_Size      0x0011721c    0xc  Data  Lc  uart.o [1]
UART_WriteStart         0x00104c2c  0x154  Code  Gb  uart.o [1]
UND_STACK$$Base         0x002076b0          --   Gb  - Linker created -
UND_STACK$$Limit        0x002076f0          --   Gb  - Linker created -
USART_Configure         0x001050c8   0x4c  Code  Gb  uart.o [1]
USART_ReadBuffer        0x001051bc   0x58  Code  Lc  uart.o [1]
USART_Read_Timeout      0x00105214  0x148  Code  Gb  uart.o [1]
USART_Sem               0x00206150    0xc  Data  Lc  uart.o [1]
USART_SendBuf           0x001053f4   0x98  Code  Gb  uart.o [1]
USART_SendByte          0x0010535c   0x98  Code  Gb  uart.o [1]
USART_SetReceiverEnabled
                        0x0010513c   0x28  Code  Gb  uart.o [1]
USART_SetTransmitterEnabled
                        0x00105114   0x28  Code  Gb  uart.o [1]
USART_WriteBuffer       0x00105164   0x58  Code  Lc  uart.o [1]
Unlock_PM               0x0010b7c0   0x84  Code  Lc  mem_basic.o [1]
Update_Mic_Mask         0x001015dc  0x17c  Code  Gb  ruler.o [1]
Update_Ruler_FW         0x00101d88  0x234  Code  Gb  ruler.o [1]
WriteCMFunc             0x0011261c   0xd0  Code  Gb  commands.o [1]
WriteDMFunc             0x00112488   0xe4  Code  Gb  commands.o [1]
WriteDSPREGFunc         0x00112920  0x108  Code  Gb  commands.o [1]
WriteGPIOFunc           0x00112264   0xac  Code  Gb  commands.o [1]
WriteHostREGFunc        0x00112b10  0x108  Code  Gb  commands.o [1]
WritePMFunc             0x001127a0   0xd4  Code  Gb  commands.o [1]
Write_Flash_State       0x00101b30   0x50  Code  Gb  ruler.o [1]
Write_Mic_Cali_Data     0x0010137c  0x240  Code  Gb  ruler.o [1]
Write_Ruler_FW          0x00112c4c   0x84  Code  Gb  commands.o [1]
Write_Ruler_Info        0x00100fb0  0x230  Code  Gb  ruler.o [1]
Xmodem_Transmit         0x001091d0  0x330  Code  Gb  Xmodem.o [1]
_GenldFullNoMb          0x00110884  0x3d0  Code  Lc  xprintffull_nomb.o [3]
_LdtobFullNoMb          0x001101c0  0x6b8  Code  Lc  xprintffull_nomb.o [3]
_LitobFullNoMb          0x00110008  0x1ac  Code  Lc  xprintffull_nomb.o [3]
_Locale_aeabi_lconv     0x00200610   0x38  Data  Gb  localeconv.o [3]
_Locale_lconv           0x002005c0   0x50  Data  Gb  localeconv.o [3]
_PrintfFullNoMb         0x0010f5e4  0xa24  Code  Gb  xprintffull_nomb.o [3]
_PutcharsFullNoMb       0x00110c54   0x60  Code  Lc  xprintffull_nomb.o [3]
_SProut                 0x00116fcc   0x14  Code  Gb  xsprout.o [3]
__ICFEDIT_region_RAM_end__ {Abs}
                        0x00207fff          --   Gb  command line/config [2]
__ICFEDIT_region_RAM_start__ {Abs}
                        0x00200000          --   Gb  command line/config [2]
__ICFEDIT_region_ROM_end__ {Abs}
                        0x0013ffff          --   Gb  command line/config [2]
__ICFEDIT_region_ROM_start__ {Abs}
                        0x00100000          --   Gb  command line/config [2]
__ICFEDIT_size_cstack__ {Abs}
                        0x00001000          --   Gb  command line/config [2]
__ICFEDIT_size_heap__ {Abs}
                        0x00000200          --   Gb  command line/config [2]
__ICFEDIT_size_irqstack__ {Abs}
                        0x00000200          --   Gb  command line/config [2]
__ICFEDIT_size_startup__ {Abs}
                        0x00000200          --   Gb  command line/config [2]
__ICFEDIT_size_vectors__ {Abs}
                        0x00000200          --   Gb  command line/config [2]
__aeabi_cdcmple         0x001112ec         Code  Gb  DblCmpLe.o [4]
__aeabi_cdrcmple        0x00111324         Code  Gb  DblCmpGe.o [4]
__aeabi_d2f             0x0010b688         Code  Gb  DblToFlt.o [4]
__aeabi_d2iz            0x0011153c         Code  Gb  DblToS32.o [4]
__aeabi_d2uiz           0x00111984         Code  Gb  DblToU32.o [4]
__aeabi_ddiv            0x0010b350         Code  Gb  DblDiv.o [4]
__aeabi_dmul            0x0011178c         Code  Gb  DblMul.o [4]
__aeabi_dsub            0x0011159c         Code  Gb  DblSub.o [4]
__aeabi_f2iz            0x0010b734         Code  Gb  FltToS32.o [4]
__aeabi_i2d             0x00110cf8         Code  Gb  S32ToDbl.o [4]
__aeabi_idiv            0x00109510         Code  Gb  I32DivMod.o [5]
__aeabi_idiv0           0x0010e8e0         Code  Gb  IntDivZer.o [5]
__aeabi_idivmod         0x00109510         Code  Gb  I32DivMod.o [5]
__aeabi_ldiv0           0x00111c2c         Code  Gb  I64DivZer.o [5]
__aeabi_memcpy          0x00108a84         Code  Gb  ABImemcpy.o [5]
__aeabi_memcpy4         0x00108aa8         Code  Gb  ABImemcpy.o [5]
__aeabi_memcpy8         0x00108aa8         Code  Gb  ABImemcpy.o [5]
__aeabi_memset          0x0010d4cc         Code  Gb  ABImemset.o [5]
__aeabi_ui2d            0x0010b340         Code  Gb  U32ToDbl.o [4]
__aeabi_uidiv           0x00109540         Code  Gb  I32DivMod.o [5]
__aeabi_uidivmod        0x00109540         Code  Gb  I32DivMod.o [5]
__aeabi_uldivmod        0x0011119c         Code  Gb  I64DivMod.o [5]
__cmain                 0x0011614c         Code  Gb  cmain.o [5]
__exit                  0x00114da0         Code  Gb  XXexit.o [5]
__iar_Dnorm             0x00111270   0x7c  Code  Gb  xdnorm.o [4]
__iar_Dscale            0x0011135c  0x1e0  Code  Gb  xdscale.o [4]
__iar_Locale_lconv_init
                        0x001119c0   0x64  Code  Gb  localeconv.o [3]
__iar_Memchr            0x00111108         Code  Gb  memchr.o [5]
__iar_Memset            0x0010d4cc         Code  Gb  ABImemset.o [5]
__iar_Memset_word       0x0010d4d8         Code  Gb  ABImemset.o [5]
__iar_Strchr            0x001110e8         Code  Gb  strchr.o [5]
__iar_dadd              0x00111c30         Code  Gb  DblAdd.o [4]
__iar_data_init3        0x00115e81   0x30  Code  Gb  data_init.o [5]
__iar_dsub              0x001115ac         Code  Gb  DblSub.o [4]
__iar_dsubStart         0x001115cc         Code  Gb  DblSub.o [4]
__iar_i2d               0x00110d0c         Code  Gb  S32ToDbl.o [4]
__iar_lz77_init3        0x00114c31  0x164  Code  Gb  lz77_init.o [5]
__iar_program_start     0x00100000         Code  Gb  cstartup.o [1]
__iar_zero_init3        0x00110ccf   0x2a  Code  Gb  zero_init3.o [5]
__vector                0x00200000         Code  Gb  cstartup.o [1]
_call_main              0x00116160         Code  Gb  cmain.o [5]
_exit                   0x0011617c         Code  Gb  cexit.o [5]
_main                   0x00116168         Code  Gb  cmain.o [5]
abort                   0x00114d98    0x8  Code  Gb  abort.o [3]
calc_crc                0x00109158   0x74  Code  Lc  Xmodem.o [1]
div                     0x00111a6c   0x38  Code  Gb  div.o [3]
emb_append_attr_string  0x0010d2e8   0x68  Code  Gb  emb.o [1]
emb_append_attr_uint    0x0010d280   0x68  Code  Gb  emb.o [1]
emb_append_end          0x0010d350   0x40  Code  Gb  emb.o [1]
emb_attach              0x0010c8e4   0x14  Code  Gb  emb.o [1]
emb_encode_fixed        0x0010d1c8   0x44  Code  Lc  emb.o [1]
emb_encode_header       0x0010d150   0x78  Code  Lc  emb.o [1]
emb_encode_string       0x0010d20c   0x34  Code  Lc  emb.o [1]
emb_encode_uint         0x0010d100   0x50  Code  Lc  emb.o [1]
emb_get_attr_binary     0x0010d0b4   0x4c  Code  Gb  emb.o [1]
emb_get_attr_int        0x0010d030   0x44  Code  Gb  emb.o [1]
emb_get_attr_string     0x0010d074   0x40  Code  Gb  emb.o [1]
emb_get_binary          0x0010cfb8   0x78  Code  Gb  emb.o [1]
emb_get_id              0x0010ce84   0x38  Code  Gb  emb.o [1]
emb_get_int             0x0010cebc   0x94  Code  Gb  emb.o [1]
emb_get_node            0x0010cd14   0xbc  Code  Lc  emb.o [1]
emb_get_node_replace    0x0010cdd0   0xb4  Code  Gb  emb.o [1]
emb_get_string          0x0010cf50   0x68  Code  Gb  emb.o [1]
emb_init_builder        0x0010d240   0x40  Code  Gb  emb.o [1]
emb_parse_binary        0x0010c9f8   0x58  Code  Lc  emb.o [1]
emb_parse_id_type       0x0010ca50   0x98  Code  Lc  emb.o [1]
emb_parse_sint          0x0010c950   0x70  Code  Lc  emb.o [1]
emb_parse_string        0x0010c9c0   0x38  Code  Lc  emb.o [1]
emb_parse_uint          0x0010c8f8   0x58  Code  Lc  emb.o [1]
emb_skip_binary         0x0010cba4   0x4c  Code  Lc  emb.o [1]
emb_skip_element        0x0010cbf0   0x84  Code  Lc  emb.o [1]
emb_skip_fixed          0x0010cb54   0x20  Code  Lc  emb.o [1]
emb_skip_header         0x0010cb18   0x3c  Code  Lc  emb.o [1]
emb_skip_int            0x0010cae8   0x30  Code  Lc  emb.o [1]
emb_skip_node           0x0010cc74   0xa0  Code  Lc  emb.o [1]
emb_skip_string         0x0010cb74   0x30  Code  Lc  emb.o [1]
exit                    0x00116178    0x4  Code  Gb  exit.o [3]
flag_power_lose         0x00200668    0x1  Data  Lc  dsp.o [1]
flushinput              0x001091cc    0x4  Code  Lc  Xmodem.o [1]
fm36_para_table_3       0x00200440   0xdc  Data  Lc  dsp.o [1]
fm36_patch_code_3       0x00200200  0x12c  Data  Lc  dsp.o [1]
fw_version              0x00116ff0   0x10  Data  Gb  bsp.o [1]
get_os_state            0x00103dc8   0x64  Code  Gb  bsp.o [1]
hw_model                0x001172c0    0x8  Data  Gb  bsp.o [1]
hw_version              0x00117150    0xc  Data  Gb  bsp.o [1]
localeconv              0x00111a24   0x2c  Code  Gb  localeconv.o [3]
main                    0x0010e120   0x74  Code  Gb  app.o [1]
memchr                  0x00111108         Code  Gb  memchr.o [5]
memcpy                  0x0010c8cc   0x18  Code  Gb  memcpy.o [3]
memset                  0x00108d90   0x28  Code  Gb  memset.o [3]
min                     0x0010d490   0x1c  Code  Gb  math.o [1]
numGpios                0x001173b8    0x4  Data  Lc  gpio.o [1]
numLeds                 0x001173bc    0x4  Data  Lc  led.o [1]
os_stat_desp            0x00115b60   0x38  Data  Gb  bsp.o [1]
pMEM_Part_MsgUART       0x0020621c    0x4  Data  Gb  task_uart_tx.o [1]
pPageBuffer             0x00205b94  0x100  Data  Lc  flashd_efc.o [1]
pTCREG                  0x00200654    0xc  Data  Lc  timer.o [1]
pUARTREG                0x001171e0    0xc  Data  Lc  uart.o [1]
pUART_Rece_Buf          0x001171f8    0xc  Data  Gb  uart.o [1]
pUART_Rece_Buf_PDC      0x00117210    0xc  Data  Gb  uart.o [1]
pUART_Send_Buf          0x001171ec    0xc  Data  Gb  uart.o [1]
pUART_Send_Buf_PDC      0x00117204    0xc  Data  Gb  uart.o [1]
pcSendDateToBuf         0x001074b0  0x1fc  Code  Gb  noah_cmd.o [1]
pinsBuzzer              0x00117198    0xc  Data  Lc  led.o [1]
pinsGpios               0x0020032c  0x114  Data  Lc  gpio.o [1]
pinsLeds                0x00115680   0x48  Data  Lc  led.o [1]
pinsSwitches            0x00116e00   0x18  Data  Lc  gpio.o [1]
port_enable             0x0020066a    0x1  Data  Lc  task_user_if.o [1]
power                   0x0010d4ac   0x20  Code  Gb  math.o [1]
ppcer_offset            0x00200664    0x4  Data  Lc  timer.o [1]
sr_saved                0x00206178    0x4  Data  Lc  dsp.o [1]
strcat                  0x0010d390   0x30  Code  Gb  strcat.o [3]
strchr                  0x001110e8         Code  Gb  strchr.o [5]
strcpy                  0x00108d24         Code  Gb  strcpy.o [5]
strlen                  0x00110d58         Code  Gb  strlen.o [5]
test_counter1           0x00206208    0x4  Data  Gb  task_noah_ruler.o [1]
test_counter2           0x0020620c    0x4  Data  Gb  task_noah_ruler.o [1]
test_counter3           0x00206210    0x4  Data  Gb  task_noah_ruler.o [1]
test_counter4           0x00206214    0x4  Data  Gb  task_noah_ruler.o [1]
test_counter5           0x00206218    0x4  Data  Gb  task_noah_ruler.o [1]
twi_async               0x00206110   0x14  Data  Gb  twid.o [1]
twi_pins                0x001171d4    0xc  Data  Lc  twid.o [1]
twid                    0x00206164    0x8  Data  Gb  twid.o [1]
vsprintf                0x0010b038   0x4c  Code  Gb  vsprintf.o [3]


[1] = E:\SVN Dir\PQ\iSAM Test Bench\Bridge_Host_OS\APP\FLASH\Obj
[2] = command line
[3] = dl4t_alf.a
[4] = m4t_al.a
[5] = rt4t_al.a

  85 722 bytes of readonly  code memory
     228 bytes of readwrite code memory
  10 015 bytes of readonly  data memory
  29 829 bytes of readwrite data memory

Errors: none
Warnings: none
