###############################################################################
#
# IAR ELF Linker V7.10.3.6832/W32 for ARM                 15/Dec/2014  16:03:42
# Copyright 2007-2014 IAR Systems AB.
#
#    Output file  =  
#        E:\SVN Dir\PQ\iSAM Test
#        Bench\Bridge_Host_OS\APP\FLASH\Exe\AT91SAM7X256-OS-Probe-v5-2.out
#    Map file     =  
#        E:\SVN Dir\PQ\iSAM Test
#        Bench\Bridge_Host_OS\APP\FLASH\List\AT91SAM7X256-OS-Probe-v5-2.map
#    Command line =  
#        "E:\SVN Dir\PQ\iSAM Test Bench\Bridge_Host_OS\APP\FLASH\Obj\app.o"
#        "E:\SVN Dir\PQ\iSAM Test
#        Bench\Bridge_Host_OS\APP\FLASH\Obj\app_hooks.o" "E:\SVN Dir\PQ\iSAM
#        Test Bench\Bridge_Host_OS\APP\FLASH\Obj\app_probe.o" "E:\SVN
#        Dir\PQ\iSAM Test Bench\Bridge_Host_OS\APP\FLASH\Obj\async.o" "E:\SVN
#        Dir\PQ\iSAM Test Bench\Bridge_Host_OS\APP\FLASH\Obj\bsp.o" "E:\SVN
#        Dir\PQ\iSAM Test Bench\Bridge_Host_OS\APP\FLASH\Obj\codec.o" "E:\SVN
#        Dir\PQ\iSAM Test Bench\Bridge_Host_OS\APP\FLASH\Obj\commands.o"
#        "E:\SVN Dir\PQ\iSAM Test Bench\Bridge_Host_OS\APP\FLASH\Obj\cpu_a.o"
#        "E:\SVN Dir\PQ\iSAM Test
#        Bench\Bridge_Host_OS\APP\FLASH\Obj\cpu_core.o" "E:\SVN Dir\PQ\iSAM
#        Test Bench\Bridge_Host_OS\APP\FLASH\Obj\cstartup.o" "E:\SVN
#        Dir\PQ\iSAM Test Bench\Bridge_Host_OS\APP\FLASH\Obj\dsp.o" "E:\SVN
#        Dir\PQ\iSAM Test Bench\Bridge_Host_OS\APP\FLASH\Obj\efc.o" "E:\SVN
#        Dir\PQ\iSAM Test Bench\Bridge_Host_OS\APP\FLASH\Obj\emb.o" "E:\SVN
#        Dir\PQ\iSAM Test Bench\Bridge_Host_OS\APP\FLASH\Obj\flashd_efc.o"
#        "E:\SVN Dir\PQ\iSAM Test Bench\Bridge_Host_OS\APP\FLASH\Obj\gpio.o"
#        "E:\SVN Dir\PQ\iSAM Test Bench\Bridge_Host_OS\APP\FLASH\Obj\led.o"
#        "E:\SVN Dir\PQ\iSAM Test
#        Bench\Bridge_Host_OS\APP\FLASH\Obj\lib_ascii.o" "E:\SVN Dir\PQ\iSAM
#        Test Bench\Bridge_Host_OS\APP\FLASH\Obj\lib_math.o" "E:\SVN
#        Dir\PQ\iSAM Test Bench\Bridge_Host_OS\APP\FLASH\Obj\lib_mem.o" "E:\SVN
#        Dir\PQ\iSAM Test Bench\Bridge_Host_OS\APP\FLASH\Obj\lib_mem_a.o"
#        "E:\SVN Dir\PQ\iSAM Test Bench\Bridge_Host_OS\APP\FLASH\Obj\lib_str.o"
#        "E:\SVN Dir\PQ\iSAM Test Bench\Bridge_Host_OS\APP\FLASH\Obj\math.o"
#        "E:\SVN Dir\PQ\iSAM Test
#        Bench\Bridge_Host_OS\APP\FLASH\Obj\mem_basic.o" "E:\SVN Dir\PQ\iSAM
#        Test Bench\Bridge_Host_OS\APP\FLASH\Obj\noah_cmd.o" "E:\SVN
#        Dir\PQ\iSAM Test Bench\Bridge_Host_OS\APP\FLASH\Obj\os_core.o" "E:\SVN
#        Dir\PQ\iSAM Test Bench\Bridge_Host_OS\APP\FLASH\Obj\os_cpu_a.o"
#        "E:\SVN Dir\PQ\iSAM Test
#        Bench\Bridge_Host_OS\APP\FLASH\Obj\os_cpu_c.o" "E:\SVN Dir\PQ\iSAM
#        Test Bench\Bridge_Host_OS\APP\FLASH\Obj\os_dbg.o" "E:\SVN Dir\PQ\iSAM
#        Test Bench\Bridge_Host_OS\APP\FLASH\Obj\os_dcc.o" "E:\SVN Dir\PQ\iSAM
#        Test Bench\Bridge_Host_OS\APP\FLASH\Obj\os_flag.o" "E:\SVN Dir\PQ\iSAM
#        Test Bench\Bridge_Host_OS\APP\FLASH\Obj\os_mbox.o" "E:\SVN Dir\PQ\iSAM
#        Test Bench\Bridge_Host_OS\APP\FLASH\Obj\os_mem.o" "E:\SVN Dir\PQ\iSAM
#        Test Bench\Bridge_Host_OS\APP\FLASH\Obj\os_mutex.o" "E:\SVN
#        Dir\PQ\iSAM Test Bench\Bridge_Host_OS\APP\FLASH\Obj\os_probe.o"
#        "E:\SVN Dir\PQ\iSAM Test Bench\Bridge_Host_OS\APP\FLASH\Obj\os_q.o"
#        "E:\SVN Dir\PQ\iSAM Test Bench\Bridge_Host_OS\APP\FLASH\Obj\os_sem.o"
#        "E:\SVN Dir\PQ\iSAM Test Bench\Bridge_Host_OS\APP\FLASH\Obj\os_task.o"
#        "E:\SVN Dir\PQ\iSAM Test Bench\Bridge_Host_OS\APP\FLASH\Obj\os_time.o"
#        "E:\SVN Dir\PQ\iSAM Test Bench\Bridge_Host_OS\APP\FLASH\Obj\os_tmr.o"
#        "E:\SVN Dir\PQ\iSAM Test Bench\Bridge_Host_OS\APP\FLASH\Obj\pio.o"
#        "E:\SVN Dir\PQ\iSAM Test Bench\Bridge_Host_OS\APP\FLASH\Obj\pio_it.o"
#        "E:\SVN Dir\PQ\iSAM Test
#        Bench\Bridge_Host_OS\APP\FLASH\Obj\probe_com.o" "E:\SVN Dir\PQ\iSAM
#        Test Bench\Bridge_Host_OS\APP\FLASH\Obj\probe_com_os.o" "E:\SVN
#        Dir\PQ\iSAM Test
#        Bench\Bridge_Host_OS\APP\FLASH\Obj\probe_demo_intro.o" "E:\SVN
#        Dir\PQ\iSAM Test Bench\Bridge_Host_OS\APP\FLASH\Obj\probe_rs232.o"
#        "E:\SVN Dir\PQ\iSAM Test
#        Bench\Bridge_Host_OS\APP\FLASH\Obj\probe_rs232_os.o" "E:\SVN
#        Dir\PQ\iSAM Test Bench\Bridge_Host_OS\APP\FLASH\Obj\probe_rs232c.o"
#        "E:\SVN Dir\PQ\iSAM Test Bench\Bridge_Host_OS\APP\FLASH\Obj\queue.o"
#        "E:\SVN Dir\PQ\iSAM Test Bench\Bridge_Host_OS\APP\FLASH\Obj\ruler.o"
#        "E:\SVN Dir\PQ\iSAM Test Bench\Bridge_Host_OS\APP\FLASH\Obj\spi.o"
#        "E:\SVN Dir\PQ\iSAM Test
#        Bench\Bridge_Host_OS\APP\FLASH\Obj\task_cmd_parse.o" "E:\SVN
#        Dir\PQ\iSAM Test Bench\Bridge_Host_OS\APP\FLASH\Obj\task_joy.o"
#        "E:\SVN Dir\PQ\iSAM Test
#        Bench\Bridge_Host_OS\APP\FLASH\Obj\task_noah.o" "E:\SVN Dir\PQ\iSAM
#        Test Bench\Bridge_Host_OS\APP\FLASH\Obj\task_noah_ruler.o" "E:\SVN
#        Dir\PQ\iSAM Test Bench\Bridge_Host_OS\APP\FLASH\Obj\task_shell.o"
#        "E:\SVN Dir\PQ\iSAM Test
#        Bench\Bridge_Host_OS\APP\FLASH\Obj\task_uart_rx.o" "E:\SVN Dir\PQ\iSAM
#        Test Bench\Bridge_Host_OS\APP\FLASH\Obj\task_uart_tx.o" "E:\SVN
#        Dir\PQ\iSAM Test
#        Bench\Bridge_Host_OS\APP\FLASH\Obj\task_uart_tx_ruler.o" "E:\SVN
#        Dir\PQ\iSAM Test Bench\Bridge_Host_OS\APP\FLASH\Obj\task_user_if.o"
#        "E:\SVN Dir\PQ\iSAM Test Bench\Bridge_Host_OS\APP\FLASH\Obj\timer.o"
#        "E:\SVN Dir\PQ\iSAM Test Bench\Bridge_Host_OS\APP\FLASH\Obj\twi.o"
#        "E:\SVN Dir\PQ\iSAM Test Bench\Bridge_Host_OS\APP\FLASH\Obj\twid.o"
#        "E:\SVN Dir\PQ\iSAM Test Bench\Bridge_Host_OS\APP\FLASH\Obj\uart.o"
#        "E:\SVN Dir\PQ\iSAM Test Bench\Bridge_Host_OS\APP\FLASH\Obj\Xmodem.o"
#        -o "E:\SVN Dir\PQ\iSAM Test
#        Bench\Bridge_Host_OS\APP\FLASH\Exe\AT91SAM7X256-OS-Probe-v5-2.out"
#        --map "E:\SVN Dir\PQ\iSAM Test
#        Bench\Bridge_Host_OS\APP\FLASH\List\AT91SAM7X256-OS-Probe-v5-2.map"
#        --config "E:\SVN Dir\PQ\iSAM Test
#        Bench\Bridge_Host_OS\APP\..\BSP\AT91SAM7A3_Flash.icf" --entry
#        __iar_program_start --inline --vfe
#
###############################################################################

*******************************************************************************
*** RUNTIME MODEL ATTRIBUTES
***

CppFlavor       = *
__SystemLibrary = DLib


*******************************************************************************
*** PLACEMENT SUMMARY
***

"P1":  place in [from 0x00100000 to 0x001001ff] { section .cstartup };
"P2":  place in [from 0x00100200 to 0x0013ffff] { ro };
"P3":  place in [from 0x00200000 to 0x002001ff] { section .vectors };
"P4":  place in [from 0x00200200 to 0x00207fff] {
          rw, block IRQ_STACK, block SVC_STACK, block CSTACK, block FIQ_STACK,
          block UND_STACK, block ABT_STACK, block HEAP };

  Section             Kind        Address     Size  Object
  -------             ----        -------     ----  ------
"P1":                                         0xa0
  .cstartup           ro code  0x00100000     0xa0  cstartup.o [1]
                             - 0x001000a0     0xa0

"P2":                                      0x178f6
  .text               ro code  0x00100200   0x27c0  ruler.o [1]
  .text               ro code  0x001029c0    0x7a0  os_q.o [1]
  .text               ro code  0x00103160     0xd4  os_time.o [1]
  .text               ro code  0x00103234   0x139c  bsp.o [1]
  .text               ro code  0x001045d0    0x4b0  queue.o [1]
  .text               ro code  0x00104a80    0x754  codec.o [1]
  .text               ro code  0x001051d4    0xc88  uart.o [1]
  .text               ro code  0x00105e5c    0x768  dsp.o [1]
  CODE                ro code  0x001065c4    0x418  os_cpu_a.o [1]
  .text               ro code  0x001069dc    0x570  os_sem.o [1]
  .text               ro code  0x00106f4c    0x390  gpio.o [1]
  .text               ro code  0x001072dc   0x185c  noah_cmd.o [1]
  .text               ro code  0x00108b38    0x1a0  flashd_efc.o [1]
  .text               ro code  0x00108cd8     0xd4  ABImemcpy.o [5]
  .text               ro code  0x00108dac    0x1cc  led.o [1]
  .text               ro code  0x00108f78     0x6c  strcpy.o [5]
  .text               ro code  0x00108fe4     0x28  memset.o [3]
  .text               ro code  0x0010900c    0x3a0  task_user_if.o [1]
  .text               ro code  0x001093ac    0x3b8  Xmodem.o [1]
  .text               ro code  0x00109764    0x1d4  I32DivMod.o [5]
  .text               ro code  0x00109938   0x108c  os_core.o [1]
  .text               ro code  0x0010a9c4    0x6dc  twid.o [1]
  .text               ro code  0x0010b0a0    0x1ec  timer.o [1]
  .text               ro code  0x0010b28c     0x4c  vsprintf.o [3]
  .text               ro code  0x0010b2d8    0x2bc  pio.o [1]
  .text               ro code  0x0010b594     0x10  U32ToDbl.o [4]
  .text               ro code  0x0010b5a4    0x338  DblDiv.o [4]
  .text               ro code  0x0010b8dc     0xac  DblToFlt.o [4]
  .text               ro code  0x0010b988     0x58  FltToS32.o [4]
  .text               ro code  0x0010b9e0    0xd84  mem_basic.o [1]
  .text               ro code  0x0010c764    0x3bc  os_mem.o [1]
  .text               ro code  0x0010cb20     0x18  memcpy.o [3]
  .text               ro code  0x0010cb38    0xaac  emb.o [1]
  .text               ro code  0x0010d5e4     0x30  strcat.o [3]
  .text               ro code  0x0010d614     0xd0  efc.o [1]
  .text               ro code  0x0010d6e4     0x3c  math.o [1]
  .text               ro code  0x0010d720     0x7c  ABImemset.o [5]
  .text               ro code  0x0010d79c    0x360  os_mbox.o [1]
  .text               ro code  0x0010dafc    0x878  os_task.o [1]
  .text               ro code  0x0010e374    0x7c0  app.o [1]
  .text               ro code  0x0010eb34      0x4  IntDivZer.o [5]
  .text               ro code  0x0010eb38    0x318  os_cpu_c.o [1]
  .text               ro code  0x0010ee50    0x100  os_flag.o [1]
  .text               ro code  0x0010ef50    0x458  os_tmr.o [1]
  .text               ro code  0x0010f3a8    0x2b0  os_dbg.o [1]
  .text               ro code  0x0010f658    0x1e0  twi.o [1]
  .text               ro code  0x0010f838   0x16ea  xprintffull_nomb.o [3]
  .text               ro code  0x00110f22     0x2a  zero_init3.o [5]
  .text               ro code  0x00110f4c     0x60  S32ToDbl.o [4]
  .text               ro code  0x00110fac     0x54  strlen.o [5]
  .text               ro code  0x00111000     0x50  cpu_core.o [1]
  .text               ro code  0x00111050     0x44  lib_math.o [1]
  .text               ro code  0x00111094    0x2a8  os_dcc.o [1]
  .text               ro code  0x0011133c     0x20  strchr.o [5]
  .text               ro code  0x0011135c     0x94  memchr.o [5]
  .text               ro code  0x001113f0     0xd4  I64DivMod.o [5]
  .text               ro code  0x001114c4     0x7c  xdnorm.o [4]
  .text               ro code  0x00111540     0x38  DblCmpLe.o [4]
  .text               ro code  0x00111578     0x38  DblCmpGe.o [4]
  .text               ro code  0x001115b0    0x1e0  xdscale.o [4]
  .text               ro code  0x00111790     0x60  DblToS32.o [4]
  .text               ro code  0x001117f0    0x1f0  DblSub.o [4]
  .text               ro code  0x001119e0    0x1f8  DblMul.o [4]
  .text               ro code  0x00111bd8     0x3c  DblToU32.o [4]
  .text               ro code  0x00111c14     0xac  localeconv.o [3]
  .text               ro code  0x00111cc0     0x38  div.o [3]
  CODE                ro code  0x00111cf8     0x88  cpu_a.o [1]
  .text               ro code  0x00111d80    0x100  lib_mem.o [1]
  .text               ro code  0x00111e80      0x4  I64DivZer.o [5]
  .text               ro code  0x00111e84    0x130  DblAdd.o [4]
  .text               ro code  0x00111fb4   0x1218  commands.o [1]
  .text               ro code  0x001131cc    0x770  lib_str.o [1]
  .text               ro code  0x0011393c    0x228  lib_ascii.o [1]
  .text               ro code  0x00113b64    0x3cc  task_noah_ruler.o [1]
  .text               ro code  0x00113f30    0x3a4  task_noah.o [1]
  .text               ro code  0x001142d4    0x39c  task_shell.o [1]
  .text               ro code  0x00114670    0x2d0  task_uart_tx_ruler.o [1]
  .text               ro code  0x00114940    0x2a4  task_uart_tx.o [1]
  .text               ro code  0x00114be4    0x238  task_joy.o [1]
  .text               ro code  0x00114e1c    0x1cc  lz77_init.o [5]
  Veneer              ro code  0x00114fe8      0x4  - Linker created -
  .text               ro code  0x00114fec      0x8  abort.o [3]
  .text               ro code  0x00114ff4     0x14  XXexit.o [5]
  .text               ro code  0x00115008    0x124  task_uart_rx.o [1]
  .rodata             const    0x0011512c    0x100  os_core.o [1]
  .text               ro code  0x0011522c     0xd0  task_cmd_parse.o [1]
  .rodata             const    0x001152fc     0x94  lib_str.o [1]
  .rodata             const    0x00115390     0x88  bsp.o [1]
  .rodata             const    0x00115418     0x88  bsp.o [1]
  .rodata             const    0x001154a0     0x88  bsp.o [1]
  .rodata             const    0x00115528     0x88  bsp.o [1]
  .rodata             const    0x001155b0     0x88  bsp.o [1]
  .rodata             const    0x00115638     0x70  commands.o [1]
  .rodata             const    0x001156a8     0x5c  commands.o [1]
  .rodata             const    0x00115704     0x5c  commands.o [1]
  .rodata             const    0x00115760     0x4c  bsp.o [1]
  .rodata             const    0x001157ac     0x4c  bsp.o [1]
  .rodata             const    0x001157f8     0x4c  ruler.o [1]
  .rodata             const    0x00115844     0x48  bsp.o [1]
  .rodata             const    0x0011588c     0x48  bsp.o [1]
  .rodata             const    0x001158d4     0x48  led.o [1]
  .rodata             const    0x0011591c     0x48  ruler.o [1]
  .rodata             const    0x00115964     0x44  bsp.o [1]
  .rodata             const    0x001159a8     0x44  commands.o [1]
  .rodata             const    0x001159ec     0x40  bsp.o [1]
  .rodata             const    0x00115a2c     0x40  bsp.o [1]
  .rodata             const    0x00115a6c     0x40  bsp.o [1]
  .rodata             const    0x00115aac     0x40  bsp.o [1]
  .rodata             const    0x00115aec     0x40  commands.o [1]
  .rodata             const    0x00115b2c     0x40  commands.o [1]
  .rodata             const    0x00115b6c     0x40  ruler.o [1]
  .rodata             const    0x00115bac     0x3c  commands.o [1]
  .rodata             const    0x00115be8     0x3c  commands.o [1]
  .rodata             const    0x00115c24     0x3c  commands.o [1]
  .rodata             const    0x00115c60     0x3c  ruler.o [1]
  .rodata             const    0x00115c9c     0x3c  task_user_if.o [1]
  .rodata             const    0x00115cd8     0x38  bsp.o [1]
  .rodata             const    0x00115d10     0x38  bsp.o [1]
  .rodata             const    0x00115d48     0x38  bsp.o [1]
  .rodata             const    0x00115d80     0x38  bsp.o [1]
  .rodata             const    0x00115db8     0x38  bsp.o [1]
  .rodata             const    0x00115df0     0x38  bsp.o [1]
  .rodata             const    0x00115e28     0x38  commands.o [1]
  .rodata             const    0x00115e60     0x38  commands.o [1]
  .rodata             const    0x00115e98     0x38  ruler.o [1]
  .rodata             const    0x00115ed0     0x38  ruler.o [1]
  .rodata             const    0x00115f08     0x34  bsp.o [1]
  .rodata             const    0x00115f3c     0x34  bsp.o [1]
  .rodata             const    0x00115f70     0x34  bsp.o [1]
  .rodata             const    0x00115fa4     0x34  bsp.o [1]
  .rodata             const    0x00115fd8     0x34  bsp.o [1]
  .rodata             const    0x0011600c     0x34  bsp.o [1]
  .rodata             const    0x00116040     0x34  bsp.o [1]
  .rodata             const    0x00116074     0x34  commands.o [1]
  .rodata             const    0x001160a8     0x34  ruler.o [1]
  .rodata             const    0x001160dc     0x34  ruler.o [1]
  .rodata             const    0x00116110     0x34  task_shell.o [1]
  .text               ro code  0x00116144     0x32  data_init.o [5]
  .rodata             const    0x00116176      0x2  os_dbg.o [1]
  .rodata             const    0x00116178     0x30  commands.o [1]
  .rodata             const    0x001161a8     0x30  commands.o [1]
  .rodata             const    0x001161d8     0x30  commands.o [1]
  .rodata             const    0x00116208     0x30  ruler.o [1]
  .rodata             const    0x00116238     0x30  ruler.o [1]
  .rodata             const    0x00116268     0x30  ruler.o [1]
  .rodata             const    0x00116298     0x30  ruler.o [1]
  .rodata             const    0x001162c8     0x30  ruler.o [1]
  .rodata             const    0x001162f8     0x30  ruler.o [1]
  .rodata             const    0x00116328     0x30  task_user_if.o [1]
  .rodata             const    0x00116358     0x30  task_user_if.o [1]
  .rodata             const    0x00116388     0x2c  commands.o [1]
  .rodata             const    0x001163b4     0x2c  ruler.o [1]
  .rodata             const    0x001163e0     0x2c  ruler.o [1]
  .rodata             const    0x0011640c     0x2c  ruler.o [1]
  .rodata             const    0x00116438     0x2c  task_joy.o [1]
  Veneer              ro code  0x00116464      0xc  - Linker created -
  .text               ro code  0x00116470     0x2c  cmain.o [5]
  .text               ro code  0x0011649c      0x4  exit.o [3]
  .text               ro code  0x001164a0     0x10  cexit.o [5]
  .rodata             const    0x001164b0     0x28  codec.o [1]
  .rodata             const    0x001164d8     0x28  codec.o [1]
  .rodata             const    0x00116500     0x28  commands.o [1]
  .rodata             const    0x00116528     0x28  noah_cmd.o [1]
  .rodata             const    0x00116550     0x28  ruler.o [1]
  .rodata             const    0x00116578     0x28  ruler.o [1]
  .rodata             const    0x001165a0     0x28  ruler.o [1]
  .rodata             const    0x001165c8     0x28  ruler.o [1]
  .rodata             const    0x001165f0     0x28  ruler.o [1]
  .rodata             const    0x00116618     0x28  ruler.o [1]
  .rodata             const    0x00116640     0x28  ruler.o [1]
  .rodata             const    0x00116668     0x28  ruler.o [1]
  .rodata             const    0x00116690     0x28  task_shell.o [1]
  .rodata             const    0x001166b8     0x28  task_shell.o [1]
  .rodata             const    0x001166e0     0x28  task_shell.o [1]
  .rodata             const    0x00116708     0x28  task_user_if.o [1]
  .rodata             const    0x00116730     0x24  app.o [1]
  .rodata             const    0x00116754     0x24  app.o [1]
  .rodata             const    0x00116778     0x24  bsp.o [1]
  .rodata             const    0x0011679c     0x24  commands.o [1]
  .rodata             const    0x001167c0     0x24  commands.o [1]
  .rodata             const    0x001167e4     0x24  ruler.o [1]
  .rodata             const    0x00116808     0x24  ruler.o [1]
  .rodata             const    0x0011682c     0x24  ruler.o [1]
  .rodata             const    0x00116850     0x24  ruler.o [1]
  .rodata             const    0x00116874     0x24  ruler.o [1]
  .rodata             const    0x00116898     0x24  ruler.o [1]
  .rodata             const    0x001168bc     0x24  ruler.o [1]
  .rodata             const    0x001168e0     0x24  ruler.o [1]
  .rodata             const    0x00116904     0x24  ruler.o [1]
  .rodata             const    0x00116928     0x24  ruler.o [1]
  .rodata             const    0x0011694c     0x24  ruler.o [1]
  .rodata             const    0x00116970     0x24  ruler.o [1]
  .rodata             const    0x00116994     0x24  ruler.o [1]
  .rodata             const    0x001169b8     0x24  ruler.o [1]
  .rodata             const    0x001169dc     0x24  ruler.o [1]
  .rodata             const    0x00116a00     0x24  ruler.o [1]
  .rodata             const    0x00116a24     0x24  task_joy.o [1]
  .rodata             const    0x00116a48     0x24  uart.o [1]
  .iar.init_table     const    0x00116a6c     0x48  - Linker created -
  .rodata             const    0x00116ab4     0x20  app.o [1]
  .rodata             const    0x00116ad4     0x20  bsp.o [1]
  .rodata             const    0x00116af4     0x20  codec.o [1]
  .rodata             const    0x00116b14     0x20  commands.o [1]
  .rodata             const    0x00116b34     0x20  commands.o [1]
  .rodata             const    0x00116b54     0x20  commands.o [1]
  .rodata             const    0x00116b74     0x20  commands.o [1]
  .rodata             const    0x00116b94     0x20  commands.o [1]
  .rodata             const    0x00116bb4     0x20  dsp.o [1]
  .rodata             const    0x00116bd4     0x20  ruler.o [1]
  .rodata             const    0x00116bf4     0x20  ruler.o [1]
  .rodata             const    0x00116c14     0x20  ruler.o [1]
  .rodata             const    0x00116c34     0x20  ruler.o [1]
  .rodata             const    0x00116c54     0x20  ruler.o [1]
  .rodata             const    0x00116c74     0x20  ruler.o [1]
  .rodata             const    0x00116c94     0x20  ruler.o [1]
  .rodata             const    0x00116cb4     0x20  ruler.o [1]
  .rodata             const    0x00116cd4     0x20  ruler.o [1]
  .rodata             const    0x00116cf4     0x20  ruler.o [1]
  .rodata             const    0x00116d14     0x20  ruler.o [1]
  .rodata             const    0x00116d34     0x20  ruler.o [1]
  .rodata             const    0x00116d54     0x20  ruler.o [1]
  .rodata             const    0x00116d74     0x20  ruler.o [1]
  .rodata             const    0x00116d94     0x20  ruler.o [1]
  .rodata             const    0x00116db4     0x20  ruler.o [1]
  .rodata             const    0x00116dd4     0x20  ruler.o [1]
  .rodata             const    0x00116df4     0x20  task_shell.o [1]
  .rodata             const    0x00116e14     0x1c  app.o [1]
  .rodata             const    0x00116e30     0x1c  app.o [1]
  .rodata             const    0x00116e4c     0x1c  app.o [1]
  .rodata             const    0x00116e68     0x1c  commands.o [1]
  .rodata             const    0x00116e84     0x1c  commands.o [1]
  .rodata             const    0x00116ea0     0x1c  commands.o [1]
  .rodata             const    0x00116ebc     0x1c  commands.o [1]
  .rodata             const    0x00116ed8     0x1c  commands.o [1]
  .rodata             const    0x00116ef4     0x1c  commands.o [1]
  .rodata             const    0x00116f10     0x1c  ruler.o [1]
  .rodata             const    0x00116f2c     0x1c  ruler.o [1]
  .rodata             const    0x00116f48     0x1c  ruler.o [1]
  .rodata             const    0x00116f64     0x1c  ruler.o [1]
  .rodata             const    0x00116f80     0x1c  ruler.o [1]
  .rodata             const    0x00116f9c     0x1c  ruler.o [1]
  .rodata             const    0x00116fb8     0x1c  ruler.o [1]
  .rodata             const    0x00116fd4     0x1c  ruler.o [1]
  .rodata             const    0x00116ff0     0x1c  ruler.o [1]
  .rodata             const    0x0011700c     0x1c  ruler.o [1]
  .rodata             const    0x00117028     0x1c  ruler.o [1]
  .rodata             const    0x00117044     0x1c  task_noah_ruler.o [1]
  .rodata             const    0x00117060     0x1c  task_shell.o [1]
  .rodata             const    0x0011707c     0x18  app.o [1]
  .rodata             const    0x00117094     0x18  app.o [1]
  .rodata             const    0x001170ac     0x18  app.o [1]
  .rodata             const    0x001170c4     0x18  commands.o [1]
  .rodata             const    0x001170dc     0x18  commands.o [1]
  .rodata             const    0x001170f4     0x18  commands.o [1]
  .rodata             const    0x0011710c     0x18  commands.o [1]
  .rodata             const    0x00117124     0x18  commands.o [1]
  .rodata             const    0x0011713c     0x18  commands.o [1]
  .rodata             const    0x00117154     0x18  commands.o [1]
  .rodata             const    0x0011716c     0x18  gpio.o [1]
  .rodata             const    0x00117184     0x18  ruler.o [1]
  .rodata             const    0x0011719c     0x18  ruler.o [1]
  .rodata             const    0x001171b4     0x18  task_user_if.o [1]
  .rodata             const    0x001171cc     0x18  task_user_if.o [1]
  .rodata             const    0x001171e4     0x14  app.o [1]
  .rodata             const    0x001171f8     0x14  app.o [1]
  .rodata             const    0x0011720c     0x14  app.o [1]
  .rodata             const    0x00117220     0x14  app.o [1]
  .rodata             const    0x00117234     0x14  app.o [1]
  .rodata             const    0x00117248     0x14  app.o [1]
  .rodata             const    0x0011725c     0x14  app.o [1]
  .rodata             const    0x00117270     0x14  app.o [1]
  .rodata             const    0x00117284     0x14  bsp.o [1]
  .rodata             const    0x00117298     0x14  codec.o [1]
  .rodata             const    0x001172ac     0x14  commands.o [1]
  .rodata             const    0x001172c0     0x14  commands.o [1]
  .rodata             const    0x001172d4     0x14  commands.o [1]
  .rodata             const    0x001172e8     0x14  os_tmr.o [1]
  .rodata             const    0x001172fc     0x14  os_tmr.o [1]
  .rodata             const    0x00117310     0x14  ruler.o [1]
  .rodata             const    0x00117324     0x14  ruler.o [1]
  .rodata             const    0x00117338     0x14  ruler.o [1]
  .text               ro code  0x0011734c     0x14  xsprout.o [3]
  .rodata             const    0x00117360     0x10  app.o [1]
  .rodata             const    0x00117370     0x10  commands.o [1]
  .rodata             const    0x00117380     0x10  dsp.o [1]
  .rodata             const    0x00117390     0x10  dsp.o [1]
  .rodata             const    0x001173a0     0x10  os_core.o [1]
  .rodata             const    0x001173b0     0x10  os_core.o [1]
  .rodata             const    0x001173c0     0x10  os_tmr.o [1]
  .rodata             const    0x001173d0     0x10  ruler.o [1]
  .rodata             const    0x001173e0     0x10  ruler.o [1]
  .rodata             const    0x001173f0     0x10  ruler.o [1]
  .rodata             const    0x00117400     0x10  ruler.o [1]
  .rodata             const    0x00117410     0x10  ruler.o [1]
  .rodata             const    0x00117420     0x10  ruler.o [1]
  .rodata             const    0x00117430     0x10  ruler.o [1]
  .rodata             const    0x00117440     0x10  ruler.o [1]
  .rodata             const    0x00117450     0x10  ruler.o [1]
  .rodata             const    0x00117460     0x10  twid.o [1]
  .rodata             const    0x00117470     0x10  twid.o [1]
  .rodata             const    0x00117480      0xc  app.o [1]
  .rodata             const    0x0011748c      0xc  app.o [1]
  .rodata             const    0x00117498      0xc  app.o [1]
  .rodata             const    0x001174a4      0xc  app.o [1]
  .rodata             const    0x001174b0      0xc  bsp.o [1]
  .rodata             const    0x001174bc      0xc  bsp.o [1]
  .rodata             const    0x001174c8      0xc  bsp.o [1]
  .rodata             const    0x001174d4      0xc  bsp.o [1]
  .rodata             const    0x001174e0      0xc  bsp.o [1]
  .rodata             const    0x001174ec      0xc  commands.o [1]
  .rodata             const    0x001174f8      0xc  commands.o [1]
  .rodata             const    0x00117504      0xc  commands.o [1]
  .rodata             const    0x00117510      0xc  commands.o [1]
  .rodata             const    0x0011751c      0xc  commands.o [1]
  .rodata             const    0x00117528      0xc  led.o [1]
  .rodata             const    0x00117534      0xc  ruler.o [1]
  .rodata             const    0x00117540      0xc  ruler.o [1]
  .rodata             const    0x0011754c      0xc  task_user_if.o [1]
  .rodata             const    0x00117558      0xc  timer.o [1]
  .rodata             const    0x00117564      0xc  twid.o [1]
  .rodata             const    0x00117570      0xc  uart.o [1]
  .rodata             const    0x0011757c      0xc  uart.o [1]
  .rodata             const    0x00117588      0xc  uart.o [1]
  .rodata             const    0x00117594      0xc  uart.o [1]
  .rodata             const    0x001175a0      0xc  uart.o [1]
  .rodata             const    0x001175ac      0xc  uart.o [1]
  .rodata             const    0x001175b8      0xc  uart.o [1]
  .rodata             const    0x001175c4      0xc  Xmodem.o [1]
  .rodata             const    0x001175d0      0x8  app.o [1]
  .rodata             const    0x001175d8      0x8  app.o [1]
  .rodata             const    0x001175e0      0x8  app.o [1]
  .rodata             const    0x001175e8      0x8  app.o [1]
  .rodata             const    0x001175f0      0x8  app.o [1]
  .rodata             const    0x001175f8      0x8  bsp.o [1]
  .rodata             const    0x00117600      0x8  bsp.o [1]
  .rodata             const    0x00117608      0x8  bsp.o [1]
  .rodata             const    0x00117610      0x8  bsp.o [1]
  .rodata             const    0x00117618      0x8  bsp.o [1]
  .rodata             const    0x00117620      0x8  bsp.o [1]
  .rodata             const    0x00117628      0x8  bsp.o [1]
  .rodata             const    0x00117630      0x8  bsp.o [1]
  .rodata             const    0x00117638      0x8  bsp.o [1]
  .rodata             const    0x00117640      0x8  bsp.o [1]
  .rodata             const    0x00117648      0x8  bsp.o [1]
  .rodata             const    0x00117650      0x8  bsp.o [1]
  .rodata             const    0x00117658      0x8  commands.o [1]
  .rodata             const    0x00117660      0x8  commands.o [1]
  .rodata             const    0x00117668      0x8  commands.o [1]
  .rodata             const    0x00117670      0x8  commands.o [1]
  .rodata             const    0x00117678      0x8  commands.o [1]
  .rodata             const    0x00117680      0x8  commands.o [1]
  .rodata             const    0x00117688      0x8  commands.o [1]
  .rodata             const    0x00117690      0x8  commands.o [1]
  .rodata             const    0x00117698      0x8  commands.o [1]
  .rodata             const    0x001176a0      0x8  commands.o [1]
  .rodata             const    0x001176a8      0x8  commands.o [1]
  .rodata             const    0x001176b0      0x8  commands.o [1]
  .rodata             const    0x001176b8      0x8  commands.o [1]
  .rodata             const    0x001176c0      0x8  mem_basic.o [1]
  .rodata             const    0x001176c8      0x8  mem_basic.o [1]
  .rodata             const    0x001176d0      0x8  mem_basic.o [1]
  .rodata             const    0x001176d8      0x8  mem_basic.o [1]
  .rodata             const    0x001176e0      0x8  mem_basic.o [1]
  .rodata             const    0x001176e8      0x8  mem_basic.o [1]
  .rodata             const    0x001176f0      0x8  mem_basic.o [1]
  .rodata             const    0x001176f8      0x8  mem_basic.o [1]
  .rodata             const    0x00117700      0x8  mem_basic.o [1]
  .rodata             const    0x00117708      0x8  mem_basic.o [1]
  .rodata             const    0x00117710      0x8  ruler.o [1]
  .rodata             const    0x00117718      0x8  ruler.o [1]
  .rodata             const    0x00117720      0x8  ruler.o [1]
  .rodata             const    0x00117728      0x8  ruler.o [1]
  .rodata             const    0x00117730      0x8  ruler.o [1]
  .rodata             const    0x00117738      0x8  task_user_if.o [1]
  .rodata             const    0x00117740      0x8  Xmodem.o [1]
  .rodata             const    0x00117748      0x8  Xmodem.o [1]
  .rodata             const    0x00117750      0x4  gpio.o [1]
  .rodata             const    0x00117754      0x4  led.o [1]
  .rodata             const    0x00117758      0x4  mem_basic.o [1]
  .rodata             const    0x0011775c      0x4  mem_basic.o [1]
  .rodata             const    0x00117760      0x4  os_dbg.o [1]
  .rodata             const    0x00117764      0x4  ruler.o [1]
  .rodata             const    0x00117768      0x4  ruler.o [1]
  .rodata             const    0x0011776c      0x4  ruler.o [1]
  .rodata             const    0x00117770      0x4  uart.o [1]
  .rodata             const    0x00117774      0x2  os_dbg.o [1]
  .rodata             const    0x00117776      0x2  os_dbg.o [1]
  .rodata             const    0x00117778      0x2  os_dbg.o [1]
  .rodata             const    0x0011777a      0x2  os_dbg.o [1]
  .rodata             const    0x0011777c      0x2  os_dbg.o [1]
  .rodata             const    0x0011777e      0x2  os_dbg.o [1]
  .rodata             const    0x00117780      0x2  os_dbg.o [1]
  .rodata             const    0x00117782      0x2  os_dbg.o [1]
  .rodata             const    0x00117784      0x2  os_dbg.o [1]
  .rodata             const    0x00117786      0x2  os_dbg.o [1]
  .rodata             const    0x00117788      0x2  os_dbg.o [1]
  .rodata             const    0x0011778a      0x2  os_dbg.o [1]
  .rodata             const    0x0011778c      0x2  os_dbg.o [1]
  .rodata             const    0x0011778e      0x2  os_dbg.o [1]
  .rodata             const    0x00117790      0x2  os_dbg.o [1]
  .rodata             const    0x00117792      0x2  os_dbg.o [1]
  .rodata             const    0x00117794      0x2  os_dbg.o [1]
  .rodata             const    0x00117796      0x2  os_dbg.o [1]
  .rodata             const    0x00117798      0x2  os_dbg.o [1]
  .rodata             const    0x0011779a      0x2  os_dbg.o [1]
  .rodata             const    0x0011779c      0x2  os_dbg.o [1]
  .rodata             const    0x0011779e      0x2  os_dbg.o [1]
  .rodata             const    0x001177a0      0x2  os_dbg.o [1]
  .rodata             const    0x001177a2      0x2  os_dbg.o [1]
  .rodata             const    0x001177a4      0x2  os_dbg.o [1]
  .rodata             const    0x001177a6      0x2  os_dbg.o [1]
  .rodata             const    0x001177a8      0x2  os_dbg.o [1]
  .rodata             const    0x001177aa      0x2  os_dbg.o [1]
  .rodata             const    0x001177ac      0x2  os_dbg.o [1]
  .rodata             const    0x001177ae      0x2  os_dbg.o [1]
  .rodata             const    0x001177b0      0x2  os_dbg.o [1]
  .rodata             const    0x001177b2      0x2  os_dbg.o [1]
  .rodata             const    0x001177b4      0x2  os_dbg.o [1]
  .rodata             const    0x001177b6      0x2  os_dbg.o [1]
  .rodata             const    0x001177b8      0x2  os_dbg.o [1]
  .rodata             const    0x001177ba      0x2  os_dbg.o [1]
  .rodata             const    0x001177bc      0x2  os_dbg.o [1]
  .rodata             const    0x001177be      0x2  os_dbg.o [1]
  .rodata             const    0x001177c0      0x2  os_dbg.o [1]
  .rodata             const    0x001177c2      0x2  os_dbg.o [1]
  .rodata             const    0x001177c4      0x2  os_dbg.o [1]
  .rodata             const    0x001177c6      0x2  os_dbg.o [1]
  .rodata             const    0x001177c8      0x2  os_dbg.o [1]
  .rodata             const    0x001177ca      0x2  os_dbg.o [1]
  .rodata             const    0x001177cc      0x2  os_dbg.o [1]
  .rodata             const    0x001177ce      0x2  os_dbg.o [1]
  .rodata             const    0x001177d0      0x2  os_dbg.o [1]
  .rodata             const    0x001177d2      0x2  os_dbg.o [1]
  .rodata             const    0x001177d4      0x2  os_dbg.o [1]
  .rodata             const    0x001177d6      0x2  os_dbg.o [1]
  .rodata             const    0x001177d8      0x2  os_dbg.o [1]
  .rodata             const    0x001177da      0x2  os_dbg.o [1]
  .rodata             const    0x001177dc      0x2  os_dbg.o [1]
  .rodata             const    0x001177de      0x2  ruler.o [1]
  .rodata             const    0x001177e0      0x2  ruler.o [1]
  .rodata             const    0x001177e2      0x2  ruler.o [1]
  .rodata             const    0x001177e4      0x1  ruler.o [1]
  .rodata             const    0x001177e5      0x1  ruler.o [1]
  .rodata             const    0x001177e6      0x1  ruler.o [1]
  .rodata             const    0x001177e7      0x1  ruler.o [1]
  .rodata             const    0x001177e8      0x0  zero_init3.o [5]
  .rodata             const    0x001177e8      0x0  lz77_init.o [5]
  Initializer bytes   ro data  0x001177e8    0x2e6  <for P4 s0>
  Initializer bytes   ro data  0x00117ace     0x28  <for P3 s1>
                             - 0x00117af6  0x178f6

"P3":                                         0x40
  P3 s1                        0x00200000     0x40  <Init block>
    .vectors          inited   0x00200000     0x40  cstartup.o [1]
                             - 0x00200040     0x40

"P4", part 1 of 3:                           0x474
  P4 s0                        0x00200200    0x473  <Init block>
    .data             inited   0x00200200    0x12c  dsp.o [1]
    .data             inited   0x0020032c    0x114  gpio.o [1]
    .data             inited   0x00200440     0xdc  dsp.o [1]
    .textrw           inited   0x0020051c     0xa4  efc.o [1]
    __DLIB_PERTHREAD  inited   0x002005c0     0x88  localeconv.o [3]
    .data             inited   0x00200648      0xc  bsp.o [1]
    .data             inited   0x00200654      0xc  timer.o [1]
    .data             inited   0x00200660      0x8  codec.o [1]
    .data             inited   0x00200668      0x4  ruler.o [1]
    .data             inited   0x0020066c      0x4  timer.o [1]
    .data             inited   0x00200670      0x1  dsp.o [1]
    .data             inited   0x00200671      0x1  mem_basic.o [1]
    .data             inited   0x00200672      0x1  task_user_if.o [1]
                             - 0x00200673    0x473

"P4", part 2 of 3:                          0x5c04
  .bss                zero     0x00200674    0xc10  task_cmd_parse.o [1]
  .bss                zero     0x00201284    0xc10  task_cmd_parse.o [1]
  .bss                zero     0x00201e94    0xa28  task_uart_tx.o [1]
  .bss                zero     0x002028bc    0x5d8  os_core.o [1]
  .bss                zero     0x00202e94    0x400  app.o [1]
  .bss                zero     0x00203294    0x400  app.o [1]
  .bss                zero     0x00203694    0x280  os_core.o [1]
  .bss                zero     0x00203914    0x258  os_core.o [1]
  .bss                zero     0x00203b6c    0x200  app.o [1]
  .bss                zero     0x00203d6c    0x200  app.o [1]
  .bss                zero     0x00203f6c    0x200  app.o [1]
  .bss                zero     0x0020416c    0x200  app.o [1]
  .bss                zero     0x0020436c    0x200  app.o [1]
  .bss                zero     0x0020456c    0x200  app.o [1]
  .bss                zero     0x0020476c    0x200  app.o [1]
  .bss                zero     0x0020496c    0x200  os_core.o [1]
  .bss                zero     0x00204b6c    0x200  os_core.o [1]
  .bss                zero     0x00204d6c    0x200  os_core.o [1]
  .bss                zero     0x00204f6c    0x200  os_cpu_c.o [1]
  .bss                zero     0x0020516c    0x200  uart.o [1]
  .bss                zero     0x0020536c    0x200  uart.o [1]
  .bss                zero     0x0020556c    0x200  uart.o [1]
  .bss                zero     0x0020576c    0x200  uart.o [1]
  .bss                zero     0x0020596c    0x130  commands.o [1]
  .bss                zero     0x00205a9c    0x100  app.o [1]
  .bss                zero     0x00205b9c    0x100  flashd_efc.o [1]
  .bss                zero     0x00205c9c    0x100  os_core.o [1]
  .bss                zero     0x00205d9c     0x78  os_core.o [1]
  .bss                zero     0x00205e14     0x54  bsp.o [1]
  .bss                zero     0x00205e68     0x50  os_core.o [1]
  .bss                zero     0x00205eb8     0x40  os_core.o [1]
  .bss                zero     0x00205ef8     0x40  uart.o [1]
  .bss                zero     0x00205f38     0x40  uart.o [1]
  .bss                zero     0x00205f78     0x28  task_cmd_parse.o [1]
  .bss                zero     0x00205fa0     0x28  task_uart_tx.o [1]
  .bss                zero     0x00205fc8     0x28  task_uart_tx.o [1]
  .bss                zero     0x00205ff0     0x28  task_uart_tx_ruler.o [1]
  .bss                zero     0x00206018     0x28  task_uart_tx_ruler.o [1]
  .bss                zero     0x00206040     0x20  uart.o [1]
  .bss                zero     0x00206060     0x20  uart.o [1]
  .bss                zero     0x00206080     0x20  uart.o [1]
  .bss                zero     0x002060a0     0x20  uart.o [1]
  .bss                zero     0x002060c0     0x20  uart.o [1]
  .bss                zero     0x002060e0     0x20  uart.o [1]
  .bss                zero     0x00206100     0x18  os_core.o [1]
  .bss                zero     0x00206118     0x14  twid.o [1]
  .bss                zero     0x0020612c     0x10  cpu_core.o [1]
  .bss                zero     0x0020613c     0x10  ruler.o [1]
  .bss                zero     0x0020614c      0xc  ruler.o [1]
  .bss                zero     0x00206158      0xc  uart.o [1]
  .bss                zero     0x00206164      0x8  os_core.o [1]
  .bss                zero     0x0020616c      0x8  twid.o [1]
  .bss                zero     0x00206174      0x4  bsp.o [1]
  .bss                zero     0x00206178      0x4  bsp.o [1]
  .bss                zero     0x0020617c      0x4  codec.o [1]
  .bss                zero     0x00206180      0x4  dsp.o [1]
  .bss                zero     0x00206184      0x4  dsp.o [1]
  .bss                zero     0x00206188      0x4  lib_math.o [1]
  .bss                zero     0x0020618c      0x4  noah_cmd.o [1]
  .bss                zero     0x00206190      0x4  os_core.o [1]
  .bss                zero     0x00206194      0x4  os_core.o [1]
  .bss                zero     0x00206198      0x4  os_core.o [1]
  .bss                zero     0x0020619c      0x4  os_core.o [1]
  .bss                zero     0x002061a0      0x4  os_core.o [1]
  .bss                zero     0x002061a4      0x4  os_core.o [1]
  .bss                zero     0x002061a8      0x4  os_core.o [1]
  .bss                zero     0x002061ac      0x4  os_core.o [1]
  .bss                zero     0x002061b0      0x4  os_core.o [1]
  .bss                zero     0x002061b4      0x4  os_core.o [1]
  .bss                zero     0x002061b8      0x4  os_core.o [1]
  .bss                zero     0x002061bc      0x4  os_core.o [1]
  .bss                zero     0x002061c0      0x4  os_core.o [1]
  .bss                zero     0x002061c4      0x4  os_core.o [1]
  .bss                zero     0x002061c8      0x4  os_core.o [1]
  .bss                zero     0x002061cc      0x4  os_core.o [1]
  .bss                zero     0x002061d0      0x4  os_core.o [1]
  .bss                zero     0x002061d4      0x4  os_cpu_c.o [1]
  .bss                zero     0x002061d8      0x4  os_cpu_c.o [1]
  .bss                zero     0x002061dc      0x4  os_dcc.o [1]
  .bss                zero     0x002061e0      0x4  os_dcc.o [1]
  .bss                zero     0x002061e4      0x4  os_dcc.o [1]
  .bss                zero     0x002061e8      0x4  os_dcc.o [1]
  .bss                zero     0x002061ec      0x4  ruler.o [1]
  .bss                zero     0x002061f0      0x4  ruler.o [1]
  .bss                zero     0x002061f4      0x4  ruler.o [1]
  .bss                zero     0x002061f8      0x4  ruler.o [1]
  .bss                zero     0x002061fc      0x4  ruler.o [1]
  .bss                zero     0x00206200      0x4  task_cmd_parse.o [1]
  .bss                zero     0x00206204      0x4  task_noah.o [1]
  .bss                zero     0x00206208      0x4  task_noah_ruler.o [1]
  .bss                zero     0x0020620c      0x4  task_noah_ruler.o [1]
  .bss                zero     0x00206210      0x4  task_noah_ruler.o [1]
  .bss                zero     0x00206214      0x4  task_noah_ruler.o [1]
  .bss                zero     0x00206218      0x4  task_noah_ruler.o [1]
  .bss                zero     0x0020621c      0x4  task_noah_ruler.o [1]
  .bss                zero     0x00206220      0x4  task_noah_ruler.o [1]
  .bss                zero     0x00206224      0x4  task_noah_ruler.o [1]
  .bss                zero     0x00206228      0x4  task_uart_tx.o [1]
  .bss                zero     0x0020622c      0x4  task_uart_tx.o [1]
  .bss                zero     0x00206230      0x4  task_uart_tx.o [1]
  .bss                zero     0x00206234      0x4  task_uart_tx.o [1]
  .bss                zero     0x00206238      0x4  task_uart_tx_ruler.o [1]
  .bss                zero     0x0020623c      0x4  task_uart_tx_ruler.o [1]
  .bss                zero     0x00206240      0x4  task_uart_tx_ruler.o [1]
  .bss                zero     0x00206244      0x4  task_uart_tx_ruler.o [1]
  .bss                zero     0x00206248      0x4  task_user_if.o [1]
  .bss                zero     0x0020624c      0x4  twid.o [1]
  .bss                zero     0x00206250      0x4  twid.o [1]
  .bss                zero     0x00206254      0x4  uart.o [1]
  .bss                zero     0x00206258      0x4  uart.o [1]
  .bss                zero     0x0020625c      0x2  os_core.o [1]
  .bss                zero     0x0020625e      0x2  os_core.o [1]
  .bss                zero     0x00206260      0x2  os_cpu_c.o [1]
  .bss                zero     0x00206262      0x1  bsp.o [1]
  .bss                zero     0x00206263      0x1  bsp.o [1]
  .bss                zero     0x00206264      0x1  led.o [1]
  .bss                zero     0x00206265      0x1  os_core.o [1]
  .bss                zero     0x00206266      0x1  os_core.o [1]
  .bss                zero     0x00206267      0x1  os_core.o [1]
  .bss                zero     0x00206268      0x1  os_core.o [1]
  .bss                zero     0x00206269      0x1  os_core.o [1]
  .bss                zero     0x0020626a      0x1  os_core.o [1]
  .bss                zero     0x0020626b      0x1  os_core.o [1]
  .bss                zero     0x0020626c      0x1  os_core.o [1]
  .bss                zero     0x0020626d      0x1  os_core.o [1]
  .bss                zero     0x0020626e      0x1  os_core.o [1]
  .bss                zero     0x0020626f      0x1  ruler.o [1]
  .bss                zero     0x00206270      0x1  ruler.o [1]
  .bss                zero     0x00206271      0x1  ruler.o [1]
  .bss                zero     0x00206272      0x1  ruler.o [1]
  .bss                zero     0x00206273      0x1  task_noah.o [1]
  .bss                zero     0x00206274      0x1  task_uart_rx.o [1]
  .bss                zero     0x00206275      0x1  task_uart_tx.o [1]
                             - 0x00206276   0x5c02

"P4", part 3 of 3:                          0x14c0
  IRQ_STACK                    0x00206278    0x200  <Block>
    IRQ_STACK         uninit   0x00206278    0x200  <Block tail>
  SVC_STACK                    0x00206478    0x200  <Block>
    SVC_STACK         uninit   0x00206478    0x200  <Block tail>
  CSTACK                       0x00206678   0x1000  <Block>
    CSTACK            uninit   0x00206678   0x1000  <Block tail>
  FIQ_STACK                    0x00207678     0x40  <Block>
    FIQ_STACK         uninit   0x00207678     0x40  <Block tail>
  UND_STACK                    0x002076b8     0x40  <Block>
    UND_STACK         uninit   0x002076b8     0x40  <Block tail>
  ABT_STACK                    0x002076f8     0x40  <Block>
    ABT_STACK         uninit   0x002076f8     0x40  <Block tail>
                             - 0x00207738   0x14c0


*******************************************************************************
*** INIT TABLE
***

          Address     Size
          -------     ----
Zero (__iar_zero_init3)
    1 destination range, total size 0x5c02:
          0x00200674  0x5c02

Copy/lz77 (__iar_lz77_init3)
    1 source range, total size 0x2e6 (65% of destination):
          0x001177e8   0x2e6
    1 destination range, total size 0x473:
          0x00200200   0x473

Copy/lz77 (__iar_lz77_init3)
    1 source range, total size 0x28 (62% of destination):
          0x00117ace    0x28
    1 destination range, total size 0x40:
          0x00200000    0x40



*******************************************************************************
*** MODULE SUMMARY
***

    Module                ro code  rw code  ro data  rw data
    ------                -------  -------  -------  -------
E:\SVN Dir\PQ\iSAM Test Bench\Bridge_Host_OS\APP\FLASH\Obj: [1]
    Xmodem.o                  952                28
    app.o                   1 984               524    5 888
    bsp.o                   5 020             2 252      106
    codec.o                 1 876               137       12
    commands.o              4 632             1 872      304
    cpu_a.o                   136
    cpu_core.o                 80                         16
    cstartup.o                160       64       40
    dsp.o                   1 896               402      529
    efc.o                     208      164      107
    emb.o                   2 732
    flashd_efc.o              416                        256
    gpio.o                    912               208      276
    led.o                     460                88        1
    lib_ascii.o               552
    lib_math.o                 68                          4
    lib_mem.o                 256
    lib_str.o               1 904               148
    math.o                     60
    mem_basic.o             3 460                89        1
    noah_cmd.o              6 236                40        4
    os_core.o               4 236               288    4 906
    os_cpu_a.o              1 048
    os_cpu_c.o                792                        522
    os_dbg.o                  688               112
    os_dcc.o                  680                         16
    os_flag.o                 256
    os_mbox.o                 864
    os_mem.o                  956
    os_q.o                  1 952
    os_sem.o                1 392
    os_task.o               2 168
    os_time.o                 212
    os_tmr.o                1 112                56
    pio.o                     700
    queue.o                 1 200
    ruler.o                10 176             2 997       56
    task_cmd_parse.o          208                      6 220
    task_joy.o                568                80
    task_noah.o               932                          5
    task_noah_ruler.o         972                28       32
    task_shell.o              924               232
    task_uart_rx.o            292                          1
    task_uart_tx.o            676                      2 697
    task_uart_tx_ruler.o      720                         96
    task_user_if.o            928               265        5
    timer.o                   492                23       16
    twi.o                     480
    twid.o                  1 756                44       36
    uart.o                  3 208               124    2 388
    --------------------------------------------------------
    Total:                 74 588      228   10 184   24 393

command line: [2]
    --------------------------------------------------------
    Total:

dl4t_alf.a: [3]
    abort.o                     8
    div.o                      56
    exit.o                      4
    localeconv.o              172                88      136
    memcpy.o                   24
    memset.o                   40
    strcat.o                   48
    vsprintf.o                 76
    xprintffull_nomb.o      5 866
    xsprout.o                  20
    --------------------------------------------------------
    Total:                  6 314                88      136

m4t_al.a: [4]
    DblAdd.o                  304
    DblCmpGe.o                 56
    DblCmpLe.o                 56
    DblDiv.o                  824
    DblMul.o                  504
    DblSub.o                  496
    DblToFlt.o                172
    DblToS32.o                 96
    DblToU32.o                 60
    FltToS32.o                 88
    S32ToDbl.o                 96
    U32ToDbl.o                 16
    xdnorm.o                  124
    xdscale.o                 480
    --------------------------------------------------------
    Total:                  3 372

rt4t_al.a: [5]
    ABImemcpy.o               212
    ABImemset.o               124
    I32DivMod.o               468
    I64DivMod.o               212
    I64DivZer.o                 4
    IntDivZer.o                 4
    XXexit.o                   20
    cexit.o                    16
    cmain.o                    44
    data_init.o                50
    lz77_init.o               460
    memchr.o                  148
    strchr.o                   32
    strcpy.o                  108
    strlen.o                   84
    zero_init3.o               42
    --------------------------------------------------------
    Total:                  2 028

    Linker created             16                72    5 312
------------------------------------------------------------
    Grand Total:           86 318      228   10 344   29 841


*******************************************************************************
*** ENTRY LIST
***

Entry                      Address   Size  Type      Object
-----                      -------   ----  ----      ------
?main                   0x00116470         Code  Gb  cmain.o [5]
ABT_STACK$$Base         0x002076f8          --   Gb  - Linker created -
ABT_STACK$$Limit        0x00207738          --   Gb  - Linker created -
AB_POST                 0x001026fc  0x13c  Code  Gb  ruler.o [1]
AB_Status_Change_Report
                        0x0010897c  0x18c  Code  Gb  noah_cmd.o [1]
ACK_Sem_PCUART          0x00206204    0x4  Data  Gb  task_noah.o [1]
ACK_Sem_RulerUART       0x0020620c    0x4  Data  Gb  task_noah_ruler.o [1]
ASCII_IsAlphaNum        0x0011393c   0xc8  Code  Gb  lib_ascii.o [1]
ASCII_IsDig             0x00113a3c   0x38  Code  Gb  lib_ascii.o [1]
ASCII_IsDigHex          0x00113a74   0x78  Code  Gb  lib_ascii.o [1]
ASCII_IsLower           0x00113a04   0x38  Code  Gb  lib_ascii.o [1]
ASCII_IsSpace           0x00113aec   0x78  Code  Gb  lib_ascii.o [1]
AT91_TC_Init            0x0010b0a0  0x1ac  Code  Gb  timer.o [1]
App_BufferCreate        0x0010e450   0x54  Code  Gb  app.o [1]
App_EventCreate         0x0010e4a4  0x234  Code  Lc  app.o [1]
App_TaskCMDParse        0x0011522c   0xd0  Code  Gb  task_cmd_parse.o [1]
App_TaskCMDParseStk     0x00203294  0x400  Data  Lc  app.o [1]
App_TaskCreate          0x0010e6d8  0x2c8  Code  Lc  app.o [1]
App_TaskGenieShell      0x001142d4  0x39c  Code  Gb  task_shell.o [1]
App_TaskGenieShellStk   0x00202e94  0x400  Data  Lc  app.o [1]
App_TaskJoy             0x00114be4  0x238  Code  Gb  task_joy.o [1]
App_TaskJoyStk          0x00205a9c  0x100  Data  Lc  app.o [1]
App_TaskNoah            0x00113f30  0x3a4  Code  Gb  task_noah.o [1]
App_TaskNoahRulerStk    0x0020476c  0x200  Data  Lc  app.o [1]
App_TaskNoahStk         0x0020456c  0x200  Data  Lc  app.o [1]
App_TaskNoah_Ruler      0x00113b64  0x3cc  Code  Gb  task_noah_ruler.o [1]
App_TaskStart           0x0010e3e8   0x68  Code  Lc  app.o [1]
App_TaskStartStk        0x00203b6c  0x200  Data  Lc  app.o [1]
App_TaskUART_Rx         0x00115008  0x124  Code  Gb  task_uart_rx.o [1]
App_TaskUART_RxStk      0x00203f6c  0x200  Data  Lc  app.o [1]
App_TaskUART_Tx         0x00114940  0x2a4  Code  Gb  task_uart_tx.o [1]
App_TaskUART_TxRulerStk
                        0x0020436c  0x200  Data  Lc  app.o [1]
App_TaskUART_TxStk      0x0020416c  0x200  Data  Lc  app.o [1]
App_TaskUART_Tx_Ruler   0x00114670  0x2d0  Code  Gb  task_uart_tx_ruler.o [1]
App_TaskUserIF          0x0010900c  0x330  Code  Gb  task_user_if.o [1]
App_TaskUserIF_Stk      0x00203d6c  0x200  Data  Lc  app.o [1]
App_UserIF_Mbox         0x00206248    0x4  Data  Gb  task_user_if.o [1]
Audio_Version           0x0020614c    0xc  Data  Gb  ruler.o [1]
BSP_CPU_ClkFreq         0x001032b8   0xa4  Code  Gb  bsp.o [1]
BSP_CPU_Init            0x0010335c   0x48  Code  Gb  bsp.o [1]
BSP_DummyISR_Handler    0x00103670   0x3c  Code  Lc  bsp.o [1]
BSP_Init                0x00103234   0x84  Code  Gb  bsp.o [1]
BSP_IntClr              0x00103468   0x28  Code  Gb  bsp.o [1]
BSP_IntDisAll           0x00103490   0x14  Code  Gb  bsp.o [1]
BSP_IntEn               0x001034a4   0x28  Code  Gb  bsp.o [1]
BSP_IntInit             0x001034cc   0xbc  Code  Lc  bsp.o [1]
BSP_IntVectSet          0x001035ac   0xc4  Code  Gb  bsp.o [1]
BSP_MainOscEn           0x001036ac   0x68  Code  Gb  bsp.o [1]
BSP_MclkCfg             0x001037c0   0xc4  Code  Gb  bsp.o [1]
BSP_MclkGetFreq         0x00103714   0xac  Code  Gb  bsp.o [1]
BSP_PLL_Cfg             0x001038fc   0xe8  Code  Gb  bsp.o [1]
BSP_PLL_GetFreq         0x00103884   0x78  Code  Gb  bsp.o [1]
BSP_ResetInit           0x00103588   0x24  Code  Lc  bsp.o [1]
BSP_Ser_Init            0x00103ba0  0x180  Code  Gb  bsp.o [1]
BSP_Ser_Printf          0x00103eac   0x38  Code  Gb  bsp.o [1]
BSP_Ser_RdByte          0x00103df4   0xb4  Code  Gb  bsp.o [1]
BSP_Ser_WrByte          0x00103d20   0xa0  Code  Gb  bsp.o [1]
BSP_Ser_WrStr           0x00103dc8   0x2c  Code  Gb  bsp.o [1]
BSP_Sys_ISR_Handler     0x00103b3c   0x64  Code  Gb  bsp.o [1]
BSP_Tmr_TickISR_Handler
                        0x00103b1c   0x20  Code  Gb  bsp.o [1]
BSP_Tmr_TickInit        0x00103ac0   0x5c  Code  Lc  bsp.o [1]
BUZZER_MUTE             0x00206264    0x1  Data  Gb  led.o [1]
Beep                    0x00103ee4   0x68  Code  Gb  bsp.o [1]
Bsp_Ser_Rx_Sem_lock     0x00206178    0x4  Data  Gb  bsp.o [1]
Bsp_Ser_Tx_Sem_lock     0x00206174    0x4  Data  Gb  bsp.o [1]
Buzzer_OnOff            0x00108ee4   0x44  Code  Gb  led.o [1]
Buzzer_Toggle           0x00108f28   0x40  Code  Gb  led.o [1]
CM_LegacyRead           0x0010c0e0  0x1e4  Code  Gb  mem_basic.o [1]
CM_SingleWrite          0x0010bbe8   0x98  Code  Gb  mem_basic.o [1]
CODEC_LOUT_Small_Gain_En
                        0x00105000   0xbc  Code  Gb  codec.o [1]
CODEC_Set_Volume        0x001050d4  0x100  Code  Gb  codec.o [1]
CPU_FIQ_Dis             0x00111d60         Code  Gb  cpu_a.o [1]
CPU_FIQ_En              0x00111d70         Code  Gb  cpu_a.o [1]
CPU_IRQ_Dis             0x00111d40         Code  Gb  cpu_a.o [1]
CPU_IRQ_En              0x00111d50         Code  Gb  cpu_a.o [1]
CPU_Init                0x00111000   0x10  Code  Gb  cpu_core.o [1]
CPU_IntDis              0x00111d20         Code  Gb  cpu_a.o [1]
CPU_IntEn               0x00111d30         Code  Gb  cpu_a.o [1]
CPU_Name                0x0020612c   0x10  Data  Gb  cpu_core.o [1]
CPU_NameClr             0x00111010   0x2c  Code  Gb  cpu_core.o [1]
CPU_NameInit            0x00111040   0x10  Code  Lc  cpu_core.o [1]
CPU_SR_Restore          0x00111d18         Code  Gb  cpu_a.o [1]
CPU_SR_Save             0x00111cf8         Code  Gb  cpu_a.o [1]
CSTACK$$Base            0x00206678          --   Gb  - Linker created -
CSTACK$$Limit           0x00207678          --   Gb  - Linker created -
CheckSum                0x00107638   0x6c  Code  Gb  noah_cmd.o [1]
Check_Actived_Mic_Number
                        0x00100278   0x70  Code  Lc  ruler.o [1]
Check_SR_Support        0x00104bc4   0x40  Code  Gb  codec.o [1]
Check_UART_Mixer_Ready  0x001002e8   0x9c  Code  Gb  ruler.o [1]
Codec_DAC_Attenuation   0x00104b0c   0xb8  Code  Gb  codec.o [1]
Codec_SetFCLK           0x00104c04  0x12c  Code  Gb  codec.o [1]
Codec_SetMode           0x00104d30  0x190  Code  Gb  codec.o [1]
Codec_Write             0x00104a80   0x54  Code  Gb  codec.o [1]
CommandParse            0x00112fb8  0x1a4  Code  Gb  commands.o [1]
Config_Lin              0x00105fa0   0xf0  Code  Lc  dsp.o [1]
Config_SP0_Out          0x00106090   0xa8  Code  Lc  dsp.o [1]
DBGU_Configure          0x00105d70   0xc4  Code  Gb  uart.o [1]
DBGU_Rx_Sem_lock        0x00206258    0x4  Data  Gb  uart.o [1]
DBGU_Tx_Sem_lock        0x00206254    0x4  Data  Gb  uart.o [1]
DMIC_PGA_Control        0x00105e78  0x128  Code  Gb  dsp.o [1]
DM_LegacyRead           0x0010bc80  0x1dc  Code  Gb  mem_basic.o [1]
DM_SingleWrite          0x0010ba98   0x94  Code  Gb  mem_basic.o [1]
DM_Write                0x0010b9e0   0x34  Code  Gb  mem_basic.o [1]
DSP_LegacyRead          0x0010c594  0x1b8  Code  Gb  mem_basic.o [1]
DSP_PM_Type             0x00200671    0x1  Data  Gb  mem_basic.o [1]
DSP_SingleWrite_1       0x0010c498   0x74  Code  Gb  mem_basic.o [1]
DSP_SingleWrite_2       0x0010c510   0x84  Code  Gb  mem_basic.o [1]
Debug_COM_Sel           0x00206262    0x1  Data  Gb  bsp.o [1]
Done_Sem_RulerUART      0x00206210    0x4  Data  Gb  task_noah_ruler.o [1]
EFC_ComputeAddress      0x0010d6a4   0x40  Code  Gb  efc.o [1]
EFC_DisableIt           0x0010d614   0x10  Code  Gb  efc.o [1]
EFC_PerformCommand      0x0020051c   0xa4  Code  Gb  efc.o [1]
EFC_SetEraseBeforeProgramming
                        0x0010d624   0x30  Code  Gb  efc.o [1]
EFC_TranslateAddress    0x0010d654   0x50  Code  Gb  efc.o [1]
EMB_Data_Build          0x00107c88  0x194  Code  Lc  noah_cmd.o [1]
EMB_Data_Check          0x001078a0  0x1cc  Code  Gb  noah_cmd.o [1]
EMB_Data_Parse          0x00107e24  0xb54  Code  Gb  noah_cmd.o [1]
EVENT_MsgQ_Noah2CMDParse
                        0x00206200    0x4  Data  Gb  task_cmd_parse.o [1]
EVENT_MsgQ_Noah2PCUART  0x00206230    0x4  Data  Gb  task_uart_tx.o [1]
EVENT_MsgQ_Noah2RulerUART
                        0x0020623c    0x4  Data  Gb  task_uart_tx_ruler.o [1]
EVENT_MsgQ_PCUART2Noah  0x0020622c    0x4  Data  Gb  task_uart_tx.o [1]
EVENT_MsgQ_RulerUART2Noah
                        0x00206238    0x4  Data  Gb  task_uart_tx_ruler.o [1]
Emb_Buf_Cmd             0x00200674  0xc10  Data  Gb  task_cmd_parse.o [1]
Emb_Buf_Data            0x00201284  0xc10  Data  Gb  task_cmd_parse.o [1]
Enable_FPGA             0x00107220   0x14  Code  Gb  gpio.o [1]
FIQ_STACK$$Base         0x00207678          --   Gb  - Linker created -
FIQ_STACK$$Limit        0x002076b8          --   Gb  - Linker created -
FLASHD_Initialize       0x00108b38   0x30  Code  Gb  flashd_efc.o [1]
FLASHD_Write            0x00108b68  0x16c  Code  Gb  flashd_efc.o [1]
FLASHD_Write_Safe       0x00101c44   0x4c  Code  Gb  ruler.o [1]
Flag_Reset_Pin_Trigger  0x00206263    0x1  Data  Gb  bsp.o [1]
GPIODIR_FLOAT           0x00106f70   0x78  Code  Gb  gpio.o [1]
GPIOPIN_Set             0x00106fe8   0x54  Code  Gb  gpio.o [1]
GPIO_Init               0x00106f4c   0x24  Code  Gb  gpio.o [1]
Get_Audio_Version       0x00100970   0x84  Code  Gb  ruler.o [1]
Get_Port_Detect         0x0010716c   0x5c  Code  Gb  gpio.o [1]
Get_Ruler_Type          0x00100cb0  0x170  Code  Gb  ruler.o [1]
Get_Ruler_Version       0x00101ac8  0x17c  Code  Gb  ruler.o [1]
Get_Run_Time            0x001040f0   0xa8  Code  Gb  bsp.o [1]
Get_Switches            0x00107110   0x5c  Code  Gb  gpio.o [1]
Get_Task_Info           0x00103fb0  0x140  Code  Gb  bsp.o [1]
Get_Ver_Info            0x00112f24   0x30  Code  Gb  commands.o [1]
Global_Bridge_POST      0x00206270    0x1  Data  Gb  ruler.o [1]
Global_Conn_Ready       0x00206273    0x1  Data  Gb  task_noah.o [1]
Global_Idle_Ready       0x00206274    0x1  Data  Gb  task_uart_rx.o [1]
Global_Mic_Mask         0x0020613c   0x10  Data  Gb  ruler.o [1]
Global_Mic_State        0x002061f4    0x4  Data  Gb  ruler.o [1]
Global_Ruler_Index      0x0020626f    0x1  Data  Gb  ruler.o [1]
Global_Ruler_State      0x002061ec    0x4  Data  Gb  ruler.o [1]
Global_Ruler_Type       0x002061f0    0x4  Data  Gb  ruler.o [1]
HOST_LegacyRead         0x0010c3d4   0xc4  Code  Gb  mem_basic.o [1]
HOST_SingleWrite_1      0x0010c2dc   0x74  Code  Gb  mem_basic.o [1]
HOST_SingleWrite_2      0x0010c350   0x84  Code  Gb  mem_basic.o [1]
Head_Info               0x0010419c  0x2f0  Code  Gb  bsp.o [1]
HelpFunc                0x00112380   0xcc  Code  Gb  commands.o [1]
HostNameFunc            0x0011244c   0x6c  Code  Gb  commands.o [1]
I2CWrite_Codec          0x00104ad4   0x38  Code  Gb  codec.o [1]
IRQ_STACK$$Base         0x00206278          --   Gb  - Linker created -
IRQ_STACK$$Limit        0x00206478          --   Gb  - Linker created -
ISR_PC_UART             0x00105658  0x1a4  Code  Gb  uart.o [1]
ISR_Ruler_UART          0x001057fc  0x1a4  Code  Gb  uart.o [1]
InStream_Read           0x00114e1d   0x22  Code  Lc  lz77_init.o [5]
InitCommands            0x00111fb4  0x2b8  Code  Gb  commands.o [1]
InitI2CFunc             0x00112568   0x7c  Code  Gb  commands.o [1]
Init_CMD_Read           0x00107300   0x28  Code  Gb  noah_cmd.o [1]
Init_CODEC              0x00104ec0  0x140  Code  Gb  codec.o [1]
Init_EMB_BUF            0x001072dc   0x24  Code  Gb  noah_cmd.o [1]
Init_FM36_AB03          0x00106138  0x46c  Code  Gb  dsp.o [1]
Init_FPGA               0x00107234   0x80  Code  Gb  gpio.o [1]
Init_Global_Var         0x00100200   0x78  Code  Gb  ruler.o [1]
Init_Ruler              0x001009f4  0x140  Code  Gb  ruler.o [1]
LED_Clear               0x00108e14   0x68  Code  Gb  led.o [1]
LED_Set                 0x00108dac   0x68  Code  Gb  led.o [1]
LED_Toggle              0x00108e7c   0x68  Code  Gb  led.o [1]
LowLevelInitPLL         0x001033a4   0xc4  Code  Gb  bsp.o [1]
LsFunc                  0x00112270   0x74  Code  Gb  commands.o [1]
Math_Init               0x00111050   0x14  Code  Gb  lib_math.o [1]
Math_RandSeedCur        0x00206188    0x4  Data  Gb  lib_math.o [1]
Math_RandSetSeed        0x00111064   0x2c  Code  Gb  lib_math.o [1]
MemPartition_MsgUART    0x00201e94  0xa28  Data  Gb  task_uart_tx.o [1]
Mem_Clr                 0x00111d80   0x24  Code  Gb  lib_mem.o [1]
Mem_Set                 0x00111da4   0xdc  Code  Gb  lib_mem.o [1]
MsgQ_Noah2CMDParse      0x00205f78   0x28  Data  Gb  task_cmd_parse.o [1]
MsgQ_Noah2PCUART        0x00205fc8   0x28  Data  Gb  task_uart_tx.o [1]
MsgQ_Noah2RulerUART     0x00206018   0x28  Data  Gb  task_uart_tx_ruler.o [1]
MsgQ_PCUART2Noah        0x00205fa0   0x28  Data  Gb  task_uart_tx.o [1]
MsgQ_RulerUART2Noah     0x00205ff0   0x28  Data  Gb  task_uart_tx_ruler.o [1]
Noah_CMD_Parse_Ruler    0x00107a6c  0x184  Code  Gb  noah_cmd.o [1]
Noah_CMD_Read           0x00107328  0x310  Code  Gb  noah_cmd.o [1]
OSCPUUsage              0x00206265    0x1  Data  Gb  os_core.o [1]
OSCtxSw                 0x00106610         Code  Gb  os_cpu_a.o [1]
OSCtxSwCtr              0x00206190    0x4  Data  Gb  os_core.o [1]
OSDCC_Addr              0x002061e0    0x4  Data  Lc  os_dcc.o [1]
OSDCC_Cmd               0x002061dc    0x4  Data  Lc  os_dcc.o [1]
OSDCC_Data              0x002061e8    0x4  Data  Lc  os_dcc.o [1]
OSDCC_Handler           0x001110ac  0x27c  Code  Gb  os_dcc.o [1]
OSDCC_ItemCnt           0x002061e4    0x4  Data  Lc  os_dcc.o [1]
OSDCC_Read              0x0011109c    0x8  Code  Lc  os_dcc.o [1]
OSDCC_ReadCtrl          0x00111094    0x8  Code  Lc  os_dcc.o [1]
OSDCC_Write             0x001110a4    0x8  Code  Lc  os_dcc.o [1]
OSDataSize              0x001177dc    0x2  Data  Gb  os_dbg.o [1]
OSDebugEn               0x00116176    0x2  Data  Gb  os_dbg.o [1]
OSDebugInit             0x0010f3a8  0x2b0  Code  Gb  os_dbg.o [1]
OSEndiannessTest        0x00117760    0x4  Data  Gb  os_dbg.o [1]
OSEventEn               0x00117774    0x2  Data  Gb  os_dbg.o [1]
OSEventFreeList         0x00206194    0x4  Data  Gb  os_core.o [1]
OSEventMax              0x00117776    0x2  Data  Gb  os_dbg.o [1]
OSEventMultiEn          0x0011777e    0x2  Data  Gb  os_dbg.o [1]
OSEventNameEn           0x00117778    0x2  Data  Gb  os_dbg.o [1]
OSEventNameSet          0x00109938   0xac  Code  Gb  os_core.o [1]
OSEventSize             0x0011777a    0x2  Data  Gb  os_dbg.o [1]
OSEventTbl              0x00203914  0x258  Data  Gb  os_core.o [1]
OSEventTblSize          0x0011777c    0x2  Data  Gb  os_dbg.o [1]
OSFlagEn                0x00117780    0x2  Data  Gb  os_dbg.o [1]
OSFlagFreeList          0x00206198    0x4  Data  Gb  os_core.o [1]
OSFlagGrpSize           0x00117782    0x2  Data  Gb  os_dbg.o [1]
OSFlagMax               0x00117788    0x2  Data  Gb  os_dbg.o [1]
OSFlagNameEn            0x0011778a    0x2  Data  Gb  os_dbg.o [1]
OSFlagNodeSize          0x00117784    0x2  Data  Gb  os_dbg.o [1]
OSFlagTbl               0x00205e68   0x50  Data  Gb  os_core.o [1]
OSFlagWidth             0x00117786    0x2  Data  Gb  os_dbg.o [1]
OSIdleCtr               0x002061a4    0x4  Data  Gb  os_core.o [1]
OSIdleCtrMax            0x0020619c    0x4  Data  Gb  os_core.o [1]
OSIdleCtrRun            0x002061a0    0x4  Data  Gb  os_core.o [1]
OSInit                  0x001099e4   0x40  Code  Gb  os_core.o [1]
OSInitHookBegin         0x0010eb38   0x44  Code  Gb  os_cpu_c.o [1]
OSIntCtxSw              0x00106674         Code  Gb  os_cpu_a.o [1]
OSIntExit               0x00109a24   0xe0  Code  Gb  os_core.o [1]
OSIntNesting            0x00206267    0x1  Data  Gb  os_core.o [1]
OSLockNesting           0x00206268    0x1  Data  Gb  os_core.o [1]
OSLowestPrio            0x0011778c    0x2  Data  Gb  os_dbg.o [1]
OSMboxCreate            0x0010d79c   0x9c  Code  Gb  os_mbox.o [1]
OSMboxEn                0x0011778e    0x2  Data  Gb  os_dbg.o [1]
OSMboxPend              0x0010d83c  0x1f8  Code  Gb  os_mbox.o [1]
OSMboxPost              0x0010da44   0xb8  Code  Gb  os_mbox.o [1]
OSMemCreate             0x0010c764  0x150  Code  Gb  os_mem.o [1]
OSMemEn                 0x00117790    0x2  Data  Gb  os_dbg.o [1]
OSMemFreeList           0x002061b8    0x4  Data  Gb  os_core.o [1]
OSMemGet                0x0010c8b4   0x9c  Code  Gb  os_mem.o [1]
OSMemMax                0x00117792    0x2  Data  Gb  os_dbg.o [1]
OSMemNameEn             0x00117794    0x2  Data  Gb  os_dbg.o [1]
OSMemNameSet            0x0010c950   0x84  Code  Gb  os_mem.o [1]
OSMemPut                0x0010c9d4   0x84  Code  Gb  os_mem.o [1]
OSMemQuery              0x0010ca58   0x84  Code  Gb  os_mem.o [1]
OSMemSize               0x00117796    0x2  Data  Gb  os_dbg.o [1]
OSMemTbl                0x00206100   0x18  Data  Gb  os_core.o [1]
OSMemTblSize            0x00117798    0x2  Data  Gb  os_dbg.o [1]
OSMutexEn               0x0011779a    0x2  Data  Gb  os_dbg.o [1]
OSPrioCur               0x00206269    0x1  Data  Gb  os_core.o [1]
OSPrioHighRdy           0x0020626a    0x1  Data  Gb  os_core.o [1]
OSPtrSize               0x0011779c    0x2  Data  Gb  os_dbg.o [1]
OSQAccept               0x001029c0   0xd8  Code  Gb  os_q.o [1]
OSQCreate               0x00102b44  0x130  Code  Gb  os_q.o [1]
OSQEn                   0x0011779e    0x2  Data  Gb  os_dbg.o [1]
OSQFreeList             0x002061bc    0x4  Data  Gb  os_core.o [1]
OSQGet                  0x00102a98   0xac  Code  Gb  os_q.o [1]
OSQMax                  0x001177a0    0x2  Data  Gb  os_dbg.o [1]
OSQPend                 0x00102c78  0x22c  Code  Gb  os_q.o [1]
OSQPost                 0x00102ea4   0xe4  Code  Gb  os_q.o [1]
OSQPostOpt              0x00102f88  0x150  Code  Gb  os_q.o [1]
OSQSize                 0x001177a2    0x2  Data  Gb  os_dbg.o [1]
OSQTbl                  0x00205d9c   0x78  Data  Gb  os_core.o [1]
OSRdyGrp                0x0020626b    0x1  Data  Gb  os_core.o [1]
OSRdyTbl                0x00206164    0x8  Data  Gb  os_core.o [1]
OSRdyTblSize            0x001177a4    0x2  Data  Gb  os_dbg.o [1]
OSRunning               0x0020626c    0x1  Data  Gb  os_core.o [1]
OSSchedLock             0x00109b04   0x64  Code  Gb  os_core.o [1]
OSSchedUnlock           0x00109b68   0x9c  Code  Gb  os_core.o [1]
OSSemCreate             0x001069dc   0x9c  Code  Gb  os_sem.o [1]
OSSemDel                0x00106a78  0x1cc  Code  Gb  os_sem.o [1]
OSSemEn                 0x001177a6    0x2  Data  Gb  os_dbg.o [1]
OSSemPend               0x00106c44  0x1a8  Code  Gb  os_sem.o [1]
OSSemPost               0x00106e00   0xb4  Code  Gb  os_sem.o [1]
OSSemSet                0x00106eb4   0x98  Code  Gb  os_sem.o [1]
OSStart                 0x00109c04   0x60  Code  Gb  os_core.o [1]
OSStartHighRdy          0x001065dc         Code  Gb  os_cpu_a.o [1]
OSStatInit              0x00109c64   0x68  Code  Gb  os_core.o [1]
OSStatRdy               0x00206266    0x1  Data  Gb  os_core.o [1]
OSStkWidth              0x001177a8    0x2  Data  Gb  os_dbg.o [1]
OSTCBCur                0x002061a8    0x4  Data  Gb  os_core.o [1]
OSTCBFreeList           0x002061ac    0x4  Data  Gb  os_core.o [1]
OSTCBHighRdy            0x002061b0    0x4  Data  Gb  os_core.o [1]
OSTCBInitHook           0x0010ece0   0x18  Code  Gb  os_cpu_c.o [1]
OSTCBList               0x002061b4    0x4  Data  Gb  os_core.o [1]
OSTCBPrioTbl            0x00205c9c  0x100  Data  Gb  os_core.o [1]
OSTCBPrioTblMax         0x001177c0    0x2  Data  Gb  os_dbg.o [1]
OSTCBSize               0x001177c2    0x2  Data  Gb  os_dbg.o [1]
OSTCBTbl                0x002028bc  0x5d8  Data  Gb  os_core.o [1]
OSTaskCreateEn          0x001177aa    0x2  Data  Gb  os_dbg.o [1]
OSTaskCreateExt         0x0010dafc  0x184  Code  Gb  os_task.o [1]
OSTaskCreateExtEn       0x001177ac    0x2  Data  Gb  os_dbg.o [1]
OSTaskCreateHook        0x0010eb7c   0x18  Code  Gb  os_cpu_c.o [1]
OSTaskCtr               0x0020626d    0x1  Data  Gb  os_core.o [1]
OSTaskDel               0x0010dc80  0x294  Code  Gb  os_task.o [1]
OSTaskDelEn             0x001177ae    0x2  Data  Gb  os_dbg.o [1]
OSTaskDelHook           0x0010eb94   0x18  Code  Gb  os_cpu_c.o [1]
OSTaskIdleHook          0x0010ebac   0x14  Code  Gb  os_cpu_c.o [1]
OSTaskIdleStk           0x00204b6c  0x200  Data  Gb  os_core.o [1]
OSTaskIdleStkSize       0x001177b0    0x2  Data  Gb  os_dbg.o [1]
OSTaskMax               0x001177b4    0x2  Data  Gb  os_dbg.o [1]
OSTaskNameEn            0x001177b6    0x2  Data  Gb  os_dbg.o [1]
OSTaskNameSet           0x0010df14  0x10c  Code  Gb  os_task.o [1]
OSTaskProfileEn         0x001177b2    0x2  Data  Gb  os_dbg.o [1]
OSTaskReturnHook        0x0010ebc0   0x18  Code  Gb  os_cpu_c.o [1]
OSTaskStatEn            0x001177b8    0x2  Data  Gb  os_dbg.o [1]
OSTaskStatHook          0x0010ebd8   0x10  Code  Gb  os_cpu_c.o [1]
OSTaskStatStk           0x0020496c  0x200  Data  Gb  os_core.o [1]
OSTaskStatStkChkEn      0x001177bc    0x2  Data  Gb  os_dbg.o [1]
OSTaskStatStkSize       0x001177ba    0x2  Data  Gb  os_dbg.o [1]
OSTaskStkChk            0x0010e024  0x140  Code  Gb  os_task.o [1]
OSTaskStkInit           0x0010ebe8   0xe8  Code  Gb  os_cpu_c.o [1]
OSTaskSuspend           0x0010e170  0x188  Code  Gb  os_task.o [1]
OSTaskSwHook            0x0010ecd0   0x10  Code  Gb  os_cpu_c.o [1]
OSTaskSwHookEn          0x001177be    0x2  Data  Gb  os_dbg.o [1]
OSTickStepState         0x0020626e    0x1  Data  Gb  os_core.o [1]
OSTicksPerSec           0x001177c4    0x2  Data  Gb  os_dbg.o [1]
OSTime                  0x002061c0    0x4  Data  Gb  os_core.o [1]
OSTimeDly               0x00103160   0xc4  Code  Gb  os_time.o [1]
OSTimeTick              0x00109ccc  0x180  Code  Gb  os_core.o [1]
OSTimeTickHook          0x0010ecf8   0x48  Code  Gb  os_cpu_c.o [1]
OSTimeTickHookEn        0x001177c6    0x2  Data  Gb  os_dbg.o [1]
OSTmrCfgMax             0x001177cc    0x2  Data  Gb  os_dbg.o [1]
OSTmrCfgNameEn          0x001177ce    0x2  Data  Gb  os_dbg.o [1]
OSTmrCfgTicksPerSec     0x001177d2    0x2  Data  Gb  os_dbg.o [1]
OSTmrCfgWheelSize       0x001177d0    0x2  Data  Gb  os_dbg.o [1]
OSTmrCtr                0x00206260    0x2  Data  Lc  os_cpu_c.o [1]
OSTmrEn                 0x001177ca    0x2  Data  Gb  os_dbg.o [1]
OSTmrFree               0x0020625c    0x2  Data  Gb  os_core.o [1]
OSTmrFreeList           0x002061d0    0x4  Data  Gb  os_core.o [1]
OSTmrSem                0x002061c8    0x4  Data  Gb  os_core.o [1]
OSTmrSemSignal          0x002061cc    0x4  Data  Gb  os_core.o [1]
OSTmrSignal             0x0010ef50   0x24  Code  Gb  os_tmr.o [1]
OSTmrSize               0x001177d4    0x2  Data  Gb  os_dbg.o [1]
OSTmrTaskStk            0x00204d6c  0x200  Data  Gb  os_core.o [1]
OSTmrTbl                0x00203694  0x280  Data  Gb  os_core.o [1]
OSTmrTblSize            0x001177d6    0x2  Data  Gb  os_dbg.o [1]
OSTmrTime               0x002061c4    0x4  Data  Gb  os_core.o [1]
OSTmrUsed               0x0020625e    0x2  Data  Gb  os_core.o [1]
OSTmrWheelSize          0x001177d8    0x2  Data  Gb  os_dbg.o [1]
OSTmrWheelTbl           0x00205eb8   0x40  Data  Gb  os_core.o [1]
OSTmrWheelTblSize       0x001177da    0x2  Data  Gb  os_dbg.o [1]
OSTmr_Init              0x0010ef74  0x11c  Code  Gb  os_tmr.o [1]
OSTmr_InitTask          0x0010f090   0x68  Code  Lc  os_tmr.o [1]
OSTmr_Link              0x0010f0f8   0xe8  Code  Lc  os_tmr.o [1]
OSTmr_Task              0x0010f288   0xe8  Code  Lc  os_tmr.o [1]
OSTmr_Unlink            0x0010f1e4   0xa4  Code  Lc  os_tmr.o [1]
OSUnMapTbl              0x0011512c  0x100  Data  Gb  os_core.o [1]
OSVersion               0x00109e4c    0xc  Code  Gb  os_core.o [1]
OSVersionNbr            0x001177c8    0x2  Data  Gb  os_dbg.o [1]
OS_CPU_ARM_ExceptAddrAbortHndlr
                        0x001066f8         Code  Gb  os_cpu_a.o [1]
OS_CPU_ARM_ExceptDataAbortHndlr
                        0x001066e4         Code  Gb  os_cpu_a.o [1]
OS_CPU_ARM_ExceptFiqHndlr
                        0x0010670c         Code  Gb  os_cpu_a.o [1]
OS_CPU_ARM_ExceptIrqHndlr
                        0x00106844         Code  Gb  os_cpu_a.o [1]
OS_CPU_ARM_ExceptPrefetchAbortHndlr
                        0x001066d0         Code  Gb  os_cpu_a.o [1]
OS_CPU_ARM_ExceptSwiHndlr
                        0x001066c0         Code  Gb  os_cpu_a.o [1]
OS_CPU_ARM_ExceptUndefInstrHndlr
                        0x001066b0         Code  Gb  os_cpu_a.o [1]
OS_CPU_ExceptHndlr      0x001039e4   0xdc  Code  Gb  bsp.o [1]
OS_CPU_ExceptStk        0x00204f6c  0x200  Data  Gb  os_cpu_c.o [1]
OS_CPU_ExceptStkBase    0x002061d4    0x4  Data  Gb  os_cpu_c.o [1]
OS_CPU_ExceptStkPtr     0x002061d8    0x4  Data  Gb  os_cpu_c.o [1]
OS_CPU_InitExceptVect   0x0010ed40   0xac  Code  Gb  os_cpu_c.o [1]
OS_CPU_SR_FIQ_Dis       0x001069a0         Code  Gb  os_cpu_a.o [1]
OS_CPU_SR_FIQ_En        0x00106990         Code  Gb  os_cpu_a.o [1]
OS_CPU_SR_INT_Dis       0x00106960         Code  Gb  os_cpu_a.o [1]
OS_CPU_SR_INT_En        0x00106950         Code  Gb  os_cpu_a.o [1]
OS_CPU_SR_IRQ_Dis       0x00106980         Code  Gb  os_cpu_a.o [1]
OS_CPU_SR_IRQ_En        0x00106970         Code  Gb  os_cpu_a.o [1]
OS_CPU_SR_Restore       0x001065d4         Code  Gb  os_cpu_a.o [1]
OS_CPU_SR_Save          0x001065c4         Code  Gb  os_cpu_a.o [1]
OS_EventTaskRdy         0x00109e58  0x110  Code  Gb  os_core.o [1]
OS_EventTaskRemove      0x0010a044   0x5c  Code  Gb  os_core.o [1]
OS_EventTaskRemoveMulti
                        0x0010a0a0   0x90  Code  Gb  os_core.o [1]
OS_EventTaskWait        0x00109f68   0xd8  Code  Gb  os_core.o [1]
OS_EventWaitListInit    0x0010a130   0x40  Code  Gb  os_core.o [1]
[...]
OS_QInit                0x001030d8   0x6c  Code  Gb  os_q.o [1]
OS_Sched                0x0010a488   0xac  Code  Gb  os_core.o [1]
OS_SchedNew             0x0010a534   0x44  Code  Lc  os_core.o [1]
OS_TCBInit              0x0010a730  0x220  Code  Gb  os_core.o [1]
OS_TaskIdle             0x0010a57c   0x38  Code  Gb  os_core.o [1]
OS_TaskReturn           0x0010e304   0x20  Code  Gb  os_task.o [1]
OS_TaskStat             0x0010a5b8   0xc4  Code  Gb  os_core.o [1]
OS_TaskStatStkChk       0x0010a688   0x94  Code  Gb  os_core.o [1]
OS_TaskStkClr           0x0010e344   0x30  Code  Gb  os_task.o [1]
OutStream_Write         0x00114e3f   0x46  Code  Lc  lz77_init.o [5]
PIO_Clear               0x0010b508   0x10  Code  Gb  pio.o [1]
PIO_Configure           0x0010b3e8  0x110  Code  Gb  pio.o [1]
PIO_Get                 0x0010b518   0x54  Code  Gb  pio.o [1]
PIO_GetOutputDataStatus
                        0x0010b56c   0x28  Code  Gb  pio.o [1]
PIO_Set                 0x0010b4f8   0x10  Code  Gb  pio.o [1]
PIO_SetInput            0x0010b330   0x48  Code  Lc  pio.o [1]
PIO_SetOutput           0x0010b378   0x70  Code  Lc  pio.o [1]
PIO_SetPeripheralA      0x0010b2d8   0x2c  Code  Lc  pio.o [1]
PIO_SetPeripheralB      0x0010b304   0x2c  Code  Lc  pio.o [1]
PM_LegacyRead           0x0010be5c  0x284  Code  Gb  mem_basic.o [1]
PM_SingleWrite          0x0010bb2c   0xbc  Code  Gb  mem_basic.o [1]
PcCmdTxID               0x00206275    0x1  Data  Gb  task_uart_tx.o [1]
PcCmdTxID_Ruler         0x00206244    0x4  Data  Gb  task_uart_tx_ruler.o [1]
PinBuzzer               0x00200648    0xc  Data  Lc  bsp.o [1]
Pin_Reset_Audio_MCU     0x001071f4   0x2c  Code  Gb  gpio.o [1]
Pin_Reset_FM36          0x001071c8   0x2c  Code  Gb  gpio.o [1]
Port_Detect_Enable      0x0010933c   0x30  Code  Gb  task_user_if.o [1]
Queue_Create            0x001045d0   0x80  Code  Gb  queue.o [1]
Queue_Flush             0x00104a38   0x48  Code  Gb  queue.o [1]
Queue_NData             0x001049f0   0x48  Code  Gb  queue.o [1]
Queue_Read              0x00104650   0xa0  Code  Gb  queue.o [1]
Queue_ReadBuf           0x001046f0  0x150  Code  Gb  queue.o [1]
Queue_Write             0x00104840   0xa0  Code  Gb  queue.o [1]
Queue_WriteBuf          0x001048e0  0x110  Code  Gb  queue.o [1]
ReadCMFunc              0x001127c4   0xac  Code  Gb  commands.o [1]
ReadDMFunc              0x00112630   0xac  Code  Gb  commands.o [1]
ReadDSPREGFunc          0x00112ac8   0xac  Code  Gb  commands.o [1]
ReadHostREGFunc         0x00112c7c   0xac  Code  Gb  commands.o [1]
ReadPMFunc              0x00112940   0xb4  Code  Gb  commands.o [1]
Read_Flash_State        0x00101c94   0x20  Code  Gb  ruler.o [1]
Read_Mic_Cali_Data      0x00101378  0x15c  Code  Gb  ruler.o [1]
Read_Ruler_Info         0x00100fa4  0x150  Code  Gb  ruler.o [1]
Read_Ruler_Status       0x00100e20  0x16c  Code  Gb  ruler.o [1]
RebootFunc              0x001125e4   0x4c  Code  Gb  commands.o [1]
Region$$Table$$Base     0x00116a6c          --   Gb  - Linker created -
Region$$Table$$Limit    0x00116ab4          --   Gb  - Linker created -
Reset_Audio             0x001008c8   0xa8  Code  Gb  ruler.o [1]
Reset_Mic_Mask          0x0010246c  0x130  Code  Gb  ruler.o [1]
Revert_patch_Endien     0x00105e5c   0x1c  Code  Lc  dsp.o [1]
Ruler_Active_Control    0x00101900  0x1bc  Code  Gb  ruler.o [1]
Ruler_CMD_Result        0x00206271    0x1  Data  Gb  ruler.o [1]
Ruler_POST              0x00102850   0xc8  Code  Gb  ruler.o [1]
Ruler_Port_LED_Service  0x001025b0  0x140  Code  Gb  ruler.o [1]
Ruler_Power_Switch      0x0010703c   0x40  Code  Gb  gpio.o [1]
Ruler_Setup_Sync_Data   0x00206272    0x1  Data  Gb  ruler.o [1]
Ruler_State_Previous    0x0020618c    0x4  Data  Lc  noah_cmd.o [1]
SR_Support              0x00200660    0x8  Data  Gb  codec.o [1]
SVC_STACK$$Base         0x00206478          --   Gb  - Linker created -
SVC_STACK$$Limit        0x00206678          --   Gb  - Linker created -
Save_Ruler_FW           0x00101d1c  0x1dc  Code  Gb  ruler.o [1]
Send_DACK               0x00107bf0   0x4c  Code  Gb  noah_cmd.o [1]
Send_GACK               0x00107c3c   0x4c  Code  Gb  noah_cmd.o [1]
Set_Volume              0x00102304  0x158  Code  Gb  ruler.o [1]
Setup_Audio             0x00100384  0x2d4  Code  Gb  ruler.o [1]
Setup_Ruler             0x00100b34  0x17c  Code  Gb  ruler.o [1]
ShellComms              0x0020596c  0x130  Data  Gb  commands.o [1]
Start_Audio             0x00100658  0x13c  Code  Gb  ruler.o [1]
Stop_Audio              0x00100794  0x134  Code  Gb  ruler.o [1]
Str_CmpIgnoreCase       0x001131cc   0x34  Code  Gb  lib_str.o [1]
Str_CmpIgnoreCase_N     0x00113200  0x360  Code  Gb  lib_str.o [1]
Str_MultOvfThTbl_Int32U
                        0x001152fc   0x94  Data  Lc  lib_str.o [1]
Str_ParseNbr_Int32      0x001135a0  0x398  Code  Lc  lib_str.o [1]
Str_ParseNbr_Int32U     0x00113560   0x40  Code  Gb  lib_str.o [1]
TWID_Handler            0x0010a9d4  0x190  Code  Gb  twid.o [1]
TWID_Initialize         0x0010a9c4   0x10  Code  Gb  twid.o [1]
TWID_Read               0x0010ab64  0x238  Code  Gb  twid.o [1]
TWID_Write              0x0010ad9c  0x218  Code  Gb  twid.o [1]
TWI_ByteReceived        0x0010f7d8   0x14  Code  Gb  twi.o [1]
TWI_ByteSent            0x0010f7ec   0x14  Code  Gb  twi.o [1]
TWI_ConfigureMaster     0x0010f658   0xb0  Code  Gb  twi.o [1]
TWI_DisableIt           0x0010f818    0x8  Code  Gb  twi.o [1]
TWI_EnableIt            0x0010f810    0x8  Code  Gb  twi.o [1]
TWI_GetMaskedStatus     0x0010f820   0x18  Code  Gb  twi.o [1]
TWI_Init                0x0010afb4   0xc8  Code  Gb  twid.o [1]
TWI_ReadByte            0x0010f75c    0xc  Code  Gb  twi.o [1]
TWI_Sem_done            0x00206250    0x4  Data  Gb  twid.o [1]
TWI_Sem_lock            0x0020624c    0x4  Data  Gb  twid.o [1]
TWI_StartRead           0x0010f714   0x48  Code  Gb  twi.o [1]
TWI_StartWrite          0x0010f778   0x60  Code  Gb  twi.o [1]
TWI_Stop                0x0010f708    0xc  Code  Gb  twi.o [1]
TWI_TransferComplete    0x0010f800   0x10  Code  Gb  twi.o [1]
TWI_WriteByte           0x0010f768   0x10  Code  Gb  twi.o [1]
TaskFunc                0x001122e4   0x9c  Code  Gb  commands.o [1]
Task_ReCreate_Shell     0x0010e9a0   0x60  Code  Gb  app.o [1]
Timer_Init              0x0010b258   0x34  Code  Gb  timer.o [1]
Toggle_Mic              0x0010214c  0x1b8  Code  Gb  ruler.o [1]
Tx_ReSend_Happens       0x00206234    0x4  Data  Gb  task_uart_tx.o [1]
Tx_ReSend_Happens_Ruler
                        0x00206240    0x4  Data  Gb  task_uart_tx_ruler.o [1]
UART0_Rece_Buf          0x0020536c  0x200  Data  Gb  uart.o [1]
UART0_Rece_Buf_PDC      0x00206060   0x20  Data  Gb  uart.o [1]
UART0_Send_Buf          0x0020516c  0x200  Data  Gb  uart.o [1]
UART0_Send_Buf_PDC      0x00206040   0x20  Data  Gb  uart.o [1]
UART1_Mixer             0x0010707c   0x94  Code  Gb  gpio.o [1]
UART1_Rece_Buf          0x0020576c  0x200  Data  Gb  uart.o [1]
UART1_Rece_Buf_PDC      0x002060a0   0x20  Data  Gb  uart.o [1]
UART1_Send_Buf          0x0020556c  0x200  Data  Gb  uart.o [1]
UART1_Send_Buf_PDC      0x00206080   0x20  Data  Gb  uart.o [1]
UART2_Rece_Buf          0x00205f38   0x40  Data  Gb  uart.o [1]
UART2_Rece_Buf_PDC      0x002060e0   0x20  Data  Gb  uart.o [1]
UART2_Send_Buf          0x00205ef8   0x40  Data  Gb  uart.o [1]
UART2_Send_Buf_PDC      0x002060c0   0x20  Data  Gb  uart.o [1]
UART_Init               0x001051d4  0x330  Code  Gb  uart.o [1]
UART_MUX_Sem_lock       0x00206208    0x4  Data  Gb  task_noah_ruler.o [1]
UART_PID                0x00117770    0x4  Data  Lc  uart.o [1]
UART_PINS               0x00116a48   0x24  Data  Lc  uart.o [1]
UART_Rece_Buf_Size      0x001175b8    0xc  Data  Lc  uart.o [1]
UART_Send_Buf_Size      0x001175ac    0xc  Data  Lc  uart.o [1]
UART_WriteStart         0x00105504  0x154  Code  Gb  uart.o [1]
UND_STACK$$Base         0x002076b8          --   Gb  - Linker created -
UND_STACK$$Limit        0x002076f8          --   Gb  - Linker created -
USART_Configure         0x001059a0   0x4c  Code  Gb  uart.o [1]
USART_ReadBuffer        0x00105a94   0x58  Code  Lc  uart.o [1]
USART_Read_Timeout      0x00105aec  0x148  Code  Gb  uart.o [1]
USART_Sem               0x00206158    0xc  Data  Lc  uart.o [1]
USART_SendBuf           0x00105ccc   0x98  Code  Gb  uart.o [1]
USART_SendByte          0x00105c34   0x98  Code  Gb  uart.o [1]
USART_SetReceiverEnabled
                        0x00105a14   0x28  Code  Gb  uart.o [1]
USART_SetTransmitterEnabled
                        0x001059ec   0x28  Code  Gb  uart.o [1]
USART_WriteBuffer       0x00105a3c   0x58  Code  Lc  uart.o [1]
Unlock_PM               0x0010ba14   0x84  Code  Lc  mem_basic.o [1]
Update_Mic_Mask         0x00101764  0x17c  Code  Gb  ruler.o [1]
Update_Ruler_FW         0x00101f0c  0x234  Code  Gb  ruler.o [1]
WriteCMFunc             0x00112870   0xd0  Code  Gb  commands.o [1]
WriteDMFunc             0x001126dc   0xe4  Code  Gb  commands.o [1]
WriteDSPREGFunc         0x00112b74  0x108  Code  Gb  commands.o [1]
WriteGPIOFunc           0x001124b8   0xac  Code  Gb  commands.o [1]
WriteHostREGFunc        0x00112d64  0x108  Code  Gb  commands.o [1]
WritePMFunc             0x001129f4   0xd4  Code  Gb  commands.o [1]
Write_Flash_State       0x00101cb4   0x50  Code  Gb  ruler.o [1]
Write_Mic_Cali_Data     0x00101500  0x240  Code  Gb  ruler.o [1]
Write_Ruler_FW          0x00112ea0   0x84  Code  Gb  commands.o [1]
Write_Ruler_Info        0x00101134  0x230  Code  Gb  ruler.o [1]
Xmodem_Transmit         0x00109424  0x330  Code  Gb  Xmodem.o [1]
_GenldFullNoMb          0x00110ad8  0x3d0  Code  Lc  xprintffull_nomb.o [3]
_LdtobFullNoMb          0x00110414  0x6b8  Code  Lc  xprintffull_nomb.o [3]
_LitobFullNoMb          0x0011025c  0x1ac  Code  Lc  xprintffull_nomb.o [3]
_Locale_aeabi_lconv     0x00200610   0x38  Data  Gb  localeconv.o [3]
_Locale_lconv           0x002005c0   0x50  Data  Gb  localeconv.o [3]
_PrintfFullNoMb         0x0010f838  0xa24  Code  Gb  xprintffull_nomb.o [3]
_PutcharsFullNoMb       0x00110ea8   0x60  Code  Lc  xprintffull_nomb.o [3]
_SProut                 0x0011734c   0x14  Code  Gb  xsprout.o [3]
__ICFEDIT_region_RAM_end__ {Abs}
                        0x00207fff          --   Gb  command line/config [2]
__ICFEDIT_region_RAM_start__ {Abs}
                        0x00200000          --   Gb  command line/config [2]
__ICFEDIT_region_ROM_end__ {Abs}
                        0x0013ffff          --   Gb  command line/config [2]
__ICFEDIT_region_ROM_start__ {Abs}
                        0x00100000          --   Gb  command line/config [2]
__ICFEDIT_size_cstack__ {Abs}
                        0x00001000          --   Gb  command line/config [2]
__ICFEDIT_size_heap__ {Abs}
                        0x00000200          --   Gb  command line/config [2]
__ICFEDIT_size_irqstack__ {Abs}
                        0x00000200          --   Gb  command line/config [2]
__ICFEDIT_size_startup__ {Abs}
                        0x00000200          --   Gb  command line/config [2]
__ICFEDIT_size_vectors__ {Abs}
                        0x00000200          --   Gb  command line/config [2]
__aeabi_cdcmple         0x00111540         Code  Gb  DblCmpLe.o [4]
__aeabi_cdrcmple        0x00111578         Code  Gb  DblCmpGe.o [4]
__aeabi_d2f             0x0010b8dc         Code  Gb  DblToFlt.o [4]
__aeabi_d2iz            0x00111790         Code  Gb  DblToS32.o [4]
__aeabi_d2uiz           0x00111bd8         Code  Gb  DblToU32.o [4]
__aeabi_ddiv            0x0010b5a4         Code  Gb  DblDiv.o [4]
__aeabi_dmul            0x001119e0         Code  Gb  DblMul.o [4]
__aeabi_dsub            0x001117f0         Code  Gb  DblSub.o [4]
__aeabi_f2iz            0x0010b988         Code  Gb  FltToS32.o [4]
__aeabi_i2d             0x00110f4c         Code  Gb  S32ToDbl.o [4]
__aeabi_idiv            0x00109764         Code  Gb  I32DivMod.o [5]
__aeabi_idiv0           0x0010eb34         Code  Gb  IntDivZer.o [5]
__aeabi_idivmod         0x00109764         Code  Gb  I32DivMod.o [5]
__aeabi_ldiv0           0x00111e80         Code  Gb  I64DivZer.o [5]
__aeabi_memcpy          0x00108cd8         Code  Gb  ABImemcpy.o [5]
__aeabi_memcpy4         0x00108cfc         Code  Gb  ABImemcpy.o [5]
__aeabi_memcpy8         0x00108cfc         Code  Gb  ABImemcpy.o [5]
__aeabi_memset          0x0010d720         Code  Gb  ABImemset.o [5]
__aeabi_ui2d            0x0010b594         Code  Gb  U32ToDbl.o [4]
__aeabi_uidiv           0x00109794         Code  Gb  I32DivMod.o [5]
__aeabi_uidivmod        0x00109794         Code  Gb  I32DivMod.o [5]
__aeabi_uldivmod        0x001113f0         Code  Gb  I64DivMod.o [5]
__cmain                 0x00116470         Code  Gb  cmain.o [5]
__exit                  0x00114ff4         Code  Gb  XXexit.o [5]
__iar_Dnorm             0x001114c4   0x7c  Code  Gb  xdnorm.o [4]
__iar_Dscale            0x001115b0  0x1e0  Code  Gb  xdscale.o [4]
__iar_Locale_lconv_init
                        0x00111c14   0x64  Code  Gb  localeconv.o [3]
__iar_Memchr            0x0011135c         Code  Gb  memchr.o [5]
__iar_Memset            0x0010d720         Code  Gb  ABImemset.o [5]
__iar_Memset_word       0x0010d72c         Code  Gb  ABImemset.o [5]
__iar_Strchr            0x0011133c         Code  Gb  strchr.o [5]
__iar_dadd              0x00111e84         Code  Gb  DblAdd.o [4]
__iar_data_init3        0x00116145   0x30  Code  Gb  data_init.o [5]
__iar_dsub              0x00111800         Code  Gb  DblSub.o [4]
__iar_dsubStart         0x00111820         Code  Gb  DblSub.o [4]
__iar_i2d               0x00110f60         Code  Gb  S32ToDbl.o [4]
__iar_lz77_init3        0x00114e85  0x164  Code  Gb  lz77_init.o [5]
__iar_program_start     0x00100000         Code  Gb  cstartup.o [1]
__iar_zero_init3        0x00110f23   0x2a  Code  Gb  zero_init3.o [5]
__vector                0x00200000         Code  Gb  cstartup.o [1]
_call_main              0x00116484         Code  Gb  cmain.o [5]
_exit                   0x001164a0         Code  Gb  cexit.o [5]
_main                   0x0011648c         Code  Gb  cmain.o [5]
abort                   0x00114fec    0x8  Code  Gb  abort.o [3]
calc_crc                0x001093ac   0x74  Code  Lc  Xmodem.o [1]
div                     0x00111cc0   0x38  Code  Gb  div.o [3]
emb_append_attr_string  0x0010d53c   0x68  Code  Gb  emb.o [1]
emb_append_attr_uint    0x0010d4d4   0x68  Code  Gb  emb.o [1]
emb_append_end          0x0010d5a4   0x40  Code  Gb  emb.o [1]
emb_attach              0x0010cb38   0x14  Code  Gb  emb.o [1]
emb_encode_fixed        0x0010d41c   0x44  Code  Lc  emb.o [1]
emb_encode_header       0x0010d3a4   0x78  Code  Lc  emb.o [1]
emb_encode_string       0x0010d460   0x34  Code  Lc  emb.o [1]
emb_encode_uint         0x0010d354   0x50  Code  Lc  emb.o [1]
emb_get_attr_binary     0x0010d308   0x4c  Code  Gb  emb.o [1]
emb_get_attr_int        0x0010d284   0x44  Code  Gb  emb.o [1]
emb_get_attr_string     0x0010d2c8   0x40  Code  Gb  emb.o [1]
emb_get_binary          0x0010d20c   0x78  Code  Gb  emb.o [1]
emb_get_id              0x0010d0d8   0x38  Code  Gb  emb.o [1]
emb_get_int             0x0010d110   0x94  Code  Gb  emb.o [1]
emb_get_node            0x0010cf68   0xbc  Code  Lc  emb.o [1]
emb_get_node_replace    0x0010d024   0xb4  Code  Gb  emb.o [1]
emb_get_string          0x0010d1a4   0x68  Code  Gb  emb.o [1]
emb_init_builder        0x0010d494   0x40  Code  Gb  emb.o [1]
emb_parse_binary        0x0010cc4c   0x58  Code  Lc  emb.o [1]
emb_parse_id_type       0x0010cca4   0x98  Code  Lc  emb.o [1]
emb_parse_sint          0x0010cba4   0x70  Code  Lc  emb.o [1]
emb_parse_string        0x0010cc14   0x38  Code  Lc  emb.o [1]
emb_parse_uint          0x0010cb4c   0x58  Code  Lc  emb.o [1]
emb_skip_binary         0x0010cdf8   0x4c  Code  Lc  emb.o [1]
emb_skip_element        0x0010ce44   0x84  Code  Lc  emb.o [1]
emb_skip_fixed          0x0010cda8   0x20  Code  Lc  emb.o [1]
emb_skip_header         0x0010cd6c   0x3c  Code  Lc  emb.o [1]
emb_skip_int            0x0010cd3c   0x30  Code  Lc  emb.o [1]
emb_skip_node           0x0010cec8   0xa0  Code  Lc  emb.o [1]
emb_skip_string         0x0010cdc8   0x30  Code  Lc  emb.o [1]
exit                    0x0011649c    0x4  Code  Gb  exit.o [3]
flag_power_lose         0x00200670    0x1  Data  Lc  dsp.o [1]
flushinput              0x00109420    0x4  Code  Lc  Xmodem.o [1]
fm36_para_table_3       0x00200440   0xdc  Data  Lc  dsp.o [1]
fm36_patch_code_3       0x00200200  0x12c  Data  Lc  dsp.o [1]
fw_version              0x00117284   0x14  Data  Gb  bsp.o [1]
get_os_state            0x00103f4c   0x64  Code  Gb  bsp.o [1]
hw_model                0x00117650    0x8  Data  Gb  bsp.o [1]
hw_version              0x001174e0    0xc  Data  Gb  bsp.o [1]
localeconv              0x00111c78   0x2c  Code  Gb  localeconv.o [3]
main                    0x0010e374   0x74  Code  Gb  app.o [1]
memchr                  0x0011135c         Code  Gb  memchr.o [5]
memcpy                  0x0010cb20   0x18  Code  Gb  memcpy.o [3]
memset                  0x00108fe4   0x28  Code  Gb  memset.o [3]
mic_num_saved           0x00206184    0x4  Data  Lc  dsp.o [1]
min                     0x0010d6e4   0x1c  Code  Gb  math.o [1]
numGpios                0x00117750    0x4  Data  Lc  gpio.o [1]
numLeds                 0x00117754    0x4  Data  Lc  led.o [1]
os_stat_desp            0x00115df0   0x38  Data  Gb  bsp.o [1]
pMEM_Part_MsgUART       0x00206228    0x4  Data  Gb  task_uart_tx.o [1]
pPageBuffer             0x00205b9c  0x100  Data  Lc  flashd_efc.o [1]
pTCREG                  0x00200654    0xc  Data  Lc  timer.o [1]
pUARTREG                0x00117570    0xc  Data  Lc  uart.o [1]
pUART_Rece_Buf          0x00117588    0xc  Data  Gb  uart.o [1]
pUART_Rece_Buf_PDC      0x001175a0    0xc  Data  Gb  uart.o [1]
pUART_Send_Buf          0x0011757c    0xc  Data  Gb  uart.o [1]
pUART_Send_Buf_PDC      0x00117594    0xc  Data  Gb  uart.o [1]
pcSendDateToBuf         0x001076a4  0x1fc  Code  Gb  noah_cmd.o [1]
pinsBuzzer              0x00117528    0xc  Data  Lc  led.o [1]
pinsGpios               0x0020032c  0x114  Data  Lc  gpio.o [1]
pinsLeds                0x001158d4   0x48  Data  Lc  led.o [1]
pinsSwitches            0x0011716c   0x18  Data  Lc  gpio.o [1]
port_enable             0x00200672    0x1  Data  Lc  task_user_if.o [1]
power                   0x0010d700   0x20  Code  Gb  math.o [1]
ppcer_offset            0x0020066c    0x4  Data  Lc  timer.o [1]
sr_saved                0x00206180    0x4  Data  Lc  dsp.o [1]
strcat                  0x0010d5e4   0x30  Code  Gb  strcat.o [3]
strchr                  0x0011133c         Code  Gb  strchr.o [5]
strcpy                  0x00108f78         Code  Gb  strcpy.o [5]
strlen                  0x00110fac         Code  Gb  strlen.o [5]
test_counter1           0x00206214    0x4  Data  Gb  task_noah_ruler.o [1]
test_counter2           0x00206218    0x4  Data  Gb  task_noah_ruler.o [1]
test_counter3           0x0020621c    0x4  Data  Gb  task_noah_ruler.o [1]
test_counter4           0x00206220    0x4  Data  Gb  task_noah_ruler.o [1]
test_counter5           0x00206224    0x4  Data  Gb  task_noah_ruler.o [1]
twi_async               0x00206118   0x14  Data  Gb  twid.o [1]
twi_pins                0x00117564    0xc  Data  Lc  twid.o [1]
twid                    0x0020616c    0x8  Data  Gb  twid.o [1]
vsprintf                0x0010b28c   0x4c  Code  Gb  vsprintf.o [3]


[1] = E:\SVN Dir\PQ\iSAM Test Bench\Bridge_Host_OS\APP\FLASH\Obj
[2] = command line
[3] = dl4t_alf.a
[4] = m4t_al.a
[5] = rt4t_al.a

  86 318 bytes of readonly  code memory
     228 bytes of readwrite code memory
  10 344 bytes of readonly  data memory
  29 841 bytes of readwrite data memory

Errors: none
Warnings: none
