###############################################################################
#
# IAR ELF Linker V7.10.3.6832/W32 for ARM                 19/Dec/2014  15:45:05
# Copyright 2007-2014 IAR Systems AB.
#
#    Output file  =  
#        E:\SVN Dir\PQ\iSAM Test
#        Bench\Bridge_Host_OS\APP\FLASH\Exe\AT91SAM7X256-OS-Probe-v5-2.out
#    Map file     =  
#        E:\SVN Dir\PQ\iSAM Test
#        Bench\Bridge_Host_OS\APP\FLASH\List\AT91SAM7X256-OS-Probe-v5-2.map
#    Command line =  
#        "E:\SVN Dir\PQ\iSAM Test Bench\Bridge_Host_OS\APP\FLASH\Obj\app.o"
#        "E:\SVN Dir\PQ\iSAM Test
#        Bench\Bridge_Host_OS\APP\FLASH\Obj\app_hooks.o" "E:\SVN Dir\PQ\iSAM
#        Test Bench\Bridge_Host_OS\APP\FLASH\Obj\app_probe.o" "E:\SVN
#        Dir\PQ\iSAM Test Bench\Bridge_Host_OS\APP\FLASH\Obj\async.o" "E:\SVN
#        Dir\PQ\iSAM Test Bench\Bridge_Host_OS\APP\FLASH\Obj\bsp.o" "E:\SVN
#        Dir\PQ\iSAM Test Bench\Bridge_Host_OS\APP\FLASH\Obj\codec.o" "E:\SVN
#        Dir\PQ\iSAM Test Bench\Bridge_Host_OS\APP\FLASH\Obj\commands.o"
#        "E:\SVN Dir\PQ\iSAM Test Bench\Bridge_Host_OS\APP\FLASH\Obj\cpu_a.o"
#        "E:\SVN Dir\PQ\iSAM Test
#        Bench\Bridge_Host_OS\APP\FLASH\Obj\cpu_core.o" "E:\SVN Dir\PQ\iSAM
#        Test Bench\Bridge_Host_OS\APP\FLASH\Obj\cstartup.o" "E:\SVN
#        Dir\PQ\iSAM Test Bench\Bridge_Host_OS\APP\FLASH\Obj\dsp.o" "E:\SVN
#        Dir\PQ\iSAM Test Bench\Bridge_Host_OS\APP\FLASH\Obj\efc.o" "E:\SVN
#        Dir\PQ\iSAM Test Bench\Bridge_Host_OS\APP\FLASH\Obj\emb.o" "E:\SVN
#        Dir\PQ\iSAM Test Bench\Bridge_Host_OS\APP\FLASH\Obj\flashd_efc.o"
#        "E:\SVN Dir\PQ\iSAM Test Bench\Bridge_Host_OS\APP\FLASH\Obj\gpio.o"
#        "E:\SVN Dir\PQ\iSAM Test Bench\Bridge_Host_OS\APP\FLASH\Obj\led.o"
#        "E:\SVN Dir\PQ\iSAM Test
#        Bench\Bridge_Host_OS\APP\FLASH\Obj\lib_ascii.o" "E:\SVN Dir\PQ\iSAM
#        Test Bench\Bridge_Host_OS\APP\FLASH\Obj\lib_math.o" "E:\SVN
#        Dir\PQ\iSAM Test Bench\Bridge_Host_OS\APP\FLASH\Obj\lib_mem.o" "E:\SVN
#        Dir\PQ\iSAM Test Bench\Bridge_Host_OS\APP\FLASH\Obj\lib_mem_a.o"
#        "E:\SVN Dir\PQ\iSAM Test Bench\Bridge_Host_OS\APP\FLASH\Obj\lib_str.o"
#        "E:\SVN Dir\PQ\iSAM Test Bench\Bridge_Host_OS\APP\FLASH\Obj\math.o"
#        "E:\SVN Dir\PQ\iSAM Test
#        Bench\Bridge_Host_OS\APP\FLASH\Obj\mem_basic.o" "E:\SVN Dir\PQ\iSAM
#        Test Bench\Bridge_Host_OS\APP\FLASH\Obj\noah_cmd.o" "E:\SVN
#        Dir\PQ\iSAM Test Bench\Bridge_Host_OS\APP\FLASH\Obj\os_core.o" "E:\SVN
#        Dir\PQ\iSAM Test Bench\Bridge_Host_OS\APP\FLASH\Obj\os_cpu_a.o"
#        "E:\SVN Dir\PQ\iSAM Test
#        Bench\Bridge_Host_OS\APP\FLASH\Obj\os_cpu_c.o" "E:\SVN Dir\PQ\iSAM
#        Test Bench\Bridge_Host_OS\APP\FLASH\Obj\os_dbg.o" "E:\SVN Dir\PQ\iSAM
#        Test Bench\Bridge_Host_OS\APP\FLASH\Obj\os_dcc.o" "E:\SVN Dir\PQ\iSAM
#        Test Bench\Bridge_Host_OS\APP\FLASH\Obj\os_flag.o" "E:\SVN Dir\PQ\iSAM
#        Test Bench\Bridge_Host_OS\APP\FLASH\Obj\os_mbox.o" "E:\SVN Dir\PQ\iSAM
#        Test Bench\Bridge_Host_OS\APP\FLASH\Obj\os_mem.o" "E:\SVN Dir\PQ\iSAM
#        Test Bench\Bridge_Host_OS\APP\FLASH\Obj\os_mutex.o" "E:\SVN
#        Dir\PQ\iSAM Test Bench\Bridge_Host_OS\APP\FLASH\Obj\os_probe.o"
#        "E:\SVN Dir\PQ\iSAM Test Bench\Bridge_Host_OS\APP\FLASH\Obj\os_q.o"
#        "E:\SVN Dir\PQ\iSAM Test Bench\Bridge_Host_OS\APP\FLASH\Obj\os_sem.o"
#        "E:\SVN Dir\PQ\iSAM Test Bench\Bridge_Host_OS\APP\FLASH\Obj\os_task.o"
#        "E:\SVN Dir\PQ\iSAM Test Bench\Bridge_Host_OS\APP\FLASH\Obj\os_time.o"
#        "E:\SVN Dir\PQ\iSAM Test Bench\Bridge_Host_OS\APP\FLASH\Obj\os_tmr.o"
#        "E:\SVN Dir\PQ\iSAM Test Bench\Bridge_Host_OS\APP\FLASH\Obj\pio.o"
#        "E:\SVN Dir\PQ\iSAM Test Bench\Bridge_Host_OS\APP\FLASH\Obj\pio_it.o"
#        "E:\SVN Dir\PQ\iSAM Test
#        Bench\Bridge_Host_OS\APP\FLASH\Obj\probe_com.o" "E:\SVN Dir\PQ\iSAM
#        Test Bench\Bridge_Host_OS\APP\FLASH\Obj\probe_com_os.o" "E:\SVN
#        Dir\PQ\iSAM Test
#        Bench\Bridge_Host_OS\APP\FLASH\Obj\probe_demo_intro.o" "E:\SVN
#        Dir\PQ\iSAM Test Bench\Bridge_Host_OS\APP\FLASH\Obj\probe_rs232.o"
#        "E:\SVN Dir\PQ\iSAM Test
#        Bench\Bridge_Host_OS\APP\FLASH\Obj\probe_rs232_os.o" "E:\SVN
#        Dir\PQ\iSAM Test Bench\Bridge_Host_OS\APP\FLASH\Obj\probe_rs232c.o"
#        "E:\SVN Dir\PQ\iSAM Test Bench\Bridge_Host_OS\APP\FLASH\Obj\queue.o"
#        "E:\SVN Dir\PQ\iSAM Test Bench\Bridge_Host_OS\APP\FLASH\Obj\ruler.o"
#        "E:\SVN Dir\PQ\iSAM Test Bench\Bridge_Host_OS\APP\FLASH\Obj\spi.o"
#        "E:\SVN Dir\PQ\iSAM Test
#        Bench\Bridge_Host_OS\APP\FLASH\Obj\task_cmd_parse.o" "E:\SVN
#        Dir\PQ\iSAM Test Bench\Bridge_Host_OS\APP\FLASH\Obj\task_joy.o"
#        "E:\SVN Dir\PQ\iSAM Test
#        Bench\Bridge_Host_OS\APP\FLASH\Obj\task_noah.o" "E:\SVN Dir\PQ\iSAM
#        Test Bench\Bridge_Host_OS\APP\FLASH\Obj\task_noah_ruler.o" "E:\SVN
#        Dir\PQ\iSAM Test Bench\Bridge_Host_OS\APP\FLASH\Obj\task_shell.o"
#        "E:\SVN Dir\PQ\iSAM Test
#        Bench\Bridge_Host_OS\APP\FLASH\Obj\task_uart_rx.o" "E:\SVN Dir\PQ\iSAM
#        Test Bench\Bridge_Host_OS\APP\FLASH\Obj\task_uart_tx.o" "E:\SVN
#        Dir\PQ\iSAM Test
#        Bench\Bridge_Host_OS\APP\FLASH\Obj\task_uart_tx_ruler.o" "E:\SVN
#        Dir\PQ\iSAM Test Bench\Bridge_Host_OS\APP\FLASH\Obj\task_user_if.o"
#        "E:\SVN Dir\PQ\iSAM Test Bench\Bridge_Host_OS\APP\FLASH\Obj\timer.o"
#        "E:\SVN Dir\PQ\iSAM Test Bench\Bridge_Host_OS\APP\FLASH\Obj\twi.o"
#        "E:\SVN Dir\PQ\iSAM Test Bench\Bridge_Host_OS\APP\FLASH\Obj\twid.o"
#        "E:\SVN Dir\PQ\iSAM Test Bench\Bridge_Host_OS\APP\FLASH\Obj\uart.o"
#        "E:\SVN Dir\PQ\iSAM Test Bench\Bridge_Host_OS\APP\FLASH\Obj\Xmodem.o"
#        -o "E:\SVN Dir\PQ\iSAM Test
#        Bench\Bridge_Host_OS\APP\FLASH\Exe\AT91SAM7X256-OS-Probe-v5-2.out"
#        --map "E:\SVN Dir\PQ\iSAM Test
#        Bench\Bridge_Host_OS\APP\FLASH\List\AT91SAM7X256-OS-Probe-v5-2.map"
#        --config "E:\SVN Dir\PQ\iSAM Test
#        Bench\Bridge_Host_OS\APP\..\BSP\AT91SAM7A3_Flash.icf" --entry
#        __iar_program_start --inline --vfe
#
###############################################################################

*******************************************************************************
*** RUNTIME MODEL ATTRIBUTES
***

CppFlavor       = *
__SystemLibrary = DLib


*******************************************************************************
*** PLACEMENT SUMMARY
***

"P1":  place in [from 0x00100000 to 0x001001ff] { section .cstartup };
"P2":  place in [from 0x00100200 to 0x0013ffff] { ro };
"P3":  place in [from 0x00200000 to 0x002001ff] { section .vectors };
"P4":  place in [from 0x00200200 to 0x00207fff] {
          rw, block IRQ_STACK, block SVC_STACK, block CSTACK, block FIQ_STACK,
          block UND_STACK, block ABT_STACK, block HEAP };

  Section             Kind        Address     Size  Object
  -------             ----        -------     ----  ------
"P1":                                         0xa0
  .cstartup           ro code  0x00100000     0xa0  cstartup.o [1]
                             - 0x001000a0     0xa0

"P2":                                      0x17f59
  .text               ro code  0x00100200   0x2c5c  ruler.o [1]
  .text               ro code  0x00102e5c   0x144c  bsp.o [1]
  .text               ro code  0x001042a8    0x7a0  os_q.o [1]
  .text               ro code  0x00104a48     0xd4  os_time.o [1]
  .text               ro code  0x00104b1c    0x4b0  queue.o [1]
  .text               ro code  0x00104fcc    0x754  codec.o [1]
  .text               ro code  0x00105720    0xc88  uart.o [1]
  .text               ro code  0x001063a8    0x7fc  dsp.o [1]
  CODE                ro code  0x00106ba4    0x418  os_cpu_a.o [1]
  .text               ro code  0x00106fbc    0x570  os_sem.o [1]
  .text               ro code  0x0010752c    0x390  gpio.o [1]
  .text               ro code  0x001078bc   0x186c  noah_cmd.o [1]
  .text               ro code  0x00109128    0x1a0  flashd_efc.o [1]
  .text               ro code  0x001092c8     0xd4  ABImemcpy.o [5]
  .text               ro code  0x0010939c    0x1cc  led.o [1]
  .text               ro code  0x00109568     0x6c  strcpy.o [5]
  .text               ro code  0x001095d4     0x28  memset.o [3]
  .text               ro code  0x001095fc    0x3c4  task_user_if.o [1]
  .text               ro code  0x001099c0    0x3b8  Xmodem.o [1]
  .text               ro code  0x00109d78    0x1d4  I32DivMod.o [5]
  .text               ro code  0x00109f4c    0x6dc  twid.o [1]
  .text               ro code  0x0010a628    0x1ec  timer.o [1]
  .text               ro code  0x0010a814   0x108c  os_core.o [1]
  .text               ro code  0x0010b8a0     0x4c  vsprintf.o [3]
  .text               ro code  0x0010b8ec    0x2bc  pio.o [1]
  .text               ro code  0x0010bba8     0x10  U32ToDbl.o [4]
  .text               ro code  0x0010bbb8    0x338  DblDiv.o [4]
  .text               ro code  0x0010bef0     0xac  DblToFlt.o [4]
  .text               ro code  0x0010bf9c     0x58  FltToS32.o [4]
  .text               ro code  0x0010bff4    0xd84  mem_basic.o [1]
  .text               ro code  0x0010cd78    0x3bc  os_mem.o [1]
  .text               ro code  0x0010d134     0x18  memcpy.o [3]
  .text               ro code  0x0010d14c    0xaac  emb.o [1]
  .text               ro code  0x0010dbf8     0x30  strcat.o [3]
  .text               ro code  0x0010dc28     0xd0  efc.o [1]
  .text               ro code  0x0010dcf8     0x3c  math.o [1]
  .text               ro code  0x0010dd34     0x7c  ABImemset.o [5]
  .text               ro code  0x0010ddb0    0x360  os_mbox.o [1]
  .text               ro code  0x0010e110    0x878  os_task.o [1]
  .text               ro code  0x0010e988    0x7c0  app.o [1]
  .text               ro code  0x0010f148      0x4  IntDivZer.o [5]
  .text               ro code  0x0010f14c    0x1e0  twi.o [1]
  .text               ro code  0x0010f32c    0x318  os_cpu_c.o [1]
  .text               ro code  0x0010f644    0x100  os_flag.o [1]
  .text               ro code  0x0010f744    0x458  os_tmr.o [1]
  .text               ro code  0x0010fb9c    0x2b0  os_dbg.o [1]
  .text               ro code  0x0010fe4c   0x16ea  xprintffull_nomb.o [3]
  .text               ro code  0x00111536     0x2a  zero_init3.o [5]
  .text               ro code  0x00111560     0x60  S32ToDbl.o [4]
  .text               ro code  0x001115c0     0x54  strlen.o [5]
  .text               ro code  0x00111614     0x50  cpu_core.o [1]
  .text               ro code  0x00111664     0x44  lib_math.o [1]
  .text               ro code  0x001116a8    0x2a8  os_dcc.o [1]
  .text               ro code  0x00111950     0x20  strchr.o [5]
  .text               ro code  0x00111970     0x94  memchr.o [5]
  .text               ro code  0x00111a04     0xd4  I64DivMod.o [5]
  .text               ro code  0x00111ad8     0x7c  xdnorm.o [4]
  .text               ro code  0x00111b54     0x38  DblCmpLe.o [4]
  .text               ro code  0x00111b8c     0x38  DblCmpGe.o [4]
  .text               ro code  0x00111bc4    0x1e0  xdscale.o [4]
  .text               ro code  0x00111da4     0x60  DblToS32.o [4]
  .text               ro code  0x00111e04    0x1f0  DblSub.o [4]
  .text               ro code  0x00111ff4    0x1f8  DblMul.o [4]
  .text               ro code  0x001121ec     0x3c  DblToU32.o [4]
  .text               ro code  0x00112228     0xac  localeconv.o [3]
  .text               ro code  0x001122d4     0x38  div.o [3]
  CODE                ro code  0x0011230c     0x88  cpu_a.o [1]
  .text               ro code  0x00112394    0x100  lib_mem.o [1]
  .text               ro code  0x00112494      0x4  I64DivZer.o [5]
  .text               ro code  0x00112498    0x130  DblAdd.o [4]
  .text               ro code  0x001125c8   0x1218  commands.o [1]
  .text               ro code  0x001137e0    0x770  lib_str.o [1]
  .text               ro code  0x00113f50    0x228  lib_ascii.o [1]
  .text               ro code  0x00114178    0x3d0  task_noah_ruler.o [1]
  .text               ro code  0x00114548    0x3a4  task_noah.o [1]
  .text               ro code  0x001148ec    0x39c  task_shell.o [1]
  .text               ro code  0x00114c88    0x2dc  task_uart_tx_ruler.o [1]
  .text               ro code  0x00114f64    0x2a4  task_uart_tx.o [1]
  .text               ro code  0x00115208    0x240  task_joy.o [1]
  .text               ro code  0x00115448    0x1cc  lz77_init.o [5]
  Veneer              ro code  0x00115614      0x4  - Linker created -
  .text               ro code  0x00115618      0x8  abort.o [3]
  .text               ro code  0x00115620     0x14  XXexit.o [5]
  .text               ro code  0x00115634    0x124  task_uart_rx.o [1]
  .rodata             const    0x00115758    0x100  os_core.o [1]
  .text               ro code  0x00115858     0xd0  task_cmd_parse.o [1]
  .rodata             const    0x00115928     0x94  lib_str.o [1]
  .rodata             const    0x001159bc     0x88  bsp.o [1]
  .rodata             const    0x00115a44     0x88  bsp.o [1]
  .rodata             const    0x00115acc     0x88  bsp.o [1]
  .rodata             const    0x00115b54     0x88  bsp.o [1]
  .rodata             const    0x00115bdc     0x88  bsp.o [1]
  .rodata             const    0x00115c64     0x70  commands.o [1]
  .rodata             const    0x00115cd4     0x5c  commands.o [1]
  .rodata             const    0x00115d30     0x5c  commands.o [1]
  .rodata             const    0x00115d8c     0x4c  bsp.o [1]
  .rodata             const    0x00115dd8     0x4c  bsp.o [1]
  .rodata             const    0x00115e24     0x4c  ruler.o [1]
  .rodata             const    0x00115e70     0x48  bsp.o [1]
  .rodata             const    0x00115eb8     0x48  bsp.o [1]
  .rodata             const    0x00115f00     0x48  led.o [1]
  .rodata             const    0x00115f48     0x48  ruler.o [1]
  .rodata             const    0x00115f90     0x44  bsp.o [1]
  .rodata             const    0x00115fd4     0x44  commands.o [1]
  .rodata             const    0x00116018     0x40  bsp.o [1]
  .rodata             const    0x00116058     0x40  bsp.o [1]
  .rodata             const    0x00116098     0x40  bsp.o [1]
  .rodata             const    0x001160d8     0x40  bsp.o [1]
  .rodata             const    0x00116118     0x40  commands.o [1]
  .rodata             const    0x00116158     0x40  commands.o [1]
  .rodata             const    0x00116198     0x40  ruler.o [1]
  .rodata             const    0x001161d8     0x3c  commands.o [1]
  .rodata             const    0x00116214     0x3c  commands.o [1]
  .rodata             const    0x00116250     0x3c  commands.o [1]
  .rodata             const    0x0011628c     0x3c  task_user_if.o [1]
  .rodata             const    0x001162c8     0x38  bsp.o [1]
  .rodata             const    0x00116300     0x38  bsp.o [1]
  .rodata             const    0x00116338     0x38  bsp.o [1]
  .rodata             const    0x00116370     0x38  bsp.o [1]
  .rodata             const    0x001163a8     0x38  bsp.o [1]
  .rodata             const    0x001163e0     0x38  bsp.o [1]
  .rodata             const    0x00116418     0x38  commands.o [1]
  .rodata             const    0x00116450     0x38  commands.o [1]
  .rodata             const    0x00116488     0x38  ruler.o [1]
  .rodata             const    0x001164c0     0x38  ruler.o [1]
  .rodata             const    0x001164f8     0x34  bsp.o [1]
  .rodata             const    0x0011652c     0x34  bsp.o [1]
  .rodata             const    0x00116560     0x34  bsp.o [1]
  .rodata             const    0x00116594     0x34  bsp.o [1]
  .rodata             const    0x001165c8     0x34  bsp.o [1]
  .rodata             const    0x001165fc     0x34  bsp.o [1]
  .rodata             const    0x00116630     0x34  bsp.o [1]
  .rodata             const    0x00116664     0x34  commands.o [1]
  .rodata             const    0x00116698     0x34  ruler.o [1]
  .rodata             const    0x001166cc     0x34  task_shell.o [1]
  .text               ro code  0x00116700     0x32  data_init.o [5]
  .rodata             const    0x00116732      0x2  os_dbg.o [1]
  .rodata             const    0x00116734     0x30  commands.o [1]
  .rodata             const    0x00116764     0x30  commands.o [1]
  .rodata             const    0x00116794     0x30  commands.o [1]
  .rodata             const    0x001167c4     0x30  ruler.o [1]
  .rodata             const    0x001167f4     0x30  ruler.o [1]
  .rodata             const    0x00116824     0x30  ruler.o [1]
  .rodata             const    0x00116854     0x30  ruler.o [1]
  .rodata             const    0x00116884     0x30  ruler.o [1]
  .rodata             const    0x001168b4     0x30  task_user_if.o [1]
  .rodata             const    0x001168e4     0x30  task_user_if.o [1]
  .rodata             const    0x00116914     0x2c  codec.o [1]
  .rodata             const    0x00116940     0x2c  commands.o [1]
  .rodata             const    0x0011696c     0x2c  ruler.o [1]
  .rodata             const    0x00116998     0x2c  ruler.o [1]
  .rodata             const    0x001169c4     0x2c  ruler.o [1]
  .rodata             const    0x001169f0     0x2c  ruler.o [1]
  .rodata             const    0x00116a1c     0x2c  task_joy.o [1]
  .rodata             const    0x00116a48     0x2c  task_user_if.o [1]
  Veneer              ro code  0x00116a74      0xc  - Linker created -
  .text               ro code  0x00116a80     0x2c  cmain.o [5]
  .text               ro code  0x00116aac      0x4  exit.o [3]
  .text               ro code  0x00116ab0     0x10  cexit.o [5]
  .rodata             const    0x00116ac0     0x28  codec.o [1]
  .rodata             const    0x00116ae8     0x28  commands.o [1]
  .rodata             const    0x00116b10     0x28  noah_cmd.o [1]
  .rodata             const    0x00116b38     0x28  ruler.o [1]
  .rodata             const    0x00116b60     0x28  ruler.o [1]
  .rodata             const    0x00116b88     0x28  ruler.o [1]
  .rodata             const    0x00116bb0     0x28  ruler.o [1]
  .rodata             const    0x00116bd8     0x28  ruler.o [1]
  .rodata             const    0x00116c00     0x28  ruler.o [1]
  .rodata             const    0x00116c28     0x28  ruler.o [1]
  .rodata             const    0x00116c50     0x28  task_shell.o [1]
  .rodata             const    0x00116c78     0x28  task_shell.o [1]
  .rodata             const    0x00116ca0     0x28  task_shell.o [1]
  .rodata             const    0x00116cc8     0x28  task_uart_tx_ruler.o [1]
  .rodata             const    0x00116cf0     0x24  app.o [1]
  .rodata             const    0x00116d14     0x24  app.o [1]
  .rodata             const    0x00116d38     0x24  bsp.o [1]
  .rodata             const    0x00116d5c     0x24  commands.o [1]
  .rodata             const    0x00116d80     0x24  commands.o [1]
  .rodata             const    0x00116da4     0x24  ruler.o [1]
  .rodata             const    0x00116dc8     0x24  ruler.o [1]
  .rodata             const    0x00116dec     0x24  ruler.o [1]
  .rodata             const    0x00116e10     0x24  ruler.o [1]
  .rodata             const    0x00116e34     0x24  ruler.o [1]
  .rodata             const    0x00116e58     0x24  ruler.o [1]
  .rodata             const    0x00116e7c     0x24  ruler.o [1]
  .rodata             const    0x00116ea0     0x24  ruler.o [1]
  .rodata             const    0x00116ec4     0x24  ruler.o [1]
  .rodata             const    0x00116ee8     0x24  ruler.o [1]
  .rodata             const    0x00116f0c     0x24  ruler.o [1]
  .rodata             const    0x00116f30     0x24  task_joy.o [1]
  .rodata             const    0x00116f54     0x24  uart.o [1]
  .iar.init_table     const    0x00116f78     0x48  - Linker created -
  .rodata             const    0x00116fc0     0x20  app.o [1]
  .rodata             const    0x00116fe0     0x20  bsp.o [1]
  .rodata             const    0x00117000     0x20  codec.o [1]
  .rodata             const    0x00117020     0x20  commands.o [1]
  .rodata             const    0x00117040     0x20  commands.o [1]
  .rodata             const    0x00117060     0x20  commands.o [1]
  .rodata             const    0x00117080     0x20  commands.o [1]
  .rodata             const    0x001170a0     0x20  commands.o [1]
  .rodata             const    0x001170c0     0x20  dsp.o [1]
  .rodata             const    0x001170e0     0x20  ruler.o [1]
  .rodata             const    0x00117100     0x20  ruler.o [1]
  .rodata             const    0x00117120     0x20  ruler.o [1]
  .rodata             const    0x00117140     0x20  ruler.o [1]
  .rodata             const    0x00117160     0x20  ruler.o [1]
  .rodata             const    0x00117180     0x20  ruler.o [1]
  .rodata             const    0x001171a0     0x20  ruler.o [1]
  .rodata             const    0x001171c0     0x20  ruler.o [1]
  .rodata             const    0x001171e0     0x20  ruler.o [1]
  .rodata             const    0x00117200     0x20  ruler.o [1]
  .rodata             const    0x00117220     0x20  ruler.o [1]
  .rodata             const    0x00117240     0x20  ruler.o [1]
  .rodata             const    0x00117260     0x20  ruler.o [1]
  .rodata             const    0x00117280     0x20  ruler.o [1]
  .rodata             const    0x001172a0     0x20  ruler.o [1]
  .rodata             const    0x001172c0     0x20  ruler.o [1]
  .rodata             const    0x001172e0     0x20  ruler.o [1]
  .rodata             const    0x00117300     0x20  ruler.o [1]
  .rodata             const    0x00117320     0x20  ruler.o [1]
  .rodata             const    0x00117340     0x20  task_shell.o [1]
  .rodata             const    0x00117360     0x1c  app.o [1]
  .rodata             const    0x0011737c     0x1c  app.o [1]
  .rodata             const    0x00117398     0x1c  app.o [1]
  .rodata             const    0x001173b4     0x1c  commands.o [1]
  .rodata             const    0x001173d0     0x1c  commands.o [1]
  .rodata             const    0x001173ec     0x1c  commands.o [1]
  .rodata             const    0x00117408     0x1c  commands.o [1]
  .rodata             const    0x00117424     0x1c  commands.o [1]
  .rodata             const    0x00117440     0x1c  commands.o [1]
  .rodata             const    0x0011745c     0x1c  noah_cmd.o [1]
  .rodata             const    0x00117478     0x1c  ruler.o [1]
  .rodata             const    0x00117494     0x1c  ruler.o [1]
  .rodata             const    0x001174b0     0x1c  ruler.o [1]
  .rodata             const    0x001174cc     0x1c  ruler.o [1]
  .rodata             const    0x001174e8     0x1c  ruler.o [1]
  .rodata             const    0x00117504     0x1c  ruler.o [1]
  .rodata             const    0x00117520     0x1c  ruler.o [1]
  .rodata             const    0x0011753c     0x1c  ruler.o [1]
  .rodata             const    0x00117558     0x1c  ruler.o [1]
  .rodata             const    0x00117574     0x1c  ruler.o [1]
  .rodata             const    0x00117590     0x1c  ruler.o [1]
  .rodata             const    0x001175ac     0x1c  ruler.o [1]
  .rodata             const    0x001175c8     0x1c  ruler.o [1]
  .rodata             const    0x001175e4     0x1c  ruler.o [1]
  .rodata             const    0x00117600     0x1c  ruler.o [1]
  .rodata             const    0x0011761c     0x1c  ruler.o [1]
  .rodata             const    0x00117638     0x1c  ruler.o [1]
  .rodata             const    0x00117654     0x1c  task_noah_ruler.o [1]
  .rodata             const    0x00117670     0x1c  task_shell.o [1]
  .rodata             const    0x0011768c     0x18  app.o [1]
  .rodata             const    0x001176a4     0x18  app.o [1]
  .rodata             const    0x001176bc     0x18  app.o [1]
  .rodata             const    0x001176d4     0x18  bsp.o [1]
  .rodata             const    0x001176ec     0x18  commands.o [1]
  .rodata             const    0x00117704     0x18  commands.o [1]
  .rodata             const    0x0011771c     0x18  commands.o [1]
  .rodata             const    0x00117734     0x18  commands.o [1]
  .rodata             const    0x0011774c     0x18  commands.o [1]
  .rodata             const    0x00117764     0x18  commands.o [1]
  .rodata             const    0x0011777c     0x18  commands.o [1]
  .rodata             const    0x00117794     0x18  gpio.o [1]
  .rodata             const    0x001177ac     0x18  ruler.o [1]
  .rodata             const    0x001177c4     0x18  ruler.o [1]
  .rodata             const    0x001177dc     0x18  ruler.o [1]
  .rodata             const    0x001177f4     0x18  ruler.o [1]
  .rodata             const    0x0011780c     0x18  ruler.o [1]
  .rodata             const    0x00117824     0x18  task_user_if.o [1]
  .rodata             const    0x0011783c     0x18  task_user_if.o [1]
  .rodata             const    0x00117854     0x14  app.o [1]
  .rodata             const    0x00117868     0x14  app.o [1]
  .rodata             const    0x0011787c     0x14  app.o [1]
  .rodata             const    0x00117890     0x14  app.o [1]
  .rodata             const    0x001178a4     0x14  app.o [1]
  .rodata             const    0x001178b8     0x14  app.o [1]
  .rodata             const    0x001178cc     0x14  app.o [1]
  .rodata             const    0x001178e0     0x14  app.o [1]
  .rodata             const    0x001178f4     0x14  codec.o [1]
  .rodata             const    0x00117908     0x14  commands.o [1]
  .rodata             const    0x0011791c     0x14  commands.o [1]
  .rodata             const    0x00117930     0x14  commands.o [1]
  .rodata             const    0x00117944     0x14  os_tmr.o [1]
  .rodata             const    0x00117958     0x14  os_tmr.o [1]
  .rodata             const    0x0011796c     0x14  ruler.o [1]
  .text               ro code  0x00117980     0x14  xsprout.o [3]
  .rodata             const    0x00117994     0x10  app.o [1]
  .rodata             const    0x001179a4     0x10  bsp.o [1]
  .rodata             const    0x001179b4     0x10  commands.o [1]
  .rodata             const    0x001179c4     0x10  dsp.o [1]
  .rodata             const    0x001179d4     0x10  dsp.o [1]
  .rodata             const    0x001179e4     0x10  dsp.o [1]
  .rodata             const    0x001179f4     0x10  dsp.o [1]
  .rodata             const    0x00117a04     0x10  os_core.o [1]
  .rodata             const    0x00117a14     0x10  os_core.o [1]
  .rodata             const    0x00117a24     0x10  os_tmr.o [1]
  .rodata             const    0x00117a34     0x10  ruler.o [1]
  .rodata             const    0x00117a44     0x10  ruler.o [1]
  .rodata             const    0x00117a54     0x10  ruler.o [1]
  .rodata             const    0x00117a64     0x10  ruler.o [1]
  .rodata             const    0x00117a74     0x10  ruler.o [1]
  .rodata             const    0x00117a84     0x10  ruler.o [1]
  .rodata             const    0x00117a94     0x10  ruler.o [1]
  .rodata             const    0x00117aa4     0x10  ruler.o [1]
  .rodata             const    0x00117ab4     0x10  twid.o [1]
  .rodata             const    0x00117ac4     0x10  twid.o [1]
  .rodata             const    0x00117ad4      0xc  app.o [1]
  .rodata             const    0x00117ae0      0xc  app.o [1]
  .rodata             const    0x00117aec      0xc  app.o [1]
  .rodata             const    0x00117af8      0xc  app.o [1]
  .rodata             const    0x00117b04      0xc  bsp.o [1]
  .rodata             const    0x00117b10      0xc  bsp.o [1]
  .rodata             const    0x00117b1c      0xc  bsp.o [1]
  .rodata             const    0x00117b28      0xc  bsp.o [1]
  .rodata             const    0x00117b34      0xc  bsp.o [1]
  .rodata             const    0x00117b40      0xc  commands.o [1]
  .rodata             const    0x00117b4c      0xc  commands.o [1]
  .rodata             const    0x00117b58      0xc  commands.o [1]
  .rodata             const    0x00117b64      0xc  commands.o [1]
  .rodata             const    0x00117b70      0xc  commands.o [1]
  .rodata             const    0x00117b7c      0xc  led.o [1]
  .rodata             const    0x00117b88      0xc  ruler.o [1]
  .rodata             const    0x00117b94      0xc  ruler.o [1]
  .rodata             const    0x00117ba0      0xc  ruler.o [1]
  .rodata             const    0x00117bac      0xc  ruler.o [1]
  .rodata             const    0x00117bb8      0xc  ruler.o [1]
  .rodata             const    0x00117bc4      0xc  timer.o [1]
  .rodata             const    0x00117bd0      0xc  twid.o [1]
  .rodata             const    0x00117bdc      0xc  uart.o [1]
  .rodata             const    0x00117be8      0xc  uart.o [1]
  .rodata             const    0x00117bf4      0xc  uart.o [1]
  .rodata             const    0x00117c00      0xc  uart.o [1]
  .rodata             const    0x00117c0c      0xc  uart.o [1]
  .rodata             const    0x00117c18      0xc  uart.o [1]
  .rodata             const    0x00117c24      0xc  uart.o [1]
  .rodata             const    0x00117c30      0xc  Xmodem.o [1]
  .rodata             const    0x00117c3c      0x8  app.o [1]
  .rodata             const    0x00117c44      0x8  app.o [1]
  .rodata             const    0x00117c4c      0x8  app.o [1]
  .rodata             const    0x00117c54      0x8  app.o [1]
  .rodata             const    0x00117c5c      0x8  app.o [1]
  .rodata             const    0x00117c64      0x8  bsp.o [1]
  .rodata             const    0x00117c6c      0x8  bsp.o [1]
  .rodata             const    0x00117c74      0x8  bsp.o [1]
  .rodata             const    0x00117c7c      0x8  bsp.o [1]
  .rodata             const    0x00117c84      0x8  bsp.o [1]
  .rodata             const    0x00117c8c      0x8  bsp.o [1]
  .rodata             const    0x00117c94      0x8  bsp.o [1]
  .rodata             const    0x00117c9c      0x8  bsp.o [1]
  .rodata             const    0x00117ca4      0x8  bsp.o [1]
  .rodata             const    0x00117cac      0x8  bsp.o [1]
  .rodata             const    0x00117cb4      0x8  bsp.o [1]
  .rodata             const    0x00117cbc      0x8  bsp.o [1]
  .rodata             const    0x00117cc4      0x8  commands.o [1]
  .rodata             const    0x00117ccc      0x8  commands.o [1]
  .rodata             const    0x00117cd4      0x8  commands.o [1]
  .rodata             const    0x00117cdc      0x8  commands.o [1]
  .rodata             const    0x00117ce4      0x8  commands.o [1]
  .rodata             const    0x00117cec      0x8  commands.o [1]
  .rodata             const    0x00117cf4      0x8  commands.o [1]
  .rodata             const    0x00117cfc      0x8  commands.o [1]
  .rodata             const    0x00117d04      0x8  commands.o [1]
  .rodata             const    0x00117d0c      0x8  commands.o [1]
  .rodata             const    0x00117d14      0x8  commands.o [1]
  .rodata             const    0x00117d1c      0x8  commands.o [1]
  .rodata             const    0x00117d24      0x8  commands.o [1]
  .rodata             const    0x00117d2c      0x8  mem_basic.o [1]
  .rodata             const    0x00117d34      0x8  mem_basic.o [1]
  .rodata             const    0x00117d3c      0x8  mem_basic.o [1]
  .rodata             const    0x00117d44      0x8  mem_basic.o [1]
  .rodata             const    0x00117d4c      0x8  mem_basic.o [1]
  .rodata             const    0x00117d54      0x8  mem_basic.o [1]
  .rodata             const    0x00117d5c      0x8  mem_basic.o [1]
  .rodata             const    0x00117d64      0x8  mem_basic.o [1]
  .rodata             const    0x00117d6c      0x8  mem_basic.o [1]
  .rodata             const    0x00117d74      0x8  mem_basic.o [1]
  .rodata             const    0x00117d7c      0x8  ruler.o [1]
  .rodata             const    0x00117d84      0x8  ruler.o [1]
  .rodata             const    0x00117d8c      0x8  ruler.o [1]
  .rodata             const    0x00117d94      0x8  ruler.o [1]
  .rodata             const    0x00117d9c      0x8  ruler.o [1]
  .rodata             const    0x00117da4      0x8  Xmodem.o [1]
  .rodata             const    0x00117dac      0x8  Xmodem.o [1]
  .rodata             const    0x00117db4      0x4  gpio.o [1]
  .rodata             const    0x00117db8      0x4  led.o [1]
  .rodata             const    0x00117dbc      0x4  mem_basic.o [1]
  .rodata             const    0x00117dc0      0x4  mem_basic.o [1]
  .rodata             const    0x00117dc4      0x4  os_dbg.o [1]
  .rodata             const    0x00117dc8      0x4  ruler.o [1]
  .rodata             const    0x00117dcc      0x4  ruler.o [1]
  .rodata             const    0x00117dd0      0x4  ruler.o [1]
  .rodata             const    0x00117dd4      0x4  uart.o [1]
  .rodata             const    0x00117dd8      0x2  os_dbg.o [1]
  .rodata             const    0x00117dda      0x2  os_dbg.o [1]
  .rodata             const    0x00117ddc      0x2  os_dbg.o [1]
  .rodata             const    0x00117dde      0x2  os_dbg.o [1]
  .rodata             const    0x00117de0      0x2  os_dbg.o [1]
  .rodata             const    0x00117de2      0x2  os_dbg.o [1]
  .rodata             const    0x00117de4      0x2  os_dbg.o [1]
  .rodata             const    0x00117de6      0x2  os_dbg.o [1]
  .rodata             const    0x00117de8      0x2  os_dbg.o [1]
  .rodata             const    0x00117dea      0x2  os_dbg.o [1]
  .rodata             const    0x00117dec      0x2  os_dbg.o [1]
  .rodata             const    0x00117dee      0x2  os_dbg.o [1]
  .rodata             const    0x00117df0      0x2  os_dbg.o [1]
  .rodata             const    0x00117df2      0x2  os_dbg.o [1]
  .rodata             const    0x00117df4      0x2  os_dbg.o [1]
  .rodata             const    0x00117df6      0x2  os_dbg.o [1]
  .rodata             const    0x00117df8      0x2  os_dbg.o [1]
  .rodata             const    0x00117dfa      0x2  os_dbg.o [1]
  .rodata             const    0x00117dfc      0x2  os_dbg.o [1]
  .rodata             const    0x00117dfe      0x2  os_dbg.o [1]
  .rodata             const    0x00117e00      0x2  os_dbg.o [1]
  .rodata             const    0x00117e02      0x2  os_dbg.o [1]
  .rodata             const    0x00117e04      0x2  os_dbg.o [1]
  .rodata             const    0x00117e06      0x2  os_dbg.o [1]
  .rodata             const    0x00117e08      0x2  os_dbg.o [1]
  .rodata             const    0x00117e0a      0x2  os_dbg.o [1]
  .rodata             const    0x00117e0c      0x2  os_dbg.o [1]
  .rodata             const    0x00117e0e      0x2  os_dbg.o [1]
  .rodata             const    0x00117e10      0x2  os_dbg.o [1]
  .rodata             const    0x00117e12      0x2  os_dbg.o [1]
  .rodata             const    0x00117e14      0x2  os_dbg.o [1]
  .rodata             const    0x00117e16      0x2  os_dbg.o [1]
  .rodata             const    0x00117e18      0x2  os_dbg.o [1]
  .rodata             const    0x00117e1a      0x2  os_dbg.o [1]
  .rodata             const    0x00117e1c      0x2  os_dbg.o [1]
  .rodata             const    0x00117e1e      0x2  os_dbg.o [1]
  .rodata             const    0x00117e20      0x2  os_dbg.o [1]
  .rodata             const    0x00117e22      0x2  os_dbg.o [1]
  .rodata             const    0x00117e24      0x2  os_dbg.o [1]
  .rodata             const    0x00117e26      0x2  os_dbg.o [1]
  .rodata             const    0x00117e28      0x2  os_dbg.o [1]
  .rodata             const    0x00117e2a      0x2  os_dbg.o [1]
  .rodata             const    0x00117e2c      0x2  os_dbg.o [1]
  .rodata             const    0x00117e2e      0x2  os_dbg.o [1]
  .rodata             const    0x00117e30      0x2  os_dbg.o [1]
  .rodata             const    0x00117e32      0x2  os_dbg.o [1]
  .rodata             const    0x00117e34      0x2  os_dbg.o [1]
  .rodata             const    0x00117e36      0x2  os_dbg.o [1]
  .rodata             const    0x00117e38      0x2  os_dbg.o [1]
  .rodata             const    0x00117e3a      0x2  os_dbg.o [1]
  .rodata             const    0x00117e3c      0x2  os_dbg.o [1]
  .rodata             const    0x00117e3e      0x2  os_dbg.o [1]
  .rodata             const    0x00117e40      0x2  os_dbg.o [1]
  .rodata             const    0x00117e42      0x2  ruler.o [1]
  .rodata             const    0x00117e44      0x2  ruler.o [1]
  .rodata             const    0x00117e46      0x2  ruler.o [1]
  .rodata             const    0x00117e48      0x1  ruler.o [1]
  .rodata             const    0x00117e49      0x1  ruler.o [1]
  .rodata             const    0x00117e4a      0x1  ruler.o [1]
  .rodata             const    0x00117e4b      0x1  ruler.o [1]
  .rodata             const    0x00117e4c      0x0  zero_init3.o [5]
  .rodata             const    0x00117e4c      0x0  lz77_init.o [5]
  Initializer bytes   ro data  0x00117e4c    0x2e7  <for P4 s0>
  Initializer bytes   ro data  0x00118133     0x26  <for P3 s1>
                             - 0x00118159  0x17f59

"P3":                                         0x40
  P3 s1                        0x00200000     0x40  <Init block>
    .vectors          inited   0x00200000     0x40  cstartup.o [1]
                             - 0x00200040     0x40

"P4", part 1 of 3:                           0x474
  P4 s0                        0x00200200    0x473  <Init block>
    .data             inited   0x00200200    0x12c  dsp.o [1]
    .data             inited   0x0020032c    0x114  gpio.o [1]
    .data             inited   0x00200440     0xdc  dsp.o [1]
    .textrw           inited   0x0020051c     0xa4  efc.o [1]
    __DLIB_PERTHREAD  inited   0x002005c0     0x88  localeconv.o [3]
    .data             inited   0x00200648      0xc  bsp.o [1]
    .data             inited   0x00200654      0xc  timer.o [1]
    .data             inited   0x00200660      0x8  codec.o [1]
    .data             inited   0x00200668      0x4  ruler.o [1]
    .data             inited   0x0020066c      0x4  timer.o [1]
    .data             inited   0x00200670      0x1  dsp.o [1]
    .data             inited   0x00200671      0x1  mem_basic.o [1]
    .data             inited   0x00200672      0x1  task_user_if.o [1]
                             - 0x00200673    0x473

"P4", part 2 of 3:                          0x5c04
  .bss                zero     0x00200674    0xc10  task_cmd_parse.o [1]
  .bss                zero     0x00201284    0xc10  task_cmd_parse.o [1]
  .bss                zero     0x00201e94    0xa28  task_uart_tx.o [1]
  .bss                zero     0x002028bc    0x5d8  os_core.o [1]
  .bss                zero     0x00202e94    0x400  app.o [1]
  .bss                zero     0x00203294    0x400  app.o [1]
  .bss                zero     0x00203694    0x280  os_core.o [1]
  .bss                zero     0x00203914    0x258  os_core.o [1]
  .bss                zero     0x00203b6c    0x200  app.o [1]
  .bss                zero     0x00203d6c    0x200  app.o [1]
  .bss                zero     0x00203f6c    0x200  app.o [1]
  .bss                zero     0x0020416c    0x200  app.o [1]
  .bss                zero     0x0020436c    0x200  app.o [1]
  .bss                zero     0x0020456c    0x200  app.o [1]
  .bss                zero     0x0020476c    0x200  app.o [1]
  .bss                zero     0x0020496c    0x200  os_core.o [1]
  .bss                zero     0x00204b6c    0x200  os_core.o [1]
  .bss                zero     0x00204d6c    0x200  os_core.o [1]
  .bss                zero     0x00204f6c    0x200  os_cpu_c.o [1]
  .bss                zero     0x0020516c    0x200  uart.o [1]
  .bss                zero     0x0020536c    0x200  uart.o [1]
  .bss                zero     0x0020556c    0x200  uart.o [1]
  .bss                zero     0x0020576c    0x200  uart.o [1]
  .bss                zero     0x0020596c    0x130  commands.o [1]
  .bss                zero     0x00205a9c    0x100  app.o [1]
  .bss                zero     0x00205b9c    0x100  flashd_efc.o [1]
  .bss                zero     0x00205c9c    0x100  os_core.o [1]
  .bss                zero     0x00205d9c     0x78  os_core.o [1]
  .bss                zero     0x00205e14     0x54  bsp.o [1]
  .bss                zero     0x00205e68     0x50  os_core.o [1]
  .bss                zero     0x00205eb8     0x40  os_core.o [1]
  .bss                zero     0x00205ef8     0x40  uart.o [1]
  .bss                zero     0x00205f38     0x40  uart.o [1]
  .bss                zero     0x00205f78     0x28  task_cmd_parse.o [1]
  .bss                zero     0x00205fa0     0x28  task_uart_tx.o [1]
  .bss                zero     0x00205fc8     0x28  task_uart_tx.o [1]
  .bss                zero     0x00205ff0     0x28  task_uart_tx_ruler.o [1]
  .bss                zero     0x00206018     0x28  task_uart_tx_ruler.o [1]
  .bss                zero     0x00206040     0x20  uart.o [1]
  .bss                zero     0x00206060     0x20  uart.o [1]
  .bss                zero     0x00206080     0x20  uart.o [1]
  .bss                zero     0x002060a0     0x20  uart.o [1]
  .bss                zero     0x002060c0     0x20  uart.o [1]
  .bss                zero     0x002060e0     0x20  uart.o [1]
  .bss                zero     0x00206100     0x18  os_core.o [1]
  .bss                zero     0x00206118     0x14  twid.o [1]
  .bss                zero     0x0020612c     0x10  cpu_core.o [1]
  .bss                zero     0x0020613c     0x10  ruler.o [1]
  .bss                zero     0x0020614c      0xc  ruler.o [1]
  .bss                zero     0x00206158      0xc  uart.o [1]
  .bss                zero     0x00206164      0x8  os_core.o [1]
  .bss                zero     0x0020616c      0x8  twid.o [1]
  .bss                zero     0x00206174      0x4  bsp.o [1]
  .bss                zero     0x00206178      0x4  bsp.o [1]
  .bss                zero     0x0020617c      0x4  codec.o [1]
  .bss                zero     0x00206180      0x4  dsp.o [1]
  .bss                zero     0x00206184      0x4  dsp.o [1]
  .bss                zero     0x00206188      0x4  lib_math.o [1]
  .bss                zero     0x0020618c      0x4  noah_cmd.o [1]
  .bss                zero     0x00206190      0x4  os_core.o [1]
  .bss                zero     0x00206194      0x4  os_core.o [1]
  .bss                zero     0x00206198      0x4  os_core.o [1]
  .bss                zero     0x0020619c      0x4  os_core.o [1]
  .bss                zero     0x002061a0      0x4  os_core.o [1]
  .bss                zero     0x002061a4      0x4  os_core.o [1]
  .bss                zero     0x002061a8      0x4  os_core.o [1]
  .bss                zero     0x002061ac      0x4  os_core.o [1]
  .bss                zero     0x002061b0      0x4  os_core.o [1]
  .bss                zero     0x002061b4      0x4  os_core.o [1]
  .bss                zero     0x002061b8      0x4  os_core.o [1]
  .bss                zero     0x002061bc      0x4  os_core.o [1]
  .bss                zero     0x002061c0      0x4  os_core.o [1]
  .bss                zero     0x002061c4      0x4  os_core.o [1]
  .bss                zero     0x002061c8      0x4  os_core.o [1]
  .bss                zero     0x002061cc      0x4  os_core.o [1]
  .bss                zero     0x002061d0      0x4  os_core.o [1]
  .bss                zero     0x002061d4      0x4  os_cpu_c.o [1]
  .bss                zero     0x002061d8      0x4  os_cpu_c.o [1]
  .bss                zero     0x002061dc      0x4  os_dcc.o [1]
  .bss                zero     0x002061e0      0x4  os_dcc.o [1]
  .bss                zero     0x002061e4      0x4  os_dcc.o [1]
  .bss                zero     0x002061e8      0x4  os_dcc.o [1]
  .bss                zero     0x002061ec      0x4  ruler.o [1]
  .bss                zero     0x002061f0      0x4  ruler.o [1]
  .bss                zero     0x002061f4      0x4  ruler.o [1]
  .bss                zero     0x002061f8      0x4  ruler.o [1]
  .bss                zero     0x002061fc      0x4  ruler.o [1]
  .bss                zero     0x00206200      0x4  task_cmd_parse.o [1]
  .bss                zero     0x00206204      0x4  task_noah.o [1]
  .bss                zero     0x00206208      0x4  task_noah_ruler.o [1]
  .bss                zero     0x0020620c      0x4  task_noah_ruler.o [1]
  .bss                zero     0x00206210      0x4  task_noah_ruler.o [1]
  .bss                zero     0x00206214      0x4  task_noah_ruler.o [1]
  .bss                zero     0x00206218      0x4  task_noah_ruler.o [1]
  .bss                zero     0x0020621c      0x4  task_noah_ruler.o [1]
  .bss                zero     0x00206220      0x4  task_noah_ruler.o [1]
  .bss                zero     0x00206224      0x4  task_noah_ruler.o [1]
  .bss                zero     0x00206228      0x4  task_uart_tx.o [1]
  .bss                zero     0x0020622c      0x4  task_uart_tx.o [1]
  .bss                zero     0x00206230      0x4  task_uart_tx.o [1]
  .bss                zero     0x00206234      0x4  task_uart_tx.o [1]
  .bss                zero     0x00206238      0x4  task_uart_tx_ruler.o [1]
  .bss                zero     0x0020623c      0x4  task_uart_tx_ruler.o [1]
  .bss                zero     0x00206240      0x4  task_uart_tx_ruler.o [1]
  .bss                zero     0x00206244      0x4  task_uart_tx_ruler.o [1]
  .bss                zero     0x00206248      0x4  task_user_if.o [1]
  .bss                zero     0x0020624c      0x4  twid.o [1]
  .bss                zero     0x00206250      0x4  twid.o [1]
  .bss                zero     0x00206254      0x4  uart.o [1]
  .bss                zero     0x00206258      0x4  uart.o [1]
  .bss                zero     0x0020625c      0x2  os_core.o [1]
  .bss                zero     0x0020625e      0x2  os_core.o [1]
  .bss                zero     0x00206260      0x2  os_cpu_c.o [1]
  .bss                zero     0x00206262      0x1  bsp.o [1]
  .bss                zero     0x00206263      0x1  bsp.o [1]
  .bss                zero     0x00206264      0x1  led.o [1]
  .bss                zero     0x00206265      0x1  os_core.o [1]
  .bss                zero     0x00206266      0x1  os_core.o [1]
  .bss                zero     0x00206267      0x1  os_core.o [1]
  .bss                zero     0x00206268      0x1  os_core.o [1]
  .bss                zero     0x00206269      0x1  os_core.o [1]
  .bss                zero     0x0020626a      0x1  os_core.o [1]
  .bss                zero     0x0020626b      0x1  os_core.o [1]
  .bss                zero     0x0020626c      0x1  os_core.o [1]
  .bss                zero     0x0020626d      0x1  os_core.o [1]
  .bss                zero     0x0020626e      0x1  os_core.o [1]
  .bss                zero     0x0020626f      0x1  ruler.o [1]
  .bss                zero     0x00206270      0x1  ruler.o [1]
  .bss                zero     0x00206271      0x1  ruler.o [1]
  .bss                zero     0x00206272      0x1  ruler.o [1]
  .bss                zero     0x00206273      0x1  task_noah.o [1]
  .bss                zero     0x00206274      0x1  task_uart_rx.o [1]
  .bss                zero     0x00206275      0x1  task_uart_tx.o [1]
                             - 0x00206276   0x5c02

"P4", part 3 of 3:                          0x14c0
  IRQ_STACK                    0x00206278    0x200  <Block>
    IRQ_STACK         uninit   0x00206278    0x200  <Block tail>
  SVC_STACK                    0x00206478    0x200  <Block>
    SVC_STACK         uninit   0x00206478    0x200  <Block tail>
  CSTACK                       0x00206678   0x1000  <Block>
    CSTACK            uninit   0x00206678   0x1000  <Block tail>
  FIQ_STACK                    0x00207678     0x40  <Block>
    FIQ_STACK         uninit   0x00207678     0x40  <Block tail>
  UND_STACK                    0x002076b8     0x40  <Block>
    UND_STACK         uninit   0x002076b8     0x40  <Block tail>
  ABT_STACK                    0x002076f8     0x40  <Block>
    ABT_STACK         uninit   0x002076f8     0x40  <Block tail>
                             - 0x00207738   0x14c0


*******************************************************************************
*** INIT TABLE
***

          Address     Size
          -------     ----
Zero (__iar_zero_init3)
    1 destination range, total size 0x5c02:
          0x00200674  0x5c02

Copy/lz77 (__iar_lz77_init3)
    1 source range, total size 0x2e7 (65% of destination):
          0x00117e4c   0x2e7
    1 destination range, total size 0x473:
          0x00200200   0x473

Copy/lz77 (__iar_lz77_init3)
    1 source range, total size 0x26 (59% of destination):
          0x00118133    0x26
    1 destination range, total size 0x40:
          0x00200000    0x40



*******************************************************************************
*** MODULE SUMMARY
***

    Module                ro code  rw code  ro data  rw data
    ------                -------  -------  -------  -------
E:\SVN Dir\PQ\iSAM Test Bench\Bridge_Host_OS\APP\FLASH\Obj: [1]
    Xmodem.o                  952                28
    app.o                   1 984               524    5 888
    bsp.o                   5 196             2 272      106
    codec.o                 1 876               141       12
    commands.o              4 632             1 872      304
    cpu_a.o                   136
    cpu_core.o                 80                         16
    cstartup.o                160       64       38
    dsp.o                   2 044               435      529
    efc.o                     208      164      107
    emb.o                   2 732
    flashd_efc.o              416                        256
    gpio.o                    912               208      276
    led.o                     460                88        1
    lib_ascii.o               552
    lib_math.o                 68                          4
    lib_mem.o                 256
    lib_str.o               1 904               148
    math.o                     60
    mem_basic.o             3 460                89        1
    noah_cmd.o              6 252                68        4
    os_core.o               4 236               288    4 906
    os_cpu_a.o              1 048
    os_cpu_c.o                792                        522
    os_dbg.o                  688               112
    os_dcc.o                  680                         16
    os_flag.o                 256
    os_mbox.o                 864
    os_mem.o                  956
    os_q.o                  1 952
    os_sem.o                1 392
    os_task.o               2 168
    os_time.o                 212
    os_tmr.o                1 112                56
    pio.o                     700
    queue.o                 1 200
    ruler.o                11 356             2 945       56
    task_cmd_parse.o          208                      6 220
    task_joy.o                576                80
    task_noah.o               932                          5
    task_noah_ruler.o         976                28       32
    task_shell.o              924               232
    task_uart_rx.o            292                          1
    task_uart_tx.o            676                      2 697
    task_uart_tx_ruler.o      732                40       96
    task_user_if.o            964               249        5
    timer.o                   492                23       16
    twi.o                     480
    twid.o                  1 756                44       36
    uart.o                  3 208               124    2 388
    --------------------------------------------------------
    Total:                 76 168      228   10 239   24 393

command line: [2]
    --------------------------------------------------------
    Total:

dl4t_alf.a: [3]
    abort.o                     8
    div.o                      56
    exit.o                      4
    localeconv.o              172                88      136
    memcpy.o                   24
    memset.o                   40
    strcat.o                   48
    vsprintf.o                 76
    xprintffull_nomb.o      5 866
    xsprout.o                  20
    --------------------------------------------------------
    Total:                  6 314                88      136

m4t_al.a: [4]
    DblAdd.o                  304
    DblCmpGe.o                 56
    DblCmpLe.o                 56
    DblDiv.o                  824
    DblMul.o                  504
    DblSub.o                  496
    DblToFlt.o                172
    DblToS32.o                 96
    DblToU32.o                 60
    FltToS32.o                 88
    S32ToDbl.o                 96
    U32ToDbl.o                 16
    xdnorm.o                  124
    xdscale.o                 480
    --------------------------------------------------------
    Total:                  3 372

rt4t_al.a: [5]
    ABImemcpy.o               212
    ABImemset.o               124
    I32DivMod.o               468
    I64DivMod.o               212
    I64DivZer.o                 4
    IntDivZer.o                 4
    XXexit.o                   20
    cexit.o                    16
    cmain.o                    44
    data_init.o                50
    lz77_init.o               460
    memchr.o                  148
    strchr.o                   32
    strcpy.o                  108
    strlen.o                   84
    zero_init3.o               42
    --------------------------------------------------------
    Total:                  2 028

    Linker created             16                72    5 312
------------------------------------------------------------
    Grand Total:           87 898      228   10 399   29 841


*******************************************************************************
*** ENTRY LIST
***

Entry                      Address   Size  Type      Object
-----                      -------   ----  ----      ------
?main                   0x00116a80         Code  Gb  cmain.o [5]
ABT_STACK$$Base         0x002076f8          --   Gb  - Linker created -
ABT_STACK$$Limit        0x00207738          --   Gb  - Linker created -
AB_POST                 0x00102b68  0x168  Code  Gb  ruler.o [1]
AB_Status_Change_Report
                        0x00108f5c  0x198  Code  Gb  noah_cmd.o [1]
ACK_Sem_PCUART          0x00206204    0x4  Data  Gb  task_noah.o [1]
ACK_Sem_RulerUART       0x0020620c    0x4  Data  Gb  task_noah_ruler.o [1]
ASCII_IsAlphaNum        0x00113f50   0xc8  Code  Gb  lib_ascii.o [1]
ASCII_IsDig             0x00114050   0x38  Code  Gb  lib_ascii.o [1]
ASCII_IsDigHex          0x00114088   0x78  Code  Gb  lib_ascii.o [1]
ASCII_IsLower           0x00114018   0x38  Code  Gb  lib_ascii.o [1]
ASCII_IsSpace           0x00114100   0x78  Code  Gb  lib_ascii.o [1]
AT91_TC_Init            0x0010a628  0x1ac  Code  Gb  timer.o [1]
App_BufferCreate        0x0010ea64   0x54  Code  Gb  app.o [1]
App_EventCreate         0x0010eab8  0x234  Code  Lc  app.o [1]
App_TaskCMDParse        0x00115858   0xd0  Code  Gb  task_cmd_parse.o [1]
App_TaskCMDParseStk     0x00203294  0x400  Data  Lc  app.o [1]
App_TaskCreate          0x0010ecec  0x2c8  Code  Lc  app.o [1]
App_TaskGenieShell      0x001148ec  0x39c  Code  Gb  task_shell.o [1]
App_TaskGenieShellStk   0x00202e94  0x400  Data  Lc  app.o [1]
App_TaskJoy             0x00115208  0x240  Code  Gb  task_joy.o [1]
App_TaskJoyStk          0x00205a9c  0x100  Data  Lc  app.o [1]
App_TaskNoah            0x00114548  0x3a4  Code  Gb  task_noah.o [1]
App_TaskNoahRulerStk    0x0020476c  0x200  Data  Lc  app.o [1]
App_TaskNoahStk         0x0020456c  0x200  Data  Lc  app.o [1]
App_TaskNoah_Ruler      0x00114178  0x3d0  Code  Gb  task_noah_ruler.o [1]
App_TaskStart           0x0010e9fc   0x68  Code  Lc  app.o [1]
App_TaskStartStk        0x00203b6c  0x200  Data  Lc  app.o [1]
App_TaskUART_Rx         0x00115634  0x124  Code  Gb  task_uart_rx.o [1]
App_TaskUART_RxStk      0x00203f6c  0x200  Data  Lc  app.o [1]
App_TaskUART_Tx         0x00114f64  0x2a4  Code  Gb  task_uart_tx.o [1]
App_TaskUART_TxRulerStk
                        0x0020436c  0x200  Data  Lc  app.o [1]
App_TaskUART_TxStk      0x0020416c  0x200  Data  Lc  app.o [1]
App_TaskUART_Tx_Ruler   0x00114c88  0x2dc  Code  Gb  task_uart_tx_ruler.o [1]
App_TaskUserIF          0x001095fc  0x354  Code  Gb  task_user_if.o [1]
App_TaskUserIF_Stk      0x00203d6c  0x200  Data  Lc  app.o [1]
App_UserIF_Mbox         0x00206248    0x4  Data  Gb  task_user_if.o [1]
Audio_Version           0x0020614c    0xc  Data  Gb  ruler.o [1]
BSP_CPU_ClkFreq         0x00102ee0   0xa4  Code  Gb  bsp.o [1]
BSP_CPU_Init            0x00102f84   0x48  Code  Gb  bsp.o [1]
BSP_DummyISR_Handler    0x00103298   0x3c  Code  Lc  bsp.o [1]
BSP_Init                0x00102e5c   0x84  Code  Gb  bsp.o [1]
BSP_IntClr              0x00103090   0x28  Code  Gb  bsp.o [1]
BSP_IntDisAll           0x001030b8   0x14  Code  Gb  bsp.o [1]
BSP_IntEn               0x001030cc   0x28  Code  Gb  bsp.o [1]
BSP_IntInit             0x001030f4   0xbc  Code  Lc  bsp.o [1]
BSP_IntVectSet          0x001031d4   0xc4  Code  Gb  bsp.o [1]
BSP_MainOscEn           0x001032d4   0x68  Code  Gb  bsp.o [1]
BSP_MclkCfg             0x001033e8   0xc4  Code  Gb  bsp.o [1]
BSP_MclkGetFreq         0x0010333c   0xac  Code  Gb  bsp.o [1]
BSP_PLL_Cfg             0x00103524   0xe8  Code  Gb  bsp.o [1]
BSP_PLL_GetFreq         0x001034ac   0x78  Code  Gb  bsp.o [1]
BSP_ResetInit           0x001031b0   0x24  Code  Lc  bsp.o [1]
BSP_Ser_Init            0x001037c8  0x180  Code  Gb  bsp.o [1]
BSP_Ser_Printf          0x00103ad4   0x38  Code  Gb  bsp.o [1]
BSP_Ser_RdByte          0x00103a1c   0xb4  Code  Gb  bsp.o [1]
BSP_Ser_WrByte          0x00103948   0xa0  Code  Gb  bsp.o [1]
BSP_Ser_WrStr           0x001039f0   0x2c  Code  Gb  bsp.o [1]
BSP_Sys_ISR_Handler     0x00103764   0x64  Code  Gb  bsp.o [1]
BSP_Tmr_TickISR_Handler
                        0x00103744   0x20  Code  Gb  bsp.o [1]
BSP_Tmr_TickInit        0x001036e8   0x5c  Code  Lc  bsp.o [1]
BUZZER_MUTE             0x00206264    0x1  Data  Gb  led.o [1]
Beep                    0x00103b0c   0x68  Code  Gb  bsp.o [1]
Bsp_Ser_Rx_Sem_lock     0x00206178    0x4  Data  Gb  bsp.o [1]
Bsp_Ser_Tx_Sem_lock     0x00206174    0x4  Data  Gb  bsp.o [1]
Buzzer_OnOff            0x001094d4   0x44  Code  Gb  led.o [1]
Buzzer_Toggle           0x00109518   0x40  Code  Gb  led.o [1]
CM_LegacyRead           0x0010c6f4  0x1e4  Code  Gb  mem_basic.o [1]
CM_SingleWrite          0x0010c1fc   0x98  Code  Gb  mem_basic.o [1]
CODEC_LOUT_Small_Gain_En
                        0x0010554c   0xbc  Code  Gb  codec.o [1]
CODEC_Set_Volume        0x00105620  0x100  Code  Gb  codec.o [1]
CPU_FIQ_Dis             0x00112374         Code  Gb  cpu_a.o [1]
CPU_FIQ_En              0x00112384         Code  Gb  cpu_a.o [1]
CPU_IRQ_Dis             0x00112354         Code  Gb  cpu_a.o [1]
CPU_IRQ_En              0x00112364         Code  Gb  cpu_a.o [1]
CPU_Init                0x00111614   0x10  Code  Gb  cpu_core.o [1]
CPU_IntDis              0x00112334         Code  Gb  cpu_a.o [1]
CPU_IntEn               0x00112344         Code  Gb  cpu_a.o [1]
CPU_Name                0x0020612c   0x10  Data  Gb  cpu_core.o [1]
CPU_NameClr             0x00111624   0x2c  Code  Gb  cpu_core.o [1]
CPU_NameInit            0x00111654   0x10  Code  Lc  cpu_core.o [1]
CPU_SR_Restore          0x0011232c         Code  Gb  cpu_a.o [1]
CPU_SR_Save             0x0011230c         Code  Gb  cpu_a.o [1]
CSTACK$$Base            0x00206678          --   Gb  - Linker created -
CSTACK$$Limit           0x00207678          --   Gb  - Linker created -
CheckSum                0x00107c18   0x6c  Code  Gb  noah_cmd.o [1]
Check_Actived_Mic_Number
                        0x00100278   0x70  Code  Lc  ruler.o [1]
Check_SR_Support        0x00105110   0x40  Code  Gb  codec.o [1]
Check_UART_Mixer_Ready  0x00100520   0xa4  Code  Gb  ruler.o [1]
Check_Watch_Attach_State
                        0x00100454   0xcc  Code  Gb  ruler.o [1]
Check_Watch_Mic_Mask_State
                        0x001003a4   0xb0  Code  Gb  ruler.o [1]
Codec_DAC_Attenuation   0x00105058   0xb8  Code  Gb  codec.o [1]
Codec_SetFCLK           0x00105150  0x12c  Code  Gb  codec.o [1]
Codec_SetMode           0x0010527c  0x190  Code  Gb  codec.o [1]
Codec_Write             0x00104fcc   0x54  Code  Gb  codec.o [1]
CommandParse            0x001135cc  0x1a4  Code  Gb  commands.o [1]
Config_Lin              0x00106550   0xf0  Code  Lc  dsp.o [1]
Config_SP0_Out          0x00106640   0xa8  Code  Lc  dsp.o [1]
DBGU_Configure          0x001062bc   0xc4  Code  Gb  uart.o [1]
DBGU_Rx_Sem_lock        0x00206258    0x4  Data  Gb  uart.o [1]
DBGU_Tx_Sem_lock        0x00206254    0x4  Data  Gb  uart.o [1]
DMIC_PGA_Control        0x001063c4  0x128  Code  Gb  dsp.o [1]
DMIC_Ploarity_Control   0x001064ec   0x64  Code  Gb  dsp.o [1]
DM_LegacyRead           0x0010c294  0x1dc  Code  Gb  mem_basic.o [1]
DM_SingleWrite          0x0010c0ac   0x94  Code  Gb  mem_basic.o [1]
DM_Write                0x0010bff4   0x34  Code  Gb  mem_basic.o [1]
DSP_LegacyRead          0x0010cba8  0x1b8  Code  Gb  mem_basic.o [1]
DSP_PM_Type             0x00200671    0x1  Data  Gb  mem_basic.o [1]
DSP_SingleWrite_1       0x0010caac   0x74  Code  Gb  mem_basic.o [1]
DSP_SingleWrite_2       0x0010cb24   0x84  Code  Gb  mem_basic.o [1]
Debug_COM_Sel           0x00206262    0x1  Data  Gb  bsp.o [1]
Done_Sem_RulerUART      0x00206210    0x4  Data  Gb  task_noah_ruler.o [1]
EFC_ComputeAddress      0x0010dcb8   0x40  Code  Gb  efc.o [1]
EFC_DisableIt           0x0010dc28   0x10  Code  Gb  efc.o [1]
EFC_PerformCommand      0x0020051c   0xa4  Code  Gb  efc.o [1]
EFC_SetEraseBeforeProgramming
                        0x0010dc38   0x30  Code  Gb  efc.o [1]
EFC_TranslateAddress    0x0010dc68   0x50  Code  Gb  efc.o [1]
EMB_Data_Build          0x00108268  0x194  Code  Lc  noah_cmd.o [1]
EMB_Data_Check          0x00107e80  0x1cc  Code  Gb  noah_cmd.o [1]
EMB_Data_Parse          0x00108404  0xb54  Code  Gb  noah_cmd.o [1]
EVENT_MsgQ_Noah2CMDParse
                        0x00206200    0x4  Data  Gb  task_cmd_parse.o [1]
EVENT_MsgQ_Noah2PCUART  0x00206230    0x4  Data  Gb  task_uart_tx.o [1]
EVENT_MsgQ_Noah2RulerUART
                        0x0020623c    0x4  Data  Gb  task_uart_tx_ruler.o [1]
EVENT_MsgQ_PCUART2Noah  0x0020622c    0x4  Data  Gb  task_uart_tx.o [1]
EVENT_MsgQ_RulerUART2Noah
                        0x00206238    0x4  Data  Gb  task_uart_tx_ruler.o [1]
Emb_Buf_Cmd             0x00200674  0xc10  Data  Gb  task_cmd_parse.o [1]
Emb_Buf_Data            0x00201284  0xc10  Data  Gb  task_cmd_parse.o [1]
Enable_FPGA             0x00107800   0x14  Code  Gb  gpio.o [1]
FIQ_STACK$$Base         0x00207678          --   Gb  - Linker created -
FIQ_STACK$$Limit        0x002076b8          --   Gb  - Linker created -
FLASHD_Initialize       0x00109128   0x30  Code  Gb  flashd_efc.o [1]
FLASHD_Write            0x00109158  0x16c  Code  Gb  flashd_efc.o [1]
FLASHD_Write_Safe       0x00102018   0x50  Code  Gb  ruler.o [1]
Flag_Reset_Pin_Trigger  0x00206263    0x1  Data  Gb  bsp.o [1]
GPIODIR_FLOAT           0x00107550   0x78  Code  Gb  gpio.o [1]
GPIOPIN_Set             0x001075c8   0x54  Code  Gb  gpio.o [1]
GPIO_Init               0x0010752c   0x24  Code  Gb  gpio.o [1]
Get_Audio_Version       0x00100c90   0x8c  Code  Gb  ruler.o [1]
Get_Port_Detect         0x0010774c   0x5c  Code  Gb  gpio.o [1]
Get_Ruler_Type          0x00101000  0x17c  Code  Gb  ruler.o [1]
Get_Ruler_Version       0x00101e88  0x18c  Code  Gb  ruler.o [1]
Get_Run_Time            0x00103d18   0xa8  Code  Gb  bsp.o [1]
Get_Switches            0x001076f0   0x5c  Code  Gb  gpio.o [1]
Get_Task_Info           0x00103bd8  0x140  Code  Gb  bsp.o [1]
Get_Ver_Info            0x00113538   0x30  Code  Gb  commands.o [1]
Global_Bridge_POST      0x00206270    0x1  Data  Gb  ruler.o [1]
Global_Conn_Ready       0x00206273    0x1  Data  Gb  task_noah.o [1]
Global_Idle_Ready       0x00206274    0x1  Data  Gb  task_uart_rx.o [1]
Global_Mic_Mask         0x0020613c   0x10  Data  Gb  ruler.o [1]
Global_Mic_State        0x002061f4    0x4  Data  Gb  ruler.o [1]
Global_Ruler_Index      0x0020626f    0x1  Data  Gb  ruler.o [1]
Global_Ruler_State      0x002061ec    0x4  Data  Gb  ruler.o [1]
Global_Ruler_Type       0x002061f0    0x4  Data  Gb  ruler.o [1]
HOST_LegacyRead         0x0010c9e8   0xc4  Code  Gb  mem_basic.o [1]
HOST_SingleWrite_1      0x0010c8f0   0x74  Code  Gb  mem_basic.o [1]
HOST_SingleWrite_2      0x0010c964   0x84  Code  Gb  mem_basic.o [1]
Head_Info               0x00103e70  0x2f0  Code  Gb  bsp.o [1]
HelpFunc                0x00112994   0xcc  Code  Gb  commands.o [1]
HostNameFunc            0x00112a60   0x6c  Code  Gb  commands.o [1]
I2CWrite_Codec          0x00105020   0x38  Code  Gb  codec.o [1]
IRQ_STACK$$Base         0x00206278          --   Gb  - Linker created -
IRQ_STACK$$Limit        0x00206478          --   Gb  - Linker created -
ISR_PC_UART             0x00105ba4  0x1a4  Code  Gb  uart.o [1]
ISR_Ruler_UART          0x00105d48  0x1a4  Code  Gb  uart.o [1]
InStream_Read           0x00115449   0x22  Code  Lc  lz77_init.o [5]
InitCommands            0x001125c8  0x2b8  Code  Gb  commands.o [1]
InitI2CFunc             0x00112b7c   0x7c  Code  Gb  commands.o [1]
Init_CMD_Read           0x001078e0   0x28  Code  Gb  noah_cmd.o [1]
Init_CODEC              0x0010540c  0x140  Code  Gb  codec.o [1]
Init_EMB_BUF            0x001078bc   0x24  Code  Gb  noah_cmd.o [1]
Init_FM36_AB03          0x001066e8  0x494  Code  Gb  dsp.o [1]
Init_FPGA               0x00107814   0x80  Code  Gb  gpio.o [1]
Init_Global_Var         0x00100200   0x78  Code  Gb  ruler.o [1]
Init_Ruler              0x00100d1c  0x14c  Code  Gb  ruler.o [1]
LED_Clear               0x00109404   0x68  Code  Gb  led.o [1]
LED_Set                 0x0010939c   0x68  Code  Gb  led.o [1]
LED_Toggle              0x0010946c   0x68  Code  Gb  led.o [1]
LowLevelInitPLL         0x00102fcc   0xc4  Code  Gb  bsp.o [1]
LsFunc                  0x00112884   0x74  Code  Gb  commands.o [1]
Math_Init               0x00111664   0x14  Code  Gb  lib_math.o [1]
Math_RandSeedCur        0x00206188    0x4  Data  Gb  lib_math.o [1]
Math_RandSetSeed        0x00111678   0x2c  Code  Gb  lib_math.o [1]
MemPartition_MsgUART    0x00201e94  0xa28  Data  Gb  task_uart_tx.o [1]
Mem_Clr                 0x00112394   0x24  Code  Gb  lib_mem.o [1]
Mem_Set                 0x001123b8   0xdc  Code  Gb  lib_mem.o [1]
MsgQ_Noah2CMDParse      0x00205f78   0x28  Data  Gb  task_cmd_parse.o [1]
MsgQ_Noah2PCUART        0x00205fc8   0x28  Data  Gb  task_uart_tx.o [1]
MsgQ_Noah2RulerUART     0x00206018   0x28  Data  Gb  task_uart_tx_ruler.o [1]
MsgQ_PCUART2Noah        0x00205fa0   0x28  Data  Gb  task_uart_tx.o [1]
MsgQ_RulerUART2Noah     0x00205ff0   0x28  Data  Gb  task_uart_tx_ruler.o [1]
Noah_CMD_Parse_Ruler    0x0010804c  0x184  Code  Gb  noah_cmd.o [1]
Noah_CMD_Read           0x00107908  0x310  Code  Gb  noah_cmd.o [1]
OSCPUUsage              0x00206265    0x1  Data  Gb  os_core.o [1]
OSCtxSw                 0x00106bf0         Code  Gb  os_cpu_a.o [1]
OSCtxSwCtr              0x00206190    0x4  Data  Gb  os_core.o [1]
OSDCC_Addr              0x002061e0    0x4  Data  Lc  os_dcc.o [1]
OSDCC_Cmd               0x002061dc    0x4  Data  Lc  os_dcc.o [1]
OSDCC_Data              0x002061e8    0x4  Data  Lc  os_dcc.o [1]
OSDCC_Handler           0x001116c0  0x27c  Code  Gb  os_dcc.o [1]
OSDCC_ItemCnt           0x002061e4    0x4  Data  Lc  os_dcc.o [1]
OSDCC_Read              0x001116b0    0x8  Code  Lc  os_dcc.o [1]
OSDCC_ReadCtrl          0x001116a8    0x8  Code  Lc  os_dcc.o [1]
OSDCC_Write             0x001116b8    0x8  Code  Lc  os_dcc.o [1]
OSDataSize              0x00117e40    0x2  Data  Gb  os_dbg.o [1]
OSDebugEn               0x00116732    0x2  Data  Gb  os_dbg.o [1]
OSDebugInit             0x0010fb9c  0x2b0  Code  Gb  os_dbg.o [1]
OSEndiannessTest        0x00117dc4    0x4  Data  Gb  os_dbg.o [1]
OSEventEn               0x00117dd8    0x2  Data  Gb  os_dbg.o [1]
OSEventFreeList         0x00206194    0x4  Data  Gb  os_core.o [1]
OSEventMax              0x00117dda    0x2  Data  Gb  os_dbg.o [1]
OSEventMultiEn          0x00117de2    0x2  Data  Gb  os_dbg.o [1]
OSEventNameEn           0x00117ddc    0x2  Data  Gb  os_dbg.o [1]
OSEventNameSet          0x0010a814   0xac  Code  Gb  os_core.o [1]
OSEventSize             0x00117dde    0x2  Data  Gb  os_dbg.o [1]
OSEventTbl              0x00203914  0x258  Data  Gb  os_core.o [1]
OSEventTblSize          0x00117de0    0x2  Data  Gb  os_dbg.o [1]
OSFlagEn                0x00117de4    0x2  Data  Gb  os_dbg.o [1]
OSFlagFreeList          0x00206198    0x4  Data  Gb  os_core.o [1]
OSFlagGrpSize           0x00117de6    0x2  Data  Gb  os_dbg.o [1]
OSFlagMax               0x00117dec    0x2  Data  Gb  os_dbg.o [1]
OSFlagNameEn            0x00117dee    0x2  Data  Gb  os_dbg.o [1]
OSFlagNodeSize          0x00117de8    0x2  Data  Gb  os_dbg.o [1]
OSFlagTbl               0x00205e68   0x50  Data  Gb  os_core.o [1]
OSFlagWidth             0x00117dea    0x2  Data  Gb  os_dbg.o [1]
OSIdleCtr               0x002061a4    0x4  Data  Gb  os_core.o [1]
OSIdleCtrMax            0x0020619c    0x4  Data  Gb  os_core.o [1]
OSIdleCtrRun            0x002061a0    0x4  Data  Gb  os_core.o [1]
OSInit                  0x0010a8c0   0x40  Code  Gb  os_core.o [1]
OSInitHookBegin         0x0010f32c   0x44  Code  Gb  os_cpu_c.o [1]
OSIntCtxSw              0x00106c54         Code  Gb  os_cpu_a.o [1]
OSIntExit               0x0010a900   0xe0  Code  Gb  os_core.o [1]
OSIntNesting            0x00206267    0x1  Data  Gb  os_core.o [1]
OSLockNesting           0x00206268    0x1  Data  Gb  os_core.o [1]
OSLowestPrio            0x00117df0    0x2  Data  Gb  os_dbg.o [1]
OSMboxCreate            0x0010ddb0   0x9c  Code  Gb  os_mbox.o [1]
OSMboxEn                0x00117df2    0x2  Data  Gb  os_dbg.o [1]
OSMboxPend              0x0010de50  0x1f8  Code  Gb  os_mbox.o [1]
OSMboxPost              0x0010e058   0xb8  Code  Gb  os_mbox.o [1]
OSMemCreate             0x0010cd78  0x150  Code  Gb  os_mem.o [1]
OSMemEn                 0x00117df4    0x2  Data  Gb  os_dbg.o [1]
OSMemFreeList           0x002061b8    0x4  Data  Gb  os_core.o [1]
OSMemGet                0x0010cec8   0x9c  Code  Gb  os_mem.o [1]
OSMemMax                0x00117df6    0x2  Data  Gb  os_dbg.o [1]
OSMemNameEn             0x00117df8    0x2  Data  Gb  os_dbg.o [1]
OSMemNameSet            0x0010cf64   0x84  Code  Gb  os_mem.o [1]
OSMemPut                0x0010cfe8   0x84  Code  Gb  os_mem.o [1]
OSMemQuery              0x0010d06c   0x84  Code  Gb  os_mem.o [1]
OSMemSize               0x00117dfa    0x2  Data  Gb  os_dbg.o [1]
OSMemTbl                0x00206100   0x18  Data  Gb  os_core.o [1]
OSMemTblSize            0x00117dfc    0x2  Data  Gb  os_dbg.o [1]
OSMutexEn               0x00117dfe    0x2  Data  Gb  os_dbg.o [1]
OSPrioCur               0x00206269    0x1  Data  Gb  os_core.o [1]
OSPrioHighRdy           0x0020626a    0x1  Data  Gb  os_core.o [1]
OSPtrSize               0x00117e00    0x2  Data  Gb  os_dbg.o [1]
OSQAccept               0x001042a8   0xd8  Code  Gb  os_q.o [1]
OSQCreate               0x0010442c  0x130  Code  Gb  os_q.o [1]
OSQEn                   0x00117e02    0x2  Data  Gb  os_dbg.o [1]
OSQFreeList             0x002061bc    0x4  Data  Gb  os_core.o [1]
OSQGet                  0x00104380   0xac  Code  Gb  os_q.o [1]
OSQMax                  0x00117e04    0x2  Data  Gb  os_dbg.o [1]
OSQPend                 0x00104560  0x22c  Code  Gb  os_q.o [1]
OSQPost                 0x0010478c   0xe4  Code  Gb  os_q.o [1]
OSQPostOpt              0x00104870  0x150  Code  Gb  os_q.o [1]
OSQSize                 0x00117e06    0x2  Data  Gb  os_dbg.o [1]
OSQTbl                  0x00205d9c   0x78  Data  Gb  os_core.o [1]
OSRdyGrp                0x0020626b    0x1  Data  Gb  os_core.o [1]
OSRdyTbl                0x00206164    0x8  Data  Gb  os_core.o [1]
OSRdyTblSize            0x00117e08    0x2  Data  Gb  os_dbg.o [1]
OSRunning               0x0020626c    0x1  Data  Gb  os_core.o [1]
OSSchedLock             0x0010a9e0   0x64  Code  Gb  os_core.o [1]
OSSchedUnlock           0x0010aa44   0x9c  Code  Gb  os_core.o [1]
OSSemCreate             0x00106fbc   0x9c  Code  Gb  os_sem.o [1]
OSSemDel                0x00107058  0x1cc  Code  Gb  os_sem.o [1]
OSSemEn                 0x00117e0a    0x2  Data  Gb  os_dbg.o [1]
OSSemPend               0x00107224  0x1a8  Code  Gb  os_sem.o [1]
OSSemPost               0x001073e0   0xb4  Code  Gb  os_sem.o [1]
OSSemSet                0x00107494   0x98  Code  Gb  os_sem.o [1]
OSStart                 0x0010aae0   0x60  Code  Gb  os_core.o [1]
OSStartHighRdy          0x00106bbc         Code  Gb  os_cpu_a.o [1]
OSStatInit              0x0010ab40   0x68  Code  Gb  os_core.o [1]
OSStatRdy               0x00206266    0x1  Data  Gb  os_core.o [1]
OSStkWidth              0x00117e0c    0x2  Data  Gb  os_dbg.o [1]
OSTCBCur                0x002061a8    0x4  Data  Gb  os_core.o [1]
OSTCBFreeList           0x002061ac    0x4  Data  Gb  os_core.o [1]
OSTCBHighRdy            0x002061b0    0x4  Data  Gb  os_core.o [1]
OSTCBInitHook           0x0010f4d4   0x18  Code  Gb  os_cpu_c.o [1]
OSTCBList               0x002061b4    0x4  Data  Gb  os_core.o [1]
OSTCBPrioTbl            0x00205c9c  0x100  Data  Gb  os_core.o [1]
OSTCBPrioTblMax         0x00117e24    0x2  Data  Gb  os_dbg.o [1]
OSTCBSize               0x00117e26    0x2  Data  Gb  os_dbg.o [1]
OSTCBTbl                0x002028bc  0x5d8  Data  Gb  os_core.o [1]
OSTaskCreateEn          0x00117e0e    0x2  Data  Gb  os_dbg.o [1]
OSTaskCreateExt         0x0010e110  0x184  Code  Gb  os_task.o [1]
OSTaskCreateExtEn       0x00117e10    0x2  Data  Gb  os_dbg.o [1]
OSTaskCreateHook        0x0010f370   0x18  Code  Gb  os_cpu_c.o [1]
OSTaskCtr               0x0020626d    0x1  Data  Gb  os_core.o [1]
OSTaskDel               0x0010e294  0x294  Code  Gb  os_task.o [1]
OSTaskDelEn             0x00117e12    0x2  Data  Gb  os_dbg.o [1]
OSTaskDelHook           0x0010f388   0x18  Code  Gb  os_cpu_c.o [1]
OSTaskIdleHook          0x0010f3a0   0x14  Code  Gb  os_cpu_c.o [1]
OSTaskIdleStk           0x00204b6c  0x200  Data  Gb  os_core.o [1]
OSTaskIdleStkSize       0x00117e14    0x2  Data  Gb  os_dbg.o [1]
OSTaskMax               0x00117e18    0x2  Data  Gb  os_dbg.o [1]
OSTaskNameEn            0x00117e1a    0x2  Data  Gb  os_dbg.o [1]
OSTaskNameSet           0x0010e528  0x10c  Code  Gb  os_task.o [1]
OSTaskProfileEn         0x00117e16    0x2  Data  Gb  os_dbg.o [1]
OSTaskReturnHook        0x0010f3b4   0x18  Code  Gb  os_cpu_c.o [1]
OSTaskStatEn            0x00117e1c    0x2  Data  Gb  os_dbg.o [1]
OSTaskStatHook          0x0010f3cc   0x10  Code  Gb  os_cpu_c.o [1]
OSTaskStatStk           0x0020496c  0x200  Data  Gb  os_core.o [1]
OSTaskStatStkChkEn      0x00117e20    0x2  Data  Gb  os_dbg.o [1]
OSTaskStatStkSize       0x00117e1e    0x2  Data  Gb  os_dbg.o [1]
OSTaskStkChk            0x0010e638  0x140  Code  Gb  os_task.o [1]
OSTaskStkInit           0x0010f3dc   0xe8  Code  Gb  os_cpu_c.o [1]
OSTaskSuspend           0x0010e784  0x188  Code  Gb  os_task.o [1]
OSTaskSwHook            0x0010f4c4   0x10  Code  Gb  os_cpu_c.o [1]
OSTaskSwHookEn          0x00117e22    0x2  Data  Gb  os_dbg.o [1]
OSTickStepState         0x0020626e    0x1  Data  Gb  os_core.o [1]
OSTicksPerSec           0x00117e28    0x2  Data  Gb  os_dbg.o [1]
OSTime                  0x002061c0    0x4  Data  Gb  os_core.o [1]
OSTimeDly               0x00104a48   0xc4  Code  Gb  os_time.o [1]
OSTimeTick              0x0010aba8  0x180  Code  Gb  os_core.o [1]
OSTimeTickHook          0x0010f4ec   0x48  Code  Gb  os_cpu_c.o [1]
OSTimeTickHookEn        0x00117e2a    0x2  Data  Gb  os_dbg.o [1]
OSTmrCfgMax             0x00117e30    0x2  Data  Gb  os_dbg.o [1]
OSTmrCfgNameEn          0x00117e32    0x2  Data  Gb  os_dbg.o [1]
OSTmrCfgTicksPerSec     0x00117e36    0x2  Data  Gb  os_dbg.o [1]
OSTmrCfgWheelSize       0x00117e34    0x2  Data  Gb  os_dbg.o [1]
OSTmrCtr                0x00206260    0x2  Data  Lc  os_cpu_c.o [1]
OSTmrEn                 0x00117e2e    0x2  Data  Gb  os_dbg.o [1]
OSTmrFree               0x0020625c    0x2  Data  Gb  os_core.o [1]
OSTmrFreeList           0x002061d0    0x4  Data  Gb  os_core.o [1]
OSTmrSem                0x002061c8    0x4  Data  Gb  os_core.o [1]
OSTmrSemSignal          0x002061cc    0x4  Data  Gb  os_core.o [1]
OSTmrSignal             0x0010f744   0x24  Code  Gb  os_tmr.o [1]
OSTmrSize               0x00117e38    0x2  Data  Gb  os_dbg.o [1]
OSTmrTaskStk            0x00204d6c  0x200  Data  Gb  os_core.o [1]
OSTmrTbl                0x00203694  0x280  Data  Gb  os_core.o [1]
OSTmrTblSize            0x00117e3a    0x2  Data  Gb  os_dbg.o [1]
OSTmrTime               0x002061c4    0x4  Data  Gb  os_core.o [1]
OSTmrUsed               0x0020625e    0x2  Data  Gb  os_core.o [1]
OSTmrWheelSize          0x00117e3c    0x2  Data  Gb  os_dbg.o [1]
OSTmrWheelTbl           0x00205eb8   0x40  Data  Gb  os_core.o [1]
OSTmrWheelTblSize       0x00117e3e    0x2  Data  Gb  os_dbg.o [1]
OSTmr_Init              0x0010f768  0x11c  Code  Gb  os_tmr.o [1]
OSTmr_InitTask          0x0010f884   0x68  Code  Lc  os_tmr.o [1]
OSTmr_Link              0x0010f8ec   0xe8  Code  Lc  os_tmr.o [1]
OSTmr_Task              0x0010fa7c   0xe8  Code  Lc  os_tmr.o [1]
OSTmr_Unlink            0x0010f9d8   0xa4  Code  Lc  os_tmr.o [1]
OSUnMapTbl              0x00115758  0x100  Data  Gb  os_core.o [1]
OSVersion               0x0010ad28    0xc  Code  Gb  os_core.o [1]
OSVersionNbr            0x00117e2c    0x2  Data  Gb  os_dbg.o [1]
OS_CPU_ARM_ExceptAddrAbortHndlr
                        0x00106cd8         Code  Gb  os_cpu_a.o [1]
OS_CPU_ARM_ExceptDataAbortHndlr
                        0x00106cc4         Code  Gb  os_cpu_a.o [1]
OS_CPU_ARM_ExceptFiqHndlr
                        0x00106cec         Code  Gb  os_cpu_a.o [1]
OS_CPU_ARM_ExceptIrqHndlr
                        0x00106e24         Code  Gb  os_cpu_a.o [1]
OS_CPU_ARM_ExceptPrefetchAbortHndlr
                        0x00106cb0         Code  Gb  os_cpu_a.o [1]
OS_CPU_ARM_ExceptSwiHndlr
                        0x00106ca0         Code  Gb  os_cpu_a.o [1]
OS_CPU_ARM_ExceptUndefInstrHndlr
                        0x00106c90         Code  Gb  os_cpu_a.o [1]
OS_CPU_ExceptHndlr      0x0010360c   0xdc  Code  Gb  bsp.o [1]
OS_CPU_ExceptStk        0x00204f6c  0x200  Data  Gb  os_cpu_c.o [1]
OS_CPU_ExceptStkBase    0x002061d4    0x4  Data  Gb  os_cpu_c.o [1]
OS_CPU_ExceptStkPtr     0x002061d8    0x4  Data  Gb  os_cpu_c.o [1]
OS_CPU_InitExceptVect   0x0010f534   0xac  Code  Gb  os_cpu_c.o [1]
OS_CPU_SR_FIQ_Dis       0x00106f80         Code  Gb  os_cpu_a.o [1]
OS_CPU_SR_FIQ_En        0x00106f70         Code  Gb  os_cpu_a.o [1]
OS_CPU_SR_INT_Dis       0x00106f40         Code  Gb  os_cpu_a.o [1]
OS_CPU_SR_INT_En        0x00106f30         Code  Gb  os_cpu_a.o [1]
[...]
OS_SchedNew             0x0010b410   0x44  Code  Lc  os_core.o [1]
OS_TCBInit              0x0010b60c  0x220  Code  Gb  os_core.o [1]
OS_TaskIdle             0x0010b458   0x38  Code  Gb  os_core.o [1]
OS_TaskReturn           0x0010e918   0x20  Code  Gb  os_task.o [1]
OS_TaskStat             0x0010b494   0xc4  Code  Gb  os_core.o [1]
OS_TaskStatStkChk       0x0010b564   0x94  Code  Gb  os_core.o [1]
OS_TaskStkClr           0x0010e958   0x30  Code  Gb  os_task.o [1]
OutStream_Write         0x0011546b   0x46  Code  Lc  lz77_init.o [5]
PIO_Clear               0x0010bb1c   0x10  Code  Gb  pio.o [1]
PIO_Configure           0x0010b9fc  0x110  Code  Gb  pio.o [1]
PIO_Get                 0x0010bb2c   0x54  Code  Gb  pio.o [1]
PIO_GetOutputDataStatus
                        0x0010bb80   0x28  Code  Gb  pio.o [1]
PIO_Set                 0x0010bb0c   0x10  Code  Gb  pio.o [1]
PIO_SetInput            0x0010b944   0x48  Code  Lc  pio.o [1]
PIO_SetOutput           0x0010b98c   0x70  Code  Lc  pio.o [1]
PIO_SetPeripheralA      0x0010b8ec   0x2c  Code  Lc  pio.o [1]
PIO_SetPeripheralB      0x0010b918   0x2c  Code  Lc  pio.o [1]
PM_LegacyRead           0x0010c470  0x284  Code  Gb  mem_basic.o [1]
PM_SingleWrite          0x0010c140   0xbc  Code  Gb  mem_basic.o [1]
PcCmdTxID               0x00206275    0x1  Data  Gb  task_uart_tx.o [1]
PcCmdTxID_Ruler         0x00206244    0x4  Data  Gb  task_uart_tx_ruler.o [1]
PinBuzzer               0x00200648    0xc  Data  Lc  bsp.o [1]
Pin_Reset_Audio_MCU     0x001077d4   0x2c  Code  Gb  gpio.o [1]
Pin_Reset_FM36          0x001077a8   0x2c  Code  Gb  gpio.o [1]
Port_Detect_Enable      0x00109950   0x30  Code  Gb  task_user_if.o [1]
Queue_Create            0x00104b1c   0x80  Code  Gb  queue.o [1]
Queue_Flush             0x00104f84   0x48  Code  Gb  queue.o [1]
Queue_NData             0x00104f3c   0x48  Code  Gb  queue.o [1]
Queue_Read              0x00104b9c   0xa0  Code  Gb  queue.o [1]
Queue_ReadBuf           0x00104c3c  0x150  Code  Gb  queue.o [1]
Queue_Write             0x00104d8c   0xa0  Code  Gb  queue.o [1]
Queue_WriteBuf          0x00104e2c  0x110  Code  Gb  queue.o [1]
ReadCMFunc              0x00112dd8   0xac  Code  Gb  commands.o [1]
ReadDMFunc              0x00112c44   0xac  Code  Gb  commands.o [1]
ReadDSPREGFunc          0x001130dc   0xac  Code  Gb  commands.o [1]
ReadHostREGFunc         0x00113290   0xac  Code  Gb  commands.o [1]
ReadPMFunc              0x00112f54   0xb4  Code  Gb  commands.o [1]
Read_Flash_State        0x0010206c   0x20  Code  Gb  ruler.o [1]
Read_Mic_Cali_Data      0x00101704  0x168  Code  Gb  ruler.o [1]
Read_Ruler_Info         0x00101324  0x15c  Code  Gb  ruler.o [1]
Read_Ruler_Status       0x00101188  0x178  Code  Gb  ruler.o [1]
RebootFunc              0x00112bf8   0x4c  Code  Gb  commands.o [1]
Region$$Table$$Base     0x00116f78          --   Gb  - Linker created -
Region$$Table$$Limit    0x00116fc0          --   Gb  - Linker created -
Reset_Audio             0x00100bdc   0xb4  Code  Gb  ruler.o [1]
Reset_Mic_Mask          0x001028c8  0x130  Code  Gb  ruler.o [1]
Revert_patch_Endien     0x001063a8   0x1c  Code  Lc  dsp.o [1]
Ruler_Active_Control    0x00101ca8  0x1cc  Code  Gb  ruler.o [1]
Ruler_CMD_Result        0x00206271    0x1  Data  Gb  ruler.o [1]
Ruler_POST              0x00102cd8   0xdc  Code  Gb  ruler.o [1]
Ruler_Port_LED_Service  0x00102a10  0x140  Code  Gb  ruler.o [1]
Ruler_Power_Switch      0x0010761c   0x40  Code  Gb  gpio.o [1]
Ruler_Setup_Sync_Data   0x00206272    0x1  Data  Gb  ruler.o [1]
Ruler_State_Previous    0x0020618c    0x4  Data  Lc  noah_cmd.o [1]
SR_Support              0x00200660    0x8  Data  Gb  codec.o [1]
SVC_STACK$$Base         0x00206478          --   Gb  - Linker created -
SVC_STACK$$Limit        0x00206678          --   Gb  - Linker created -
Save_Ruler_FW           0x001020f0  0x1fc  Code  Gb  ruler.o [1]
Send_DACK               0x001081d0   0x4c  Code  Gb  noah_cmd.o [1]
Send_GACK               0x0010821c   0x4c  Code  Gb  noah_cmd.o [1]
Set_Volume              0x00102760  0x15c  Code  Gb  ruler.o [1]
Setup_Audio             0x001005c4  0x38c  Code  Gb  ruler.o [1]
Setup_Ruler             0x00100e68  0x18c  Code  Gb  ruler.o [1]
ShellComms              0x0020596c  0x130  Data  Gb  commands.o [1]
Start_Audio             0x00100950  0x148  Code  Gb  ruler.o [1]
Stop_Audio              0x00100a98  0x144  Code  Gb  ruler.o [1]
Str_CmpIgnoreCase       0x001137e0   0x34  Code  Gb  lib_str.o [1]
Str_CmpIgnoreCase_N     0x00113814  0x360  Code  Gb  lib_str.o [1]
Str_MultOvfThTbl_Int32U
                        0x00115928   0x94  Data  Lc  lib_str.o [1]
Str_ParseNbr_Int32      0x00113bb4  0x398  Code  Lc  lib_str.o [1]
Str_ParseNbr_Int32U     0x00113b74   0x40  Code  Gb  lib_str.o [1]
TWID_Handler            0x00109f5c  0x190  Code  Gb  twid.o [1]
TWID_Initialize         0x00109f4c   0x10  Code  Gb  twid.o [1]
TWID_Read               0x0010a0ec  0x238  Code  Gb  twid.o [1]
TWID_Write              0x0010a324  0x218  Code  Gb  twid.o [1]
TWI_ByteReceived        0x0010f2cc   0x14  Code  Gb  twi.o [1]
TWI_ByteSent            0x0010f2e0   0x14  Code  Gb  twi.o [1]
TWI_ConfigureMaster     0x0010f14c   0xb0  Code  Gb  twi.o [1]
TWI_DisableIt           0x0010f30c    0x8  Code  Gb  twi.o [1]
TWI_EnableIt            0x0010f304    0x8  Code  Gb  twi.o [1]
TWI_GetMaskedStatus     0x0010f314   0x18  Code  Gb  twi.o [1]
TWI_Init                0x0010a53c   0xc8  Code  Gb  twid.o [1]
TWI_ReadByte            0x0010f250    0xc  Code  Gb  twi.o [1]
TWI_Sem_done            0x00206250    0x4  Data  Gb  twid.o [1]
TWI_Sem_lock            0x0020624c    0x4  Data  Gb  twid.o [1]
TWI_StartRead           0x0010f208   0x48  Code  Gb  twi.o [1]
TWI_StartWrite          0x0010f26c   0x60  Code  Gb  twi.o [1]
TWI_Stop                0x0010f1fc    0xc  Code  Gb  twi.o [1]
TWI_TransferComplete    0x0010f2f4   0x10  Code  Gb  twi.o [1]
TWI_WriteByte           0x0010f25c   0x10  Code  Gb  twi.o [1]
TaskFunc                0x001128f8   0x9c  Code  Gb  commands.o [1]
Task_ReCreate_Shell     0x0010efb4   0x60  Code  Gb  app.o [1]
Time_Stamp              0x00103dc0   0xac  Code  Gb  bsp.o [1]
Timer_Init              0x0010a7e0   0x34  Code  Gb  timer.o [1]
Toggle_Mic              0x0010254c  0x20c  Code  Gb  ruler.o [1]
Tx_ReSend_Happens       0x00206234    0x4  Data  Gb  task_uart_tx.o [1]
Tx_ReSend_Happens_Ruler
                        0x00206240    0x4  Data  Gb  task_uart_tx_ruler.o [1]
UART0_Rece_Buf          0x0020536c  0x200  Data  Gb  uart.o [1]
UART0_Rece_Buf_PDC      0x00206060   0x20  Data  Gb  uart.o [1]
UART0_Send_Buf          0x0020516c  0x200  Data  Gb  uart.o [1]
UART0_Send_Buf_PDC      0x00206040   0x20  Data  Gb  uart.o [1]
UART1_Mixer             0x0010765c   0x94  Code  Gb  gpio.o [1]
UART1_Rece_Buf          0x0020576c  0x200  Data  Gb  uart.o [1]
UART1_Rece_Buf_PDC      0x002060a0   0x20  Data  Gb  uart.o [1]
UART1_Send_Buf          0x0020556c  0x200  Data  Gb  uart.o [1]
UART1_Send_Buf_PDC      0x00206080   0x20  Data  Gb  uart.o [1]
UART2_Rece_Buf          0x00205f38   0x40  Data  Gb  uart.o [1]
UART2_Rece_Buf_PDC      0x002060e0   0x20  Data  Gb  uart.o [1]
UART2_Send_Buf          0x00205ef8   0x40  Data  Gb  uart.o [1]
UART2_Send_Buf_PDC      0x002060c0   0x20  Data  Gb  uart.o [1]
UART_Init               0x00105720  0x330  Code  Gb  uart.o [1]
UART_MUX_Sem_lock       0x00206208    0x4  Data  Gb  task_noah_ruler.o [1]
UART_PID                0x00117dd4    0x4  Data  Lc  uart.o [1]
UART_PINS               0x00116f54   0x24  Data  Lc  uart.o [1]
UART_Rece_Buf_Size      0x00117c24    0xc  Data  Lc  uart.o [1]
UART_Send_Buf_Size      0x00117c18    0xc  Data  Lc  uart.o [1]
UART_WriteStart         0x00105a50  0x154  Code  Gb  uart.o [1]
UND_STACK$$Base         0x002076b8          --   Gb  - Linker created -
UND_STACK$$Limit        0x002076f8          --   Gb  - Linker created -
USART_Configure         0x00105eec   0x4c  Code  Gb  uart.o [1]
USART_ReadBuffer        0x00105fe0   0x58  Code  Lc  uart.o [1]
USART_Read_Timeout      0x00106038  0x148  Code  Gb  uart.o [1]
USART_Sem               0x00206158    0xc  Data  Lc  uart.o [1]
USART_SendBuf           0x00106218   0x98  Code  Gb  uart.o [1]
USART_SendByte          0x00106180   0x98  Code  Gb  uart.o [1]
USART_SetReceiverEnabled
                        0x00105f60   0x28  Code  Gb  uart.o [1]
USART_SetTransmitterEnabled
                        0x00105f38   0x28  Code  Gb  uart.o [1]
USART_WriteBuffer       0x00105f88   0x58  Code  Lc  uart.o [1]
Unlock_PM               0x0010c028   0x84  Code  Lc  mem_basic.o [1]
Update_Mic_Mask         0x00101b08  0x184  Code  Gb  ruler.o [1]
Update_Ruler_FW         0x00102300  0x244  Code  Gb  ruler.o [1]
Watch_Mic_Revert        0x001002e8   0xbc  Code  Gb  ruler.o [1]
WriteCMFunc             0x00112e84   0xd0  Code  Gb  commands.o [1]
WriteDMFunc             0x00112cf0   0xe4  Code  Gb  commands.o [1]
WriteDSPREGFunc         0x00113188  0x108  Code  Gb  commands.o [1]
WriteGPIOFunc           0x00112acc   0xac  Code  Gb  commands.o [1]
WriteHostREGFunc        0x00113378  0x108  Code  Gb  commands.o [1]
WritePMFunc             0x00113008   0xd4  Code  Gb  commands.o [1]
Write_Flash_State       0x0010208c   0x54  Code  Gb  ruler.o [1]
Write_Mic_Cali_Data     0x00101894  0x24c  Code  Gb  ruler.o [1]
Write_Ruler_FW          0x001134b4   0x84  Code  Gb  commands.o [1]
Write_Ruler_Info        0x001014b0  0x23c  Code  Gb  ruler.o [1]
Xmodem_Transmit         0x00109a38  0x330  Code  Gb  Xmodem.o [1]
_GenldFullNoMb          0x001110ec  0x3d0  Code  Lc  xprintffull_nomb.o [3]
_LdtobFullNoMb          0x00110a28  0x6b8  Code  Lc  xprintffull_nomb.o [3]
_LitobFullNoMb          0x00110870  0x1ac  Code  Lc  xprintffull_nomb.o [3]
_Locale_aeabi_lconv     0x00200610   0x38  Data  Gb  localeconv.o [3]
_Locale_lconv           0x002005c0   0x50  Data  Gb  localeconv.o [3]
_PrintfFullNoMb         0x0010fe4c  0xa24  Code  Gb  xprintffull_nomb.o [3]
_PutcharsFullNoMb       0x001114bc   0x60  Code  Lc  xprintffull_nomb.o [3]
_SProut                 0x00117980   0x14  Code  Gb  xsprout.o [3]
__ICFEDIT_region_RAM_end__ {Abs}
                        0x00207fff          --   Gb  command line/config [2]
__ICFEDIT_region_RAM_start__ {Abs}
                        0x00200000          --   Gb  command line/config [2]
__ICFEDIT_region_ROM_end__ {Abs}
                        0x0013ffff          --   Gb  command line/config [2]
__ICFEDIT_region_ROM_start__ {Abs}
                        0x00100000          --   Gb  command line/config [2]
__ICFEDIT_size_cstack__ {Abs}
                        0x00001000          --   Gb  command line/config [2]
__ICFEDIT_size_heap__ {Abs}
                        0x00000200          --   Gb  command line/config [2]
__ICFEDIT_size_irqstack__ {Abs}
                        0x00000200          --   Gb  command line/config [2]
__ICFEDIT_size_startup__ {Abs}
                        0x00000200          --   Gb  command line/config [2]
__ICFEDIT_size_vectors__ {Abs}
                        0x00000200          --   Gb  command line/config [2]
__aeabi_cdcmple         0x00111b54         Code  Gb  DblCmpLe.o [4]
__aeabi_cdrcmple        0x00111b8c         Code  Gb  DblCmpGe.o [4]
__aeabi_d2f             0x0010bef0         Code  Gb  DblToFlt.o [4]
__aeabi_d2iz            0x00111da4         Code  Gb  DblToS32.o [4]
__aeabi_d2uiz           0x001121ec         Code  Gb  DblToU32.o [4]
__aeabi_ddiv            0x0010bbb8         Code  Gb  DblDiv.o [4]
__aeabi_dmul            0x00111ff4         Code  Gb  DblMul.o [4]
__aeabi_dsub            0x00111e04         Code  Gb  DblSub.o [4]
__aeabi_f2iz            0x0010bf9c         Code  Gb  FltToS32.o [4]
__aeabi_i2d             0x00111560         Code  Gb  S32ToDbl.o [4]
__aeabi_idiv            0x00109d78         Code  Gb  I32DivMod.o [5]
__aeabi_idiv0           0x0010f148         Code  Gb  IntDivZer.o [5]
__aeabi_idivmod         0x00109d78         Code  Gb  I32DivMod.o [5]
__aeabi_ldiv0           0x00112494         Code  Gb  I64DivZer.o [5]
__aeabi_memcpy          0x001092c8         Code  Gb  ABImemcpy.o [5]
__aeabi_memcpy4         0x001092ec         Code  Gb  ABImemcpy.o [5]
__aeabi_memcpy8         0x001092ec         Code  Gb  ABImemcpy.o [5]
__aeabi_memset          0x0010dd34         Code  Gb  ABImemset.o [5]
__aeabi_ui2d            0x0010bba8         Code  Gb  U32ToDbl.o [4]
__aeabi_uidiv           0x00109da8         Code  Gb  I32DivMod.o [5]
__aeabi_uidivmod        0x00109da8         Code  Gb  I32DivMod.o [5]
__aeabi_uldivmod        0x00111a04         Code  Gb  I64DivMod.o [5]
__cmain                 0x00116a80         Code  Gb  cmain.o [5]
__exit                  0x00115620         Code  Gb  XXexit.o [5]
__iar_Dnorm             0x00111ad8   0x7c  Code  Gb  xdnorm.o [4]
__iar_Dscale            0x00111bc4  0x1e0  Code  Gb  xdscale.o [4]
__iar_Locale_lconv_init
                        0x00112228   0x64  Code  Gb  localeconv.o [3]
__iar_Memchr            0x00111970         Code  Gb  memchr.o [5]
__iar_Memset            0x0010dd34         Code  Gb  ABImemset.o [5]
__iar_Memset_word       0x0010dd40         Code  Gb  ABImemset.o [5]
__iar_Strchr            0x00111950         Code  Gb  strchr.o [5]
__iar_dadd              0x00112498         Code  Gb  DblAdd.o [4]
__iar_data_init3        0x00116701   0x30  Code  Gb  data_init.o [5]
__iar_dsub              0x00111e14         Code  Gb  DblSub.o [4]
__iar_dsubStart         0x00111e34         Code  Gb  DblSub.o [4]
__iar_i2d               0x00111574         Code  Gb  S32ToDbl.o [4]
__iar_lz77_init3        0x001154b1  0x164  Code  Gb  lz77_init.o [5]
__iar_program_start     0x00100000         Code  Gb  cstartup.o [1]
__iar_zero_init3        0x00111537   0x2a  Code  Gb  zero_init3.o [5]
__vector                0x00200000         Code  Gb  cstartup.o [1]
_call_main              0x00116a94         Code  Gb  cmain.o [5]
_exit                   0x00116ab0         Code  Gb  cexit.o [5]
_main                   0x00116a9c         Code  Gb  cmain.o [5]
abort                   0x00115618    0x8  Code  Gb  abort.o [3]
calc_crc                0x001099c0   0x74  Code  Lc  Xmodem.o [1]
div                     0x001122d4   0x38  Code  Gb  div.o [3]
emb_append_attr_string  0x0010db50   0x68  Code  Gb  emb.o [1]
emb_append_attr_uint    0x0010dae8   0x68  Code  Gb  emb.o [1]
emb_append_end          0x0010dbb8   0x40  Code  Gb  emb.o [1]
emb_attach              0x0010d14c   0x14  Code  Gb  emb.o [1]
emb_encode_fixed        0x0010da30   0x44  Code  Lc  emb.o [1]
emb_encode_header       0x0010d9b8   0x78  Code  Lc  emb.o [1]
emb_encode_string       0x0010da74   0x34  Code  Lc  emb.o [1]
emb_encode_uint         0x0010d968   0x50  Code  Lc  emb.o [1]
emb_get_attr_binary     0x0010d91c   0x4c  Code  Gb  emb.o [1]
emb_get_attr_int        0x0010d898   0x44  Code  Gb  emb.o [1]
emb_get_attr_string     0x0010d8dc   0x40  Code  Gb  emb.o [1]
emb_get_binary          0x0010d820   0x78  Code  Gb  emb.o [1]
emb_get_id              0x0010d6ec   0x38  Code  Gb  emb.o [1]
emb_get_int             0x0010d724   0x94  Code  Gb  emb.o [1]
emb_get_node            0x0010d57c   0xbc  Code  Lc  emb.o [1]
emb_get_node_replace    0x0010d638   0xb4  Code  Gb  emb.o [1]
emb_get_string          0x0010d7b8   0x68  Code  Gb  emb.o [1]
emb_init_builder        0x0010daa8   0x40  Code  Gb  emb.o [1]
emb_parse_binary        0x0010d260   0x58  Code  Lc  emb.o [1]
emb_parse_id_type       0x0010d2b8   0x98  Code  Lc  emb.o [1]
emb_parse_sint          0x0010d1b8   0x70  Code  Lc  emb.o [1]
emb_parse_string        0x0010d228   0x38  Code  Lc  emb.o [1]
emb_parse_uint          0x0010d160   0x58  Code  Lc  emb.o [1]
emb_skip_binary         0x0010d40c   0x4c  Code  Lc  emb.o [1]
emb_skip_element        0x0010d458   0x84  Code  Lc  emb.o [1]
emb_skip_fixed          0x0010d3bc   0x20  Code  Lc  emb.o [1]
emb_skip_header         0x0010d380   0x3c  Code  Lc  emb.o [1]
emb_skip_int            0x0010d350   0x30  Code  Lc  emb.o [1]
emb_skip_node           0x0010d4dc   0xa0  Code  Lc  emb.o [1]
emb_skip_string         0x0010d3dc   0x30  Code  Lc  emb.o [1]
exit                    0x00116aac    0x4  Code  Gb  exit.o [3]
flag_power_lose         0x00200670    0x1  Data  Lc  dsp.o [1]
flushinput              0x00109a34    0x4  Code  Lc  Xmodem.o [1]
fm36_para_table_3       0x00200440   0xdc  Data  Lc  dsp.o [1]
fm36_patch_code_3       0x00200200  0x12c  Data  Lc  dsp.o [1]
fw_version              0x001179a4   0x10  Data  Gb  bsp.o [1]
get_os_state            0x00103b74   0x64  Code  Gb  bsp.o [1]
hw_model                0x00117cbc    0x8  Data  Gb  bsp.o [1]
hw_version              0x00117b34    0xc  Data  Gb  bsp.o [1]
localeconv              0x0011228c   0x2c  Code  Gb  localeconv.o [3]
main                    0x0010e988   0x74  Code  Gb  app.o [1]
memchr                  0x00111970         Code  Gb  memchr.o [5]
memcpy                  0x0010d134   0x18  Code  Gb  memcpy.o [3]
memset                  0x001095d4   0x28  Code  Gb  memset.o [3]
mic_num_saved           0x00206184    0x4  Data  Lc  dsp.o [1]
min                     0x0010dcf8   0x1c  Code  Gb  math.o [1]
numGpios                0x00117db4    0x4  Data  Lc  gpio.o [1]
numLeds                 0x00117db8    0x4  Data  Lc  led.o [1]
os_stat_desp            0x001163e0   0x38  Data  Gb  bsp.o [1]
pMEM_Part_MsgUART       0x00206228    0x4  Data  Gb  task_uart_tx.o [1]
pPageBuffer             0x00205b9c  0x100  Data  Lc  flashd_efc.o [1]
pTCREG                  0x00200654    0xc  Data  Lc  timer.o [1]
pUARTREG                0x00117bdc    0xc  Data  Lc  uart.o [1]
pUART_Rece_Buf          0x00117bf4    0xc  Data  Gb  uart.o [1]
pUART_Rece_Buf_PDC      0x00117c0c    0xc  Data  Gb  uart.o [1]
pUART_Send_Buf          0x00117be8    0xc  Data  Gb  uart.o [1]
pUART_Send_Buf_PDC      0x00117c00    0xc  Data  Gb  uart.o [1]
pcSendDateToBuf         0x00107c84  0x1fc  Code  Gb  noah_cmd.o [1]
pinsBuzzer              0x00117b7c    0xc  Data  Lc  led.o [1]
pinsGpios               0x0020032c  0x114  Data  Lc  gpio.o [1]
pinsLeds                0x00115f00   0x48  Data  Lc  led.o [1]
pinsSwitches            0x00117794   0x18  Data  Lc  gpio.o [1]
port_enable             0x00200672    0x1  Data  Lc  task_user_if.o [1]
power                   0x0010dd14   0x20  Code  Gb  math.o [1]
ppcer_offset            0x0020066c    0x4  Data  Lc  timer.o [1]
sr_saved                0x00206180    0x4  Data  Lc  dsp.o [1]
strcat                  0x0010dbf8   0x30  Code  Gb  strcat.o [3]
strchr                  0x00111950         Code  Gb  strchr.o [5]
strcpy                  0x00109568         Code  Gb  strcpy.o [5]
strlen                  0x001115c0         Code  Gb  strlen.o [5]
test_counter1           0x00206214    0x4  Data  Gb  task_noah_ruler.o [1]
test_counter2           0x00206218    0x4  Data  Gb  task_noah_ruler.o [1]
test_counter3           0x0020621c    0x4  Data  Gb  task_noah_ruler.o [1]
test_counter4           0x00206220    0x4  Data  Gb  task_noah_ruler.o [1]
test_counter5           0x00206224    0x4  Data  Gb  task_noah_ruler.o [1]
twi_async               0x00206118   0x14  Data  Gb  twid.o [1]
twi_pins                0x00117bd0    0xc  Data  Lc  twid.o [1]
twid                    0x0020616c    0x8  Data  Gb  twid.o [1]
vsprintf                0x0010b8a0   0x4c  Code  Gb  vsprintf.o [3]


[1] = E:\SVN Dir\PQ\iSAM Test Bench\Bridge_Host_OS\APP\FLASH\Obj
[2] = command line
[3] = dl4t_alf.a
[4] = m4t_al.a
[5] = rt4t_al.a

  87 898 bytes of readonly  code memory
     228 bytes of readwrite code memory
  10 399 bytes of readonly  data memory
  29 841 bytes of readwrite data memory

Errors: none
Warnings: none
